[0.029s] Invoking command in '/home/ws/ugv_ws/build/ugv_base_node': CMAKE_PREFIX_PATH=${CMAKE_PREFIX_PATH}:/home/ws/ugv_ws/install/ugv_web_app:/home/ws/ugv_ws/install/ugv_vision:/home/ws/ugv_ws/install/ugv_tools:/home/ws/ugv_ws/install/ugv_chat_ai:/home/ws/ugv_ws/install/ugv_bringup:/home/ws/ugv_ws/install/robot_pose_publisher:/home/ws/ugv_roarm_ws/install/ugv_roarm_bringup:/home/ws/roarm_ws/install/roarm_vision:/home/ws/roarm_ws/install/roarm_driver:/opt/ros/humble /usr/bin/cmake --build /home/ws/ugv_ws/build/ugv_base_node -- -j4 -l4
[0.166s] [35m[1mConsolidate compiler generated dependencies of target base_node[0m
[0.281s] [ 50%] [32mBuilding CXX object CMakeFiles/base_node_ekf.dir/src/base_node_ekf.cpp.o[0m
[0.282s] [ 50%] [32mBuilding CXX object CMakeFiles/base_node.dir/src/base_node.cpp.o[0m
[4.367s] [01m[K/home/ws/ugv_ws/src/ugv_main/ugv_base_node/src/base_node_ekf.cpp:[m[K In member function ‘[01m[Kvoid OdomPublisher::handle_imu(std::shared_ptr<sensor_msgs::msg::Imu_<std::allocator<void> > >)[m[K’:
[4.367s] [01m[K/home/ws/ugv_ws/src/ugv_main/ugv_base_node/src/base_node_ekf.cpp:123:9:[m[K [01;31m[Kerror: [m[K‘[01m[Kimu_valid[m[K’ was not declared in this scope
[4.367s]   123 |         [01;31m[Kimu_valid[m[K = true;
[4.367s]       |         [01;31m[K^~~~~~~~~[m[K
[4.378s] [01m[K/home/ws/ugv_ws/src/ugv_main/ugv_base_node/src/base_node_ekf.cpp:[m[K In member function ‘[01m[Kvoid OdomPublisher::handle_odom(std::shared_ptr<std_msgs::msg::Float32MultiArray_<std::allocator<void> > >)[m[K’:
[4.378s] [01m[K/home/ws/ugv_ws/src/ugv_main/ugv_base_node/src/base_node_ekf.cpp:162:28:[m[K [01;31m[Kerror: [m[K‘[01m[Kyaw[m[K’ was not declared in this scope; did you mean ‘[01m[Kyaw_[m[K’?
[4.378s]   162 |             x_pos_ += (cos([01;31m[Kyaw[m[K) * dx - sin(yaw) * dy);
[4.378s]       |                            [01;31m[K^~~[m[K
[4.378s]       |                            [32m[Kyaw_[m[K
[4.386s] [01m[K/home/ws/ugv_ws/src/ugv_main/ugv_base_node/src/base_node_ekf.cpp:168:13:[m[K [01;31m[Kerror: [m[K‘[01m[Kodom_yaw[m[K’ was not declared in this scope; did you mean ‘[01m[Kodom_yaw_[m[K’?
[4.387s]   168 |             [01;31m[Kodom_yaw[m[K += dth;
[4.387s]       |             [01;31m[K^~~~~~~~[m[K
[4.387s]       |             [32m[Kodom_yaw_[m[K
[4.394s] [01m[K/home/ws/ugv_ws/src/ugv_main/ugv_base_node/src/base_node_ekf.cpp:172:9:[m[K [01;31m[Kerror: [m[K‘[01m[Kyaw[m[K’ was not declared in this scope; did you mean ‘[01m[Kyaw_[m[K’?
[4.394s]   172 |         [01;31m[Kyaw[m[K = odom_yaw;
[4.395s]       |         [01;31m[K^~~[m[K
[4.395s]       |         [32m[Kyaw_[m[K
[4.403s] [01m[K/home/ws/ugv_ws/src/ugv_main/ugv_base_node/src/base_node_ekf.cpp:172:15:[m[K [01;31m[Kerror: [m[K‘[01m[Kodom_yaw[m[K’ was not declared in this scope; did you mean ‘[01m[Kodom_yaw_[m[K’?
[4.403s]   172 |         yaw = [01;31m[Kodom_yaw[m[K;
[4.403s]       |               [01;31m[K^~~~~~~~[m[K
[4.403s]       |               [32m[Kodom_yaw_[m[K
[4.411s] [01m[K/home/ws/ugv_ws/src/ugv_main/ugv_base_node/src/base_node_ekf.cpp:[m[K In member function ‘[01m[Kvoid OdomPublisher::publish_odom()[m[K’:
[4.411s] [01m[K/home/ws/ugv_ws/src/ugv_main/ugv_base_node/src/base_node_ekf.cpp:193:44:[m[K [01;31m[Kerror: [m[K‘[01m[Kyaw[m[K’ was not declared in this scope; did you mean ‘[01m[Kyaw_[m[K’?
[4.411s]   193 |         odom.pose.pose.orientation.z = sin([01;31m[Kyaw[m[K / 2.0);
[4.411s]       |                                            [01;31m[K^~~[m[K
[4.411s]       |                                            [32m[Kyaw_[m[K
[9.014s] gmake[2]: *** [CMakeFiles/base_node_ekf.dir/build.make:76: CMakeFiles/base_node_ekf.dir/src/base_node_ekf.cpp.o] Error 1
[9.015s] gmake[1]: *** [CMakeFiles/Makefile2:165: CMakeFiles/base_node_ekf.dir/all] Error 2
[9.015s] gmake[1]: *** Waiting for unfinished jobs....
[17.303s] [ 75%] [32m[1mLinking CXX executable base_node[0m
[18.762s] [ 75%] Built target base_node
[18.762s] gmake: *** [Makefile:146: all] Error 2
[18.764s] Invoked command in '/home/ws/ugv_ws/build/ugv_base_node' returned '2': CMAKE_PREFIX_PATH=${CMAKE_PREFIX_PATH}:/home/ws/ugv_ws/install/ugv_web_app:/home/ws/ugv_ws/install/ugv_vision:/home/ws/ugv_ws/install/ugv_tools:/home/ws/ugv_ws/install/ugv_chat_ai:/home/ws/ugv_ws/install/ugv_bringup:/home/ws/ugv_ws/install/robot_pose_publisher:/home/ws/ugv_roarm_ws/install/ugv_roarm_bringup:/home/ws/roarm_ws/install/roarm_vision:/home/ws/roarm_ws/install/roarm_driver:/opt/ros/humble /usr/bin/cmake --build /home/ws/ugv_ws/build/ugv_base_node -- -j4 -l4
