[0.054s] Invoking command in '/home/ws/ugv_ws/build/apriltag_msgs': CMAKE_PREFIX_PATH=${CMAKE_PREFIX_PATH}:/home/ws/ugv_ws/install/ugv_web_app:/home/ws/ugv_ws/install/ugv_vision:/home/ws/ugv_ws/install/ugv_tools:/home/ws/ugv_ws/install/ugv_chat_ai:/home/ws/ugv_ws/install/ugv_bringup:/opt/ros/humble /usr/bin/cmake --build /home/ws/ugv_ws/build/apriltag_msgs -- -j4 -l4
[0.216s] [  2%] Built target apriltag_msgs__cpp
[0.245s] [ 12%] Built target apriltag_msgs__rosidl_generator_c
[0.360s] [ 23%] Built target apriltag_msgs__rosidl_typesupport_fastrtps_cpp
[0.363s] [ 25%] Built target ament_cmake_python_copy_apriltag_msgs
[0.365s] [ 33%] Built target apriltag_msgs__rosidl_typesupport_cpp
[0.424s] [ 43%] Built target apriltag_msgs__rosidl_typesupport_introspection_cpp
[0.500s] [ 53%] Built target apriltag_msgs__rosidl_typesupport_introspection_c
[0.513s] [ 64%] Built target apriltag_msgs__rosidl_typesupport_c
[0.519s] [ 74%] Built target apriltag_msgs__rosidl_typesupport_fastrtps_c
[0.590s] [ 74%] Built target apriltag_msgs
[0.678s] [ 76%] Built target apriltag_msgs__py
[0.762s] [ 84%] Built target apriltag_msgs__rosidl_generator_py
[0.866s] [ 89%] Built target apriltag_msgs__rosidl_typesupport_introspection_c__pyext
[0.870s] [ 94%] Built target apriltag_msgs__rosidl_typesupport_fastrtps_c__pyext
[0.879s] [100%] Built target apriltag_msgs__rosidl_typesupport_c__pyext
[1.075s] running egg_info
[1.077s] writing apriltag_msgs.egg-info/PKG-INFO
[1.078s] writing dependency_links to apriltag_msgs.egg-info/dependency_links.txt
[1.078s] writing top-level names to apriltag_msgs.egg-info/top_level.txt
[1.084s] reading manifest file 'apriltag_msgs.egg-info/SOURCES.txt'
[1.089s] writing manifest file 'apriltag_msgs.egg-info/SOURCES.txt'
[1.187s] [100%] Built target ament_cmake_python_build_apriltag_msgs_egg
[1.206s] Invoked command in '/home/ws/ugv_ws/build/apriltag_msgs' returned '0': CMAKE_PREFIX_PATH=${CMAKE_PREFIX_PATH}:/home/ws/ugv_ws/install/ugv_web_app:/home/ws/ugv_ws/install/ugv_vision:/home/ws/ugv_ws/install/ugv_tools:/home/ws/ugv_ws/install/ugv_chat_ai:/home/ws/ugv_ws/install/ugv_bringup:/opt/ros/humble /usr/bin/cmake --build /home/ws/ugv_ws/build/apriltag_msgs -- -j4 -l4
[1.337s] Invoking command in '/home/ws/ugv_ws/build/apriltag_msgs': CMAKE_PREFIX_PATH=${CMAKE_PREFIX_PATH}:/home/ws/ugv_ws/install/ugv_web_app:/home/ws/ugv_ws/install/ugv_vision:/home/ws/ugv_ws/install/ugv_tools:/home/ws/ugv_ws/install/ugv_chat_ai:/home/ws/ugv_ws/install/ugv_bringup:/opt/ros/humble /usr/bin/cmake --install /home/ws/ugv_ws/build/apriltag_msgs
[1.348s] -- Install configuration: ""
[1.350s] -- Up-to-date: /home/ws/ugv_ws/install/apriltag_msgs/share/ament_index/resource_index/rosidl_interfaces/apriltag_msgs
[1.350s] -- Up-to-date: /home/ws/ugv_ws/install/apriltag_msgs/include/apriltag_msgs/apriltag_msgs
[1.353s] -- Up-to-date: /home/ws/ugv_ws/install/apriltag_msgs/include/apriltag_msgs/apriltag_msgs/msg
[1.353s] -- Up-to-date: /home/ws/ugv_ws/install/apriltag_msgs/include/apriltag_msgs/apriltag_msgs/msg/april_tag_detection_array.h
[1.353s] -- Up-to-date: /home/ws/ugv_ws/install/apriltag_msgs/include/apriltag_msgs/apriltag_msgs/msg/april_tag_detection.h
[1.354s] -- Up-to-date: /home/ws/ugv_ws/install/apriltag_msgs/include/apriltag_msgs/apriltag_msgs/msg/rosidl_generator_c__visibility_control.h
[1.354s] -- Up-to-date: /home/ws/ugv_ws/install/apriltag_msgs/include/apriltag_msgs/apriltag_msgs/msg/detail
[1.354s] -- Up-to-date: /home/ws/ugv_ws/install/apriltag_msgs/include/apriltag_msgs/apriltag_msgs/msg/detail/april_tag_detection_array__type_support.h
[1.354s] -- Up-to-date: /home/ws/ugv_ws/install/apriltag_msgs/include/apriltag_msgs/apriltag_msgs/msg/detail/april_tag_detection_array__functions.c
[1.355s] -- Up-to-date: /home/ws/ugv_ws/install/apriltag_msgs/include/apriltag_msgs/apriltag_msgs/msg/detail/april_tag_detection_array__struct.h
[1.355s] -- Up-to-date: /home/ws/ugv_ws/install/apriltag_msgs/include/apriltag_msgs/apriltag_msgs/msg/detail/april_tag_detection__functions.h
[1.355s] -- Up-to-date: /home/ws/ugv_ws/install/apriltag_msgs/include/apriltag_msgs/apriltag_msgs/msg/detail/april_tag_detection__functions.c
[1.355s] -- Up-to-date: /home/ws/ugv_ws/install/apriltag_msgs/include/apriltag_msgs/apriltag_msgs/msg/detail/april_tag_detection__type_support.h
[1.356s] -- Up-to-date: /home/ws/ugv_ws/install/apriltag_msgs/include/apriltag_msgs/apriltag_msgs/msg/detail/april_tag_detection__struct.h
[1.356s] -- Up-to-date: /home/ws/ugv_ws/install/apriltag_msgs/include/apriltag_msgs/apriltag_msgs/msg/detail/april_tag_detection_array__functions.h
[1.356s] -- Up-to-date: /home/ws/ugv_ws/install/apriltag_msgs/share/apriltag_msgs/environment/library_path.sh
[1.356s] -- Up-to-date: /home/ws/ugv_ws/install/apriltag_msgs/share/apriltag_msgs/environment/library_path.dsv
[1.358s] -- Up-to-date: /home/ws/ugv_ws/install/apriltag_msgs/lib/libapriltag_msgs__rosidl_generator_c.so
[1.358s] -- Up-to-date: /home/ws/ugv_ws/install/apriltag_msgs/include/apriltag_msgs/apriltag_msgs
[1.358s] -- Up-to-date: /home/ws/ugv_ws/install/apriltag_msgs/include/apriltag_msgs/apriltag_msgs/msg
[1.358s] -- Up-to-date: /home/ws/ugv_ws/install/apriltag_msgs/include/apriltag_msgs/apriltag_msgs/msg/detail
[1.358s] -- Up-to-date: /home/ws/ugv_ws/install/apriltag_msgs/include/apriltag_msgs/apriltag_msgs/msg/detail/april_tag_detection_array__rosidl_typesupport_fastrtps_c.h
[1.358s] -- Up-to-date: /home/ws/ugv_ws/install/apriltag_msgs/include/apriltag_msgs/apriltag_msgs/msg/detail/april_tag_detection__rosidl_typesupport_fastrtps_c.h
[1.359s] -- Up-to-date: /home/ws/ugv_ws/install/apriltag_msgs/include/apriltag_msgs/apriltag_msgs/msg/rosidl_typesupport_fastrtps_c__visibility_control.h
[1.359s] -- Up-to-date: /home/ws/ugv_ws/install/apriltag_msgs/lib/libapriltag_msgs__rosidl_typesupport_fastrtps_c.so
[1.360s] -- Up-to-date: /home/ws/ugv_ws/install/apriltag_msgs/include/apriltag_msgs/apriltag_msgs
[1.360s] -- Up-to-date: /home/ws/ugv_ws/install/apriltag_msgs/include/apriltag_msgs/apriltag_msgs/msg
[1.361s] -- Up-to-date: /home/ws/ugv_ws/install/apriltag_msgs/include/apriltag_msgs/apriltag_msgs/msg/april_tag_detection_array.hpp
[1.361s] -- Up-to-date: /home/ws/ugv_ws/install/apriltag_msgs/include/apriltag_msgs/apriltag_msgs/msg/detail
[1.361s] -- Up-to-date: /home/ws/ugv_ws/install/apriltag_msgs/include/apriltag_msgs/apriltag_msgs/msg/detail/april_tag_detection__builder.hpp
[1.361s] -- Up-to-date: /home/ws/ugv_ws/install/apriltag_msgs/include/apriltag_msgs/apriltag_msgs/msg/detail/april_tag_detection__traits.hpp
[1.361s] -- Up-to-date: /home/ws/ugv_ws/install/apriltag_msgs/include/apriltag_msgs/apriltag_msgs/msg/detail/april_tag_detection_array__builder.hpp
[1.362s] -- Up-to-date: /home/ws/ugv_ws/install/apriltag_msgs/include/apriltag_msgs/apriltag_msgs/msg/detail/april_tag_detection__struct.hpp
[1.362s] -- Up-to-date: /home/ws/ugv_ws/install/apriltag_msgs/include/apriltag_msgs/apriltag_msgs/msg/detail/april_tag_detection_array__struct.hpp
[1.362s] -- Up-to-date: /home/ws/ugv_ws/install/apriltag_msgs/include/apriltag_msgs/apriltag_msgs/msg/detail/april_tag_detection_array__traits.hpp
[1.362s] -- Up-to-date: /home/ws/ugv_ws/install/apriltag_msgs/include/apriltag_msgs/apriltag_msgs/msg/april_tag_detection.hpp
[1.362s] -- Up-to-date: /home/ws/ugv_ws/install/apriltag_msgs/include/apriltag_msgs/apriltag_msgs
[1.363s] -- Up-to-date: /home/ws/ugv_ws/install/apriltag_msgs/include/apriltag_msgs/apriltag_msgs/msg
[1.363s] -- Up-to-date: /home/ws/ugv_ws/install/apriltag_msgs/include/apriltag_msgs/apriltag_msgs/msg/detail
[1.363s] -- Up-to-date: /home/ws/ugv_ws/install/apriltag_msgs/include/apriltag_msgs/apriltag_msgs/msg/detail/april_tag_detection_array__rosidl_typesupport_fastrtps_cpp.hpp
[1.363s] -- Up-to-date: /home/ws/ugv_ws/install/apriltag_msgs/include/apriltag_msgs/apriltag_msgs/msg/detail/april_tag_detection__rosidl_typesupport_fastrtps_cpp.hpp
[1.363s] -- Up-to-date: /home/ws/ugv_ws/install/apriltag_msgs/include/apriltag_msgs/apriltag_msgs/msg/detail/dds_fastrtps
[1.363s] -- Up-to-date: /home/ws/ugv_ws/install/apriltag_msgs/include/apriltag_msgs/apriltag_msgs/msg/rosidl_typesupport_fastrtps_cpp__visibility_control.h
[1.366s] -- Up-to-date: /home/ws/ugv_ws/install/apriltag_msgs/lib/libapriltag_msgs__rosidl_typesupport_fastrtps_cpp.so
[1.366s] -- Up-to-date: /home/ws/ugv_ws/install/apriltag_msgs/include/apriltag_msgs/apriltag_msgs
[1.366s] -- Up-to-date: /home/ws/ugv_ws/install/apriltag_msgs/include/apriltag_msgs/apriltag_msgs/msg
[1.366s] -- Up-to-date: /home/ws/ugv_ws/install/apriltag_msgs/include/apriltag_msgs/apriltag_msgs/msg/rosidl_typesupport_introspection_c__visibility_control.h
[1.366s] -- Up-to-date: /home/ws/ugv_ws/install/apriltag_msgs/include/apriltag_msgs/apriltag_msgs/msg/detail
[1.366s] -- Up-to-date: /home/ws/ugv_ws/install/apriltag_msgs/include/apriltag_msgs/apriltag_msgs/msg/detail/april_tag_detection_array__type_support.c
[1.367s] -- Up-to-date: /home/ws/ugv_ws/install/apriltag_msgs/include/apriltag_msgs/apriltag_msgs/msg/detail/april_tag_detection__type_support.c
[1.367s] -- Up-to-date: /home/ws/ugv_ws/install/apriltag_msgs/include/apriltag_msgs/apriltag_msgs/msg/detail/april_tag_detection__rosidl_typesupport_introspection_c.h
[1.367s] -- Up-to-date: /home/ws/ugv_ws/install/apriltag_msgs/include/apriltag_msgs/apriltag_msgs/msg/detail/april_tag_detection_array__rosidl_typesupport_introspection_c.h
[1.371s] -- Up-to-date: /home/ws/ugv_ws/install/apriltag_msgs/lib/libapriltag_msgs__rosidl_typesupport_introspection_c.so
[1.371s] -- Up-to-date: /home/ws/ugv_ws/install/apriltag_msgs/lib/libapriltag_msgs__rosidl_typesupport_c.so
[1.374s] -- Up-to-date: /home/ws/ugv_ws/install/apriltag_msgs/include/apriltag_msgs/apriltag_msgs
[1.374s] -- Up-to-date: /home/ws/ugv_ws/install/apriltag_msgs/include/apriltag_msgs/apriltag_msgs/msg
[1.374s] -- Up-to-date: /home/ws/ugv_ws/install/apriltag_msgs/include/apriltag_msgs/apriltag_msgs/msg/detail
[1.374s] -- Up-to-date: /home/ws/ugv_ws/install/apriltag_msgs/include/apriltag_msgs/apriltag_msgs/msg/detail/april_tag_detection__type_support.cpp
[1.374s] -- Up-to-date: /home/ws/ugv_ws/install/apriltag_msgs/include/apriltag_msgs/apriltag_msgs/msg/detail/april_tag_detection_array__type_support.cpp
[1.374s] -- Up-to-date: /home/ws/ugv_ws/install/apriltag_msgs/include/apriltag_msgs/apriltag_msgs/msg/detail/april_tag_detection_array__rosidl_typesupport_introspection_cpp.hpp
[1.375s] -- Up-to-date: /home/ws/ugv_ws/install/apriltag_msgs/include/apriltag_msgs/apriltag_msgs/msg/detail/april_tag_detection__rosidl_typesupport_introspection_cpp.hpp
[1.377s] -- Up-to-date: /home/ws/ugv_ws/install/apriltag_msgs/lib/libapriltag_msgs__rosidl_typesupport_introspection_cpp.so
[1.377s] -- Up-to-date: /home/ws/ugv_ws/install/apriltag_msgs/lib/libapriltag_msgs__rosidl_typesupport_cpp.so
[1.377s] -- Up-to-date: /home/ws/ugv_ws/install/apriltag_msgs/share/apriltag_msgs/environment/pythonpath.sh
[1.378s] -- Up-to-date: /home/ws/ugv_ws/install/apriltag_msgs/share/apriltag_msgs/environment/pythonpath.dsv
[1.378s] -- Up-to-date: /home/ws/ugv_ws/install/apriltag_msgs/local/lib/python3.10/dist-packages/apriltag_msgs-0.0.0-py3.10.egg-info
[1.378s] -- Installing: /home/ws/ugv_ws/install/apriltag_msgs/local/lib/python3.10/dist-packages/apriltag_msgs-0.0.0-py3.10.egg-info/PKG-INFO
[1.378s] -- Installing: /home/ws/ugv_ws/install/apriltag_msgs/local/lib/python3.10/dist-packages/apriltag_msgs-0.0.0-py3.10.egg-info/top_level.txt
[1.378s] -- Installing: /home/ws/ugv_ws/install/apriltag_msgs/local/lib/python3.10/dist-packages/apriltag_msgs-0.0.0-py3.10.egg-info/dependency_links.txt
[1.378s] -- Installing: /home/ws/ugv_ws/install/apriltag_msgs/local/lib/python3.10/dist-packages/apriltag_msgs-0.0.0-py3.10.egg-info/SOURCES.txt
[1.378s] -- Up-to-date: /home/ws/ugv_ws/install/apriltag_msgs/local/lib/python3.10/dist-packages/apriltag_msgs
[1.378s] -- Up-to-date: /home/ws/ugv_ws/install/apriltag_msgs/local/lib/python3.10/dist-packages/apriltag_msgs/apriltag_msgs_s__rosidl_typesupport_c.cpython-310-aarch64-linux-gnu.so
[1.378s] -- Up-to-date: /home/ws/ugv_ws/install/apriltag_msgs/local/lib/python3.10/dist-packages/apriltag_msgs/msg
[1.379s] -- Up-to-date: /home/ws/ugv_ws/install/apriltag_msgs/local/lib/python3.10/dist-packages/apriltag_msgs/msg/_april_tag_detection_array_s.c
[1.379s] -- Up-to-date: /home/ws/ugv_ws/install/apriltag_msgs/local/lib/python3.10/dist-packages/apriltag_msgs/msg/_april_tag_detection_array.py
[1.379s] -- Up-to-date: /home/ws/ugv_ws/install/apriltag_msgs/local/lib/python3.10/dist-packages/apriltag_msgs/msg/_april_tag_detection.py
[1.379s] -- Up-to-date: /home/ws/ugv_ws/install/apriltag_msgs/local/lib/python3.10/dist-packages/apriltag_msgs/msg/_april_tag_detection_s.c
[1.379s] -- Up-to-date: /home/ws/ugv_ws/install/apriltag_msgs/local/lib/python3.10/dist-packages/apriltag_msgs/msg/__init__.py
[1.379s] -- Up-to-date: /home/ws/ugv_ws/install/apriltag_msgs/local/lib/python3.10/dist-packages/apriltag_msgs/_apriltag_msgs_s.ep.rosidl_typesupport_introspection_c.c
[1.379s] -- Up-to-date: /home/ws/ugv_ws/install/apriltag_msgs/local/lib/python3.10/dist-packages/apriltag_msgs/_apriltag_msgs_s.ep.rosidl_typesupport_fastrtps_c.c
[1.379s] -- Up-to-date: /home/ws/ugv_ws/install/apriltag_msgs/local/lib/python3.10/dist-packages/apriltag_msgs/apriltag_msgs_s__rosidl_typesupport_introspection_c.cpython-310-aarch64-linux-gnu.so
[1.379s] -- Up-to-date: /home/ws/ugv_ws/install/apriltag_msgs/local/lib/python3.10/dist-packages/apriltag_msgs/_apriltag_msgs_s.ep.rosidl_typesupport_c.c
[1.379s] -- Up-to-date: /home/ws/ugv_ws/install/apriltag_msgs/local/lib/python3.10/dist-packages/apriltag_msgs/apriltag_msgs_s__rosidl_typesupport_fastrtps_c.cpython-310-aarch64-linux-gnu.so
[1.379s] -- Up-to-date: /home/ws/ugv_ws/install/apriltag_msgs/local/lib/python3.10/dist-packages/apriltag_msgs/libapriltag_msgs__rosidl_generator_py.so
[1.379s] -- Up-to-date: /home/ws/ugv_ws/install/apriltag_msgs/local/lib/python3.10/dist-packages/apriltag_msgs/__init__.py
[1.465s] Listing '/home/ws/ugv_ws/install/apriltag_msgs/local/lib/python3.10/dist-packages/apriltag_msgs'...
[1.465s] Listing '/home/ws/ugv_ws/install/apriltag_msgs/local/lib/python3.10/dist-packages/apriltag_msgs/msg'...
[1.485s] -- Up-to-date: /home/ws/ugv_ws/install/apriltag_msgs/local/lib/python3.10/dist-packages/apriltag_msgs/apriltag_msgs_s__rosidl_typesupport_fastrtps_c.cpython-310-aarch64-linux-gnu.so
[1.486s] -- Up-to-date: /home/ws/ugv_ws/install/apriltag_msgs/local/lib/python3.10/dist-packages/apriltag_msgs/apriltag_msgs_s__rosidl_typesupport_introspection_c.cpython-310-aarch64-linux-gnu.so
[1.488s] -- Up-to-date: /home/ws/ugv_ws/install/apriltag_msgs/local/lib/python3.10/dist-packages/apriltag_msgs/apriltag_msgs_s__rosidl_typesupport_c.cpython-310-aarch64-linux-gnu.so
[1.490s] -- Up-to-date: /home/ws/ugv_ws/install/apriltag_msgs/lib/libapriltag_msgs__rosidl_generator_py.so
[1.491s] -- Up-to-date: /home/ws/ugv_ws/install/apriltag_msgs/share/apriltag_msgs/msg/AprilTagDetectionArray.idl
[1.491s] -- Up-to-date: /home/ws/ugv_ws/install/apriltag_msgs/share/apriltag_msgs/msg/AprilTagDetection.idl
[1.491s] -- Up-to-date: /home/ws/ugv_ws/install/apriltag_msgs/share/apriltag_msgs/msg/AprilTagDetectionArray.msg
[1.491s] -- Up-to-date: /home/ws/ugv_ws/install/apriltag_msgs/share/apriltag_msgs/msg/AprilTagDetection.msg
[1.491s] -- Up-to-date: /home/ws/ugv_ws/install/apriltag_msgs/share/ament_index/resource_index/package_run_dependencies/apriltag_msgs
[1.491s] -- Up-to-date: /home/ws/ugv_ws/install/apriltag_msgs/share/ament_index/resource_index/parent_prefix_path/apriltag_msgs
[1.492s] -- Up-to-date: /home/ws/ugv_ws/install/apriltag_msgs/share/apriltag_msgs/environment/ament_prefix_path.sh
[1.493s] -- Up-to-date: /home/ws/ugv_ws/install/apriltag_msgs/share/apriltag_msgs/environment/ament_prefix_path.dsv
[1.493s] -- Up-to-date: /home/ws/ugv_ws/install/apriltag_msgs/share/apriltag_msgs/environment/path.sh
[1.493s] -- Up-to-date: /home/ws/ugv_ws/install/apriltag_msgs/share/apriltag_msgs/environment/path.dsv
[1.493s] -- Up-to-date: /home/ws/ugv_ws/install/apriltag_msgs/share/apriltag_msgs/local_setup.bash
[1.493s] -- Up-to-date: /home/ws/ugv_ws/install/apriltag_msgs/share/apriltag_msgs/local_setup.sh
[1.494s] -- Up-to-date: /home/ws/ugv_ws/install/apriltag_msgs/share/apriltag_msgs/local_setup.zsh
[1.494s] -- Up-to-date: /home/ws/ugv_ws/install/apriltag_msgs/share/apriltag_msgs/local_setup.dsv
[1.494s] -- Installing: /home/ws/ugv_ws/install/apriltag_msgs/share/apriltag_msgs/package.dsv
[1.495s] -- Up-to-date: /home/ws/ugv_ws/install/apriltag_msgs/share/ament_index/resource_index/packages/apriltag_msgs
[1.497s] -- Up-to-date: /home/ws/ugv_ws/install/apriltag_msgs/share/apriltag_msgs/cmake/export_apriltag_msgs__rosidl_generator_cExport.cmake
[1.498s] -- Up-to-date: /home/ws/ugv_ws/install/apriltag_msgs/share/apriltag_msgs/cmake/export_apriltag_msgs__rosidl_generator_cExport-noconfig.cmake
[1.500s] -- Up-to-date: /home/ws/ugv_ws/install/apriltag_msgs/share/apriltag_msgs/cmake/export_apriltag_msgs__rosidl_typesupport_fastrtps_cExport.cmake
[1.500s] -- Up-to-date: /home/ws/ugv_ws/install/apriltag_msgs/share/apriltag_msgs/cmake/export_apriltag_msgs__rosidl_typesupport_fastrtps_cExport-noconfig.cmake
[1.501s] -- Up-to-date: /home/ws/ugv_ws/install/apriltag_msgs/share/apriltag_msgs/cmake/export_apriltag_msgs__rosidl_generator_cppExport.cmake
[1.503s] -- Up-to-date: /home/ws/ugv_ws/install/apriltag_msgs/share/apriltag_msgs/cmake/export_apriltag_msgs__rosidl_typesupport_fastrtps_cppExport.cmake
[1.503s] -- Up-to-date: /home/ws/ugv_ws/install/apriltag_msgs/share/apriltag_msgs/cmake/export_apriltag_msgs__rosidl_typesupport_fastrtps_cppExport-noconfig.cmake
[1.504s] -- Up-to-date: /home/ws/ugv_ws/install/apriltag_msgs/share/apriltag_msgs/cmake/apriltag_msgs__rosidl_typesupport_introspection_cExport.cmake
[1.505s] -- Up-to-date: /home/ws/ugv_ws/install/apriltag_msgs/share/apriltag_msgs/cmake/apriltag_msgs__rosidl_typesupport_introspection_cExport-noconfig.cmake
[1.514s] -- Up-to-date: /home/ws/ugv_ws/install/apriltag_msgs/share/apriltag_msgs/cmake/apriltag_msgs__rosidl_typesupport_cExport.cmake
[1.514s] -- Up-to-date: /home/ws/ugv_ws/install/apriltag_msgs/share/apriltag_msgs/cmake/apriltag_msgs__rosidl_typesupport_cExport-noconfig.cmake
[1.515s] -- Up-to-date: /home/ws/ugv_ws/install/apriltag_msgs/share/apriltag_msgs/cmake/apriltag_msgs__rosidl_typesupport_introspection_cppExport.cmake
[1.516s] -- Up-to-date: /home/ws/ugv_ws/install/apriltag_msgs/share/apriltag_msgs/cmake/apriltag_msgs__rosidl_typesupport_introspection_cppExport-noconfig.cmake
[1.517s] -- Up-to-date: /home/ws/ugv_ws/install/apriltag_msgs/share/apriltag_msgs/cmake/apriltag_msgs__rosidl_typesupport_cppExport.cmake
[1.517s] -- Up-to-date: /home/ws/ugv_ws/install/apriltag_msgs/share/apriltag_msgs/cmake/apriltag_msgs__rosidl_typesupport_cppExport-noconfig.cmake
[1.519s] -- Up-to-date: /home/ws/ugv_ws/install/apriltag_msgs/share/apriltag_msgs/cmake/export_apriltag_msgs__rosidl_generator_pyExport.cmake
[1.520s] -- Up-to-date: /home/ws/ugv_ws/install/apriltag_msgs/share/apriltag_msgs/cmake/export_apriltag_msgs__rosidl_generator_pyExport-noconfig.cmake
[1.524s] -- Up-to-date: /home/ws/ugv_ws/install/apriltag_msgs/share/apriltag_msgs/cmake/rosidl_cmake-extras.cmake
[1.524s] -- Up-to-date: /home/ws/ugv_ws/install/apriltag_msgs/share/apriltag_msgs/cmake/ament_cmake_export_dependencies-extras.cmake
[1.524s] -- Up-to-date: /home/ws/ugv_ws/install/apriltag_msgs/share/apriltag_msgs/cmake/ament_cmake_export_include_directories-extras.cmake
[1.524s] -- Up-to-date: /home/ws/ugv_ws/install/apriltag_msgs/share/apriltag_msgs/cmake/ament_cmake_export_libraries-extras.cmake
[1.524s] -- Up-to-date: /home/ws/ugv_ws/install/apriltag_msgs/share/apriltag_msgs/cmake/ament_cmake_export_targets-extras.cmake
[1.524s] -- Up-to-date: /home/ws/ugv_ws/install/apriltag_msgs/share/apriltag_msgs/cmake/rosidl_cmake_export_typesupport_targets-extras.cmake
[1.524s] -- Up-to-date: /home/ws/ugv_ws/install/apriltag_msgs/share/apriltag_msgs/cmake/rosidl_cmake_export_typesupport_libraries-extras.cmake
[1.524s] -- Up-to-date: /home/ws/ugv_ws/install/apriltag_msgs/share/apriltag_msgs/cmake/apriltag_msgsConfig.cmake
[1.524s] -- Up-to-date: /home/ws/ugv_ws/install/apriltag_msgs/share/apriltag_msgs/cmake/apriltag_msgsConfig-version.cmake
[1.527s] -- Up-to-date: /home/ws/ugv_ws/install/apriltag_msgs/share/apriltag_msgs/package.xml
[1.530s] Invoked command in '/home/ws/ugv_ws/build/apriltag_msgs' returned '0': CMAKE_PREFIX_PATH=${CMAKE_PREFIX_PATH}:/home/ws/ugv_ws/install/ugv_web_app:/home/ws/ugv_ws/install/ugv_vision:/home/ws/ugv_ws/install/ugv_tools:/home/ws/ugv_ws/install/ugv_chat_ai:/home/ws/ugv_ws/install/ugv_bringup:/opt/ros/humble /usr/bin/cmake --install /home/ws/ugv_ws/build/apriltag_msgs
