-- Found ament_cmake_core: 1.3.10 (/opt/ros/humble/share/ament_cmake_core/cmake)
-- Configuring done
-- Generating done
-- Build files have been written to: /home/ws/ugv_ws/build/vizanti
-- Install configuration: ""
-- Up-to-date: /home/ws/ugv_ws/install/vizanti/share/ament_index/resource_index/package_run_dependencies/vizanti
-- Installing: /home/ws/ugv_ws/install/vizanti/share/ament_index/resource_index/parent_prefix_path/vizanti
-- Up-to-date: /home/ws/ugv_ws/install/vizanti/share/vizanti/environment/ament_prefix_path.sh
-- Installing: /home/ws/ugv_ws/install/vizanti/share/vizanti/environment/ament_prefix_path.dsv
-- Up-to-date: /home/ws/ugv_ws/install/vizanti/share/vizanti/environment/path.sh
-- Installing: /home/ws/ugv_ws/install/vizanti/share/vizanti/environment/path.dsv
-- Up-to-date: /home/ws/ugv_ws/install/vizanti/share/vizanti/local_setup.bash
-- Up-to-date: /home/ws/ugv_ws/install/vizanti/share/vizanti/local_setup.sh
-- Up-to-date: /home/ws/ugv_ws/install/vizanti/share/vizanti/local_setup.zsh
-- Installing: /home/ws/ugv_ws/install/vizanti/share/vizanti/local_setup.dsv
-- Installing: /home/ws/ugv_ws/install/vizanti/share/vizanti/package.dsv
-- Up-to-date: /home/ws/ugv_ws/install/vizanti/share/ament_index/resource_index/packages/vizanti
-- Up-to-date: /home/ws/ugv_ws/install/vizanti/share/vizanti/cmake/vizantiConfig.cmake
-- Up-to-date: /home/ws/ugv_ws/install/vizanti/share/vizanti/cmake/vizantiConfig-version.cmake
-- Installing: /home/ws/ugv_ws/install/vizanti/share/vizanti/package.xml
