[0.020s] Invoking command in '/home/ws/ugv_ws/build/ugv_base_node': CMAKE_PREFIX_PATH=${CMAKE_PREFIX_PATH}:/home/ws/ugv_ws/install/ugv_web_app:/home/ws/ugv_ws/install/ugv_vision:/home/ws/ugv_ws/install/ugv_tools:/home/ws/ugv_ws/install/ugv_chat_ai:/home/ws/ugv_ws/install/ugv_bringup:/opt/ros/humble /usr/bin/cmake --build /home/ws/ugv_ws/build/ugv_base_node -- -j4 -l4
[0.060s] -- Found ament_cmake: 1.3.10 (/opt/ros/humble/share/ament_cmake/cmake)
[0.236s] -- Found tf2: 0.25.7 (/opt/ros/humble/share/tf2/cmake)
[0.262s] -- Found rosidl_generator_c: 3.1.5 (/opt/ros/humble/share/rosidl_generator_c/cmake)
[0.265s] -- Found rosidl_adapter: 3.1.5 (/opt/ros/humble/share/rosidl_adapter/cmake)
[0.272s] -- Found rosidl_generator_cpp: 3.1.5 (/opt/ros/humble/share/rosidl_generator_cpp/cmake)
[0.285s] -- Using all available rosidl_typesupport_c: rosidl_typesupport_fastrtps_c;rosidl_typesupport_introspection_c
[0.302s] -- Using all available rosidl_typesupport_cpp: rosidl_typesupport_fastrtps_cpp;rosidl_typesupport_introspection_cpp
[0.354s] -- Found tf2_ros: 0.25.7 (/opt/ros/humble/share/tf2_ros/cmake)
[0.412s] -- Found rmw_implementation_cmake: 6.1.2 (/opt/ros/humble/share/rmw_implementation_cmake/cmake)
[0.415s] -- Found rmw_fastrtps_cpp: 6.2.7 (/opt/ros/humble/share/rmw_fastrtps_cpp/cmake)
[0.557s] -- Using RMW implementation 'rmw_fastrtps_cpp' as default
[0.691s] -- Found nav_msgs: 4.2.4 (/opt/ros/humble/share/nav_msgs/cmake)
[0.721s] -- Found sensor_msgs: 4.2.4 (/opt/ros/humble/share/sensor_msgs/cmake)
[0.745s] -- Found ament_lint_auto: 0.12.11 (/opt/ros/humble/share/ament_lint_auto/cmake)
[0.861s] -- Added test 'copyright' to check source files copyright and LICENSE
[0.862s] -- Added test 'cppcheck' to perform static code analysis on C / C++ code
[0.862s] -- Configured cppcheck include dirs: 
[0.862s] -- Configured cppcheck exclude dirs and/or files: 
[0.863s] -- Added test 'cpplint' to check C / C++ code against the Google style
[0.863s] -- Configured cpplint exclude dirs and/or files: 
[0.863s] -- Added test 'lint_cmake' to check CMake code style
[0.864s] -- Added test 'uncrustify' to check C / C++ code style
[0.864s] -- Configured uncrustify additional arguments: 
[0.864s] -- Added test 'xmllint' to check XML markup files
[0.866s] -- Configuring done
[0.900s] -- Generating done
[0.906s] -- Build files have been written to: /home/ws/ugv_ws/build/ugv_base_node
[0.944s] [35m[1mConsolidate compiler generated dependencies of target base_node_ekf[0m
[0.946s] [35m[1mConsolidate compiler generated dependencies of target base_node[0m
[0.963s] [ 25%] [32mBuilding CXX object CMakeFiles/base_node_ekf.dir/src/base_node_ekf.cpp.o[0m
[0.966s] [ 50%] [32mBuilding CXX object CMakeFiles/base_node.dir/src/base_node.cpp.o[0m
[17.838s] [100%] [32m[1mLinking CXX executable base_node[0m
[17.838s] [100%] [32m[1mLinking CXX executable base_node_ekf[0m
[19.848s] [100%] Built target base_node
[19.856s] [100%] Built target base_node_ekf
[19.867s] Invoked command in '/home/ws/ugv_ws/build/ugv_base_node' returned '0': CMAKE_PREFIX_PATH=${CMAKE_PREFIX_PATH}:/home/ws/ugv_ws/install/ugv_web_app:/home/ws/ugv_ws/install/ugv_vision:/home/ws/ugv_ws/install/ugv_tools:/home/ws/ugv_ws/install/ugv_chat_ai:/home/ws/ugv_ws/install/ugv_bringup:/opt/ros/humble /usr/bin/cmake --build /home/ws/ugv_ws/build/ugv_base_node -- -j4 -l4
[19.903s] Invoking command in '/home/ws/ugv_ws/build/ugv_base_node': CMAKE_PREFIX_PATH=${CMAKE_PREFIX_PATH}:/home/ws/ugv_ws/install/ugv_web_app:/home/ws/ugv_ws/install/ugv_vision:/home/ws/ugv_ws/install/ugv_tools:/home/ws/ugv_ws/install/ugv_chat_ai:/home/ws/ugv_ws/install/ugv_bringup:/opt/ros/humble /usr/bin/cmake --install /home/ws/ugv_ws/build/ugv_base_node
[19.912s] -- Install configuration: ""
[19.914s] -- Installing: /home/ws/ugv_ws/install/ugv_base_node/lib/ugv_base_node/base_node
[19.920s] -- Set runtime path of "/home/ws/ugv_ws/install/ugv_base_node/lib/ugv_base_node/base_node" to ""
[19.922s] -- Installing: /home/ws/ugv_ws/install/ugv_base_node/lib/ugv_base_node/base_node_ekf
[19.927s] -- Set runtime path of "/home/ws/ugv_ws/install/ugv_base_node/lib/ugv_base_node/base_node_ekf" to ""
[19.928s] -- Up-to-date: /home/ws/ugv_ws/install/ugv_base_node/share/ament_index/resource_index/package_run_dependencies/ugv_base_node
[19.928s] -- Installing: /home/ws/ugv_ws/install/ugv_base_node/share/ament_index/resource_index/parent_prefix_path/ugv_base_node
[19.929s] -- Up-to-date: /home/ws/ugv_ws/install/ugv_base_node/share/ugv_base_node/environment/ament_prefix_path.sh
[19.929s] -- Installing: /home/ws/ugv_ws/install/ugv_base_node/share/ugv_base_node/environment/ament_prefix_path.dsv
[19.929s] -- Up-to-date: /home/ws/ugv_ws/install/ugv_base_node/share/ugv_base_node/environment/path.sh
[19.929s] -- Installing: /home/ws/ugv_ws/install/ugv_base_node/share/ugv_base_node/environment/path.dsv
[19.929s] -- Up-to-date: /home/ws/ugv_ws/install/ugv_base_node/share/ugv_base_node/local_setup.bash
[19.929s] -- Up-to-date: /home/ws/ugv_ws/install/ugv_base_node/share/ugv_base_node/local_setup.sh
[19.929s] -- Up-to-date: /home/ws/ugv_ws/install/ugv_base_node/share/ugv_base_node/local_setup.zsh
[19.929s] -- Installing: /home/ws/ugv_ws/install/ugv_base_node/share/ugv_base_node/local_setup.dsv
[19.929s] -- Installing: /home/ws/ugv_ws/install/ugv_base_node/share/ugv_base_node/package.dsv
[19.930s] -- Up-to-date: /home/ws/ugv_ws/install/ugv_base_node/share/ament_index/resource_index/packages/ugv_base_node
[19.930s] -- Up-to-date: /home/ws/ugv_ws/install/ugv_base_node/share/ugv_base_node/cmake/ugv_base_nodeConfig.cmake
[19.930s] -- Up-to-date: /home/ws/ugv_ws/install/ugv_base_node/share/ugv_base_node/cmake/ugv_base_nodeConfig-version.cmake
[19.930s] -- Installing: /home/ws/ugv_ws/install/ugv_base_node/share/ugv_base_node/package.xml
[19.932s] Invoked command in '/home/ws/ugv_ws/build/ugv_base_node' returned '0': CMAKE_PREFIX_PATH=${CMAKE_PREFIX_PATH}:/home/ws/ugv_ws/install/ugv_web_app:/home/ws/ugv_ws/install/ugv_vision:/home/ws/ugv_ws/install/ugv_tools:/home/ws/ugv_ws/install/ugv_chat_ai:/home/ws/ugv_ws/install/ugv_bringup:/opt/ros/humble /usr/bin/cmake --install /home/ws/ugv_ws/build/ugv_base_node
