[0.017s] Invoking command in '/home/ws/ugv_ws/build/ugv_base_node': CMAKE_PREFIX_PATH=${CMAKE_PREFIX_PATH}:/home/ws/ugv_ws/install/ugv_web_app:/home/ws/ugv_ws/install/ugv_voice:/home/ws/ugv_ws/install/ugv_vision:/home/ws/ugv_ws/install/ugv_tools:/home/ws/ugv_ws/install/ugv_chat_ai:/home/ws/ugv_ws/install/ugv_bringup:/home/ws/ugv_ws/install/robot_pose_publisher:/home/ws/ugv_roarm_ws/install/ugv_roarm_bringup:/home/ws/roarm_ws/install/roarm_vision:/home/ws/roarm_ws/install/roarm_driver:/opt/ros/humble /usr/bin/cmake --build /home/ws/ugv_ws/build/ugv_base_node -- -j4 -l4
[0.072s] [35m[1mConsolidate compiler generated dependencies of target base_node[0m
[0.090s] [ 50%] [32mBuilding CXX object CMakeFiles/base_node.dir/src/base_node.cpp.o[0m
[2.976s] [01m[K/home/ws/ugv_ws/src/ugv_main/ugv_base_node/src/base_node.cpp:[m[K In member function ‘[01m[Kvoid OdomPublisher::publish_odom()[m[K’:
[2.980s] [01m[K/home/ws/ugv_ws/src/ugv_main/ugv_base_node/src/base_node.cpp:289:29:[m[K [01;31m[Kerror: [m[K‘[01m[Kusing _transform_type = struct geometry_msgs::msg::Transform_<std::allocator<void> >[m[K’ {aka ‘[01m[Kstruct geometry_msgs::msg::Transform_<std::allocator<void> >[m[K’} has no member named ‘[01m[Korientation[m[K’; did you mean ‘[01m[Krotation[m[K’?
[2.980s]   289 |             trans.transform.[01;31m[Korientation[m[K.x = 0;
[2.980s]       |                             [01;31m[K^~~~~~~~~~~[m[K
[2.980s]       |                             [32m[Krotation[m[K
[2.980s] [01m[K/home/ws/ugv_ws/src/ugv_main/ugv_base_node/src/base_node.cpp:290:29:[m[K [01;31m[Kerror: [m[K‘[01m[Kusing _transform_type = struct geometry_msgs::msg::Transform_<std::allocator<void> >[m[K’ {aka ‘[01m[Kstruct geometry_msgs::msg::Transform_<std::allocator<void> >[m[K’} has no member named ‘[01m[Korientation[m[K’; did you mean ‘[01m[Krotation[m[K’?
[2.980s]   290 |             trans.transform.[01;31m[Korientation[m[K.y = 0;
[2.980s]       |                             [01;31m[K^~~~~~~~~~~[m[K
[2.980s]       |                             [32m[Krotation[m[K
[2.980s] [01m[K/home/ws/ugv_ws/src/ugv_main/ugv_base_node/src/base_node.cpp:291:29:[m[K [01;31m[Kerror: [m[K‘[01m[Kusing _transform_type = struct geometry_msgs::msg::Transform_<std::allocator<void> >[m[K’ {aka ‘[01m[Kstruct geometry_msgs::msg::Transform_<std::allocator<void> >[m[K’} has no member named ‘[01m[Korientation[m[K’; did you mean ‘[01m[Krotation[m[K’?
[2.981s]   291 |             trans.transform.[01;31m[Korientation[m[K.z = sin(imu_yaw_ * 0.5);
[2.981s]       |                             [01;31m[K^~~~~~~~~~~[m[K
[2.981s]       |                             [32m[Krotation[m[K
[2.981s] [01m[K/home/ws/ugv_ws/src/ugv_main/ugv_base_node/src/base_node.cpp:292:29:[m[K [01;31m[Kerror: [m[K‘[01m[Kusing _transform_type = struct geometry_msgs::msg::Transform_<std::allocator<void> >[m[K’ {aka ‘[01m[Kstruct geometry_msgs::msg::Transform_<std::allocator<void> >[m[K’} has no member named ‘[01m[Korientation[m[K’; did you mean ‘[01m[Krotation[m[K’?
[2.981s]   292 |             trans.transform.[01;31m[Korientation[m[K.w = cos(imu_yaw_ * 0.5);
[2.981s]       |                             [01;31m[K^~~~~~~~~~~[m[K
[2.981s]       |                             [32m[Krotation[m[K
[6.979s] gmake[2]: *** [CMakeFiles/base_node.dir/build.make:76: CMakeFiles/base_node.dir/src/base_node.cpp.o] Error 1
[6.979s] gmake[1]: *** [CMakeFiles/Makefile2:137: CMakeFiles/base_node.dir/all] Error 2
[6.980s] gmake: *** [Makefile:146: all] Error 2
[6.982s] Invoked command in '/home/ws/ugv_ws/build/ugv_base_node' returned '2': CMAKE_PREFIX_PATH=${CMAKE_PREFIX_PATH}:/home/ws/ugv_ws/install/ugv_web_app:/home/ws/ugv_ws/install/ugv_voice:/home/ws/ugv_ws/install/ugv_vision:/home/ws/ugv_ws/install/ugv_tools:/home/ws/ugv_ws/install/ugv_chat_ai:/home/ws/ugv_ws/install/ugv_bringup:/home/ws/ugv_ws/install/robot_pose_publisher:/home/ws/ugv_roarm_ws/install/ugv_roarm_bringup:/home/ws/roarm_ws/install/roarm_vision:/home/ws/roarm_ws/install/roarm_driver:/opt/ros/humble /usr/bin/cmake --build /home/ws/ugv_ws/build/ugv_base_node -- -j4 -l4
