[0.044s] Invoking command in '/home/ws/ugv_ws/build/apriltag': CMAKE_PREFIX_PATH=${CMAKE_PREFIX_PATH}:/home/ws/ugv_ws/install/ugv_web_app:/home/ws/ugv_ws/install/ugv_vision:/home/ws/ugv_ws/install/ugv_tools:/home/ws/ugv_ws/install/ugv_chat_ai:/home/ws/ugv_ws/install/ugv_bringup:/opt/ros/humble /usr/bin/cmake --build /home/ws/ugv_ws/build/apriltag -- -j4 -l4
[0.374s] [  2%] [34m[1mGenerating apriltag_py_type_docstring.h, apriltag_py_type_docstring.cxx[0m
[0.382s] [  4%] [34m[1mGenerating apriltag_detect_docstring.h, apriltag_detect_docstring.cxx[0m
[0.429s] [  4%] Built target apriltag_py_docstrings
[0.490s] [ 85%] Built target apriltag
[0.544s] [35m[1mConsolidate compiler generated dependencies of target apriltag.cpython-310-aarch64-linux-gnu[0m
[0.594s] [ 90%] Built target apriltag_demo
[0.662s] [ 92%] [32mBuilding C object CMakeFiles/apriltag.cpython-310-aarch64-linux-gnu.dir/apriltag_pywrap.c.o[0m
[0.677s] [ 97%] Built target opencv_demo
[1.780s] [100%] [32m[1mLinking C shared module apriltag.cpython-310-aarch64-linux-gnu.so[0m
[1.892s] [100%] Built target apriltag.cpython-310-aarch64-linux-gnu
[1.911s] Invoked command in '/home/ws/ugv_ws/build/apriltag' returned '0': CMAKE_PREFIX_PATH=${CMAKE_PREFIX_PATH}:/home/ws/ugv_ws/install/ugv_web_app:/home/ws/ugv_ws/install/ugv_vision:/home/ws/ugv_ws/install/ugv_tools:/home/ws/ugv_ws/install/ugv_chat_ai:/home/ws/ugv_ws/install/ugv_bringup:/opt/ros/humble /usr/bin/cmake --build /home/ws/ugv_ws/build/apriltag -- -j4 -l4
[2.060s] Invoking command in '/home/ws/ugv_ws/build/apriltag': CMAKE_PREFIX_PATH=${CMAKE_PREFIX_PATH}:/home/ws/ugv_ws/install/ugv_web_app:/home/ws/ugv_ws/install/ugv_vision:/home/ws/ugv_ws/install/ugv_tools:/home/ws/ugv_ws/install/ugv_chat_ai:/home/ws/ugv_ws/install/ugv_bringup:/opt/ros/humble /usr/bin/cmake --install /home/ws/ugv_ws/build/apriltag
[2.079s] -- Install configuration: "Release"
[2.080s] -- Up-to-date: /home/ws/ugv_ws/install/apriltag/include/apriltag/apriltag.h
[2.080s] -- Up-to-date: /home/ws/ugv_ws/install/apriltag/include/apriltag/apriltag_math.h
[2.080s] -- Up-to-date: /home/ws/ugv_ws/install/apriltag/include/apriltag/apriltag_pose.h
[2.082s] -- Up-to-date: /home/ws/ugv_ws/install/apriltag/include/apriltag/common/debug_print.h
[2.082s] -- Up-to-date: /home/ws/ugv_ws/install/apriltag/include/apriltag/common/doubles.h
[2.082s] -- Up-to-date: /home/ws/ugv_ws/install/apriltag/include/apriltag/common/doubles_floats_impl.h
[2.083s] -- Up-to-date: /home/ws/ugv_ws/install/apriltag/include/apriltag/common/floats.h
[2.083s] -- Up-to-date: /home/ws/ugv_ws/install/apriltag/include/apriltag/common/g2d.h
[2.083s] -- Up-to-date: /home/ws/ugv_ws/install/apriltag/include/apriltag/common/getopt.h
[2.083s] -- Up-to-date: /home/ws/ugv_ws/install/apriltag/include/apriltag/common/homography.h
[2.083s] -- Up-to-date: /home/ws/ugv_ws/install/apriltag/include/apriltag/common/image_types.h
[2.083s] -- Up-to-date: /home/ws/ugv_ws/install/apriltag/include/apriltag/common/image_u8.h
[2.083s] -- Up-to-date: /home/ws/ugv_ws/install/apriltag/include/apriltag/common/image_u8x3.h
[2.083s] -- Up-to-date: /home/ws/ugv_ws/install/apriltag/include/apriltag/common/image_u8x4.h
[2.083s] -- Up-to-date: /home/ws/ugv_ws/install/apriltag/include/apriltag/common/matd.h
[2.083s] -- Up-to-date: /home/ws/ugv_ws/install/apriltag/include/apriltag/common/math_util.h
[2.083s] -- Up-to-date: /home/ws/ugv_ws/install/apriltag/include/apriltag/common/pam.h
[2.083s] -- Up-to-date: /home/ws/ugv_ws/install/apriltag/include/apriltag/common/pjpeg.h
[2.083s] -- Up-to-date: /home/ws/ugv_ws/install/apriltag/include/apriltag/common/pnm.h
[2.083s] -- Up-to-date: /home/ws/ugv_ws/install/apriltag/include/apriltag/common/postscript_utils.h
[2.083s] -- Up-to-date: /home/ws/ugv_ws/install/apriltag/include/apriltag/common/pthreads_cross.h
[2.083s] -- Up-to-date: /home/ws/ugv_ws/install/apriltag/include/apriltag/common/string_util.h
[2.084s] -- Up-to-date: /home/ws/ugv_ws/install/apriltag/include/apriltag/common/svd22.h
[2.084s] -- Up-to-date: /home/ws/ugv_ws/install/apriltag/include/apriltag/common/time_util.h
[2.084s] -- Up-to-date: /home/ws/ugv_ws/install/apriltag/include/apriltag/common/timeprofile.h
[2.084s] -- Up-to-date: /home/ws/ugv_ws/install/apriltag/include/apriltag/common/unionfind.h
[2.084s] -- Up-to-date: /home/ws/ugv_ws/install/apriltag/include/apriltag/common/workerpool.h
[2.084s] -- Up-to-date: /home/ws/ugv_ws/install/apriltag/include/apriltag/common/zarray.h
[2.084s] -- Up-to-date: /home/ws/ugv_ws/install/apriltag/include/apriltag/common/zhash.h
[2.084s] -- Up-to-date: /home/ws/ugv_ws/install/apriltag/include/apriltag/common/zmaxheap.h
[2.084s] -- Up-to-date: /home/ws/ugv_ws/install/apriltag/include/apriltag/tag16h5.h
[2.085s] -- Up-to-date: /home/ws/ugv_ws/install/apriltag/include/apriltag/tag25h9.h
[2.085s] -- Up-to-date: /home/ws/ugv_ws/install/apriltag/include/apriltag/tag36h10.h
[2.085s] -- Up-to-date: /home/ws/ugv_ws/install/apriltag/include/apriltag/tag36h11.h
[2.085s] -- Up-to-date: /home/ws/ugv_ws/install/apriltag/include/apriltag/tagCircle21h7.h
[2.085s] -- Up-to-date: /home/ws/ugv_ws/install/apriltag/include/apriltag/tagCircle49h12.h
[2.085s] -- Up-to-date: /home/ws/ugv_ws/install/apriltag/include/apriltag/tagCustom48h12.h
[2.085s] -- Up-to-date: /home/ws/ugv_ws/install/apriltag/include/apriltag/tagStandard41h12.h
[2.085s] -- Up-to-date: /home/ws/ugv_ws/install/apriltag/include/apriltag/tagStandard52h13.h
[2.086s] -- Up-to-date: /home/ws/ugv_ws/install/apriltag/lib/libapriltag.so.3.4.2
[2.086s] -- Up-to-date: /home/ws/ugv_ws/install/apriltag/lib/libapriltag.so.3
[2.086s] -- Up-to-date: /home/ws/ugv_ws/install/apriltag/lib/libapriltag.so
[2.087s] -- Up-to-date: /home/ws/ugv_ws/install/apriltag/share/apriltag/cmake/apriltagTargets.cmake
[2.087s] -- Up-to-date: /home/ws/ugv_ws/install/apriltag/share/apriltag/cmake/apriltagTargets-release.cmake
[2.087s] -- Up-to-date: /home/ws/ugv_ws/install/apriltag/share/apriltag/cmake/apriltagConfig.cmake
[2.087s] -- Up-to-date: /home/ws/ugv_ws/install/apriltag/share/apriltag/cmake/apriltagConfigVersion.cmake
[2.088s] -- Up-to-date: /home/ws/ugv_ws/install/apriltag/lib/pkgconfig/apriltag.pc
[2.089s] -- Installing: /home/ws/ugv_ws/install/apriltag/lib/python3.10/site-packages/apriltag.cpython-310-aarch64-linux-gnu.so
[2.090s] -- Set runtime path of "/home/ws/ugv_ws/install/apriltag/lib/python3.10/site-packages/apriltag.cpython-310-aarch64-linux-gnu.so" to ""
[2.091s] -- Up-to-date: /home/ws/ugv_ws/install/apriltag/bin/opencv_demo
[2.092s] -- Up-to-date: /home/ws/ugv_ws/install/apriltag/bin/apriltag_demo
[2.095s] Invoked command in '/home/ws/ugv_ws/build/apriltag' returned '0': CMAKE_PREFIX_PATH=${CMAKE_PREFIX_PATH}:/home/ws/ugv_ws/install/ugv_web_app:/home/ws/ugv_ws/install/ugv_vision:/home/ws/ugv_ws/install/ugv_tools:/home/ws/ugv_ws/install/ugv_chat_ai:/home/ws/ugv_ws/install/ugv_bringup:/opt/ros/humble /usr/bin/cmake --install /home/ws/ugv_ws/build/apriltag
