[1.789s] Invoking command in '/home/ws/ugv_ws/build/ugv_voice': PYTHONPATH=/home/ws/ugv_ws/build/ugv_voice/prefix_override:/usr/lib/python3/dist-packages/colcon_core/task/python/colcon_distutils_commands:/home/ws/ugv_ws/install/ugv_voice/lib/python3.10/site-packages:${PYTHONPATH} /usr/bin/python3 -W ignore:setup.py install is deprecated setup.py develop --editable --build-directory /home/ws/ugv_ws/build/ugv_voice/build --no-deps symlink_data
[2.146s] running develop
[2.150s] /usr/lib/python3/dist-packages/setuptools/command/easy_install.py:158: EasyInstallDeprecationWarning: easy_install command is deprecated. Use build and pip and other standards-based tools.
[2.150s]   warnings.warn(
[2.362s] running egg_info
[2.363s] creating ugv_voice.egg-info
[2.364s] writing ugv_voice.egg-info/PKG-INFO
[2.364s] writing dependency_links to ugv_voice.egg-info/dependency_links.txt
[2.364s] writing entry points to ugv_voice.egg-info/entry_points.txt
[2.364s] writing requirements to ugv_voice.egg-info/requires.txt
[2.364s] writing top-level names to ugv_voice.egg-info/top_level.txt
[2.364s] writing manifest file 'ugv_voice.egg-info/SOURCES.txt'
[2.366s] reading manifest file 'ugv_voice.egg-info/SOURCES.txt'
[2.366s] writing manifest file 'ugv_voice.egg-info/SOURCES.txt'
[2.369s] running build_ext
[2.369s] Creating /home/ws/ugv_ws/install/ugv_voice/lib/python3.10/site-packages/ugv-voice.egg-link (link to .)
[2.370s] Installing voice_ctrl script to /home/ws/ugv_ws/install/ugv_voice/lib/ugv_voice
[2.370s] 
[2.370s] Installed /home/ws/ugv_ws/build/ugv_voice
[2.370s] running symlink_data
[2.371s] creating /home/ws/ugv_ws/install/ugv_voice/share/ament_index
[2.371s] creating /home/ws/ugv_ws/install/ugv_voice/share/ament_index/resource_index
[2.371s] creating /home/ws/ugv_ws/install/ugv_voice/share/ament_index/resource_index/packages
[2.371s] symbolically linking /home/ws/ugv_ws/build/ugv_voice/resource/ugv_voice -> /home/ws/ugv_ws/install/ugv_voice/share/ament_index/resource_index/packages
[2.372s] symbolically linking /home/ws/ugv_ws/build/ugv_voice/package.xml -> /home/ws/ugv_ws/install/ugv_voice/share/ugv_voice
[2.372s] creating /home/ws/ugv_ws/install/ugv_voice/share/ugv_voice/launch
[2.372s] creating /home/ws/ugv_ws/install/ugv_voice/share/ugv_voice/config
[2.372s] symbolically linking /home/ws/ugv_ws/build/ugv_voice/config/voice_config.yaml -> /home/ws/ugv_ws/install/ugv_voice/share/ugv_voice/config
[2.442s] Invoked command in '/home/ws/ugv_ws/build/ugv_voice' returned '0': PYTHONPATH=/home/ws/ugv_ws/build/ugv_voice/prefix_override:/usr/lib/python3/dist-packages/colcon_core/task/python/colcon_distutils_commands:/home/ws/ugv_ws/install/ugv_voice/lib/python3.10/site-packages:${PYTHONPATH} /usr/bin/python3 -W ignore:setup.py install is deprecated setup.py develop --editable --build-directory /home/ws/ugv_ws/build/ugv_voice/build --no-deps symlink_data
