[01m[K/home/ws/ugv_ws/src/ugv_main/ugv_base_node/src/base_node.cpp:131:6:[m[K [01;31m[Kerror: [m[Kinvalid preprocessing directive #void
  131 | #    [01;31m[Kvoid[m[K handle_imu(const std::shared_ptr<sensor_msgs::msg::Imu> msg)
      |      [01;31m[K^~~~[m[K
[01m[K/home/ws/ugv_ws/src/ugv_main/ugv_base_node/src/base_node.cpp:132:6:[m[K [01;31m[Kerror: [m[Kinvalid preprocessing directive #{
  132 | #    [01;31m[K{[m[K
      |      [01;31m[K^[m[K
[01m[K/home/ws/ugv_ws/src/ugv_main/ugv_base_node/src/base_node.cpp:133:10:[m[K [01;31m[Kerror: [m[Kinvalid preprocessing directive #q1_
  133 | #        [01;31m[Kq1_[m[K = msg->orientation.x;
      |          [01;31m[K^~~[m[K
[01m[K/home/ws/ugv_ws/src/ugv_main/ugv_base_node/src/base_node.cpp:134:10:[m[K [01;31m[Kerror: [m[Kinvalid preprocessing directive #q2_
  134 | #        [01;31m[Kq2_[m[K = msg->orientation.y;
      |          [01;31m[K^~~[m[K
[01m[K/home/ws/ugv_ws/src/ugv_main/ugv_base_node/src/base_node.cpp:135:10:[m[K [01;31m[Kerror: [m[Kinvalid preprocessing directive #q3_
  135 | #        [01;31m[Kq3_[m[K = msg->orientation.z;
      |          [01;31m[K^~~[m[K
[01m[K/home/ws/ugv_ws/src/ugv_main/ugv_base_node/src/base_node.cpp:136:10:[m[K [01;31m[Kerror: [m[Kinvalid preprocessing directive #q0_
  136 | #        [01;31m[Kq0_[m[K = msg->orientation.w;
      |          [01;31m[K^~~[m[K
[01m[K/home/ws/ugv_ws/src/ugv_main/ugv_base_node/src/base_node.cpp:139:10:[m[K [01;31m[Kerror: [m[Kinvalid preprocessing directive #double
  139 | #        [01;31m[Kdouble[m[K siny_cosp = 2 * (q0_ * q3_ + q1_ * q2_);
      |          [01;31m[K^~~~~~[m[K
[01m[K/home/ws/ugv_ws/src/ugv_main/ugv_base_node/src/base_node.cpp:140:10:[m[K [01;31m[Kerror: [m[Kinvalid preprocessing directive #double
  140 | #        [01;31m[Kdouble[m[K cosy_cosp = 1 - 2 * (q2_ * q2_ + q3_ * q3_);
      |          [01;31m[K^~~~~~[m[K
[01m[K/home/ws/ugv_ws/src/ugv_main/ugv_base_node/src/base_node.cpp:141:10:[m[K [01;31m[Kerror: [m[Kinvalid preprocessing directive #imu_yaw_
  141 | #        [01;31m[Kimu_yaw_[m[K = std::atan2(siny_cosp, cosy_cosp);
      |          [01;31m[K^~~~~~~~[m[K
[01m[K/home/ws/ugv_ws/src/ugv_main/ugv_base_node/src/base_node.cpp:142:10:[m[K [01;31m[Kerror: [m[Kinvalid preprocessing directive #imu_valid
  142 | #        [01;31m[Kimu_valid[m[K = true;
      |          [01;31m[K^~~~~~~~~[m[K
[01m[K/home/ws/ugv_ws/src/ugv_main/ugv_base_node/src/base_node.cpp:143:6:[m[K [01;31m[Kerror: [m[Kinvalid preprocessing directive #}
  143 | #    [01;31m[K}[m[K
      |      [01;31m[K^[m[K
gmake[2]: *** [CMakeFiles/base_node.dir/build.make:76: CMakeFiles/base_node.dir/src/base_node.cpp.o] Error 1
gmake[1]: *** [CMakeFiles/Makefile2:137: CMakeFiles/base_node.dir/all] Error 2
gmake: *** [Makefile:146: all] Error 2
