[1.347s] Invoking command in '/home/ws/ugv_ws/build/ugv_tools': PYTHONPATH=/home/ws/ugv_ws/build/ugv_tools/prefix_override:/usr/lib/python3/dist-packages/colcon_core/task/python/colcon_distutils_commands:/home/ws/ugv_ws/install/ugv_tools/lib/python3.10/site-packages:${PYTHONPATH} /usr/bin/python3 -W ignore:setup.py install is deprecated setup.py develop --editable --build-directory /home/ws/ugv_ws/build/ugv_tools/build --no-deps symlink_data
[1.773s] running develop
[1.775s] /usr/lib/python3/dist-packages/setuptools/command/easy_install.py:158: EasyInstallDeprecationWarning: easy_install command is deprecated. Use build and pip and other standards-based tools.
[1.775s]   warnings.warn(
[1.973s] running egg_info
[1.973s] writing ugv_tools.egg-info/PKG-INFO
[1.979s] writing dependency_links to ugv_tools.egg-info/dependency_links.txt
[1.982s] writing entry points to ugv_tools.egg-info/entry_points.txt
[1.983s] writing requirements to ugv_tools.egg-info/requires.txt
[1.984s] writing top-level names to ugv_tools.egg-info/top_level.txt
[1.987s] reading manifest file 'ugv_tools.egg-info/SOURCES.txt'
[1.989s] writing manifest file 'ugv_tools.egg-info/SOURCES.txt'
[1.993s] running build_ext
[1.994s] Creating /home/ws/ugv_ws/install/ugv_tools/lib/python3.10/site-packages/ugv-tools.egg-link (link to .)
[1.995s] Installing behavior_ctrl script to /home/ws/ugv_ws/install/ugv_tools/lib/ugv_tools
[1.996s] Installing joy_ctrl script to /home/ws/ugv_ws/install/ugv_tools/lib/ugv_tools
[1.996s] Installing keyboard_ctrl script to /home/ws/ugv_ws/install/ugv_tools/lib/ugv_tools
[1.996s] 
[1.996s] Installed /home/ws/ugv_ws/build/ugv_tools
[1.997s] running symlink_data
[2.092s] Invoked command in '/home/ws/ugv_ws/build/ugv_tools' returned '0': PYTHONPATH=/home/ws/ugv_ws/build/ugv_tools/prefix_override:/usr/lib/python3/dist-packages/colcon_core/task/python/colcon_distutils_commands:/home/ws/ugv_ws/install/ugv_tools/lib/python3.10/site-packages:${PYTHONPATH} /usr/bin/python3 -W ignore:setup.py install is deprecated setup.py develop --editable --build-directory /home/ws/ugv_ws/build/ugv_tools/build --no-deps symlink_data
