[0.058s] Invoking command in '/home/ws/ugv_ws/build/webrtc_ros_msgs': CMAKE_PREFIX_PATH=${CMAKE_PREFIX_PATH}:/home/ws/ugv_ws/install/ugv_web_app:/home/ws/ugv_ws/install/ugv_vision:/home/ws/ugv_ws/install/ugv_tools:/home/ws/ugv_ws/install/ugv_chat_ai:/home/ws/ugv_ws/install/ugv_bringup:/home/ws/ugv_ws/install/robot_pose_publisher:/home/ws/ugv_roarm_ws/install/ugv_roarm_bringup:/home/ws/roarm_ws/install/roarm_driver:/opt/ros/humble /usr/bin/cmake /home/ws/ugv_ws/src/ugv_else/webrtc_ros/webrtc_msgs -DCMAKE_INSTALL_PREFIX=/home/ws/ugv_ws/install/webrtc_ros_msgs
[0.298s] -- The C compiler identification is GNU 11.4.0
[0.497s] -- The CXX compiler identification is GNU 11.4.0
[0.523s] -- Detecting C compiler ABI info
[0.746s] -- Detecting C compiler ABI info - done
[0.774s] -- Check for working C compiler: /usr/bin/cc - skipped
[0.776s] -- Detecting C compile features
[0.778s] -- Detecting C compile features - done
[0.788s] -- Detecting CXX compiler ABI info
[1.055s] -- Detecting CXX compiler ABI info - done
[1.077s] -- Check for working CXX compiler: /usr/bin/c++ - skipped
[1.078s] -- Detecting CXX compile features
[1.080s] -- Detecting CXX compile features - done
[1.173s] -- Found ament_cmake: 1.3.10 (/opt/ros/humble/share/ament_cmake/cmake)
[1.921s] -- Found Python3: /usr/bin/python3 (found version "3.10.12") found components: Interpreter 
[2.598s] -- Found rosidl_default_generators: 1.2.0 (/opt/ros/humble/share/rosidl_default_generators/cmake)
[2.667s] -- Using all available rosidl_typesupport_c: rosidl_typesupport_fastrtps_c;rosidl_typesupport_introspection_c
[2.751s] -- Found rosidl_adapter: 3.1.5 (/opt/ros/humble/share/rosidl_adapter/cmake)
[3.155s] -- Using all available rosidl_typesupport_cpp: rosidl_typesupport_fastrtps_cpp;rosidl_typesupport_introspection_cpp
[3.426s] -- Found builtin_interfaces: 1.2.1 (/opt/ros/humble/share/builtin_interfaces/cmake)
[4.621s] -- Found ament_cmake_ros: 0.10.0 (/opt/ros/humble/share/ament_cmake_ros/cmake)
[5.471s] -- Using all available rosidl_typesupport_c: rosidl_typesupport_fastrtps_c;rosidl_typesupport_introspection_c
[6.485s] -- Using all available rosidl_typesupport_cpp: rosidl_typesupport_fastrtps_cpp;rosidl_typesupport_introspection_cpp
[6.588s] -- Found PythonInterp: /usr/bin/python3 (found suitable version "3.10.12", minimum required is "3.6") 
[6.612s] -- Found python_cmake_module: 0.10.0 (/opt/ros/humble/share/python_cmake_module/cmake)
[6.771s] -- Found PythonLibs: /usr/lib/aarch64-linux-gnu/libpython3.10.so (found suitable version "3.10.12", minimum required is "3.5") 
[6.772s] -- Using PYTHON_EXECUTABLE: /usr/bin/python3
[6.773s] -- Using PYTHON_INCLUDE_DIRS: /usr/include/python3.10
[6.773s] -- Using PYTHON_LIBRARIES: /usr/lib/aarch64-linux-gnu/libpython3.10.so
[6.868s] -- Found PythonExtra: .so  
[7.153s] -- Configuring done
[7.242s] -- Generating done
[7.250s] -- Build files have been written to: /home/ws/ugv_ws/build/webrtc_ros_msgs
[7.266s] Invoked command in '/home/ws/ugv_ws/build/webrtc_ros_msgs' returned '0': CMAKE_PREFIX_PATH=${CMAKE_PREFIX_PATH}:/home/ws/ugv_ws/install/ugv_web_app:/home/ws/ugv_ws/install/ugv_vision:/home/ws/ugv_ws/install/ugv_tools:/home/ws/ugv_ws/install/ugv_chat_ai:/home/ws/ugv_ws/install/ugv_bringup:/home/ws/ugv_ws/install/robot_pose_publisher:/home/ws/ugv_roarm_ws/install/ugv_roarm_bringup:/home/ws/roarm_ws/install/roarm_driver:/opt/ros/humble /usr/bin/cmake /home/ws/ugv_ws/src/ugv_else/webrtc_ros/webrtc_msgs -DCMAKE_INSTALL_PREFIX=/home/ws/ugv_ws/install/webrtc_ros_msgs
[7.272s] Invoking command in '/home/ws/ugv_ws/build/webrtc_ros_msgs': CMAKE_PREFIX_PATH=${CMAKE_PREFIX_PATH}:/home/ws/ugv_ws/install/ugv_web_app:/home/ws/ugv_ws/install/ugv_vision:/home/ws/ugv_ws/install/ugv_tools:/home/ws/ugv_ws/install/ugv_chat_ai:/home/ws/ugv_ws/install/ugv_bringup:/home/ws/ugv_ws/install/robot_pose_publisher:/home/ws/ugv_roarm_ws/install/ugv_roarm_bringup:/home/ws/roarm_ws/install/roarm_driver:/opt/ros/humble /usr/bin/cmake --build /home/ws/ugv_ws/build/webrtc_ros_msgs -- -j4 -l4
[7.397s] [  2%] [34m[1mGenerating C code for ROS interfaces[0m
[7.439s] [  5%] [34m[1mGenerating C++ code for ROS interfaces[0m
[8.983s] [  5%] Built target webrtc_ros_msgs__cpp
[9.084s] [  5%] Built target ament_cmake_python_copy_webrtc_ros_msgs
[9.102s] [  7%] [32mBuilding C object CMakeFiles/webrtc_ros_msgs__rosidl_generator_c.dir/rosidl_generator_c/webrtc_ros_msgs/msg/detail/ice_server__functions.c.o[0m
[9.121s] [ 10%] [32mBuilding C object CMakeFiles/webrtc_ros_msgs__rosidl_generator_c.dir/rosidl_generator_c/webrtc_ros_msgs/srv/detail/get_ice_servers__functions.c.o[0m
[9.123s] [ 12%] [34m[1mGenerating C++ introspection for ROS interfaces[0m
[9.423s] [ 15%] [32m[1mLinking C shared library libwebrtc_ros_msgs__rosidl_generator_c.so[0m
[9.565s] [ 17%] [34m[1mGenerating C++ type support dispatch for ROS interfaces[0m
[9.619s] [ 17%] Built target webrtc_ros_msgs__rosidl_generator_c
[9.663s] [ 20%] [34m[1mGenerating C++ type support for eProsima Fast-RTPS[0m
[10.714s] [ 23%] [32mBuilding CXX object CMakeFiles/webrtc_ros_msgs__rosidl_typesupport_introspection_cpp.dir/rosidl_typesupport_introspection_cpp/webrtc_ros_msgs/msg/detail/ice_server__type_support.cpp.o[0m
[11.006s] [ 25%] [32mBuilding CXX object CMakeFiles/webrtc_ros_msgs__rosidl_typesupport_cpp.dir/rosidl_typesupport_cpp/webrtc_ros_msgs/msg/ice_server__type_support.cpp.o[0m
[11.351s] [ 28%] [32mBuilding CXX object CMakeFiles/webrtc_ros_msgs__rosidl_typesupport_fastrtps_cpp.dir/rosidl_typesupport_fastrtps_cpp/webrtc_ros_msgs/msg/detail/dds_fastrtps/ice_server__type_support.cpp.o[0m
[11.362s] running egg_info
[11.368s] creating webrtc_ros_msgs.egg-info
[11.371s] writing webrtc_ros_msgs.egg-info/PKG-INFO
[11.374s] writing dependency_links to webrtc_ros_msgs.egg-info/dependency_links.txt
[11.375s] writing top-level names to webrtc_ros_msgs.egg-info/top_level.txt
[11.376s] writing manifest file 'webrtc_ros_msgs.egg-info/SOURCES.txt'
[11.389s] reading manifest file 'webrtc_ros_msgs.egg-info/SOURCES.txt'
[11.393s] writing manifest file 'webrtc_ros_msgs.egg-info/SOURCES.txt'
[11.570s] [ 28%] Built target ament_cmake_python_build_webrtc_ros_msgs_egg
[11.613s] [ 30%] [32mBuilding CXX object CMakeFiles/webrtc_ros_msgs__rosidl_typesupport_introspection_cpp.dir/rosidl_typesupport_introspection_cpp/webrtc_ros_msgs/srv/detail/get_ice_servers__type_support.cpp.o[0m
[12.624s] [ 33%] [32mBuilding CXX object CMakeFiles/webrtc_ros_msgs__rosidl_typesupport_cpp.dir/rosidl_typesupport_cpp/webrtc_ros_msgs/srv/get_ice_servers__type_support.cpp.o[0m
[13.251s] [ 35%] [32mBuilding CXX object CMakeFiles/webrtc_ros_msgs__rosidl_typesupport_fastrtps_cpp.dir/rosidl_typesupport_fastrtps_cpp/webrtc_ros_msgs/srv/detail/dds_fastrtps/get_ice_servers__type_support.cpp.o[0m
[13.617s] [ 38%] [34m[1mGenerating C type support for eProsima Fast-RTPS[0m
[13.922s] [ 41%] [32m[1mLinking CXX shared library libwebrtc_ros_msgs__rosidl_typesupport_introspection_cpp.so[0m
[14.077s] [ 43%] [32m[1mLinking CXX shared library libwebrtc_ros_msgs__rosidl_typesupport_cpp.so[0m
[14.270s] [ 43%] Built target webrtc_ros_msgs__rosidl_typesupport_introspection_cpp
[14.278s] [ 43%] Built target webrtc_ros_msgs__rosidl_typesupport_cpp
[14.318s] [ 46%] [34m[1mGenerating C introspection for ROS interfaces[0m
[14.321s] [ 48%] [34m[1mGenerating C type support dispatch for ROS interfaces[0m
[15.577s] [ 51%] [32mBuilding CXX object CMakeFiles/webrtc_ros_msgs__rosidl_typesupport_fastrtps_c.dir/rosidl_typesupport_fastrtps_c/webrtc_ros_msgs/msg/detail/ice_server__type_support_c.cpp.o[0m
[15.835s] [ 53%] [32mBuilding CXX object CMakeFiles/webrtc_ros_msgs__rosidl_typesupport_c.dir/rosidl_typesupport_c/webrtc_ros_msgs/msg/ice_server__type_support.cpp.o[0m
[15.923s] [ 56%] [32m[1mLinking CXX shared library libwebrtc_ros_msgs__rosidl_typesupport_fastrtps_cpp.so[0m
[15.986s] [ 58%] [32mBuilding CXX object CMakeFiles/webrtc_ros_msgs__rosidl_typesupport_c.dir/rosidl_typesupport_c/webrtc_ros_msgs/srv/get_ice_servers__type_support.cpp.o[0m
[16.091s] [ 61%] [32mBuilding C object CMakeFiles/webrtc_ros_msgs__rosidl_typesupport_introspection_c.dir/rosidl_typesupport_introspection_c/webrtc_ros_msgs/msg/detail/ice_server__type_support.c.o[0m
[16.136s] [ 64%] [32m[1mLinking CXX shared library libwebrtc_ros_msgs__rosidl_typesupport_c.so[0m
[16.259s] [ 64%] Built target webrtc_ros_msgs__rosidl_typesupport_fastrtps_cpp
[16.263s] [ 66%] [32mBuilding C object CMakeFiles/webrtc_ros_msgs__rosidl_typesupport_introspection_c.dir/rosidl_typesupport_introspection_c/webrtc_ros_msgs/srv/detail/get_ice_servers__type_support.c.o[0m
[16.311s] [ 69%] [32mBuilding CXX object CMakeFiles/webrtc_ros_msgs__rosidl_typesupport_fastrtps_c.dir/rosidl_typesupport_fastrtps_c/webrtc_ros_msgs/srv/detail/get_ice_servers__type_support_c.cpp.o[0m
[16.340s] [ 69%] Built target webrtc_ros_msgs__rosidl_typesupport_c
[16.435s] [ 71%] [32m[1mLinking C shared library libwebrtc_ros_msgs__rosidl_typesupport_introspection_c.so[0m
[16.565s] [ 71%] Built target webrtc_ros_msgs__rosidl_typesupport_introspection_c
[17.620s] [ 74%] [32m[1mLinking CXX shared library libwebrtc_ros_msgs__rosidl_typesupport_fastrtps_c.so[0m
[17.865s] [ 74%] Built target webrtc_ros_msgs__rosidl_typesupport_fastrtps_c
[17.926s] [ 74%] Built target webrtc_ros_msgs
[17.988s] [ 76%] [34m[1mGenerating Python code for ROS interfaces[0m
[19.876s] [ 76%] Built target webrtc_ros_msgs__py
[19.940s] [ 82%] [32mBuilding C object CMakeFiles/webrtc_ros_msgs__rosidl_generator_py.dir/rosidl_generator_py/webrtc_ros_msgs/msg/_ice_server_s.c.o[0m
[19.943s] [ 82%] [32mBuilding C object CMakeFiles/webrtc_ros_msgs__rosidl_generator_py.dir/rosidl_generator_py/webrtc_ros_msgs/srv/_get_ice_servers_s.c.o[0m
[20.401s] [ 84%] [32m[1mLinking C shared library rosidl_generator_py/webrtc_ros_msgs/libwebrtc_ros_msgs__rosidl_generator_py.so[0m
[20.545s] [ 84%] Built target webrtc_ros_msgs__rosidl_generator_py
[20.619s] [ 87%] [32mBuilding C object CMakeFiles/webrtc_ros_msgs__rosidl_typesupport_c__pyext.dir/rosidl_generator_py/webrtc_ros_msgs/_webrtc_ros_msgs_s.ep.rosidl_typesupport_c.c.o[0m
[20.620s] [ 92%] [32mBuilding C object CMakeFiles/webrtc_ros_msgs__rosidl_typesupport_fastrtps_c__pyext.dir/rosidl_generator_py/webrtc_ros_msgs/_webrtc_ros_msgs_s.ep.rosidl_typesupport_fastrtps_c.c.o[0m
[20.621s] [ 92%] [32mBuilding C object CMakeFiles/webrtc_ros_msgs__rosidl_typesupport_introspection_c__pyext.dir/rosidl_generator_py/webrtc_ros_msgs/_webrtc_ros_msgs_s.ep.rosidl_typesupport_introspection_c.c.o[0m
[21.003s] [ 97%] [32m[1mLinking C shared library rosidl_generator_py/webrtc_ros_msgs/webrtc_ros_msgs_s__rosidl_typesupport_introspection_c.cpython-310-aarch64-linux-gnu.so[0m
[21.007s] [ 97%] [32m[1mLinking C shared library rosidl_generator_py/webrtc_ros_msgs/webrtc_ros_msgs_s__rosidl_typesupport_c.cpython-310-aarch64-linux-gnu.so[0m
[21.012s] [100%] [32m[1mLinking C shared library rosidl_generator_py/webrtc_ros_msgs/webrtc_ros_msgs_s__rosidl_typesupport_fastrtps_c.cpython-310-aarch64-linux-gnu.so[0m
[21.191s] [100%] Built target webrtc_ros_msgs__rosidl_typesupport_introspection_c__pyext
[21.195s] [100%] Built target webrtc_ros_msgs__rosidl_typesupport_fastrtps_c__pyext
[21.198s] [100%] Built target webrtc_ros_msgs__rosidl_typesupport_c__pyext
[21.236s] Invoked command in '/home/ws/ugv_ws/build/webrtc_ros_msgs' returned '0': CMAKE_PREFIX_PATH=${CMAKE_PREFIX_PATH}:/home/ws/ugv_ws/install/ugv_web_app:/home/ws/ugv_ws/install/ugv_vision:/home/ws/ugv_ws/install/ugv_tools:/home/ws/ugv_ws/install/ugv_chat_ai:/home/ws/ugv_ws/install/ugv_bringup:/home/ws/ugv_ws/install/robot_pose_publisher:/home/ws/ugv_roarm_ws/install/ugv_roarm_bringup:/home/ws/roarm_ws/install/roarm_driver:/opt/ros/humble /usr/bin/cmake --build /home/ws/ugv_ws/build/webrtc_ros_msgs -- -j4 -l4
[21.494s] Invoking command in '/home/ws/ugv_ws/build/webrtc_ros_msgs': CMAKE_PREFIX_PATH=${CMAKE_PREFIX_PATH}:/home/ws/ugv_ws/install/ugv_web_app:/home/ws/ugv_ws/install/ugv_vision:/home/ws/ugv_ws/install/ugv_tools:/home/ws/ugv_ws/install/ugv_chat_ai:/home/ws/ugv_ws/install/ugv_bringup:/home/ws/ugv_ws/install/robot_pose_publisher:/home/ws/ugv_roarm_ws/install/ugv_roarm_bringup:/home/ws/roarm_ws/install/roarm_driver:/opt/ros/humble /usr/bin/cmake --install /home/ws/ugv_ws/build/webrtc_ros_msgs
[21.522s] -- Install configuration: ""
[21.523s] -- Installing: /home/ws/ugv_ws/install/webrtc_ros_msgs/share/ament_index/resource_index/rosidl_interfaces/webrtc_ros_msgs
[21.524s] -- Installing: /home/ws/ugv_ws/install/webrtc_ros_msgs/include/webrtc_ros_msgs/webrtc_ros_msgs
[21.524s] -- Installing: /home/ws/ugv_ws/install/webrtc_ros_msgs/include/webrtc_ros_msgs/webrtc_ros_msgs/msg
[21.524s] -- Installing: /home/ws/ugv_ws/install/webrtc_ros_msgs/include/webrtc_ros_msgs/webrtc_ros_msgs/msg/ice_server.h
[21.525s] -- Installing: /home/ws/ugv_ws/install/webrtc_ros_msgs/include/webrtc_ros_msgs/webrtc_ros_msgs/msg/rosidl_generator_c__visibility_control.h
[21.525s] -- Installing: /home/ws/ugv_ws/install/webrtc_ros_msgs/include/webrtc_ros_msgs/webrtc_ros_msgs/msg/detail
[21.525s] -- Installing: /home/ws/ugv_ws/install/webrtc_ros_msgs/include/webrtc_ros_msgs/webrtc_ros_msgs/msg/detail/ice_server__functions.h
[21.526s] -- Installing: /home/ws/ugv_ws/install/webrtc_ros_msgs/include/webrtc_ros_msgs/webrtc_ros_msgs/msg/detail/ice_server__type_support.h
[21.527s] -- Installing: /home/ws/ugv_ws/install/webrtc_ros_msgs/include/webrtc_ros_msgs/webrtc_ros_msgs/msg/detail/ice_server__functions.c
[21.527s] -- Installing: /home/ws/ugv_ws/install/webrtc_ros_msgs/include/webrtc_ros_msgs/webrtc_ros_msgs/msg/detail/ice_server__struct.h
[21.528s] -- Installing: /home/ws/ugv_ws/install/webrtc_ros_msgs/include/webrtc_ros_msgs/webrtc_ros_msgs/srv
[21.528s] -- Installing: /home/ws/ugv_ws/install/webrtc_ros_msgs/include/webrtc_ros_msgs/webrtc_ros_msgs/srv/get_ice_servers.h
[21.529s] -- Installing: /home/ws/ugv_ws/install/webrtc_ros_msgs/include/webrtc_ros_msgs/webrtc_ros_msgs/srv/detail
[21.529s] -- Installing: /home/ws/ugv_ws/install/webrtc_ros_msgs/include/webrtc_ros_msgs/webrtc_ros_msgs/srv/detail/get_ice_servers__struct.h
[21.529s] -- Installing: /home/ws/ugv_ws/install/webrtc_ros_msgs/include/webrtc_ros_msgs/webrtc_ros_msgs/srv/detail/get_ice_servers__functions.c
[21.530s] -- Installing: /home/ws/ugv_ws/install/webrtc_ros_msgs/include/webrtc_ros_msgs/webrtc_ros_msgs/srv/detail/get_ice_servers__type_support.h
[21.530s] -- Installing: /home/ws/ugv_ws/install/webrtc_ros_msgs/include/webrtc_ros_msgs/webrtc_ros_msgs/srv/detail/get_ice_servers__functions.h
[21.530s] -- Installing: /home/ws/ugv_ws/install/webrtc_ros_msgs/share/webrtc_ros_msgs/environment/library_path.sh
[21.531s] -- Installing: /home/ws/ugv_ws/install/webrtc_ros_msgs/share/webrtc_ros_msgs/environment/library_path.dsv
[21.531s] -- Installing: /home/ws/ugv_ws/install/webrtc_ros_msgs/lib/libwebrtc_ros_msgs__rosidl_generator_c.so
[21.531s] -- Set runtime path of "/home/ws/ugv_ws/install/webrtc_ros_msgs/lib/libwebrtc_ros_msgs__rosidl_generator_c.so" to ""
[21.532s] -- Up-to-date: /home/ws/ugv_ws/install/webrtc_ros_msgs/include/webrtc_ros_msgs/webrtc_ros_msgs
[21.532s] -- Up-to-date: /home/ws/ugv_ws/install/webrtc_ros_msgs/include/webrtc_ros_msgs/webrtc_ros_msgs/msg
[21.533s] -- Up-to-date: /home/ws/ugv_ws/install/webrtc_ros_msgs/include/webrtc_ros_msgs/webrtc_ros_msgs/msg/detail
[21.533s] -- Installing: /home/ws/ugv_ws/install/webrtc_ros_msgs/include/webrtc_ros_msgs/webrtc_ros_msgs/msg/detail/ice_server__rosidl_typesupport_fastrtps_c.h
[21.533s] -- Installing: /home/ws/ugv_ws/install/webrtc_ros_msgs/include/webrtc_ros_msgs/webrtc_ros_msgs/msg/rosidl_typesupport_fastrtps_c__visibility_control.h
[21.534s] -- Up-to-date: /home/ws/ugv_ws/install/webrtc_ros_msgs/include/webrtc_ros_msgs/webrtc_ros_msgs/srv
[21.534s] -- Up-to-date: /home/ws/ugv_ws/install/webrtc_ros_msgs/include/webrtc_ros_msgs/webrtc_ros_msgs/srv/detail
[21.534s] -- Installing: /home/ws/ugv_ws/install/webrtc_ros_msgs/include/webrtc_ros_msgs/webrtc_ros_msgs/srv/detail/get_ice_servers__rosidl_typesupport_fastrtps_c.h
[21.535s] -- Installing: /home/ws/ugv_ws/install/webrtc_ros_msgs/lib/libwebrtc_ros_msgs__rosidl_typesupport_fastrtps_c.so
[21.535s] -- Set runtime path of "/home/ws/ugv_ws/install/webrtc_ros_msgs/lib/libwebrtc_ros_msgs__rosidl_typesupport_fastrtps_c.so" to ""
[21.536s] -- Up-to-date: /home/ws/ugv_ws/install/webrtc_ros_msgs/include/webrtc_ros_msgs/webrtc_ros_msgs
[21.536s] -- Up-to-date: /home/ws/ugv_ws/install/webrtc_ros_msgs/include/webrtc_ros_msgs/webrtc_ros_msgs/msg
[21.537s] -- Installing: /home/ws/ugv_ws/install/webrtc_ros_msgs/include/webrtc_ros_msgs/webrtc_ros_msgs/msg/rosidl_typesupport_introspection_c__visibility_control.h
[21.537s] -- Up-to-date: /home/ws/ugv_ws/install/webrtc_ros_msgs/include/webrtc_ros_msgs/webrtc_ros_msgs/msg/detail
[21.537s] -- Installing: /home/ws/ugv_ws/install/webrtc_ros_msgs/include/webrtc_ros_msgs/webrtc_ros_msgs/msg/detail/ice_server__rosidl_typesupport_introspection_c.h
[21.538s] -- Installing: /home/ws/ugv_ws/install/webrtc_ros_msgs/include/webrtc_ros_msgs/webrtc_ros_msgs/msg/detail/ice_server__type_support.c
[21.538s] -- Up-to-date: /home/ws/ugv_ws/install/webrtc_ros_msgs/include/webrtc_ros_msgs/webrtc_ros_msgs/srv
[21.539s] -- Up-to-date: /home/ws/ugv_ws/install/webrtc_ros_msgs/include/webrtc_ros_msgs/webrtc_ros_msgs/srv/detail
[21.539s] -- Installing: /home/ws/ugv_ws/install/webrtc_ros_msgs/include/webrtc_ros_msgs/webrtc_ros_msgs/srv/detail/get_ice_servers__rosidl_typesupport_introspection_c.h
[21.539s] -- Installing: /home/ws/ugv_ws/install/webrtc_ros_msgs/include/webrtc_ros_msgs/webrtc_ros_msgs/srv/detail/get_ice_servers__type_support.c
[21.539s] -- Installing: /home/ws/ugv_ws/install/webrtc_ros_msgs/lib/libwebrtc_ros_msgs__rosidl_typesupport_introspection_c.so
[21.540s] -- Set runtime path of "/home/ws/ugv_ws/install/webrtc_ros_msgs/lib/libwebrtc_ros_msgs__rosidl_typesupport_introspection_c.so" to ""
[21.540s] -- Installing: /home/ws/ugv_ws/install/webrtc_ros_msgs/lib/libwebrtc_ros_msgs__rosidl_typesupport_c.so
[21.540s] -- Set runtime path of "/home/ws/ugv_ws/install/webrtc_ros_msgs/lib/libwebrtc_ros_msgs__rosidl_typesupport_c.so" to ""
[21.541s] -- Up-to-date: /home/ws/ugv_ws/install/webrtc_ros_msgs/include/webrtc_ros_msgs/webrtc_ros_msgs
[21.541s] -- Up-to-date: /home/ws/ugv_ws/install/webrtc_ros_msgs/include/webrtc_ros_msgs/webrtc_ros_msgs/msg
[21.542s] -- Installing: /home/ws/ugv_ws/install/webrtc_ros_msgs/include/webrtc_ros_msgs/webrtc_ros_msgs/msg/ice_server.hpp
[21.542s] -- Up-to-date: /home/ws/ugv_ws/install/webrtc_ros_msgs/include/webrtc_ros_msgs/webrtc_ros_msgs/msg/detail
[21.543s] -- Installing: /home/ws/ugv_ws/install/webrtc_ros_msgs/include/webrtc_ros_msgs/webrtc_ros_msgs/msg/detail/ice_server__struct.hpp
[21.543s] -- Installing: /home/ws/ugv_ws/install/webrtc_ros_msgs/include/webrtc_ros_msgs/webrtc_ros_msgs/msg/detail/ice_server__traits.hpp
[21.544s] -- Installing: /home/ws/ugv_ws/install/webrtc_ros_msgs/include/webrtc_ros_msgs/webrtc_ros_msgs/msg/detail/ice_server__builder.hpp
[21.544s] -- Up-to-date: /home/ws/ugv_ws/install/webrtc_ros_msgs/include/webrtc_ros_msgs/webrtc_ros_msgs/srv
[21.545s] -- Installing: /home/ws/ugv_ws/install/webrtc_ros_msgs/include/webrtc_ros_msgs/webrtc_ros_msgs/srv/get_ice_servers.hpp
[21.545s] -- Up-to-date: /home/ws/ugv_ws/install/webrtc_ros_msgs/include/webrtc_ros_msgs/webrtc_ros_msgs/srv/detail
[21.545s] -- Installing: /home/ws/ugv_ws/install/webrtc_ros_msgs/include/webrtc_ros_msgs/webrtc_ros_msgs/srv/detail/get_ice_servers__struct.hpp
[21.545s] -- Installing: /home/ws/ugv_ws/install/webrtc_ros_msgs/include/webrtc_ros_msgs/webrtc_ros_msgs/srv/detail/get_ice_servers__builder.hpp
[21.546s] -- Installing: /home/ws/ugv_ws/install/webrtc_ros_msgs/include/webrtc_ros_msgs/webrtc_ros_msgs/srv/detail/get_ice_servers__traits.hpp
[21.546s] -- Up-to-date: /home/ws/ugv_ws/install/webrtc_ros_msgs/include/webrtc_ros_msgs/webrtc_ros_msgs
[21.546s] -- Up-to-date: /home/ws/ugv_ws/install/webrtc_ros_msgs/include/webrtc_ros_msgs/webrtc_ros_msgs/msg
[21.546s] -- Up-to-date: /home/ws/ugv_ws/install/webrtc_ros_msgs/include/webrtc_ros_msgs/webrtc_ros_msgs/msg/detail
[21.547s] -- Installing: /home/ws/ugv_ws/install/webrtc_ros_msgs/include/webrtc_ros_msgs/webrtc_ros_msgs/msg/detail/ice_server__rosidl_typesupport_fastrtps_cpp.hpp
[21.547s] -- Installing: /home/ws/ugv_ws/install/webrtc_ros_msgs/include/webrtc_ros_msgs/webrtc_ros_msgs/msg/detail/dds_fastrtps
[21.547s] -- Installing: /home/ws/ugv_ws/install/webrtc_ros_msgs/include/webrtc_ros_msgs/webrtc_ros_msgs/msg/rosidl_typesupport_fastrtps_cpp__visibility_control.h
[21.547s] -- Up-to-date: /home/ws/ugv_ws/install/webrtc_ros_msgs/include/webrtc_ros_msgs/webrtc_ros_msgs/srv
[21.547s] -- Up-to-date: /home/ws/ugv_ws/install/webrtc_ros_msgs/include/webrtc_ros_msgs/webrtc_ros_msgs/srv/detail
[21.548s] -- Installing: /home/ws/ugv_ws/install/webrtc_ros_msgs/include/webrtc_ros_msgs/webrtc_ros_msgs/srv/detail/get_ice_servers__rosidl_typesupport_fastrtps_cpp.hpp
[21.548s] -- Installing: /home/ws/ugv_ws/install/webrtc_ros_msgs/include/webrtc_ros_msgs/webrtc_ros_msgs/srv/detail/dds_fastrtps
[21.552s] -- Installing: /home/ws/ugv_ws/install/webrtc_ros_msgs/lib/libwebrtc_ros_msgs__rosidl_typesupport_fastrtps_cpp.so
[21.554s] -- Set runtime path of "/home/ws/ugv_ws/install/webrtc_ros_msgs/lib/libwebrtc_ros_msgs__rosidl_typesupport_fastrtps_cpp.so" to ""
[21.554s] -- Up-to-date: /home/ws/ugv_ws/install/webrtc_ros_msgs/include/webrtc_ros_msgs/webrtc_ros_msgs
[21.554s] -- Up-to-date: /home/ws/ugv_ws/install/webrtc_ros_msgs/include/webrtc_ros_msgs/webrtc_ros_msgs/msg
[21.555s] -- Up-to-date: /home/ws/ugv_ws/install/webrtc_ros_msgs/include/webrtc_ros_msgs/webrtc_ros_msgs/msg/detail
[21.555s] -- Installing: /home/ws/ugv_ws/install/webrtc_ros_msgs/include/webrtc_ros_msgs/webrtc_ros_msgs/msg/detail/ice_server__rosidl_typesupport_introspection_cpp.hpp
[21.556s] -- Installing: /home/ws/ugv_ws/install/webrtc_ros_msgs/include/webrtc_ros_msgs/webrtc_ros_msgs/msg/detail/ice_server__type_support.cpp
[21.556s] -- Up-to-date: /home/ws/ugv_ws/install/webrtc_ros_msgs/include/webrtc_ros_msgs/webrtc_ros_msgs/srv
[21.556s] -- Up-to-date: /home/ws/ugv_ws/install/webrtc_ros_msgs/include/webrtc_ros_msgs/webrtc_ros_msgs/srv/detail
[21.557s] -- Installing: /home/ws/ugv_ws/install/webrtc_ros_msgs/include/webrtc_ros_msgs/webrtc_ros_msgs/srv/detail/get_ice_servers__rosidl_typesupport_introspection_cpp.hpp
[21.557s] -- Installing: /home/ws/ugv_ws/install/webrtc_ros_msgs/include/webrtc_ros_msgs/webrtc_ros_msgs/srv/detail/get_ice_servers__type_support.cpp
[21.557s] -- Installing: /home/ws/ugv_ws/install/webrtc_ros_msgs/lib/libwebrtc_ros_msgs__rosidl_typesupport_introspection_cpp.so
[21.558s] -- Set runtime path of "/home/ws/ugv_ws/install/webrtc_ros_msgs/lib/libwebrtc_ros_msgs__rosidl_typesupport_introspection_cpp.so" to ""
[21.559s] -- Installing: /home/ws/ugv_ws/install/webrtc_ros_msgs/lib/libwebrtc_ros_msgs__rosidl_typesupport_cpp.so
[21.560s] -- Set runtime path of "/home/ws/ugv_ws/install/webrtc_ros_msgs/lib/libwebrtc_ros_msgs__rosidl_typesupport_cpp.so" to ""
[21.560s] -- Installing: /home/ws/ugv_ws/install/webrtc_ros_msgs/share/webrtc_ros_msgs/environment/pythonpath.sh
[21.561s] -- Installing: /home/ws/ugv_ws/install/webrtc_ros_msgs/share/webrtc_ros_msgs/environment/pythonpath.dsv
[21.562s] -- Installing: /home/ws/ugv_ws/install/webrtc_ros_msgs/local/lib/python3.10/dist-packages/webrtc_ros_msgs-59.0.4-py3.10.egg-info
[21.562s] -- Installing: /home/ws/ugv_ws/install/webrtc_ros_msgs/local/lib/python3.10/dist-packages/webrtc_ros_msgs-59.0.4-py3.10.egg-info/PKG-INFO
[21.563s] -- Installing: /home/ws/ugv_ws/install/webrtc_ros_msgs/local/lib/python3.10/dist-packages/webrtc_ros_msgs-59.0.4-py3.10.egg-info/top_level.txt
[21.563s] -- Installing: /home/ws/ugv_ws/install/webrtc_ros_msgs/local/lib/python3.10/dist-packages/webrtc_ros_msgs-59.0.4-py3.10.egg-info/dependency_links.txt
[21.564s] -- Installing: /home/ws/ugv_ws/install/webrtc_ros_msgs/local/lib/python3.10/dist-packages/webrtc_ros_msgs-59.0.4-py3.10.egg-info/SOURCES.txt
[21.564s] -- Installing: /home/ws/ugv_ws/install/webrtc_ros_msgs/local/lib/python3.10/dist-packages/webrtc_ros_msgs
[21.565s] -- Installing: /home/ws/ugv_ws/install/webrtc_ros_msgs/local/lib/python3.10/dist-packages/webrtc_ros_msgs/libwebrtc_ros_msgs__rosidl_generator_py.so
[21.565s] -- Installing: /home/ws/ugv_ws/install/webrtc_ros_msgs/local/lib/python3.10/dist-packages/webrtc_ros_msgs/webrtc_ros_msgs_s__rosidl_typesupport_introspection_c.cpython-310-aarch64-linux-gnu.so
[21.565s] -- Installing: /home/ws/ugv_ws/install/webrtc_ros_msgs/local/lib/python3.10/dist-packages/webrtc_ros_msgs/msg
[21.566s] -- Installing: /home/ws/ugv_ws/install/webrtc_ros_msgs/local/lib/python3.10/dist-packages/webrtc_ros_msgs/msg/_ice_server.py
[21.567s] -- Installing: /home/ws/ugv_ws/install/webrtc_ros_msgs/local/lib/python3.10/dist-packages/webrtc_ros_msgs/msg/_ice_server_s.c
[21.567s] -- Installing: /home/ws/ugv_ws/install/webrtc_ros_msgs/local/lib/python3.10/dist-packages/webrtc_ros_msgs/msg/__init__.py
[21.567s] -- Installing: /home/ws/ugv_ws/install/webrtc_ros_msgs/local/lib/python3.10/dist-packages/webrtc_ros_msgs/_webrtc_ros_msgs_s.ep.rosidl_typesupport_fastrtps_c.c
[21.568s] -- Installing: /home/ws/ugv_ws/install/webrtc_ros_msgs/local/lib/python3.10/dist-packages/webrtc_ros_msgs/webrtc_ros_msgs_s__rosidl_typesupport_fastrtps_c.cpython-310-aarch64-linux-gnu.so
[21.568s] -- Installing: /home/ws/ugv_ws/install/webrtc_ros_msgs/local/lib/python3.10/dist-packages/webrtc_ros_msgs/webrtc_ros_msgs_s__rosidl_typesupport_c.cpython-310-aarch64-linux-gnu.so
[21.569s] -- Installing: /home/ws/ugv_ws/install/webrtc_ros_msgs/local/lib/python3.10/dist-packages/webrtc_ros_msgs/_webrtc_ros_msgs_s.ep.rosidl_typesupport_c.c
[21.569s] -- Installing: /home/ws/ugv_ws/install/webrtc_ros_msgs/local/lib/python3.10/dist-packages/webrtc_ros_msgs/srv
[21.569s] -- Installing: /home/ws/ugv_ws/install/webrtc_ros_msgs/local/lib/python3.10/dist-packages/webrtc_ros_msgs/srv/_get_ice_servers_s.c
[21.570s] -- Installing: /home/ws/ugv_ws/install/webrtc_ros_msgs/local/lib/python3.10/dist-packages/webrtc_ros_msgs/srv/_get_ice_servers.py
[21.570s] -- Installing: /home/ws/ugv_ws/install/webrtc_ros_msgs/local/lib/python3.10/dist-packages/webrtc_ros_msgs/srv/__init__.py
[21.571s] -- Installing: /home/ws/ugv_ws/install/webrtc_ros_msgs/local/lib/python3.10/dist-packages/webrtc_ros_msgs/_webrtc_ros_msgs_s.ep.rosidl_typesupport_introspection_c.c
[21.571s] -- Installing: /home/ws/ugv_ws/install/webrtc_ros_msgs/local/lib/python3.10/dist-packages/webrtc_ros_msgs/__init__.py
[21.748s] Listing '/home/ws/ugv_ws/install/webrtc_ros_msgs/local/lib/python3.10/dist-packages/webrtc_ros_msgs'...
[21.749s] Compiling '/home/ws/ugv_ws/install/webrtc_ros_msgs/local/lib/python3.10/dist-packages/webrtc_ros_msgs/__init__.py'...
[21.750s] Listing '/home/ws/ugv_ws/install/webrtc_ros_msgs/local/lib/python3.10/dist-packages/webrtc_ros_msgs/msg'...
[21.751s] Compiling '/home/ws/ugv_ws/install/webrtc_ros_msgs/local/lib/python3.10/dist-packages/webrtc_ros_msgs/msg/__init__.py'...
[21.752s] Compiling '/home/ws/ugv_ws/install/webrtc_ros_msgs/local/lib/python3.10/dist-packages/webrtc_ros_msgs/msg/_ice_server.py'...
[21.753s] Listing '/home/ws/ugv_ws/install/webrtc_ros_msgs/local/lib/python3.10/dist-packages/webrtc_ros_msgs/srv'...
[21.753s] Compiling '/home/ws/ugv_ws/install/webrtc_ros_msgs/local/lib/python3.10/dist-packages/webrtc_ros_msgs/srv/__init__.py'...
[21.754s] Compiling '/home/ws/ugv_ws/install/webrtc_ros_msgs/local/lib/python3.10/dist-packages/webrtc_ros_msgs/srv/_get_ice_servers.py'...
[21.772s] -- Installing: /home/ws/ugv_ws/install/webrtc_ros_msgs/local/lib/python3.10/dist-packages/webrtc_ros_msgs/webrtc_ros_msgs_s__rosidl_typesupport_fastrtps_c.cpython-310-aarch64-linux-gnu.so
[21.775s] -- Set runtime path of "/home/ws/ugv_ws/install/webrtc_ros_msgs/local/lib/python3.10/dist-packages/webrtc_ros_msgs/webrtc_ros_msgs_s__rosidl_typesupport_fastrtps_c.cpython-310-aarch64-linux-gnu.so" to ""
[21.775s] -- Installing: /home/ws/ugv_ws/install/webrtc_ros_msgs/local/lib/python3.10/dist-packages/webrtc_ros_msgs/webrtc_ros_msgs_s__rosidl_typesupport_introspection_c.cpython-310-aarch64-linux-gnu.so
[21.775s] -- Set runtime path of "/home/ws/ugv_ws/install/webrtc_ros_msgs/local/lib/python3.10/dist-packages/webrtc_ros_msgs/webrtc_ros_msgs_s__rosidl_typesupport_introspection_c.cpython-310-aarch64-linux-gnu.so" to ""
[21.776s] -- Installing: /home/ws/ugv_ws/install/webrtc_ros_msgs/local/lib/python3.10/dist-packages/webrtc_ros_msgs/webrtc_ros_msgs_s__rosidl_typesupport_c.cpython-310-aarch64-linux-gnu.so
[21.776s] -- Set runtime path of "/home/ws/ugv_ws/install/webrtc_ros_msgs/local/lib/python3.10/dist-packages/webrtc_ros_msgs/webrtc_ros_msgs_s__rosidl_typesupport_c.cpython-310-aarch64-linux-gnu.so" to ""
[21.777s] -- Installing: /home/ws/ugv_ws/install/webrtc_ros_msgs/lib/libwebrtc_ros_msgs__rosidl_generator_py.so
[21.777s] -- Set runtime path of "/home/ws/ugv_ws/install/webrtc_ros_msgs/lib/libwebrtc_ros_msgs__rosidl_generator_py.so" to ""
[21.778s] -- Installing: /home/ws/ugv_ws/install/webrtc_ros_msgs/share/webrtc_ros_msgs/msg/IceServer.idl
[21.779s] -- Installing: /home/ws/ugv_ws/install/webrtc_ros_msgs/share/webrtc_ros_msgs/srv/GetIceServers.idl
[21.779s] -- Installing: /home/ws/ugv_ws/install/webrtc_ros_msgs/share/webrtc_ros_msgs/msg/IceServer.msg
[21.781s] -- Installing: /home/ws/ugv_ws/install/webrtc_ros_msgs/share/webrtc_ros_msgs/srv/GetIceServers.srv
[21.781s] -- Installing: /home/ws/ugv_ws/install/webrtc_ros_msgs/share/webrtc_ros_msgs/srv/GetIceServers_Request.msg
[21.782s] -- Installing: /home/ws/ugv_ws/install/webrtc_ros_msgs/share/webrtc_ros_msgs/srv/GetIceServers_Response.msg
[21.782s] -- Installing: /home/ws/ugv_ws/install/webrtc_ros_msgs/share/ament_index/resource_index/package_run_dependencies/webrtc_ros_msgs
[21.783s] -- Installing: /home/ws/ugv_ws/install/webrtc_ros_msgs/share/ament_index/resource_index/parent_prefix_path/webrtc_ros_msgs
[21.783s] -- Installing: /home/ws/ugv_ws/install/webrtc_ros_msgs/share/webrtc_ros_msgs/environment/ament_prefix_path.sh
[21.783s] -- Installing: /home/ws/ugv_ws/install/webrtc_ros_msgs/share/webrtc_ros_msgs/environment/ament_prefix_path.dsv
[21.785s] -- Installing: /home/ws/ugv_ws/install/webrtc_ros_msgs/share/webrtc_ros_msgs/environment/path.sh
[21.785s] -- Installing: /home/ws/ugv_ws/install/webrtc_ros_msgs/share/webrtc_ros_msgs/environment/path.dsv
[21.785s] -- Installing: /home/ws/ugv_ws/install/webrtc_ros_msgs/share/webrtc_ros_msgs/local_setup.bash
[21.786s] -- Installing: /home/ws/ugv_ws/install/webrtc_ros_msgs/share/webrtc_ros_msgs/local_setup.sh
[21.786s] -- Installing: /home/ws/ugv_ws/install/webrtc_ros_msgs/share/webrtc_ros_msgs/local_setup.zsh
[21.787s] -- Installing: /home/ws/ugv_ws/install/webrtc_ros_msgs/share/webrtc_ros_msgs/local_setup.dsv
[21.789s] -- Installing: /home/ws/ugv_ws/install/webrtc_ros_msgs/share/webrtc_ros_msgs/package.dsv
[21.789s] -- Installing: /home/ws/ugv_ws/install/webrtc_ros_msgs/share/ament_index/resource_index/packages/webrtc_ros_msgs
[21.789s] -- Installing: /home/ws/ugv_ws/install/webrtc_ros_msgs/share/webrtc_ros_msgs/cmake/export_webrtc_ros_msgs__rosidl_generator_cExport.cmake
[21.790s] -- Installing: /home/ws/ugv_ws/install/webrtc_ros_msgs/share/webrtc_ros_msgs/cmake/export_webrtc_ros_msgs__rosidl_generator_cExport-noconfig.cmake
[21.791s] -- Installing: /home/ws/ugv_ws/install/webrtc_ros_msgs/share/webrtc_ros_msgs/cmake/export_webrtc_ros_msgs__rosidl_typesupport_fastrtps_cExport.cmake
[21.791s] -- Installing: /home/ws/ugv_ws/install/webrtc_ros_msgs/share/webrtc_ros_msgs/cmake/export_webrtc_ros_msgs__rosidl_typesupport_fastrtps_cExport-noconfig.cmake
[21.792s] -- Installing: /home/ws/ugv_ws/install/webrtc_ros_msgs/share/webrtc_ros_msgs/cmake/webrtc_ros_msgs__rosidl_typesupport_introspection_cExport.cmake
[21.793s] -- Installing: /home/ws/ugv_ws/install/webrtc_ros_msgs/share/webrtc_ros_msgs/cmake/webrtc_ros_msgs__rosidl_typesupport_introspection_cExport-noconfig.cmake
[21.794s] -- Installing: /home/ws/ugv_ws/install/webrtc_ros_msgs/share/webrtc_ros_msgs/cmake/webrtc_ros_msgs__rosidl_typesupport_cExport.cmake
[21.795s] -- Installing: /home/ws/ugv_ws/install/webrtc_ros_msgs/share/webrtc_ros_msgs/cmake/webrtc_ros_msgs__rosidl_typesupport_cExport-noconfig.cmake
[21.795s] -- Installing: /home/ws/ugv_ws/install/webrtc_ros_msgs/share/webrtc_ros_msgs/cmake/export_webrtc_ros_msgs__rosidl_generator_cppExport.cmake
[21.797s] -- Installing: /home/ws/ugv_ws/install/webrtc_ros_msgs/share/webrtc_ros_msgs/cmake/export_webrtc_ros_msgs__rosidl_typesupport_fastrtps_cppExport.cmake
[21.797s] -- Installing: /home/ws/ugv_ws/install/webrtc_ros_msgs/share/webrtc_ros_msgs/cmake/export_webrtc_ros_msgs__rosidl_typesupport_fastrtps_cppExport-noconfig.cmake
[21.800s] -- Installing: /home/ws/ugv_ws/install/webrtc_ros_msgs/share/webrtc_ros_msgs/cmake/webrtc_ros_msgs__rosidl_typesupport_introspection_cppExport.cmake
[21.803s] -- Installing: /home/ws/ugv_ws/install/webrtc_ros_msgs/share/webrtc_ros_msgs/cmake/webrtc_ros_msgs__rosidl_typesupport_introspection_cppExport-noconfig.cmake
[21.804s] -- Installing: /home/ws/ugv_ws/install/webrtc_ros_msgs/share/webrtc_ros_msgs/cmake/webrtc_ros_msgs__rosidl_typesupport_cppExport.cmake
[21.805s] -- Installing: /home/ws/ugv_ws/install/webrtc_ros_msgs/share/webrtc_ros_msgs/cmake/webrtc_ros_msgs__rosidl_typesupport_cppExport-noconfig.cmake
[21.805s] -- Installing: /home/ws/ugv_ws/install/webrtc_ros_msgs/share/webrtc_ros_msgs/cmake/export_webrtc_ros_msgs__rosidl_generator_pyExport.cmake
[21.805s] -- Installing: /home/ws/ugv_ws/install/webrtc_ros_msgs/share/webrtc_ros_msgs/cmake/export_webrtc_ros_msgs__rosidl_generator_pyExport-noconfig.cmake
[21.806s] -- Installing: /home/ws/ugv_ws/install/webrtc_ros_msgs/share/webrtc_ros_msgs/cmake/rosidl_cmake-extras.cmake
[21.806s] -- Installing: /home/ws/ugv_ws/install/webrtc_ros_msgs/share/webrtc_ros_msgs/cmake/ament_cmake_export_dependencies-extras.cmake
[21.806s] -- Installing: /home/ws/ugv_ws/install/webrtc_ros_msgs/share/webrtc_ros_msgs/cmake/ament_cmake_export_include_directories-extras.cmake
[21.807s] -- Installing: /home/ws/ugv_ws/install/webrtc_ros_msgs/share/webrtc_ros_msgs/cmake/ament_cmake_export_libraries-extras.cmake
[21.807s] -- Installing: /home/ws/ugv_ws/install/webrtc_ros_msgs/share/webrtc_ros_msgs/cmake/ament_cmake_export_targets-extras.cmake
[21.807s] -- Installing: /home/ws/ugv_ws/install/webrtc_ros_msgs/share/webrtc_ros_msgs/cmake/rosidl_cmake_export_typesupport_targets-extras.cmake
[21.808s] -- Installing: /home/ws/ugv_ws/install/webrtc_ros_msgs/share/webrtc_ros_msgs/cmake/rosidl_cmake_export_typesupport_libraries-extras.cmake
[21.808s] -- Installing: /home/ws/ugv_ws/install/webrtc_ros_msgs/share/webrtc_ros_msgs/cmake/webrtc_ros_msgsConfig.cmake
[21.808s] -- Installing: /home/ws/ugv_ws/install/webrtc_ros_msgs/share/webrtc_ros_msgs/cmake/webrtc_ros_msgsConfig-version.cmake
[21.809s] -- Installing: /home/ws/ugv_ws/install/webrtc_ros_msgs/share/webrtc_ros_msgs/package.xml
[21.812s] Invoked command in '/home/ws/ugv_ws/build/webrtc_ros_msgs' returned '0': CMAKE_PREFIX_PATH=${CMAKE_PREFIX_PATH}:/home/ws/ugv_ws/install/ugv_web_app:/home/ws/ugv_ws/install/ugv_vision:/home/ws/ugv_ws/install/ugv_tools:/home/ws/ugv_ws/install/ugv_chat_ai:/home/ws/ugv_ws/install/ugv_bringup:/home/ws/ugv_ws/install/robot_pose_publisher:/home/ws/ugv_roarm_ws/install/ugv_roarm_bringup:/home/ws/roarm_ws/install/roarm_driver:/opt/ros/humble /usr/bin/cmake --install /home/ws/ugv_ws/build/webrtc_ros_msgs
