[0.031s] Invoking command in '/home/ws/ugv_ws/build/ldlidar': CMAKE_PREFIX_PATH=${CMAKE_PREFIX_PATH}:/home/ws/ugv_ws/install/ugv_web_app:/home/ws/ugv_ws/install/ugv_vision:/home/ws/ugv_ws/install/ugv_tools:/home/ws/ugv_ws/install/ugv_chat_ai:/home/ws/ugv_ws/install/ugv_bringup:/opt/ros/humble /usr/bin/cmake --build /home/ws/ugv_ws/build/ldlidar -- -j4 -l4
[0.173s] [100%] Built target ldlidar_node
[0.197s] Invoked command in '/home/ws/ugv_ws/build/ldlidar' returned '0': CMAKE_PREFIX_PATH=${CMAKE_PREFIX_PATH}:/home/ws/ugv_ws/install/ugv_web_app:/home/ws/ugv_ws/install/ugv_vision:/home/ws/ugv_ws/install/ugv_tools:/home/ws/ugv_ws/install/ugv_chat_ai:/home/ws/ugv_ws/install/ugv_bringup:/opt/ros/humble /usr/bin/cmake --build /home/ws/ugv_ws/build/ldlidar -- -j4 -l4
[0.258s] Invoking command in '/home/ws/ugv_ws/build/ldlidar': CMAKE_PREFIX_PATH=${CMAKE_PREFIX_PATH}:/home/ws/ugv_ws/install/ugv_web_app:/home/ws/ugv_ws/install/ugv_vision:/home/ws/ugv_ws/install/ugv_tools:/home/ws/ugv_ws/install/ugv_chat_ai:/home/ws/ugv_ws/install/ugv_bringup:/opt/ros/humble /usr/bin/cmake --install /home/ws/ugv_ws/build/ldlidar
[0.269s] -- Install configuration: ""
[0.280s] -- Up-to-date: /home/ws/ugv_ws/install/ldlidar/lib/ldlidar/ldlidar_node
[0.280s] -- Up-to-date: /home/ws/ugv_ws/install/ldlidar/share/ldlidar//launch
[0.286s] -- Up-to-date: /home/ws/ugv_ws/install/ldlidar/share/ldlidar//launch/ld06.launch.py
[0.286s] -- Up-to-date: /home/ws/ugv_ws/install/ldlidar/share/ldlidar//launch/ldlidar.launch.py
[0.286s] -- Up-to-date: /home/ws/ugv_ws/install/ldlidar/share/ldlidar//launch/viewer_ldlidar.launch.py
[0.286s] -- Up-to-date: /home/ws/ugv_ws/install/ldlidar/share/ldlidar//launch/viewer_stl27l.launch.py
[0.286s] -- Up-to-date: /home/ws/ugv_ws/install/ldlidar/share/ldlidar//launch/stl27l.launch.py
[0.287s] -- Up-to-date: /home/ws/ugv_ws/install/ldlidar/share/ldlidar//launch/viewer_ld19.launch.py
[0.287s] -- Up-to-date: /home/ws/ugv_ws/install/ldlidar/share/ldlidar//launch/ld19.launch.py
[0.287s] -- Up-to-date: /home/ws/ugv_ws/install/ldlidar/share/ldlidar//launch/viewer_ld06.launch.py
[0.287s] -- Up-to-date: /home/ws/ugv_ws/install/ldlidar/share/ldlidar//rviz
[0.287s] -- Up-to-date: /home/ws/ugv_ws/install/ldlidar/share/ldlidar//rviz/view.rviz
[0.287s] -- Up-to-date: /home/ws/ugv_ws/install/ldlidar/share/ament_index/resource_index/package_run_dependencies/ldlidar
[0.287s] -- Up-to-date: /home/ws/ugv_ws/install/ldlidar/share/ament_index/resource_index/parent_prefix_path/ldlidar
[0.287s] -- Up-to-date: /home/ws/ugv_ws/install/ldlidar/share/ldlidar/environment/ament_prefix_path.sh
[0.287s] -- Up-to-date: /home/ws/ugv_ws/install/ldlidar/share/ldlidar/environment/ament_prefix_path.dsv
[0.287s] -- Up-to-date: /home/ws/ugv_ws/install/ldlidar/share/ldlidar/environment/path.sh
[0.288s] -- Up-to-date: /home/ws/ugv_ws/install/ldlidar/share/ldlidar/environment/path.dsv
[0.288s] -- Up-to-date: /home/ws/ugv_ws/install/ldlidar/share/ldlidar/local_setup.bash
[0.289s] -- Up-to-date: /home/ws/ugv_ws/install/ldlidar/share/ldlidar/local_setup.sh
[0.290s] -- Up-to-date: /home/ws/ugv_ws/install/ldlidar/share/ldlidar/local_setup.zsh
[0.290s] -- Up-to-date: /home/ws/ugv_ws/install/ldlidar/share/ldlidar/local_setup.dsv
[0.290s] -- Installing: /home/ws/ugv_ws/install/ldlidar/share/ldlidar/package.dsv
[0.290s] -- Up-to-date: /home/ws/ugv_ws/install/ldlidar/share/ament_index/resource_index/packages/ldlidar
[0.290s] -- Up-to-date: /home/ws/ugv_ws/install/ldlidar/share/ldlidar/cmake/ldlidarConfig.cmake
[0.290s] -- Up-to-date: /home/ws/ugv_ws/install/ldlidar/share/ldlidar/cmake/ldlidarConfig-version.cmake
[0.290s] -- Up-to-date: /home/ws/ugv_ws/install/ldlidar/share/ldlidar/package.xml
[0.331s] Invoked command in '/home/ws/ugv_ws/build/ldlidar' returned '0': CMAKE_PREFIX_PATH=${CMAKE_PREFIX_PATH}:/home/ws/ugv_ws/install/ugv_web_app:/home/ws/ugv_ws/install/ugv_vision:/home/ws/ugv_ws/install/ugv_tools:/home/ws/ugv_ws/install/ugv_chat_ai:/home/ws/ugv_ws/install/ugv_bringup:/opt/ros/humble /usr/bin/cmake --install /home/ws/ugv_ws/build/ldlidar
