[1.230s] Invoking command in '/home/ws/ugv_ws/build/ugv_vision': PYTHONPATH=/home/ws/ugv_ws/build/ugv_vision/prefix_override:/usr/lib/python3/dist-packages/colcon_core/task/python/colcon_distutils_commands:/home/ws/ugv_ws/install/ugv_vision/lib/python3.10/site-packages:${PYTHONPATH} /usr/bin/python3 -W ignore:setup.py install is deprecated setup.py develop --editable --build-directory /home/ws/ugv_ws/build/ugv_vision/build --no-deps symlink_data
[1.622s] running develop
[1.623s] /usr/lib/python3/dist-packages/setuptools/command/easy_install.py:158: EasyInstallDeprecationWarning: easy_install command is deprecated. Use build and pip and other standards-based tools.
[1.623s]   warnings.warn(
[1.870s] running egg_info
[1.870s] creating ugv_vision.egg-info
[1.871s] writing ugv_vision.egg-info/PKG-INFO
[1.871s] writing dependency_links to ugv_vision.egg-info/dependency_links.txt
[1.871s] writing entry points to ugv_vision.egg-info/entry_points.txt
[1.871s] writing requirements to ugv_vision.egg-info/requires.txt
[1.871s] writing top-level names to ugv_vision.egg-info/top_level.txt
[1.871s] writing manifest file 'ugv_vision.egg-info/SOURCES.txt'
[1.875s] reading manifest file 'ugv_vision.egg-info/SOURCES.txt'
[1.876s] writing manifest file 'ugv_vision.egg-info/SOURCES.txt'
[1.878s] running build_ext
[1.881s] Creating /home/ws/ugv_ws/install/ugv_vision/lib/python3.10/site-packages/ugv-vision.egg-link (link to .)
[1.881s] Installing apriltag_track_nav2 script to /home/ws/ugv_ws/install/ugv_vision/lib/ugv_vision
[1.882s] Installing apriltag_track_pid script to /home/ws/ugv_ws/install/ugv_vision/lib/ugv_vision
[1.882s] Installing cam_oak_webrtc script to /home/ws/ugv_ws/install/ugv_vision/lib/ugv_vision
[1.882s] Installing cam_webrtc script to /home/ws/ugv_ws/install/ugv_vision/lib/ugv_vision
[1.882s] Installing color_track_line_pid script to /home/ws/ugv_ws/install/ugv_vision/lib/ugv_vision
[1.882s] Installing color_track_pid script to /home/ws/ugv_ws/install/ugv_vision/lib/ugv_vision
[1.882s] Installing pt_color_track script to /home/ws/ugv_ws/install/ugv_vision/lib/ugv_vision
[1.882s] 
[1.882s] Installed /home/ws/ugv_ws/build/ugv_vision
[1.882s] running symlink_data
[1.882s] creating /home/ws/ugv_ws/install/ugv_vision/share/ament_index
[1.882s] creating /home/ws/ugv_ws/install/ugv_vision/share/ament_index/resource_index
[1.882s] creating /home/ws/ugv_ws/install/ugv_vision/share/ament_index/resource_index/packages
[1.885s] symbolically linking /home/ws/ugv_ws/build/ugv_vision/resource/ugv_vision -> /home/ws/ugv_ws/install/ugv_vision/share/ament_index/resource_index/packages
[1.885s] symbolically linking /home/ws/ugv_ws/build/ugv_vision/package.xml -> /home/ws/ugv_ws/install/ugv_vision/share/ugv_vision
[1.885s] creating /home/ws/ugv_ws/install/ugv_vision/share/ugv_vision/launch
[1.885s] symbolically linking /home/ws/ugv_ws/build/ugv_vision/launch/oak_d_lite.launch.py -> /home/ws/ugv_ws/install/ugv_vision/share/ugv_vision/launch
[1.885s] symbolically linking /home/ws/ugv_ws/build/ugv_vision/launch/camera.launch.py -> /home/ws/ugv_ws/install/ugv_vision/share/ugv_vision/launch
[1.885s] creating /home/ws/ugv_ws/install/ugv_vision/share/ugv_vision/config
[1.885s] symbolically linking /home/ws/ugv_ws/build/ugv_vision/config/oak_d_lite.yaml -> /home/ws/ugv_ws/install/ugv_vision/share/ugv_vision/config
[1.885s] symbolically linking /home/ws/ugv_ws/build/ugv_vision/config/params.yaml -> /home/ws/ugv_ws/install/ugv_vision/share/ugv_vision/config
[1.886s] symbolically linking /home/ws/ugv_ws/build/ugv_vision/config/camera_info.yaml -> /home/ws/ugv_ws/install/ugv_vision/share/ugv_vision/config
[1.963s] Invoked command in '/home/ws/ugv_ws/build/ugv_vision' returned '0': PYTHONPATH=/home/ws/ugv_ws/build/ugv_vision/prefix_override:/usr/lib/python3/dist-packages/colcon_core/task/python/colcon_distutils_commands:/home/ws/ugv_ws/install/ugv_vision/lib/python3.10/site-packages:${PYTHONPATH} /usr/bin/python3 -W ignore:setup.py install is deprecated setup.py develop --editable --build-directory /home/ws/ugv_ws/build/ugv_vision/build --no-deps symlink_data
