[0.033s] Invoking command in '/home/ws/ugv_ws/build/ugv_interface': CMAKE_PREFIX_PATH=${CMAKE_PREFIX_PATH}:/home/ws/ugv_ws/install/ugv_web_app:/home/ws/ugv_ws/install/ugv_vision:/home/ws/ugv_ws/install/ugv_tools:/home/ws/ugv_ws/install/ugv_chat_ai:/home/ws/ugv_ws/install/ugv_bringup:/opt/ros/humble /usr/bin/cmake --build /home/ws/ugv_ws/build/ugv_interface -- -j4 -l4
[0.126s] [  2%] Built target ugv_interface__cpp
[0.140s] [ 12%] Built target ugv_interface__rosidl_generator_c
[0.184s] [ 23%] Built target ugv_interface__rosidl_typesupport_introspection_cpp
[0.184s] [ 23%] Built target ament_cmake_python_copy_ugv_interface
[0.199s] [ 33%] Built target ugv_interface__rosidl_typesupport_cpp
[0.204s] [ 43%] Built target ugv_interface__rosidl_typesupport_fastrtps_cpp
[0.229s] [ 53%] Built target ugv_interface__rosidl_typesupport_fastrtps_c
[0.240s] [ 64%] Built target ugv_interface__rosidl_typesupport_introspection_c
[0.249s] [ 74%] Built target ugv_interface__rosidl_typesupport_c
[0.299s] [ 74%] Built target ugv_interface
[0.328s] [ 76%] Built target ugv_interface__py
[0.397s] [ 84%] Built target ugv_interface__rosidl_generator_py
[0.429s] [ 89%] Built target ugv_interface__rosidl_typesupport_introspection_c__pyext
[0.429s] [ 94%] Built target ugv_interface__rosidl_typesupport_fastrtps_c__pyext
[0.437s] [100%] Built target ugv_interface__rosidl_typesupport_c__pyext
[0.724s] running egg_info
[0.724s] writing ugv_interface.egg-info/PKG-INFO
[0.725s] writing dependency_links to ugv_interface.egg-info/dependency_links.txt
[0.725s] writing top-level names to ugv_interface.egg-info/top_level.txt
[0.734s] reading manifest file 'ugv_interface.egg-info/SOURCES.txt'
[0.734s] writing manifest file 'ugv_interface.egg-info/SOURCES.txt'
[0.811s] [100%] Built target ament_cmake_python_build_ugv_interface_egg
[0.825s] Invoked command in '/home/ws/ugv_ws/build/ugv_interface' returned '0': CMAKE_PREFIX_PATH=${CMAKE_PREFIX_PATH}:/home/ws/ugv_ws/install/ugv_web_app:/home/ws/ugv_ws/install/ugv_vision:/home/ws/ugv_ws/install/ugv_tools:/home/ws/ugv_ws/install/ugv_chat_ai:/home/ws/ugv_ws/install/ugv_bringup:/opt/ros/humble /usr/bin/cmake --build /home/ws/ugv_ws/build/ugv_interface -- -j4 -l4
[0.920s] Invoking command in '/home/ws/ugv_ws/build/ugv_interface': CMAKE_PREFIX_PATH=${CMAKE_PREFIX_PATH}:/home/ws/ugv_ws/install/ugv_web_app:/home/ws/ugv_ws/install/ugv_vision:/home/ws/ugv_ws/install/ugv_tools:/home/ws/ugv_ws/install/ugv_chat_ai:/home/ws/ugv_ws/install/ugv_bringup:/opt/ros/humble /usr/bin/cmake --install /home/ws/ugv_ws/build/ugv_interface
[0.926s] -- Install configuration: ""
[0.927s] -- Up-to-date: /home/ws/ugv_ws/install/ugv_interface/share/ament_index/resource_index/rosidl_interfaces/ugv_interface
[0.927s] -- Up-to-date: /home/ws/ugv_ws/install/ugv_interface/include/ugv_interface/ugv_interface
[0.927s] -- Up-to-date: /home/ws/ugv_ws/install/ugv_interface/include/ugv_interface/ugv_interface/msg
[0.927s] -- Up-to-date: /home/ws/ugv_ws/install/ugv_interface/include/ugv_interface/ugv_interface/msg/rosidl_generator_c__visibility_control.h
[0.927s] -- Up-to-date: /home/ws/ugv_ws/install/ugv_interface/include/ugv_interface/ugv_interface/srv
[0.927s] -- Up-to-date: /home/ws/ugv_ws/install/ugv_interface/include/ugv_interface/ugv_interface/srv/map_save.h
[0.927s] -- Up-to-date: /home/ws/ugv_ws/install/ugv_interface/include/ugv_interface/ugv_interface/srv/detail
[0.927s] -- Up-to-date: /home/ws/ugv_ws/install/ugv_interface/include/ugv_interface/ugv_interface/srv/detail/map_save__functions.h
[0.927s] -- Up-to-date: /home/ws/ugv_ws/install/ugv_interface/include/ugv_interface/ugv_interface/srv/detail/map_save__type_support.h
[0.927s] -- Up-to-date: /home/ws/ugv_ws/install/ugv_interface/include/ugv_interface/ugv_interface/srv/detail/map_save__struct.h
[0.928s] -- Up-to-date: /home/ws/ugv_ws/install/ugv_interface/include/ugv_interface/ugv_interface/srv/detail/map_save__functions.c
[0.928s] -- Up-to-date: /home/ws/ugv_ws/install/ugv_interface/include/ugv_interface/ugv_interface/action
[0.928s] -- Up-to-date: /home/ws/ugv_ws/install/ugv_interface/include/ugv_interface/ugv_interface/action/behavior.h
[0.928s] -- Up-to-date: /home/ws/ugv_ws/install/ugv_interface/include/ugv_interface/ugv_interface/action/detail
[0.928s] -- Up-to-date: /home/ws/ugv_ws/install/ugv_interface/include/ugv_interface/ugv_interface/action/detail/behavior__type_support.h
[0.928s] -- Up-to-date: /home/ws/ugv_ws/install/ugv_interface/include/ugv_interface/ugv_interface/action/detail/behavior__struct.h
[0.928s] -- Up-to-date: /home/ws/ugv_ws/install/ugv_interface/include/ugv_interface/ugv_interface/action/detail/behavior__functions.c
[0.928s] -- Up-to-date: /home/ws/ugv_ws/install/ugv_interface/include/ugv_interface/ugv_interface/action/detail/behavior__functions.h
[0.928s] -- Up-to-date: /home/ws/ugv_ws/install/ugv_interface/share/ugv_interface/environment/library_path.sh
[0.929s] -- Up-to-date: /home/ws/ugv_ws/install/ugv_interface/share/ugv_interface/environment/library_path.dsv
[0.929s] -- Up-to-date: /home/ws/ugv_ws/install/ugv_interface/lib/libugv_interface__rosidl_generator_c.so
[0.929s] -- Up-to-date: /home/ws/ugv_ws/install/ugv_interface/include/ugv_interface/ugv_interface
[0.929s] -- Up-to-date: /home/ws/ugv_ws/install/ugv_interface/include/ugv_interface/ugv_interface/msg
[0.929s] -- Up-to-date: /home/ws/ugv_ws/install/ugv_interface/include/ugv_interface/ugv_interface/msg/rosidl_typesupport_fastrtps_c__visibility_control.h
[0.929s] -- Up-to-date: /home/ws/ugv_ws/install/ugv_interface/include/ugv_interface/ugv_interface/srv
[0.929s] -- Up-to-date: /home/ws/ugv_ws/install/ugv_interface/include/ugv_interface/ugv_interface/srv/detail
[0.929s] -- Up-to-date: /home/ws/ugv_ws/install/ugv_interface/include/ugv_interface/ugv_interface/srv/detail/map_save__rosidl_typesupport_fastrtps_c.h
[0.929s] -- Up-to-date: /home/ws/ugv_ws/install/ugv_interface/include/ugv_interface/ugv_interface/action
[0.929s] -- Up-to-date: /home/ws/ugv_ws/install/ugv_interface/include/ugv_interface/ugv_interface/action/detail
[0.929s] -- Up-to-date: /home/ws/ugv_ws/install/ugv_interface/include/ugv_interface/ugv_interface/action/detail/behavior__rosidl_typesupport_fastrtps_c.h
[0.929s] -- Up-to-date: /home/ws/ugv_ws/install/ugv_interface/lib/libugv_interface__rosidl_typesupport_fastrtps_c.so
[0.930s] -- Up-to-date: /home/ws/ugv_ws/install/ugv_interface/include/ugv_interface/ugv_interface
[0.930s] -- Up-to-date: /home/ws/ugv_ws/install/ugv_interface/include/ugv_interface/ugv_interface/msg
[0.930s] -- Up-to-date: /home/ws/ugv_ws/install/ugv_interface/include/ugv_interface/ugv_interface/msg/rosidl_typesupport_introspection_c__visibility_control.h
[0.930s] -- Up-to-date: /home/ws/ugv_ws/install/ugv_interface/include/ugv_interface/ugv_interface/srv
[0.930s] -- Up-to-date: /home/ws/ugv_ws/install/ugv_interface/include/ugv_interface/ugv_interface/srv/detail
[0.930s] -- Up-to-date: /home/ws/ugv_ws/install/ugv_interface/include/ugv_interface/ugv_interface/srv/detail/map_save__rosidl_typesupport_introspection_c.h
[0.930s] -- Up-to-date: /home/ws/ugv_ws/install/ugv_interface/include/ugv_interface/ugv_interface/srv/detail/map_save__type_support.c
[0.930s] -- Up-to-date: /home/ws/ugv_ws/install/ugv_interface/include/ugv_interface/ugv_interface/action
[0.930s] -- Up-to-date: /home/ws/ugv_ws/install/ugv_interface/include/ugv_interface/ugv_interface/action/detail
[0.930s] -- Up-to-date: /home/ws/ugv_ws/install/ugv_interface/include/ugv_interface/ugv_interface/action/detail/behavior__rosidl_typesupport_introspection_c.h
[0.930s] -- Up-to-date: /home/ws/ugv_ws/install/ugv_interface/include/ugv_interface/ugv_interface/action/detail/behavior__type_support.c
[0.930s] -- Up-to-date: /home/ws/ugv_ws/install/ugv_interface/lib/libugv_interface__rosidl_typesupport_introspection_c.so
[0.930s] -- Up-to-date: /home/ws/ugv_ws/install/ugv_interface/lib/libugv_interface__rosidl_typesupport_c.so
[0.930s] -- Up-to-date: /home/ws/ugv_ws/install/ugv_interface/include/ugv_interface/ugv_interface
[0.930s] -- Up-to-date: /home/ws/ugv_ws/install/ugv_interface/include/ugv_interface/ugv_interface/srv
[0.930s] -- Up-to-date: /home/ws/ugv_ws/install/ugv_interface/include/ugv_interface/ugv_interface/srv/detail
[0.931s] -- Up-to-date: /home/ws/ugv_ws/install/ugv_interface/include/ugv_interface/ugv_interface/srv/detail/map_save__builder.hpp
[0.931s] -- Up-to-date: /home/ws/ugv_ws/install/ugv_interface/include/ugv_interface/ugv_interface/srv/detail/map_save__traits.hpp
[0.931s] -- Up-to-date: /home/ws/ugv_ws/install/ugv_interface/include/ugv_interface/ugv_interface/srv/detail/map_save__struct.hpp
[0.931s] -- Up-to-date: /home/ws/ugv_ws/install/ugv_interface/include/ugv_interface/ugv_interface/srv/map_save.hpp
[0.931s] -- Up-to-date: /home/ws/ugv_ws/install/ugv_interface/include/ugv_interface/ugv_interface/action
[0.931s] -- Up-to-date: /home/ws/ugv_ws/install/ugv_interface/include/ugv_interface/ugv_interface/action/behavior.hpp
[0.931s] -- Up-to-date: /home/ws/ugv_ws/install/ugv_interface/include/ugv_interface/ugv_interface/action/detail
[0.931s] -- Up-to-date: /home/ws/ugv_ws/install/ugv_interface/include/ugv_interface/ugv_interface/action/detail/behavior__traits.hpp
[0.931s] -- Up-to-date: /home/ws/ugv_ws/install/ugv_interface/include/ugv_interface/ugv_interface/action/detail/behavior__builder.hpp
[0.931s] -- Up-to-date: /home/ws/ugv_ws/install/ugv_interface/include/ugv_interface/ugv_interface/action/detail/behavior__struct.hpp
[0.932s] -- Up-to-date: /home/ws/ugv_ws/install/ugv_interface/include/ugv_interface/ugv_interface
[0.932s] -- Up-to-date: /home/ws/ugv_ws/install/ugv_interface/include/ugv_interface/ugv_interface/msg
[0.932s] -- Up-to-date: /home/ws/ugv_ws/install/ugv_interface/include/ugv_interface/ugv_interface/msg/rosidl_typesupport_fastrtps_cpp__visibility_control.h
[0.932s] -- Up-to-date: /home/ws/ugv_ws/install/ugv_interface/include/ugv_interface/ugv_interface/srv
[0.932s] -- Up-to-date: /home/ws/ugv_ws/install/ugv_interface/include/ugv_interface/ugv_interface/srv/detail
[0.932s] -- Up-to-date: /home/ws/ugv_ws/install/ugv_interface/include/ugv_interface/ugv_interface/srv/detail/dds_fastrtps
[0.932s] -- Up-to-date: /home/ws/ugv_ws/install/ugv_interface/include/ugv_interface/ugv_interface/srv/detail/map_save__rosidl_typesupport_fastrtps_cpp.hpp
[0.932s] -- Up-to-date: /home/ws/ugv_ws/install/ugv_interface/include/ugv_interface/ugv_interface/action
[0.932s] -- Up-to-date: /home/ws/ugv_ws/install/ugv_interface/include/ugv_interface/ugv_interface/action/detail
[0.933s] -- Up-to-date: /home/ws/ugv_ws/install/ugv_interface/include/ugv_interface/ugv_interface/action/detail/behavior__rosidl_typesupport_fastrtps_cpp.hpp
[0.933s] -- Up-to-date: /home/ws/ugv_ws/install/ugv_interface/include/ugv_interface/ugv_interface/action/detail/dds_fastrtps
[0.933s] -- Up-to-date: /home/ws/ugv_ws/install/ugv_interface/lib/libugv_interface__rosidl_typesupport_fastrtps_cpp.so
[0.933s] -- Up-to-date: /home/ws/ugv_ws/install/ugv_interface/include/ugv_interface/ugv_interface
[0.933s] -- Up-to-date: /home/ws/ugv_ws/install/ugv_interface/include/ugv_interface/ugv_interface/srv
[0.933s] -- Up-to-date: /home/ws/ugv_ws/install/ugv_interface/include/ugv_interface/ugv_interface/srv/detail
[0.933s] -- Up-to-date: /home/ws/ugv_ws/install/ugv_interface/include/ugv_interface/ugv_interface/srv/detail/map_save__type_support.cpp
[0.933s] -- Up-to-date: /home/ws/ugv_ws/install/ugv_interface/include/ugv_interface/ugv_interface/srv/detail/map_save__rosidl_typesupport_introspection_cpp.hpp
[0.933s] -- Up-to-date: /home/ws/ugv_ws/install/ugv_interface/include/ugv_interface/ugv_interface/action
[0.933s] -- Up-to-date: /home/ws/ugv_ws/install/ugv_interface/include/ugv_interface/ugv_interface/action/detail
[0.933s] -- Up-to-date: /home/ws/ugv_ws/install/ugv_interface/include/ugv_interface/ugv_interface/action/detail/behavior__rosidl_typesupport_introspection_cpp.hpp
[0.934s] -- Up-to-date: /home/ws/ugv_ws/install/ugv_interface/include/ugv_interface/ugv_interface/action/detail/behavior__type_support.cpp
[0.934s] -- Up-to-date: /home/ws/ugv_ws/install/ugv_interface/lib/libugv_interface__rosidl_typesupport_introspection_cpp.so
[0.934s] -- Up-to-date: /home/ws/ugv_ws/install/ugv_interface/lib/libugv_interface__rosidl_typesupport_cpp.so
[0.934s] -- Up-to-date: /home/ws/ugv_ws/install/ugv_interface/share/ugv_interface/environment/pythonpath.sh
[0.934s] -- Up-to-date: /home/ws/ugv_ws/install/ugv_interface/share/ugv_interface/environment/pythonpath.dsv
[0.934s] -- Up-to-date: /home/ws/ugv_ws/install/ugv_interface/local/lib/python3.10/dist-packages/ugv_interface-0.0.0-py3.10.egg-info
[0.934s] -- Installing: /home/ws/ugv_ws/install/ugv_interface/local/lib/python3.10/dist-packages/ugv_interface-0.0.0-py3.10.egg-info/PKG-INFO
[0.935s] -- Installing: /home/ws/ugv_ws/install/ugv_interface/local/lib/python3.10/dist-packages/ugv_interface-0.0.0-py3.10.egg-info/top_level.txt
[0.935s] -- Installing: /home/ws/ugv_ws/install/ugv_interface/local/lib/python3.10/dist-packages/ugv_interface-0.0.0-py3.10.egg-info/dependency_links.txt
[0.936s] -- Installing: /home/ws/ugv_ws/install/ugv_interface/local/lib/python3.10/dist-packages/ugv_interface-0.0.0-py3.10.egg-info/SOURCES.txt
[0.936s] -- Up-to-date: /home/ws/ugv_ws/install/ugv_interface/local/lib/python3.10/dist-packages/ugv_interface
[0.936s] -- Up-to-date: /home/ws/ugv_ws/install/ugv_interface/local/lib/python3.10/dist-packages/ugv_interface/libugv_interface__rosidl_generator_py.so
[0.936s] -- Up-to-date: /home/ws/ugv_ws/install/ugv_interface/local/lib/python3.10/dist-packages/ugv_interface/ugv_interface_s__rosidl_typesupport_fastrtps_c.cpython-310-aarch64-linux-gnu.so
[0.936s] -- Up-to-date: /home/ws/ugv_ws/install/ugv_interface/local/lib/python3.10/dist-packages/ugv_interface/_ugv_interface_s.ep.rosidl_typesupport_c.c
[0.936s] -- Up-to-date: /home/ws/ugv_ws/install/ugv_interface/local/lib/python3.10/dist-packages/ugv_interface/ugv_interface_s__rosidl_typesupport_introspection_c.cpython-310-aarch64-linux-gnu.so
[0.936s] -- Up-to-date: /home/ws/ugv_ws/install/ugv_interface/local/lib/python3.10/dist-packages/ugv_interface/srv
[0.937s] -- Up-to-date: /home/ws/ugv_ws/install/ugv_interface/local/lib/python3.10/dist-packages/ugv_interface/srv/_map_save_s.c
[0.937s] -- Up-to-date: /home/ws/ugv_ws/install/ugv_interface/local/lib/python3.10/dist-packages/ugv_interface/srv/__init__.py
[0.937s] -- Up-to-date: /home/ws/ugv_ws/install/ugv_interface/local/lib/python3.10/dist-packages/ugv_interface/srv/_map_save.py
[0.937s] -- Up-to-date: /home/ws/ugv_ws/install/ugv_interface/local/lib/python3.10/dist-packages/ugv_interface/_ugv_interface_s.ep.rosidl_typesupport_fastrtps_c.c
[0.937s] -- Up-to-date: /home/ws/ugv_ws/install/ugv_interface/local/lib/python3.10/dist-packages/ugv_interface/ugv_interface_s__rosidl_typesupport_c.cpython-310-aarch64-linux-gnu.so
[0.937s] -- Up-to-date: /home/ws/ugv_ws/install/ugv_interface/local/lib/python3.10/dist-packages/ugv_interface/__init__.py
[0.937s] -- Up-to-date: /home/ws/ugv_ws/install/ugv_interface/local/lib/python3.10/dist-packages/ugv_interface/_ugv_interface_s.ep.rosidl_typesupport_introspection_c.c
[0.937s] -- Up-to-date: /home/ws/ugv_ws/install/ugv_interface/local/lib/python3.10/dist-packages/ugv_interface/action
[0.937s] -- Up-to-date: /home/ws/ugv_ws/install/ugv_interface/local/lib/python3.10/dist-packages/ugv_interface/action/_behavior.py
[0.937s] -- Up-to-date: /home/ws/ugv_ws/install/ugv_interface/local/lib/python3.10/dist-packages/ugv_interface/action/_behavior_s.c
[0.937s] -- Up-to-date: /home/ws/ugv_ws/install/ugv_interface/local/lib/python3.10/dist-packages/ugv_interface/action/__init__.py
[0.976s] Listing '/home/ws/ugv_ws/install/ugv_interface/local/lib/python3.10/dist-packages/ugv_interface'...
[0.977s] Listing '/home/ws/ugv_ws/install/ugv_interface/local/lib/python3.10/dist-packages/ugv_interface/action'...
[0.977s] Listing '/home/ws/ugv_ws/install/ugv_interface/local/lib/python3.10/dist-packages/ugv_interface/srv'...
[0.984s] -- Up-to-date: /home/ws/ugv_ws/install/ugv_interface/local/lib/python3.10/dist-packages/ugv_interface/ugv_interface_s__rosidl_typesupport_fastrtps_c.cpython-310-aarch64-linux-gnu.so
[0.984s] -- Up-to-date: /home/ws/ugv_ws/install/ugv_interface/local/lib/python3.10/dist-packages/ugv_interface/ugv_interface_s__rosidl_typesupport_introspection_c.cpython-310-aarch64-linux-gnu.so
[0.984s] -- Up-to-date: /home/ws/ugv_ws/install/ugv_interface/local/lib/python3.10/dist-packages/ugv_interface/ugv_interface_s__rosidl_typesupport_c.cpython-310-aarch64-linux-gnu.so
[0.985s] -- Up-to-date: /home/ws/ugv_ws/install/ugv_interface/lib/libugv_interface__rosidl_generator_py.so
[0.985s] -- Up-to-date: /home/ws/ugv_ws/install/ugv_interface/share/ugv_interface/srv/MapSave.idl
[0.985s] -- Up-to-date: /home/ws/ugv_ws/install/ugv_interface/share/ugv_interface/action/Behavior.idl
[0.985s] -- Up-to-date: /home/ws/ugv_ws/install/ugv_interface/share/ugv_interface/srv/MapSave.srv
[0.985s] -- Up-to-date: /home/ws/ugv_ws/install/ugv_interface/share/ugv_interface/srv/MapSave_Request.msg
[0.985s] -- Up-to-date: /home/ws/ugv_ws/install/ugv_interface/share/ugv_interface/srv/MapSave_Response.msg
[0.985s] -- Up-to-date: /home/ws/ugv_ws/install/ugv_interface/share/ugv_interface/action/Behavior.action
[0.988s] -- Up-to-date: /home/ws/ugv_ws/install/ugv_interface/share/ugv_interface/srv
[0.988s] -- Up-to-date: /home/ws/ugv_ws/install/ugv_interface/share/ugv_interface/srv/MapSave.srv
[0.988s] -- Up-to-date: /home/ws/ugv_ws/install/ugv_interface/share/ugv_interface/action
[0.988s] -- Up-to-date: /home/ws/ugv_ws/install/ugv_interface/share/ugv_interface/action/Behavior.action
[0.988s] -- Up-to-date: /home/ws/ugv_ws/install/ugv_interface/share/ament_index/resource_index/package_run_dependencies/ugv_interface
[0.988s] -- Up-to-date: /home/ws/ugv_ws/install/ugv_interface/share/ament_index/resource_index/parent_prefix_path/ugv_interface
[0.988s] -- Up-to-date: /home/ws/ugv_ws/install/ugv_interface/share/ugv_interface/environment/ament_prefix_path.sh
[0.988s] -- Up-to-date: /home/ws/ugv_ws/install/ugv_interface/share/ugv_interface/environment/ament_prefix_path.dsv
[0.989s] -- Up-to-date: /home/ws/ugv_ws/install/ugv_interface/share/ugv_interface/environment/path.sh
[0.989s] -- Up-to-date: /home/ws/ugv_ws/install/ugv_interface/share/ugv_interface/environment/path.dsv
[0.989s] -- Up-to-date: /home/ws/ugv_ws/install/ugv_interface/share/ugv_interface/local_setup.bash
[0.989s] -- Up-to-date: /home/ws/ugv_ws/install/ugv_interface/share/ugv_interface/local_setup.sh
[0.989s] -- Up-to-date: /home/ws/ugv_ws/install/ugv_interface/share/ugv_interface/local_setup.zsh
[0.989s] -- Up-to-date: /home/ws/ugv_ws/install/ugv_interface/share/ugv_interface/local_setup.dsv
[0.989s] -- Installing: /home/ws/ugv_ws/install/ugv_interface/share/ugv_interface/package.dsv
[0.989s] -- Up-to-date: /home/ws/ugv_ws/install/ugv_interface/share/ament_index/resource_index/packages/ugv_interface
[0.989s] -- Up-to-date: /home/ws/ugv_ws/install/ugv_interface/share/ugv_interface/cmake/export_ugv_interface__rosidl_generator_cExport.cmake
[0.989s] -- Up-to-date: /home/ws/ugv_ws/install/ugv_interface/share/ugv_interface/cmake/export_ugv_interface__rosidl_generator_cExport-noconfig.cmake
[0.989s] -- Up-to-date: /home/ws/ugv_ws/install/ugv_interface/share/ugv_interface/cmake/export_ugv_interface__rosidl_typesupport_fastrtps_cExport.cmake
[0.989s] -- Up-to-date: /home/ws/ugv_ws/install/ugv_interface/share/ugv_interface/cmake/export_ugv_interface__rosidl_typesupport_fastrtps_cExport-noconfig.cmake
[0.989s] -- Up-to-date: /home/ws/ugv_ws/install/ugv_interface/share/ugv_interface/cmake/ugv_interface__rosidl_typesupport_introspection_cExport.cmake
[0.989s] -- Up-to-date: /home/ws/ugv_ws/install/ugv_interface/share/ugv_interface/cmake/ugv_interface__rosidl_typesupport_introspection_cExport-noconfig.cmake
[0.990s] -- Up-to-date: /home/ws/ugv_ws/install/ugv_interface/share/ugv_interface/cmake/ugv_interface__rosidl_typesupport_cExport.cmake
[0.990s] -- Up-to-date: /home/ws/ugv_ws/install/ugv_interface/share/ugv_interface/cmake/ugv_interface__rosidl_typesupport_cExport-noconfig.cmake
[0.990s] -- Up-to-date: /home/ws/ugv_ws/install/ugv_interface/share/ugv_interface/cmake/export_ugv_interface__rosidl_generator_cppExport.cmake
[0.990s] -- Up-to-date: /home/ws/ugv_ws/install/ugv_interface/share/ugv_interface/cmake/export_ugv_interface__rosidl_typesupport_fastrtps_cppExport.cmake
[0.990s] -- Up-to-date: /home/ws/ugv_ws/install/ugv_interface/share/ugv_interface/cmake/export_ugv_interface__rosidl_typesupport_fastrtps_cppExport-noconfig.cmake
[0.990s] -- Up-to-date: /home/ws/ugv_ws/install/ugv_interface/share/ugv_interface/cmake/ugv_interface__rosidl_typesupport_introspection_cppExport.cmake
[0.990s] -- Up-to-date: /home/ws/ugv_ws/install/ugv_interface/share/ugv_interface/cmake/ugv_interface__rosidl_typesupport_introspection_cppExport-noconfig.cmake
[0.990s] -- Up-to-date: /home/ws/ugv_ws/install/ugv_interface/share/ugv_interface/cmake/ugv_interface__rosidl_typesupport_cppExport.cmake
[0.990s] -- Up-to-date: /home/ws/ugv_ws/install/ugv_interface/share/ugv_interface/cmake/ugv_interface__rosidl_typesupport_cppExport-noconfig.cmake
[0.990s] -- Up-to-date: /home/ws/ugv_ws/install/ugv_interface/share/ugv_interface/cmake/export_ugv_interface__rosidl_generator_pyExport.cmake
[0.990s] -- Up-to-date: /home/ws/ugv_ws/install/ugv_interface/share/ugv_interface/cmake/export_ugv_interface__rosidl_generator_pyExport-noconfig.cmake
[0.991s] -- Up-to-date: /home/ws/ugv_ws/install/ugv_interface/share/ugv_interface/cmake/rosidl_cmake-extras.cmake
[0.991s] -- Up-to-date: /home/ws/ugv_ws/install/ugv_interface/share/ugv_interface/cmake/ament_cmake_export_dependencies-extras.cmake
[0.991s] -- Up-to-date: /home/ws/ugv_ws/install/ugv_interface/share/ugv_interface/cmake/ament_cmake_export_include_directories-extras.cmake
[0.991s] -- Up-to-date: /home/ws/ugv_ws/install/ugv_interface/share/ugv_interface/cmake/ament_cmake_export_libraries-extras.cmake
[0.991s] -- Up-to-date: /home/ws/ugv_ws/install/ugv_interface/share/ugv_interface/cmake/ament_cmake_export_targets-extras.cmake
[0.991s] -- Up-to-date: /home/ws/ugv_ws/install/ugv_interface/share/ugv_interface/cmake/rosidl_cmake_export_typesupport_targets-extras.cmake
[0.991s] -- Up-to-date: /home/ws/ugv_ws/install/ugv_interface/share/ugv_interface/cmake/rosidl_cmake_export_typesupport_libraries-extras.cmake
[0.991s] -- Up-to-date: /home/ws/ugv_ws/install/ugv_interface/share/ugv_interface/cmake/ugv_interfaceConfig.cmake
[0.992s] -- Up-to-date: /home/ws/ugv_ws/install/ugv_interface/share/ugv_interface/cmake/ugv_interfaceConfig-version.cmake
[0.992s] -- Up-to-date: /home/ws/ugv_ws/install/ugv_interface/share/ugv_interface/package.xml
[0.992s] Invoked command in '/home/ws/ugv_ws/build/ugv_interface' returned '0': CMAKE_PREFIX_PATH=${CMAKE_PREFIX_PATH}:/home/ws/ugv_ws/install/ugv_web_app:/home/ws/ugv_ws/install/ugv_vision:/home/ws/ugv_ws/install/ugv_tools:/home/ws/ugv_ws/install/ugv_chat_ai:/home/ws/ugv_ws/install/ugv_bringup:/opt/ros/humble /usr/bin/cmake --install /home/ws/ugv_ws/build/ugv_interface
