[4.032s] Invoking command in '/home/ws/ugv_ws/build/ugv_bringup': PYTHONPATH=/home/ws/ugv_ws/build/ugv_bringup/prefix_override:/usr/lib/python3/dist-packages/colcon_core/task/python/colcon_distutils_commands:/home/ws/ugv_ws/install/ugv_bringup/lib/python3.10/site-packages:${PYTHONPATH} /usr/bin/python3 -W ignore:setup.py install is deprecated setup.py develop --editable --build-directory /home/ws/ugv_ws/build/ugv_bringup/build --no-deps symlink_data
[5.443s] running develop
[5.445s] /usr/lib/python3/dist-packages/setuptools/command/easy_install.py:158: EasyInstallDeprecationWarning: easy_install command is deprecated. Use build and pip and other standards-based tools.
[5.445s]   warnings.warn(
[6.399s] running egg_info
[6.400s] creating ugv_bringup.egg-info
[6.400s] writing ugv_bringup.egg-info/PKG-INFO
[6.401s] writing dependency_links to ugv_bringup.egg-info/dependency_links.txt
[6.402s] writing entry points to ugv_bringup.egg-info/entry_points.txt
[6.402s] writing requirements to ugv_bringup.egg-info/requires.txt
[6.403s] writing top-level names to ugv_bringup.egg-info/top_level.txt
[6.403s] writing manifest file 'ugv_bringup.egg-info/SOURCES.txt'
[6.413s] reading manifest file 'ugv_bringup.egg-info/SOURCES.txt'
[6.414s] writing manifest file 'ugv_bringup.egg-info/SOURCES.txt'
[6.422s] running build_ext
[6.424s] Creating /home/ws/ugv_ws/install/ugv_bringup/lib/python3.10/site-packages/ugv-bringup.egg-link (link to .)
[6.427s] Installing ugv_bringup script to /home/ws/ugv_ws/install/ugv_bringup/lib/ugv_bringup
[6.430s] 
[6.430s] Installed /home/ws/ugv_ws/build/ugv_bringup
[6.432s] running symlink_data
[6.432s] creating /home/ws/ugv_ws/install/ugv_bringup/share/ament_index
[6.433s] creating /home/ws/ugv_ws/install/ugv_bringup/share/ament_index/resource_index
[6.433s] creating /home/ws/ugv_ws/install/ugv_bringup/share/ament_index/resource_index/packages
[6.433s] symbolically linking /home/ws/ugv_ws/build/ugv_bringup/resource/ugv_bringup -> /home/ws/ugv_ws/install/ugv_bringup/share/ament_index/resource_index/packages
[6.434s] symbolically linking /home/ws/ugv_ws/build/ugv_bringup/package.xml -> /home/ws/ugv_ws/install/ugv_bringup/share/ugv_bringup
[6.435s] creating /home/ws/ugv_ws/install/ugv_bringup/share/ugv_bringup/launch
[6.435s] symbolically linking /home/ws/ugv_ws/build/ugv_bringup/launch/bringup_lidar.launch.py -> /home/ws/ugv_ws/install/ugv_bringup/share/ugv_bringup/launch
[6.436s] symbolically linking /home/ws/ugv_ws/build/ugv_bringup/launch/bringup_imu_ekf.launch.py -> /home/ws/ugv_ws/install/ugv_bringup/share/ugv_bringup/launch
[6.438s] symbolically linking /home/ws/ugv_ws/build/ugv_bringup/launch/bringup_imu_origin.launch.py -> /home/ws/ugv_ws/install/ugv_bringup/share/ugv_bringup/launch
[6.438s] creating /home/ws/ugv_ws/install/ugv_bringup/share/ugv_bringup/rviz
[6.439s] symbolically linking /home/ws/ugv_ws/build/ugv_bringup/rviz/view_bringup.rviz -> /home/ws/ugv_ws/install/ugv_bringup/share/ugv_bringup/rviz
[6.441s] creating /home/ws/ugv_ws/install/ugv_bringup/share/ugv_bringup/param
[6.442s] symbolically linking /home/ws/ugv_ws/build/ugv_bringup/param/ekf.yaml -> /home/ws/ugv_ws/install/ugv_bringup/share/ugv_bringup/param
[6.443s] symbolically linking /home/ws/ugv_ws/build/ugv_bringup/param/imu_filter_param.yaml -> /home/ws/ugv_ws/install/ugv_bringup/share/ugv_bringup/param
[6.590s] Invoked command in '/home/ws/ugv_ws/build/ugv_bringup' returned '0': PYTHONPATH=/home/ws/ugv_ws/build/ugv_bringup/prefix_override:/usr/lib/python3/dist-packages/colcon_core/task/python/colcon_distutils_commands:/home/ws/ugv_ws/install/ugv_bringup/lib/python3.10/site-packages:${PYTHONPATH} /usr/bin/python3 -W ignore:setup.py install is deprecated setup.py develop --editable --build-directory /home/ws/ugv_ws/build/ugv_bringup/build --no-deps symlink_data
