-- Found ament_cmake: 1.3.10 (/opt/ros/humble/share/ament_cmake/cmake)
-- Found rclcpp: 16.0.10 (/opt/ros/humble/share/rclcpp/cmake)
-- Found rosidl_generator_c: 3.1.5 (/opt/ros/humble/share/rosidl_generator_c/cmake)
-- Found rosidl_adapter: 3.1.5 (/opt/ros/humble/share/rosidl_adapter/cmake)
-- Found rosidl_generator_cpp: 3.1.5 (/opt/ros/humble/share/rosidl_generator_cpp/cmake)
-- Using all available rosidl_typesupport_c: rosidl_typesupport_fastrtps_c;rosidl_typesupport_introspection_c
-- Using all available rosidl_typesupport_cpp: rosidl_typesupport_fastrtps_cpp;rosidl_typesupport_introspection_cpp
-- Found rmw_implementation_cmake: 6.1.2 (/opt/ros/humble/share/rmw_implementation_cmake/cmake)
-- Found rmw_fastrtps_cpp: 6.2.7 (/opt/ros/humble/share/rmw_fastrtps_cpp/cmake)
-- Using RMW implementation 'rmw_fastrtps_cpp' as default
-- Found rclpy: 3.3.14 (/opt/ros/humble/share/rclpy/cmake)
-- Found std_srvs: 4.2.4 (/opt/ros/humble/share/std_srvs/cmake)
-- Found tf2_msgs: 0.25.7 (/opt/ros/humble/share/tf2_msgs/cmake)
-- Found vizanti_msgs: 0.1.0 (/home/ws/ugv_ws/install/vizanti_msgs/share/vizanti_msgs/cmake)
-- Found rosbridge_suite: 1.3.2 (/opt/ros/humble/share/rosbridge_suite/cmake)
-- Configuring done
-- Generating done
-- Build files have been written to: /home/ws/ugv_ws/build/vizanti_server
-- Install configuration: ""
-- Up-to-date: /home/ws/ugv_ws/install/vizanti_server/share/vizanti_server//launch
-- Installing: /home/ws/ugv_ws/install/vizanti_server/share/vizanti_server//launch/vizanti_server.launch.py
-- Installing: /home/ws/ugv_ws/install/vizanti_server/share/vizanti_server//launch/vizanti_rws.launch.py
-- Up-to-date: /home/ws/ugv_ws/install/vizanti_server/share/vizanti_server//public
-- Up-to-date: /home/ws/ugv_ws/install/vizanti_server/share/vizanti_server//public/templates
-- Up-to-date: /home/ws/ugv_ws/install/vizanti_server/share/vizanti_server//public/templates/compressedimage
-- Installing: /home/ws/ugv_ws/install/vizanti_server/share/vizanti_server//public/templates/compressedimage/compressedimage_icon.html
-- Installing: /home/ws/ugv_ws/install/vizanti_server/share/vizanti_server//public/templates/compressedimage/compressedimage_modal.html
-- Installing: /home/ws/ugv_ws/install/vizanti_server/share/vizanti_server//public/templates/compressedimage/compressedimage_script.js
-- Installing: /home/ws/ugv_ws/install/vizanti_server/share/vizanti_server//public/templates/compressedimage/compressedimage_view.html
-- Up-to-date: /home/ws/ugv_ws/install/vizanti_server/share/vizanti_server//public/templates/folder
-- Installing: /home/ws/ugv_ws/install/vizanti_server/share/vizanti_server//public/templates/folder/folder_script.js
-- Installing: /home/ws/ugv_ws/install/vizanti_server/share/vizanti_server//public/templates/folder/folder_modal.html
-- Installing: /home/ws/ugv_ws/install/vizanti_server/share/vizanti_server//public/templates/folder/folder_icon.html
-- Up-to-date: /home/ws/ugv_ws/install/vizanti_server/share/vizanti_server//public/templates/scan
-- Installing: /home/ws/ugv_ws/install/vizanti_server/share/vizanti_server//public/templates/scan/scan_modal.html
-- Installing: /home/ws/ugv_ws/install/vizanti_server/share/vizanti_server//public/templates/scan/scan_view.html
-- Installing: /home/ws/ugv_ws/install/vizanti_server/share/vizanti_server//public/templates/scan/scan_icon.html
-- Installing: /home/ws/ugv_ws/install/vizanti_server/share/vizanti_server//public/templates/scan/scan_script.js
-- Up-to-date: /home/ws/ugv_ws/install/vizanti_server/share/vizanti_server//public/templates/pointcloud
-- Installing: /home/ws/ugv_ws/install/vizanti_server/share/vizanti_server//public/templates/pointcloud/pointcloud_view.html
-- Installing: /home/ws/ugv_ws/install/vizanti_server/share/vizanti_server//public/templates/pointcloud/pointcloud_script.js
-- Installing: /home/ws/ugv_ws/install/vizanti_server/share/vizanti_server//public/templates/pointcloud/pointcloud_icon.html
-- Installing: /home/ws/ugv_ws/install/vizanti_server/share/vizanti_server//public/templates/pointcloud/pointcloud_modal.html
-- Up-to-date: /home/ws/ugv_ws/install/vizanti_server/share/vizanti_server//public/templates/posewithcovariancestamped
-- Installing: /home/ws/ugv_ws/install/vizanti_server/share/vizanti_server//public/templates/posewithcovariancestamped/posewithcovariancestamped_icon.html
-- Installing: /home/ws/ugv_ws/install/vizanti_server/share/vizanti_server//public/templates/posewithcovariancestamped/posewithcovariancestamped_script.js
-- Installing: /home/ws/ugv_ws/install/vizanti_server/share/vizanti_server//public/templates/posewithcovariancestamped/posewithcovariancestamped_view.html
-- Installing: /home/ws/ugv_ws/install/vizanti_server/share/vizanti_server//public/templates/posewithcovariancestamped/posewithcovariancestamped_modal.html
-- Up-to-date: /home/ws/ugv_ws/install/vizanti_server/share/vizanti_server//public/templates/rosbridge
-- Installing: /home/ws/ugv_ws/install/vizanti_server/share/vizanti_server//public/templates/rosbridge/rosbridge_script.js
-- Installing: /home/ws/ugv_ws/install/vizanti_server/share/vizanti_server//public/templates/rosbridge/rosbridge_modal.html
-- Installing: /home/ws/ugv_ws/install/vizanti_server/share/vizanti_server//public/templates/rosbridge/rosbridge_icon.html
-- Up-to-date: /home/ws/ugv_ws/install/vizanti_server/share/vizanti_server//public/templates/temperature
-- Installing: /home/ws/ugv_ws/install/vizanti_server/share/vizanti_server//public/templates/temperature/temperature_modal.html
-- Installing: /home/ws/ugv_ws/install/vizanti_server/share/vizanti_server//public/templates/temperature/temperature_script.js
-- Installing: /home/ws/ugv_ws/install/vizanti_server/share/vizanti_server//public/templates/temperature/temperature_icon.html
-- Up-to-date: /home/ws/ugv_ws/install/vizanti_server/share/vizanti_server//public/templates/reconfigure
-- Installing: /home/ws/ugv_ws/install/vizanti_server/share/vizanti_server//public/templates/reconfigure/reconfigure_icon.html
-- Installing: /home/ws/ugv_ws/install/vizanti_server/share/vizanti_server//public/templates/reconfigure/reconfigure_modal.html
-- Installing: /home/ws/ugv_ws/install/vizanti_server/share/vizanti_server//public/templates/reconfigure/reconfigure_script.js
-- Up-to-date: /home/ws/ugv_ws/install/vizanti_server/share/vizanti_server//public/templates/area
-- Installing: /home/ws/ugv_ws/install/vizanti_server/share/vizanti_server//public/templates/area/area_modal.html
-- Installing: /home/ws/ugv_ws/install/vizanti_server/share/vizanti_server//public/templates/area/area_view.html
-- Installing: /home/ws/ugv_ws/install/vizanti_server/share/vizanti_server//public/templates/area/area_icon.html
-- Installing: /home/ws/ugv_ws/install/vizanti_server/share/vizanti_server//public/templates/area/area_script.js
-- Up-to-date: /home/ws/ugv_ws/install/vizanti_server/share/vizanti_server//public/templates/range
-- Installing: /home/ws/ugv_ws/install/vizanti_server/share/vizanti_server//public/templates/range/range_modal.html
-- Installing: /home/ws/ugv_ws/install/vizanti_server/share/vizanti_server//public/templates/range/range_script.js
-- Installing: /home/ws/ugv_ws/install/vizanti_server/share/vizanti_server//public/templates/range/range_icon.html
-- Installing: /home/ws/ugv_ws/install/vizanti_server/share/vizanti_server//public/templates/range/range_view.html
-- Up-to-date: /home/ws/ugv_ws/install/vizanti_server/share/vizanti_server//public/templates/simplegoal
-- Installing: /home/ws/ugv_ws/install/vizanti_server/share/vizanti_server//public/templates/simplegoal/simplegoal_icon.html
-- Installing: /home/ws/ugv_ws/install/vizanti_server/share/vizanti_server//public/templates/simplegoal/simplegoal_script.js
-- Installing: /home/ws/ugv_ws/install/vizanti_server/share/vizanti_server//public/templates/simplegoal/simplegoal_view.html
-- Installing: /home/ws/ugv_ws/install/vizanti_server/share/vizanti_server//public/templates/simplegoal/simplegoal_modal.html
-- Up-to-date: /home/ws/ugv_ws/install/vizanti_server/share/vizanti_server//public/templates/markerarray
-- Installing: /home/ws/ugv_ws/install/vizanti_server/share/vizanti_server//public/templates/markerarray/markerarray_icon.html
-- Installing: /home/ws/ugv_ws/install/vizanti_server/share/vizanti_server//public/templates/markerarray/markerarray_script.js
-- Installing: /home/ws/ugv_ws/install/vizanti_server/share/vizanti_server//public/templates/markerarray/markerarray_view.html
-- Installing: /home/ws/ugv_ws/install/vizanti_server/share/vizanti_server//public/templates/markerarray/markerarray_modal.html
-- Up-to-date: /home/ws/ugv_ws/install/vizanti_server/share/vizanti_server//public/templates/rosbag
-- Installing: /home/ws/ugv_ws/install/vizanti_server/share/vizanti_server//public/templates/rosbag/rosbag_script.js
-- Installing: /home/ws/ugv_ws/install/vizanti_server/share/vizanti_server//public/templates/rosbag/rosbag_icon.html
-- Installing: /home/ws/ugv_ws/install/vizanti_server/share/vizanti_server//public/templates/rosbag/rosbag_modal.html
-- Up-to-date: /home/ws/ugv_ws/install/vizanti_server/share/vizanti_server//public/templates/satelite
-- Installing: /home/ws/ugv_ws/install/vizanti_server/share/vizanti_server//public/templates/satelite/satelite_script.js
-- Installing: /home/ws/ugv_ws/install/vizanti_server/share/vizanti_server//public/templates/satelite/satelite_view.html
-- Installing: /home/ws/ugv_ws/install/vizanti_server/share/vizanti_server//public/templates/satelite/satelite_modal.html
-- Installing: /home/ws/ugv_ws/install/vizanti_server/share/vizanti_server//public/templates/satelite/satelite_icon.html
-- Up-to-date: /home/ws/ugv_ws/install/vizanti_server/share/vizanti_server//public/templates/waypoints
-- Installing: /home/ws/ugv_ws/install/vizanti_server/share/vizanti_server//public/templates/waypoints/waypoints_icon.html
-- Installing: /home/ws/ugv_ws/install/vizanti_server/share/vizanti_server//public/templates/waypoints/waypoints_script.js
-- Installing: /home/ws/ugv_ws/install/vizanti_server/share/vizanti_server//public/templates/waypoints/waypoints_modal.html
-- Installing: /home/ws/ugv_ws/install/vizanti_server/share/vizanti_server//public/templates/waypoints/waypoints_view.html
-- Up-to-date: /home/ws/ugv_ws/install/vizanti_server/share/vizanti_server//public/templates/tf
-- Installing: /home/ws/ugv_ws/install/vizanti_server/share/vizanti_server//public/templates/tf/tf_icon.html
-- Installing: /home/ws/ugv_ws/install/vizanti_server/share/vizanti_server//public/templates/tf/tf_view.html
-- Installing: /home/ws/ugv_ws/install/vizanti_server/share/vizanti_server//public/templates/tf/tf_script.js
-- Installing: /home/ws/ugv_ws/install/vizanti_server/share/vizanti_server//public/templates/tf/tf_modal.html
-- Up-to-date: /home/ws/ugv_ws/install/vizanti_server/share/vizanti_server//public/templates/teleop
-- Installing: /home/ws/ugv_ws/install/vizanti_server/share/vizanti_server//public/templates/teleop/teleop_view.html
-- Installing: /home/ws/ugv_ws/install/vizanti_server/share/vizanti_server//public/templates/teleop/teleop_modal.html
-- Installing: /home/ws/ugv_ws/install/vizanti_server/share/vizanti_server//public/templates/teleop/teleop_icon.html
-- Installing: /home/ws/ugv_ws/install/vizanti_server/share/vizanti_server//public/templates/teleop/teleop_script.js
-- Up-to-date: /home/ws/ugv_ws/install/vizanti_server/share/vizanti_server//public/templates/gridcells
-- Installing: /home/ws/ugv_ws/install/vizanti_server/share/vizanti_server//public/templates/gridcells/gridcells_icon.html
-- Installing: /home/ws/ugv_ws/install/vizanti_server/share/vizanti_server//public/templates/gridcells/gridcells_script.js
-- Installing: /home/ws/ugv_ws/install/vizanti_server/share/vizanti_server//public/templates/gridcells/gridcells_modal.html
-- Installing: /home/ws/ugv_ws/install/vizanti_server/share/vizanti_server//public/templates/gridcells/gridcells_view.html
-- Up-to-date: /home/ws/ugv_ws/install/vizanti_server/share/vizanti_server//public/templates/path
-- Installing: /home/ws/ugv_ws/install/vizanti_server/share/vizanti_server//public/templates/path/path_modal.html
-- Installing: /home/ws/ugv_ws/install/vizanti_server/share/vizanti_server//public/templates/path/path_script.js
-- Installing: /home/ws/ugv_ws/install/vizanti_server/share/vizanti_server//public/templates/path/path_view.html
-- Installing: /home/ws/ugv_ws/install/vizanti_server/share/vizanti_server//public/templates/path/path_icon.html
-- Up-to-date: /home/ws/ugv_ws/install/vizanti_server/share/vizanti_server//public/templates/robotmodel
-- Installing: /home/ws/ugv_ws/install/vizanti_server/share/vizanti_server//public/templates/robotmodel/robotmodel_icon.html
-- Installing: /home/ws/ugv_ws/install/vizanti_server/share/vizanti_server//public/templates/robotmodel/robotmodel_view.html
-- Installing: /home/ws/ugv_ws/install/vizanti_server/share/vizanti_server//public/templates/robotmodel/robotmodel_modal.html
-- Installing: /home/ws/ugv_ws/install/vizanti_server/share/vizanti_server//public/templates/robotmodel/robotmodel_script.js
-- Up-to-date: /home/ws/ugv_ws/install/vizanti_server/share/vizanti_server//public/templates/initialpose
-- Installing: /home/ws/ugv_ws/install/vizanti_server/share/vizanti_server//public/templates/initialpose/initialpose_modal.html
-- Installing: /home/ws/ugv_ws/install/vizanti_server/share/vizanti_server//public/templates/initialpose/initialpose_script.js
-- Installing: /home/ws/ugv_ws/install/vizanti_server/share/vizanti_server//public/templates/initialpose/initialpose_view.html
-- Installing: /home/ws/ugv_ws/install/vizanti_server/share/vizanti_server//public/templates/initialpose/initialpose_icon.html
-- Up-to-date: /home/ws/ugv_ws/install/vizanti_server/share/vizanti_server//public/templates/button
-- Installing: /home/ws/ugv_ws/install/vizanti_server/share/vizanti_server//public/templates/button/button_icon.html
-- Installing: /home/ws/ugv_ws/install/vizanti_server/share/vizanti_server//public/templates/button/button_modal.html
-- Installing: /home/ws/ugv_ws/install/vizanti_server/share/vizanti_server//public/templates/button/button_script.js
-- Up-to-date: /home/ws/ugv_ws/install/vizanti_server/share/vizanti_server//public/templates/grid
-- Installing: /home/ws/ugv_ws/install/vizanti_server/share/vizanti_server//public/templates/grid/grid_script.js
-- Installing: /home/ws/ugv_ws/install/vizanti_server/share/vizanti_server//public/templates/grid/grid_icon.html
-- Installing: /home/ws/ugv_ws/install/vizanti_server/share/vizanti_server//public/templates/grid/grid_view.html
-- Installing: /home/ws/ugv_ws/install/vizanti_server/share/vizanti_server//public/templates/grid/grid_modal.html
-- Up-to-date: /home/ws/ugv_ws/install/vizanti_server/share/vizanti_server//public/templates/posearray
-- Installing: /home/ws/ugv_ws/install/vizanti_server/share/vizanti_server//public/templates/posearray/posearray_view.html
-- Installing: /home/ws/ugv_ws/install/vizanti_server/share/vizanti_server//public/templates/posearray/posearray_script.js
-- Installing: /home/ws/ugv_ws/install/vizanti_server/share/vizanti_server//public/templates/posearray/posearray_modal.html
-- Installing: /home/ws/ugv_ws/install/vizanti_server/share/vizanti_server//public/templates/posearray/posearray_icon.html
-- Up-to-date: /home/ws/ugv_ws/install/vizanti_server/share/vizanti_server//public/templates/altimeter
-- Installing: /home/ws/ugv_ws/install/vizanti_server/share/vizanti_server//public/templates/altimeter/altimeter_modal.html
-- Installing: /home/ws/ugv_ws/install/vizanti_server/share/vizanti_server//public/templates/altimeter/altimeter_icon.html
-- Installing: /home/ws/ugv_ws/install/vizanti_server/share/vizanti_server//public/templates/altimeter/altimeter_script.js
-- Installing: /home/ws/ugv_ws/install/vizanti_server/share/vizanti_server//public/templates/altimeter/altimeter_view.html
-- Up-to-date: /home/ws/ugv_ws/install/vizanti_server/share/vizanti_server//public/templates/settings
-- Installing: /home/ws/ugv_ws/install/vizanti_server/share/vizanti_server//public/templates/settings/settings_modal.html
-- Installing: /home/ws/ugv_ws/install/vizanti_server/share/vizanti_server//public/templates/settings/settings_script.js
-- Installing: /home/ws/ugv_ws/install/vizanti_server/share/vizanti_server//public/templates/settings/settings_icon.html
-- Up-to-date: /home/ws/ugv_ws/install/vizanti_server/share/vizanti_server//public/templates/add
-- Installing: /home/ws/ugv_ws/install/vizanti_server/share/vizanti_server//public/templates/add/add_modal.html
-- Installing: /home/ws/ugv_ws/install/vizanti_server/share/vizanti_server//public/templates/add/add_icon.html
-- Installing: /home/ws/ugv_ws/install/vizanti_server/share/vizanti_server//public/templates/add/add_script.js
-- Up-to-date: /home/ws/ugv_ws/install/vizanti_server/share/vizanti_server//public/templates/map
-- Installing: /home/ws/ugv_ws/install/vizanti_server/share/vizanti_server//public/templates/map/map_worker.js
-- Installing: /home/ws/ugv_ws/install/vizanti_server/share/vizanti_server//public/templates/map/map_script.js
-- Installing: /home/ws/ugv_ws/install/vizanti_server/share/vizanti_server//public/templates/map/map_view.html
-- Installing: /home/ws/ugv_ws/install/vizanti_server/share/vizanti_server//public/templates/map/map_modal.html
-- Installing: /home/ws/ugv_ws/install/vizanti_server/share/vizanti_server//public/templates/map/map_icon.html
-- Up-to-date: /home/ws/ugv_ws/install/vizanti_server/share/vizanti_server//public/templates/battery
-- Installing: /home/ws/ugv_ws/install/vizanti_server/share/vizanti_server//public/templates/battery/battery_script.js
-- Installing: /home/ws/ugv_ws/install/vizanti_server/share/vizanti_server//public/templates/battery/battery_icon.html
-- Installing: /home/ws/ugv_ws/install/vizanti_server/share/vizanti_server//public/templates/battery/battery_modal.html
-- Up-to-date: /home/ws/ugv_ws/install/vizanti_server/share/vizanti_server//public/templates/nodemgr
-- Installing: /home/ws/ugv_ws/install/vizanti_server/share/vizanti_server//public/templates/nodemgr/nodemgr_icon.html
-- Installing: /home/ws/ugv_ws/install/vizanti_server/share/vizanti_server//public/templates/nodemgr/nodemgr_script.js
-- Installing: /home/ws/ugv_ws/install/vizanti_server/share/vizanti_server//public/templates/nodemgr/nodemgr_modal.html
-- Installing: /home/ws/ugv_ws/install/vizanti_server/share/vizanti_server//public/index.html
-- Up-to-date: /home/ws/ugv_ws/install/vizanti_server/share/vizanti_server//public/assets
-- Installing: /home/ws/ugv_ws/install/vizanti_server/share/vizanti_server//public/assets/rosbridge_connected.svg
-- Installing: /home/ws/ugv_ws/install/vizanti_server/share/vizanti_server//public/assets/satelite.svg
-- Installing: /home/ws/ugv_ws/install/vizanti_server/share/vizanti_server//public/assets/waypoints.svg
-- Installing: /home/ws/ugv_ws/install/vizanti_server/share/vizanti_server//public/assets/node_restart.svg
-- Installing: /home/ws/ugv_ws/install/vizanti_server/share/vizanti_server//public/assets/marker.svg
-- Installing: /home/ws/ugv_ws/install/vizanti_server/share/vizanti_server//public/assets/settings.svg
-- Installing: /home/ws/ugv_ws/install/vizanti_server/share/vizanti_server//public/assets/battery_60.svg
-- Installing: /home/ws/ugv_ws/install/vizanti_server/share/vizanti_server//public/assets/altimeter_arrow_green.svg
-- Installing: /home/ws/ugv_ws/install/vizanti_server/share/vizanti_server//public/assets/path.svg
-- Installing: /home/ws/ugv_ws/install/vizanti_server/share/vizanti_server//public/assets/grid.svg
-- Installing: /home/ws/ugv_ws/install/vizanti_server/share/vizanti_server//public/assets/battery_80.svg
-- Installing: /home/ws/ugv_ws/install/vizanti_server/share/vizanti_server//public/assets/temp_hot.svg
-- Installing: /home/ws/ugv_ws/install/vizanti_server/share/vizanti_server//public/assets/posewithcovariancestamped.svg
-- Installing: /home/ws/ugv_ws/install/vizanti_server/share/vizanti_server//public/assets/button_false.svg
-- Installing: /home/ws/ugv_ws/install/vizanti_server/share/vizanti_server//public/assets/joypos.svg
-- Installing: /home/ws/ugv_ws/install/vizanti_server/share/vizanti_server//public/assets/gridcells.svg
-- Installing: /home/ws/ugv_ws/install/vizanti_server/share/vizanti_server//public/assets/posearray.svg
-- Installing: /home/ws/ugv_ws/install/vizanti_server/share/vizanti_server//public/assets/altimeter_green.svg
-- Installing: /home/ws/ugv_ws/install/vizanti_server/share/vizanti_server//public/assets/costmap.svg
-- Installing: /home/ws/ugv_ws/install/vizanti_server/share/vizanti_server//public/assets/temp_cold.svg
-- Installing: /home/ws/ugv_ws/install/vizanti_server/share/vizanti_server//public/assets/markerarray.svg
-- Installing: /home/ws/ugv_ws/install/vizanti_server/share/vizanti_server//public/assets/button_true.svg
-- Installing: /home/ws/ugv_ws/install/vizanti_server/share/vizanti_server//public/assets/nodemgr.svg
-- Installing: /home/ws/ugv_ws/install/vizanti_server/share/vizanti_server//public/assets/battery_100.svg
-- Installing: /home/ws/ugv_ws/install/vizanti_server/share/vizanti_server//public/assets/battery_20.svg
-- Installing: /home/ws/ugv_ws/install/vizanti_server/share/vizanti_server//public/assets/rawmap.svg
-- Installing: /home/ws/ugv_ws/install/vizanti_server/share/vizanti_server//public/assets/tile_loading.png
-- Up-to-date: /home/ws/ugv_ws/install/vizanti_server/share/vizanti_server//public/assets/robot_model
-- Installing: /home/ws/ugv_ws/install/vizanti_server/share/vizanti_server//public/assets/robot_model/_dog.png
-- Installing: /home/ws/ugv_ws/install/vizanti_server/share/vizanti_server//public/assets/robot_model/_tortoise.png
-- Installing: /home/ws/ugv_ws/install/vizanti_server/share/vizanti_server//public/assets/robot_model/_4wd.png
-- Installing: /home/ws/ugv_ws/install/vizanti_server/share/vizanti_server//public/assets/robot_model/_arrow.png
-- Installing: /home/ws/ugv_ws/install/vizanti_server/share/vizanti_server//public/assets/robot_model/_tuna.png
-- Installing: /home/ws/ugv_ws/install/vizanti_server/share/vizanti_server//public/assets/robot_model/_2wd.png
-- Installing: /home/ws/ugv_ws/install/vizanti_server/share/vizanti_server//public/assets/robot_model/_hatchback.png
-- Installing: /home/ws/ugv_ws/install/vizanti_server/share/vizanti_server//public/assets/robot_model/_pancake.png
-- Installing: /home/ws/ugv_ws/install/vizanti_server/share/vizanti_server//public/assets/robot_model/_orca.png
-- Installing: /home/ws/ugv_ws/install/vizanti_server/share/vizanti_server//public/assets/robot_model/_sandwich.png
-- Installing: /home/ws/ugv_ws/install/vizanti_server/share/vizanti_server//public/assets/robot_model/_rccar.png
-- Up-to-date: /home/ws/ugv_ws/install/vizanti_server/share/vizanti_server//public/assets/icon
-- Installing: /home/ws/ugv_ws/install/vizanti_server/share/vizanti_server//public/assets/icon/preview.jpg
-- Installing: /home/ws/ugv_ws/install/vizanti_server/share/vizanti_server//public/assets/icon/icon.svg
-- Installing: /home/ws/ugv_ws/install/vizanti_server/share/vizanti_server//public/assets/icon/192.png
-- Installing: /home/ws/ugv_ws/install/vizanti_server/share/vizanti_server//public/assets/icon/32.png
-- Installing: /home/ws/ugv_ws/install/vizanti_server/share/vizanti_server//public/assets/icon/manifest.json
-- Installing: /home/ws/ugv_ws/install/vizanti_server/share/vizanti_server//public/assets/icon/96.png
-- Installing: /home/ws/ugv_ws/install/vizanti_server/share/vizanti_server//public/assets/icon/16.png
-- Installing: /home/ws/ugv_ws/install/vizanti_server/share/vizanti_server//public/assets/icon/152.png
-- Installing: /home/ws/ugv_ws/install/vizanti_server/share/vizanti_server//public/assets/icon/512.png
-- Installing: /home/ws/ugv_ws/install/vizanti_server/share/vizanti_server//public/assets/rosbridge_reconnect.svg
-- Installing: /home/ws/ugv_ws/install/vizanti_server/share/vizanti_server//public/assets/add.svg
-- Installing: /home/ws/ugv_ws/install/vizanti_server/share/vizanti_server//public/assets/node_kill.svg
-- Installing: /home/ws/ugv_ws/install/vizanti_server/share/vizanti_server//public/assets/pointcloud.svg
-- Installing: /home/ws/ugv_ws/install/vizanti_server/share/vizanti_server//public/assets/altimeter.svg
-- Installing: /home/ws/ugv_ws/install/vizanti_server/share/vizanti_server//public/assets/image.svg
-- Installing: /home/ws/ugv_ws/install/vizanti_server/share/vizanti_server//public/assets/reconfigure.svg
-- Installing: /home/ws/ugv_ws/install/vizanti_server/share/vizanti_server//public/assets/simplegoal.png
-- Installing: /home/ws/ugv_ws/install/vizanti_server/share/vizanti_server//public/assets/battery_40.svg
-- Installing: /home/ws/ugv_ws/install/vizanti_server/share/vizanti_server//public/assets/robotmodel.svg
-- Installing: /home/ws/ugv_ws/install/vizanti_server/share/vizanti_server//public/assets/temp_warm.svg
-- Installing: /home/ws/ugv_ws/install/vizanti_server/share/vizanti_server//public/assets/tile_error.png
-- Installing: /home/ws/ugv_ws/install/vizanti_server/share/vizanti_server//public/assets/altimeter_arrow.svg
-- Installing: /home/ws/ugv_ws/install/vizanti_server/share/vizanti_server//public/assets/rosbag_active.svg
-- Installing: /home/ws/ugv_ws/install/vizanti_server/share/vizanti_server//public/assets/folder.svg
-- Installing: /home/ws/ugv_ws/install/vizanti_server/share/vizanti_server//public/assets/map.svg
-- Installing: /home/ws/ugv_ws/install/vizanti_server/share/vizanti_server//public/assets/battery_unknown.svg
-- Installing: /home/ws/ugv_ws/install/vizanti_server/share/vizanti_server//public/assets/temp_unknown.svg
-- Installing: /home/ws/ugv_ws/install/vizanti_server/share/vizanti_server//public/assets/simplegoal.svg
-- Installing: /home/ws/ugv_ws/install/vizanti_server/share/vizanti_server//public/assets/button.svg
-- Installing: /home/ws/ugv_ws/install/vizanti_server/share/vizanti_server//public/assets/range.svg
-- Installing: /home/ws/ugv_ws/install/vizanti_server/share/vizanti_server//public/assets/initialpose.png
-- Installing: /home/ws/ugv_ws/install/vizanti_server/share/vizanti_server//public/assets/initialpose.svg
-- Installing: /home/ws/ugv_ws/install/vizanti_server/share/vizanti_server//public/assets/rosbridge_disconnected.svg
-- Installing: /home/ws/ugv_ws/install/vizanti_server/share/vizanti_server//public/assets/scan.svg
-- Installing: /home/ws/ugv_ws/install/vizanti_server/share/vizanti_server//public/assets/joystick.svg
-- Installing: /home/ws/ugv_ws/install/vizanti_server/share/vizanti_server//public/assets/rosbag.svg
-- Installing: /home/ws/ugv_ws/install/vizanti_server/share/vizanti_server//public/assets/area.svg
-- Installing: /home/ws/ugv_ws/install/vizanti_server/share/vizanti_server//public/assets/default_layout.json
-- Installing: /home/ws/ugv_ws/install/vizanti_server/share/vizanti_server//public/assets/tf.svg
-- Up-to-date: /home/ws/ugv_ws/install/vizanti_server/share/vizanti_server//public/js
-- Up-to-date: /home/ws/ugv_ws/install/vizanti_server/share/vizanti_server//public/js/lib
-- Installing: /home/ws/ugv_ws/install/vizanti_server/share/vizanti_server//public/js/lib/nipplejs.js
-- Installing: /home/ws/ugv_ws/install/vizanti_server/share/vizanti_server//public/js/lib/nipplejs.min.js
-- Installing: /home/ws/ugv_ws/install/vizanti_server/share/vizanti_server//public/js/lib/quaternionjs_LICENSE.txt
-- Installing: /home/ws/ugv_ws/install/vizanti_server/share/vizanti_server//public/js/lib/nipplejs_LICENSE.txt
-- Installing: /home/ws/ugv_ws/install/vizanti_server/share/vizanti_server//public/js/lib/roslibjs_LICENSE.txt
-- Installing: /home/ws/ugv_ws/install/vizanti_server/share/vizanti_server//public/js/lib/roslib.min.js
-- Installing: /home/ws/ugv_ws/install/vizanti_server/share/vizanti_server//public/js/lib/quaternion.min.js
-- Installing: /home/ws/ugv_ws/install/vizanti_server/share/vizanti_server//public/js/main.js
-- Installing: /home/ws/ugv_ws/install/vizanti_server/share/vizanti_server//public/js/setup.js
-- Up-to-date: /home/ws/ugv_ws/install/vizanti_server/share/vizanti_server//public/js/modules
-- Installing: /home/ws/ugv_ws/install/vizanti_server/share/vizanti_server//public/js/modules/elements.js
-- Installing: /home/ws/ugv_ws/install/vizanti_server/share/vizanti_server//public/js/modules/rosbridge.js
-- Installing: /home/ws/ugv_ws/install/vizanti_server/share/vizanti_server//public/js/modules/joystick.js
-- Installing: /home/ws/ugv_ws/install/vizanti_server/share/vizanti_server//public/js/modules/view.js
-- Installing: /home/ws/ugv_ws/install/vizanti_server/share/vizanti_server//public/js/modules/navsat.js
-- Installing: /home/ws/ugv_ws/install/vizanti_server/share/vizanti_server//public/js/modules/persistent.js
-- Installing: /home/ws/ugv_ws/install/vizanti_server/share/vizanti_server//public/js/modules/tf.js
-- Installing: /home/ws/ugv_ws/install/vizanti_server/share/vizanti_server//public/js/modules/status.js
-- Installing: /home/ws/ugv_ws/install/vizanti_server/share/vizanti_server//public/js/modules/util.js
-- Installing: /home/ws/ugv_ws/install/vizanti_server/share/vizanti_server//public/js/modules/database.js
-- Installing: /home/ws/ugv_ws/install/vizanti_server/share/vizanti_server//public/iconbar.html
-- Up-to-date: /home/ws/ugv_ws/install/vizanti_server/share/vizanti_server//public/css
-- Installing: /home/ws/ugv_ws/install/vizanti_server/share/vizanti_server//public/css/style.css
-- Installing: /home/ws/ugv_ws/install/vizanti_server/share/vizanti_server//public/head.html
-- Installing: /home/ws/ugv_ws/install/vizanti_server/lib/vizanti_server/server.py
-- Installing: /home/ws/ugv_ws/install/vizanti_server/lib/vizanti_server/service_handler.py
-- Installing: /home/ws/ugv_ws/install/vizanti_server/lib/vizanti_server/rosapi_launch.py
-- Up-to-date: /home/ws/ugv_ws/install/vizanti_server/share/ament_index/resource_index/package_run_dependencies/vizanti_server
-- Installing: /home/ws/ugv_ws/install/vizanti_server/share/ament_index/resource_index/parent_prefix_path/vizanti_server
-- Up-to-date: /home/ws/ugv_ws/install/vizanti_server/share/vizanti_server/environment/ament_prefix_path.sh
-- Installing: /home/ws/ugv_ws/install/vizanti_server/share/vizanti_server/environment/ament_prefix_path.dsv
-- Up-to-date: /home/ws/ugv_ws/install/vizanti_server/share/vizanti_server/environment/path.sh
-- Installing: /home/ws/ugv_ws/install/vizanti_server/share/vizanti_server/environment/path.dsv
-- Up-to-date: /home/ws/ugv_ws/install/vizanti_server/share/vizanti_server/local_setup.bash
-- Up-to-date: /home/ws/ugv_ws/install/vizanti_server/share/vizanti_server/local_setup.sh
-- Up-to-date: /home/ws/ugv_ws/install/vizanti_server/share/vizanti_server/local_setup.zsh
-- Installing: /home/ws/ugv_ws/install/vizanti_server/share/vizanti_server/local_setup.dsv
-- Installing: /home/ws/ugv_ws/install/vizanti_server/share/vizanti_server/package.dsv
-- Up-to-date: /home/ws/ugv_ws/install/vizanti_server/share/ament_index/resource_index/packages/vizanti_server
-- Up-to-date: /home/ws/ugv_ws/install/vizanti_server/share/vizanti_server/cmake/vizanti_serverConfig.cmake
-- Up-to-date: /home/ws/ugv_ws/install/vizanti_server/share/vizanti_server/cmake/vizanti_serverConfig-version.cmake
-- Installing: /home/ws/ugv_ws/install/vizanti_server/share/vizanti_server/package.xml
