[0.061s] Invoking command in '/home/ws/ugv_ws/build/vizanti_server': CMAKE_PREFIX_PATH=/home/ws/ugv_ws/install/vizanti_msgs:/home/ws/ugv_ws/install/vizanti:/home/ws/ugv_ws/install/vizanti_server:/home/ws/ugv_ws/install/vizanti_demos:/home/ws/ugv_ws/install/vizanti_cpp:/home/ws/ugv_ws/install/ugv_slam:/home/ws/ugv_ws/install/ugv_nav:/home/ws/ugv_ws/install/ugv_interface:/home/ws/ugv_ws/install/ugv_gazebo:/home/ws/ugv_ws/install/ugv_description:/home/ws/ugv_ws/install/ugv_base_node:/home/ws/ugv_ws/install/teb_local_planner:/home/ws/ugv_ws/install/teb_msgs:/home/ws/ugv_ws/install/slam_gmapping:/home/ws/ugv_ws/install/robot_pose_publisher:/home/ws/ugv_ws/install/rf2o_laser_odometry:/home/ws/ugv_ws/install/openslam_gmapping:/home/ws/ugv_ws/install/ldlidar:/home/ws/ugv_ws/install/explore_lite:/home/ws/ugv_ws/install/emcl2:/home/ws/ugv_ws/install/costmap_converter:/home/ws/ugv_ws/install/costmap_converter_msgs:/home/ws/ugv_ws/install/cartographer:/home/ws/ugv_ws/install/apriltag_ros:/home/ws/ugv_ws/install/apriltag_msgs:/home/ws/ugv_ws/install/apriltag:/home/ws/ugv_ws/install/ugv_web_app:/home/ws/ugv_ws/install/ugv_vision:/home/ws/ugv_ws/install/ugv_tools:/home/ws/ugv_ws/install/ugv_chat_ai:/home/ws/ugv_ws/install/ugv_bringup:/opt/ros/humble /usr/bin/cmake --build /home/ws/ugv_ws/build/vizanti_server -- -j4 -l4
[0.159s] -- Found ament_cmake: 1.3.10 (/opt/ros/humble/share/ament_cmake/cmake)
[0.897s] -- Found rclcpp: 16.0.10 (/opt/ros/humble/share/rclcpp/cmake)
[1.026s] -- Found rosidl_generator_c: 3.1.5 (/opt/ros/humble/share/rosidl_generator_c/cmake)
[1.034s] -- Found rosidl_adapter: 3.1.5 (/opt/ros/humble/share/rosidl_adapter/cmake)
[1.076s] -- Found rosidl_generator_cpp: 3.1.5 (/opt/ros/humble/share/rosidl_generator_cpp/cmake)
[1.124s] -- Using all available rosidl_typesupport_c: rosidl_typesupport_fastrtps_c;rosidl_typesupport_introspection_c
[1.240s] -- Using all available rosidl_typesupport_cpp: rosidl_typesupport_fastrtps_cpp;rosidl_typesupport_introspection_cpp
[1.410s] -- Found rmw_implementation_cmake: 6.1.2 (/opt/ros/humble/share/rmw_implementation_cmake/cmake)
[1.422s] -- Found rmw_fastrtps_cpp: 6.2.7 (/opt/ros/humble/share/rmw_fastrtps_cpp/cmake)
[1.760s] -- Using RMW implementation 'rmw_fastrtps_cpp' as default
[1.945s] -- Found rclpy: 3.3.14 (/opt/ros/humble/share/rclpy/cmake)
[1.956s] -- Found std_srvs: 4.2.4 (/opt/ros/humble/share/std_srvs/cmake)
[1.978s] -- Found tf2_msgs: 0.25.7 (/opt/ros/humble/share/tf2_msgs/cmake)
[2.188s] -- Found vizanti_msgs: 0.1.0 (/home/ws/ugv_ws/install/vizanti_msgs/share/vizanti_msgs/cmake)
[2.391s] -- Found rosbridge_suite: 1.3.2 (/opt/ros/humble/share/rosbridge_suite/cmake)
[2.721s] -- Configuring done
[2.741s] -- Generating done
[2.764s] -- Build files have been written to: /home/ws/ugv_ws/build/vizanti_server
[2.846s] Invoked command in '/home/ws/ugv_ws/build/vizanti_server' returned '0': CMAKE_PREFIX_PATH=/home/ws/ugv_ws/install/vizanti_msgs:/home/ws/ugv_ws/install/vizanti:/home/ws/ugv_ws/install/vizanti_server:/home/ws/ugv_ws/install/vizanti_demos:/home/ws/ugv_ws/install/vizanti_cpp:/home/ws/ugv_ws/install/ugv_slam:/home/ws/ugv_ws/install/ugv_nav:/home/ws/ugv_ws/install/ugv_interface:/home/ws/ugv_ws/install/ugv_gazebo:/home/ws/ugv_ws/install/ugv_description:/home/ws/ugv_ws/install/ugv_base_node:/home/ws/ugv_ws/install/teb_local_planner:/home/ws/ugv_ws/install/teb_msgs:/home/ws/ugv_ws/install/slam_gmapping:/home/ws/ugv_ws/install/robot_pose_publisher:/home/ws/ugv_ws/install/rf2o_laser_odometry:/home/ws/ugv_ws/install/openslam_gmapping:/home/ws/ugv_ws/install/ldlidar:/home/ws/ugv_ws/install/explore_lite:/home/ws/ugv_ws/install/emcl2:/home/ws/ugv_ws/install/costmap_converter:/home/ws/ugv_ws/install/costmap_converter_msgs:/home/ws/ugv_ws/install/cartographer:/home/ws/ugv_ws/install/apriltag_ros:/home/ws/ugv_ws/install/apriltag_msgs:/home/ws/ugv_ws/install/apriltag:/home/ws/ugv_ws/install/ugv_web_app:/home/ws/ugv_ws/install/ugv_vision:/home/ws/ugv_ws/install/ugv_tools:/home/ws/ugv_ws/install/ugv_chat_ai:/home/ws/ugv_ws/install/ugv_bringup:/opt/ros/humble /usr/bin/cmake --build /home/ws/ugv_ws/build/vizanti_server -- -j4 -l4
[2.976s] Invoking command in '/home/ws/ugv_ws/build/vizanti_server': CMAKE_PREFIX_PATH=/home/ws/ugv_ws/install/vizanti_msgs:/home/ws/ugv_ws/install/vizanti:/home/ws/ugv_ws/install/vizanti_server:/home/ws/ugv_ws/install/vizanti_demos:/home/ws/ugv_ws/install/vizanti_cpp:/home/ws/ugv_ws/install/ugv_slam:/home/ws/ugv_ws/install/ugv_nav:/home/ws/ugv_ws/install/ugv_interface:/home/ws/ugv_ws/install/ugv_gazebo:/home/ws/ugv_ws/install/ugv_description:/home/ws/ugv_ws/install/ugv_base_node:/home/ws/ugv_ws/install/teb_local_planner:/home/ws/ugv_ws/install/teb_msgs:/home/ws/ugv_ws/install/slam_gmapping:/home/ws/ugv_ws/install/robot_pose_publisher:/home/ws/ugv_ws/install/rf2o_laser_odometry:/home/ws/ugv_ws/install/openslam_gmapping:/home/ws/ugv_ws/install/ldlidar:/home/ws/ugv_ws/install/explore_lite:/home/ws/ugv_ws/install/emcl2:/home/ws/ugv_ws/install/costmap_converter:/home/ws/ugv_ws/install/costmap_converter_msgs:/home/ws/ugv_ws/install/cartographer:/home/ws/ugv_ws/install/apriltag_ros:/home/ws/ugv_ws/install/apriltag_msgs:/home/ws/ugv_ws/install/apriltag:/home/ws/ugv_ws/install/ugv_web_app:/home/ws/ugv_ws/install/ugv_vision:/home/ws/ugv_ws/install/ugv_tools:/home/ws/ugv_ws/install/ugv_chat_ai:/home/ws/ugv_ws/install/ugv_bringup:/opt/ros/humble /usr/bin/cmake --install /home/ws/ugv_ws/build/vizanti_server
[2.997s] -- Install configuration: ""
[2.997s] -- Up-to-date: /home/ws/ugv_ws/install/vizanti_server/share/vizanti_server//launch
[2.998s] -- Installing: /home/ws/ugv_ws/install/vizanti_server/share/vizanti_server//launch/vizanti_server.launch.py
[2.998s] -- Installing: /home/ws/ugv_ws/install/vizanti_server/share/vizanti_server//launch/vizanti_rws.launch.py
[2.999s] -- Up-to-date: /home/ws/ugv_ws/install/vizanti_server/share/vizanti_server//public
[2.999s] -- Up-to-date: /home/ws/ugv_ws/install/vizanti_server/share/vizanti_server//public/templates
[2.999s] -- Up-to-date: /home/ws/ugv_ws/install/vizanti_server/share/vizanti_server//public/templates/compressedimage
[2.999s] -- Installing: /home/ws/ugv_ws/install/vizanti_server/share/vizanti_server//public/templates/compressedimage/compressedimage_icon.html
[3.000s] -- Installing: /home/ws/ugv_ws/install/vizanti_server/share/vizanti_server//public/templates/compressedimage/compressedimage_modal.html
[3.004s] -- Installing: /home/ws/ugv_ws/install/vizanti_server/share/vizanti_server//public/templates/compressedimage/compressedimage_script.js
[3.005s] -- Installing: /home/ws/ugv_ws/install/vizanti_server/share/vizanti_server//public/templates/compressedimage/compressedimage_view.html
[3.006s] -- Up-to-date: /home/ws/ugv_ws/install/vizanti_server/share/vizanti_server//public/templates/folder
[3.006s] -- Installing: /home/ws/ugv_ws/install/vizanti_server/share/vizanti_server//public/templates/folder/folder_script.js
[3.007s] -- Installing: /home/ws/ugv_ws/install/vizanti_server/share/vizanti_server//public/templates/folder/folder_modal.html
[3.007s] -- Installing: /home/ws/ugv_ws/install/vizanti_server/share/vizanti_server//public/templates/folder/folder_icon.html
[3.012s] -- Up-to-date: /home/ws/ugv_ws/install/vizanti_server/share/vizanti_server//public/templates/scan
[3.016s] -- Installing: /home/ws/ugv_ws/install/vizanti_server/share/vizanti_server//public/templates/scan/scan_modal.html
[3.016s] -- Installing: /home/ws/ugv_ws/install/vizanti_server/share/vizanti_server//public/templates/scan/scan_view.html
[3.017s] -- Installing: /home/ws/ugv_ws/install/vizanti_server/share/vizanti_server//public/templates/scan/scan_icon.html
[3.017s] -- Installing: /home/ws/ugv_ws/install/vizanti_server/share/vizanti_server//public/templates/scan/scan_script.js
[3.019s] -- Up-to-date: /home/ws/ugv_ws/install/vizanti_server/share/vizanti_server//public/templates/pointcloud
[3.019s] -- Installing: /home/ws/ugv_ws/install/vizanti_server/share/vizanti_server//public/templates/pointcloud/pointcloud_view.html
[3.019s] -- Installing: /home/ws/ugv_ws/install/vizanti_server/share/vizanti_server//public/templates/pointcloud/pointcloud_script.js
[3.019s] -- Installing: /home/ws/ugv_ws/install/vizanti_server/share/vizanti_server//public/templates/pointcloud/pointcloud_icon.html
[3.019s] -- Installing: /home/ws/ugv_ws/install/vizanti_server/share/vizanti_server//public/templates/pointcloud/pointcloud_modal.html
[3.019s] -- Up-to-date: /home/ws/ugv_ws/install/vizanti_server/share/vizanti_server//public/templates/posewithcovariancestamped
[3.019s] -- Installing: /home/ws/ugv_ws/install/vizanti_server/share/vizanti_server//public/templates/posewithcovariancestamped/posewithcovariancestamped_icon.html
[3.023s] -- Installing: /home/ws/ugv_ws/install/vizanti_server/share/vizanti_server//public/templates/posewithcovariancestamped/posewithcovariancestamped_script.js
[3.023s] -- Installing: /home/ws/ugv_ws/install/vizanti_server/share/vizanti_server//public/templates/posewithcovariancestamped/posewithcovariancestamped_view.html
[3.024s] -- Installing: /home/ws/ugv_ws/install/vizanti_server/share/vizanti_server//public/templates/posewithcovariancestamped/posewithcovariancestamped_modal.html
[3.024s] -- Up-to-date: /home/ws/ugv_ws/install/vizanti_server/share/vizanti_server//public/templates/rosbridge
[3.025s] -- Installing: /home/ws/ugv_ws/install/vizanti_server/share/vizanti_server//public/templates/rosbridge/rosbridge_script.js
[3.033s] -- Installing: /home/ws/ugv_ws/install/vizanti_server/share/vizanti_server//public/templates/rosbridge/rosbridge_modal.html
[3.033s] -- Installing: /home/ws/ugv_ws/install/vizanti_server/share/vizanti_server//public/templates/rosbridge/rosbridge_icon.html
[3.034s] -- Up-to-date: /home/ws/ugv_ws/install/vizanti_server/share/vizanti_server//public/templates/temperature
[3.035s] -- Installing: /home/ws/ugv_ws/install/vizanti_server/share/vizanti_server//public/templates/temperature/temperature_modal.html
[3.035s] -- Installing: /home/ws/ugv_ws/install/vizanti_server/share/vizanti_server//public/templates/temperature/temperature_script.js
[3.035s] -- Installing: /home/ws/ugv_ws/install/vizanti_server/share/vizanti_server//public/templates/temperature/temperature_icon.html
[3.035s] -- Up-to-date: /home/ws/ugv_ws/install/vizanti_server/share/vizanti_server//public/templates/reconfigure
[3.035s] -- Installing: /home/ws/ugv_ws/install/vizanti_server/share/vizanti_server//public/templates/reconfigure/reconfigure_icon.html
[3.035s] -- Installing: /home/ws/ugv_ws/install/vizanti_server/share/vizanti_server//public/templates/reconfigure/reconfigure_modal.html
[3.035s] -- Installing: /home/ws/ugv_ws/install/vizanti_server/share/vizanti_server//public/templates/reconfigure/reconfigure_script.js
[3.048s] -- Up-to-date: /home/ws/ugv_ws/install/vizanti_server/share/vizanti_server//public/templates/area
[3.048s] -- Installing: /home/ws/ugv_ws/install/vizanti_server/share/vizanti_server//public/templates/area/area_modal.html
[3.049s] -- Installing: /home/ws/ugv_ws/install/vizanti_server/share/vizanti_server//public/templates/area/area_view.html
[3.049s] -- Installing: /home/ws/ugv_ws/install/vizanti_server/share/vizanti_server//public/templates/area/area_icon.html
[3.049s] -- Installing: /home/ws/ugv_ws/install/vizanti_server/share/vizanti_server//public/templates/area/area_script.js
[3.049s] -- Up-to-date: /home/ws/ugv_ws/install/vizanti_server/share/vizanti_server//public/templates/range
[3.049s] -- Installing: /home/ws/ugv_ws/install/vizanti_server/share/vizanti_server//public/templates/range/range_modal.html
[3.049s] -- Installing: /home/ws/ugv_ws/install/vizanti_server/share/vizanti_server//public/templates/range/range_script.js
[3.049s] -- Installing: /home/ws/ugv_ws/install/vizanti_server/share/vizanti_server//public/templates/range/range_icon.html
[3.049s] -- Installing: /home/ws/ugv_ws/install/vizanti_server/share/vizanti_server//public/templates/range/range_view.html
[3.049s] -- Up-to-date: /home/ws/ugv_ws/install/vizanti_server/share/vizanti_server//public/templates/simplegoal
[3.049s] -- Installing: /home/ws/ugv_ws/install/vizanti_server/share/vizanti_server//public/templates/simplegoal/simplegoal_icon.html
[3.050s] -- Installing: /home/ws/ugv_ws/install/vizanti_server/share/vizanti_server//public/templates/simplegoal/simplegoal_script.js
[3.052s] -- Installing: /home/ws/ugv_ws/install/vizanti_server/share/vizanti_server//public/templates/simplegoal/simplegoal_view.html
[3.052s] -- Installing: /home/ws/ugv_ws/install/vizanti_server/share/vizanti_server//public/templates/simplegoal/simplegoal_modal.html
[3.053s] -- Up-to-date: /home/ws/ugv_ws/install/vizanti_server/share/vizanti_server//public/templates/markerarray
[3.053s] -- Installing: /home/ws/ugv_ws/install/vizanti_server/share/vizanti_server//public/templates/markerarray/markerarray_icon.html
[3.053s] -- Installing: /home/ws/ugv_ws/install/vizanti_server/share/vizanti_server//public/templates/markerarray/markerarray_script.js
[3.057s] -- Installing: /home/ws/ugv_ws/install/vizanti_server/share/vizanti_server//public/templates/markerarray/markerarray_view.html
[3.058s] -- Installing: /home/ws/ugv_ws/install/vizanti_server/share/vizanti_server//public/templates/markerarray/markerarray_modal.html
[3.060s] -- Up-to-date: /home/ws/ugv_ws/install/vizanti_server/share/vizanti_server//public/templates/rosbag
[3.060s] -- Installing: /home/ws/ugv_ws/install/vizanti_server/share/vizanti_server//public/templates/rosbag/rosbag_script.js
[3.069s] -- Installing: /home/ws/ugv_ws/install/vizanti_server/share/vizanti_server//public/templates/rosbag/rosbag_icon.html
[3.077s] -- Installing: /home/ws/ugv_ws/install/vizanti_server/share/vizanti_server//public/templates/rosbag/rosbag_modal.html
[3.077s] -- Up-to-date: /home/ws/ugv_ws/install/vizanti_server/share/vizanti_server//public/templates/satelite
[3.077s] -- Installing: /home/ws/ugv_ws/install/vizanti_server/share/vizanti_server//public/templates/satelite/satelite_script.js
[3.077s] -- Installing: /home/ws/ugv_ws/install/vizanti_server/share/vizanti_server//public/templates/satelite/satelite_view.html
[3.077s] -- Installing: /home/ws/ugv_ws/install/vizanti_server/share/vizanti_server//public/templates/satelite/satelite_modal.html
[3.077s] -- Installing: /home/ws/ugv_ws/install/vizanti_server/share/vizanti_server//public/templates/satelite/satelite_icon.html
[3.077s] -- Up-to-date: /home/ws/ugv_ws/install/vizanti_server/share/vizanti_server//public/templates/waypoints
[3.078s] -- Installing: /home/ws/ugv_ws/install/vizanti_server/share/vizanti_server//public/templates/waypoints/waypoints_icon.html
[3.078s] -- Installing: /home/ws/ugv_ws/install/vizanti_server/share/vizanti_server//public/templates/waypoints/waypoints_script.js
[3.078s] -- Installing: /home/ws/ugv_ws/install/vizanti_server/share/vizanti_server//public/templates/waypoints/waypoints_modal.html
[3.078s] -- Installing: /home/ws/ugv_ws/install/vizanti_server/share/vizanti_server//public/templates/waypoints/waypoints_view.html
[3.078s] -- Up-to-date: /home/ws/ugv_ws/install/vizanti_server/share/vizanti_server//public/templates/tf
[3.078s] -- Installing: /home/ws/ugv_ws/install/vizanti_server/share/vizanti_server//public/templates/tf/tf_icon.html
[3.084s] -- Installing: /home/ws/ugv_ws/install/vizanti_server/share/vizanti_server//public/templates/tf/tf_view.html
[3.085s] -- Installing: /home/ws/ugv_ws/install/vizanti_server/share/vizanti_server//public/templates/tf/tf_script.js
[3.085s] -- Installing: /home/ws/ugv_ws/install/vizanti_server/share/vizanti_server//public/templates/tf/tf_modal.html
[3.085s] -- Up-to-date: /home/ws/ugv_ws/install/vizanti_server/share/vizanti_server//public/templates/teleop
[3.085s] -- Installing: /home/ws/ugv_ws/install/vizanti_server/share/vizanti_server//public/templates/teleop/teleop_view.html
[3.085s] -- Installing: /home/ws/ugv_ws/install/vizanti_server/share/vizanti_server//public/templates/teleop/teleop_modal.html
[3.085s] -- Installing: /home/ws/ugv_ws/install/vizanti_server/share/vizanti_server//public/templates/teleop/teleop_icon.html
[3.085s] -- Installing: /home/ws/ugv_ws/install/vizanti_server/share/vizanti_server//public/templates/teleop/teleop_script.js
[3.085s] -- Up-to-date: /home/ws/ugv_ws/install/vizanti_server/share/vizanti_server//public/templates/gridcells
[3.086s] -- Installing: /home/ws/ugv_ws/install/vizanti_server/share/vizanti_server//public/templates/gridcells/gridcells_icon.html
[3.086s] -- Installing: /home/ws/ugv_ws/install/vizanti_server/share/vizanti_server//public/templates/gridcells/gridcells_script.js
[3.086s] -- Installing: /home/ws/ugv_ws/install/vizanti_server/share/vizanti_server//public/templates/gridcells/gridcells_modal.html
[3.086s] -- Installing: /home/ws/ugv_ws/install/vizanti_server/share/vizanti_server//public/templates/gridcells/gridcells_view.html
[3.086s] -- Up-to-date: /home/ws/ugv_ws/install/vizanti_server/share/vizanti_server//public/templates/path
[3.086s] -- Installing: /home/ws/ugv_ws/install/vizanti_server/share/vizanti_server//public/templates/path/path_modal.html
[3.086s] -- Installing: /home/ws/ugv_ws/install/vizanti_server/share/vizanti_server//public/templates/path/path_script.js
[3.086s] -- Installing: /home/ws/ugv_ws/install/vizanti_server/share/vizanti_server//public/templates/path/path_view.html
[3.086s] -- Installing: /home/ws/ugv_ws/install/vizanti_server/share/vizanti_server//public/templates/path/path_icon.html
[3.087s] -- Up-to-date: /home/ws/ugv_ws/install/vizanti_server/share/vizanti_server//public/templates/robotmodel
[3.087s] -- Installing: /home/ws/ugv_ws/install/vizanti_server/share/vizanti_server//public/templates/robotmodel/robotmodel_icon.html
[3.087s] -- Installing: /home/ws/ugv_ws/install/vizanti_server/share/vizanti_server//public/templates/robotmodel/robotmodel_view.html
[3.089s] -- Installing: /home/ws/ugv_ws/install/vizanti_server/share/vizanti_server//public/templates/robotmodel/robotmodel_modal.html
[3.092s] -- Installing: /home/ws/ugv_ws/install/vizanti_server/share/vizanti_server//public/templates/robotmodel/robotmodel_script.js
[3.096s] -- Up-to-date: /home/ws/ugv_ws/install/vizanti_server/share/vizanti_server//public/templates/initialpose
[3.096s] -- Installing: /home/ws/ugv_ws/install/vizanti_server/share/vizanti_server//public/templates/initialpose/initialpose_modal.html
[3.096s] -- Installing: /home/ws/ugv_ws/install/vizanti_server/share/vizanti_server//public/templates/initialpose/initialpose_script.js
[3.096s] -- Installing: /home/ws/ugv_ws/install/vizanti_server/share/vizanti_server//public/templates/initialpose/initialpose_view.html
[3.096s] -- Installing: /home/ws/ugv_ws/install/vizanti_server/share/vizanti_server//public/templates/initialpose/initialpose_icon.html
[3.097s] -- Up-to-date: /home/ws/ugv_ws/install/vizanti_server/share/vizanti_server//public/templates/button
[3.097s] -- Installing: /home/ws/ugv_ws/install/vizanti_server/share/vizanti_server//public/templates/button/button_icon.html
[3.104s] -- Installing: /home/ws/ugv_ws/install/vizanti_server/share/vizanti_server//public/templates/button/button_modal.html
[3.104s] -- Installing: /home/ws/ugv_ws/install/vizanti_server/share/vizanti_server//public/templates/button/button_script.js
[3.105s] -- Up-to-date: /home/ws/ugv_ws/install/vizanti_server/share/vizanti_server//public/templates/grid
[3.105s] -- Installing: /home/ws/ugv_ws/install/vizanti_server/share/vizanti_server//public/templates/grid/grid_script.js
[3.105s] -- Installing: /home/ws/ugv_ws/install/vizanti_server/share/vizanti_server//public/templates/grid/grid_icon.html
[3.105s] -- Installing: /home/ws/ugv_ws/install/vizanti_server/share/vizanti_server//public/templates/grid/grid_view.html
[3.105s] -- Installing: /home/ws/ugv_ws/install/vizanti_server/share/vizanti_server//public/templates/grid/grid_modal.html
[3.105s] -- Up-to-date: /home/ws/ugv_ws/install/vizanti_server/share/vizanti_server//public/templates/posearray
[3.105s] -- Installing: /home/ws/ugv_ws/install/vizanti_server/share/vizanti_server//public/templates/posearray/posearray_view.html
[3.105s] -- Installing: /home/ws/ugv_ws/install/vizanti_server/share/vizanti_server//public/templates/posearray/posearray_script.js
[3.105s] -- Installing: /home/ws/ugv_ws/install/vizanti_server/share/vizanti_server//public/templates/posearray/posearray_modal.html
[3.108s] -- Installing: /home/ws/ugv_ws/install/vizanti_server/share/vizanti_server//public/templates/posearray/posearray_icon.html
[3.108s] -- Up-to-date: /home/ws/ugv_ws/install/vizanti_server/share/vizanti_server//public/templates/altimeter
[3.109s] -- Installing: /home/ws/ugv_ws/install/vizanti_server/share/vizanti_server//public/templates/altimeter/altimeter_modal.html
[3.109s] -- Installing: /home/ws/ugv_ws/install/vizanti_server/share/vizanti_server//public/templates/altimeter/altimeter_icon.html
[3.109s] -- Installing: /home/ws/ugv_ws/install/vizanti_server/share/vizanti_server//public/templates/altimeter/altimeter_script.js
[3.111s] -- Installing: /home/ws/ugv_ws/install/vizanti_server/share/vizanti_server//public/templates/altimeter/altimeter_view.html
[3.111s] -- Up-to-date: /home/ws/ugv_ws/install/vizanti_server/share/vizanti_server//public/templates/settings
[3.111s] -- Installing: /home/ws/ugv_ws/install/vizanti_server/share/vizanti_server//public/templates/settings/settings_modal.html
[3.111s] -- Installing: /home/ws/ugv_ws/install/vizanti_server/share/vizanti_server//public/templates/settings/settings_script.js
[3.112s] -- Installing: /home/ws/ugv_ws/install/vizanti_server/share/vizanti_server//public/templates/settings/settings_icon.html
[3.112s] -- Up-to-date: /home/ws/ugv_ws/install/vizanti_server/share/vizanti_server//public/templates/add
[3.112s] -- Installing: /home/ws/ugv_ws/install/vizanti_server/share/vizanti_server//public/templates/add/add_modal.html
[3.120s] -- Installing: /home/ws/ugv_ws/install/vizanti_server/share/vizanti_server//public/templates/add/add_icon.html
[3.121s] -- Installing: /home/ws/ugv_ws/install/vizanti_server/share/vizanti_server//public/templates/add/add_script.js
[3.121s] -- Up-to-date: /home/ws/ugv_ws/install/vizanti_server/share/vizanti_server//public/templates/map
[3.121s] -- Installing: /home/ws/ugv_ws/install/vizanti_server/share/vizanti_server//public/templates/map/map_worker.js
[3.122s] -- Installing: /home/ws/ugv_ws/install/vizanti_server/share/vizanti_server//public/templates/map/map_script.js
[3.122s] -- Installing: /home/ws/ugv_ws/install/vizanti_server/share/vizanti_server//public/templates/map/map_view.html
[3.122s] -- Installing: /home/ws/ugv_ws/install/vizanti_server/share/vizanti_server//public/templates/map/map_modal.html
[3.122s] -- Installing: /home/ws/ugv_ws/install/vizanti_server/share/vizanti_server//public/templates/map/map_icon.html
[3.122s] -- Up-to-date: /home/ws/ugv_ws/install/vizanti_server/share/vizanti_server//public/templates/battery
[3.122s] -- Installing: /home/ws/ugv_ws/install/vizanti_server/share/vizanti_server//public/templates/battery/battery_script.js
[3.123s] -- Installing: /home/ws/ugv_ws/install/vizanti_server/share/vizanti_server//public/templates/battery/battery_icon.html
[3.123s] -- Installing: /home/ws/ugv_ws/install/vizanti_server/share/vizanti_server//public/templates/battery/battery_modal.html
[3.124s] -- Up-to-date: /home/ws/ugv_ws/install/vizanti_server/share/vizanti_server//public/templates/nodemgr
[3.142s] -- Installing: /home/ws/ugv_ws/install/vizanti_server/share/vizanti_server//public/templates/nodemgr/nodemgr_icon.html
[3.142s] -- Installing: /home/ws/ugv_ws/install/vizanti_server/share/vizanti_server//public/templates/nodemgr/nodemgr_script.js
[3.142s] -- Installing: /home/ws/ugv_ws/install/vizanti_server/share/vizanti_server//public/templates/nodemgr/nodemgr_modal.html
[3.142s] -- Installing: /home/ws/ugv_ws/install/vizanti_server/share/vizanti_server//public/index.html
[3.143s] -- Up-to-date: /home/ws/ugv_ws/install/vizanti_server/share/vizanti_server//public/assets
[3.143s] -- Installing: /home/ws/ugv_ws/install/vizanti_server/share/vizanti_server//public/assets/rosbridge_connected.svg
[3.143s] -- Installing: /home/ws/ugv_ws/install/vizanti_server/share/vizanti_server//public/assets/satelite.svg
[3.143s] -- Installing: /home/ws/ugv_ws/install/vizanti_server/share/vizanti_server//public/assets/waypoints.svg
[3.143s] -- Installing: /home/ws/ugv_ws/install/vizanti_server/share/vizanti_server//public/assets/node_restart.svg
[3.143s] -- Installing: /home/ws/ugv_ws/install/vizanti_server/share/vizanti_server//public/assets/marker.svg
[3.143s] -- Installing: /home/ws/ugv_ws/install/vizanti_server/share/vizanti_server//public/assets/settings.svg
[3.143s] -- Installing: /home/ws/ugv_ws/install/vizanti_server/share/vizanti_server//public/assets/battery_60.svg
[3.143s] -- Installing: /home/ws/ugv_ws/install/vizanti_server/share/vizanti_server//public/assets/altimeter_arrow_green.svg
[3.143s] -- Installing: /home/ws/ugv_ws/install/vizanti_server/share/vizanti_server//public/assets/path.svg
[3.143s] -- Installing: /home/ws/ugv_ws/install/vizanti_server/share/vizanti_server//public/assets/grid.svg
[3.144s] -- Installing: /home/ws/ugv_ws/install/vizanti_server/share/vizanti_server//public/assets/battery_80.svg
[3.144s] -- Installing: /home/ws/ugv_ws/install/vizanti_server/share/vizanti_server//public/assets/temp_hot.svg
[3.144s] -- Installing: /home/ws/ugv_ws/install/vizanti_server/share/vizanti_server//public/assets/posewithcovariancestamped.svg
[3.144s] -- Installing: /home/ws/ugv_ws/install/vizanti_server/share/vizanti_server//public/assets/button_false.svg
[3.144s] -- Installing: /home/ws/ugv_ws/install/vizanti_server/share/vizanti_server//public/assets/joypos.svg
[3.144s] -- Installing: /home/ws/ugv_ws/install/vizanti_server/share/vizanti_server//public/assets/gridcells.svg
[3.144s] -- Installing: /home/ws/ugv_ws/install/vizanti_server/share/vizanti_server//public/assets/posearray.svg
[3.144s] -- Installing: /home/ws/ugv_ws/install/vizanti_server/share/vizanti_server//public/assets/altimeter_green.svg
[3.145s] -- Installing: /home/ws/ugv_ws/install/vizanti_server/share/vizanti_server//public/assets/costmap.svg
[3.145s] -- Installing: /home/ws/ugv_ws/install/vizanti_server/share/vizanti_server//public/assets/temp_cold.svg
[3.145s] -- Installing: /home/ws/ugv_ws/install/vizanti_server/share/vizanti_server//public/assets/markerarray.svg
[3.146s] -- Installing: /home/ws/ugv_ws/install/vizanti_server/share/vizanti_server//public/assets/button_true.svg
[3.146s] -- Installing: /home/ws/ugv_ws/install/vizanti_server/share/vizanti_server//public/assets/nodemgr.svg
[3.147s] -- Installing: /home/ws/ugv_ws/install/vizanti_server/share/vizanti_server//public/assets/battery_100.svg
[3.147s] -- Installing: /home/ws/ugv_ws/install/vizanti_server/share/vizanti_server//public/assets/battery_20.svg
[3.156s] -- Installing: /home/ws/ugv_ws/install/vizanti_server/share/vizanti_server//public/assets/rawmap.svg
[3.156s] -- Installing: /home/ws/ugv_ws/install/vizanti_server/share/vizanti_server//public/assets/tile_loading.png
[3.156s] -- Up-to-date: /home/ws/ugv_ws/install/vizanti_server/share/vizanti_server//public/assets/robot_model
[3.156s] -- Installing: /home/ws/ugv_ws/install/vizanti_server/share/vizanti_server//public/assets/robot_model/_dog.png
[3.157s] -- Installing: /home/ws/ugv_ws/install/vizanti_server/share/vizanti_server//public/assets/robot_model/_tortoise.png
[3.157s] -- Installing: /home/ws/ugv_ws/install/vizanti_server/share/vizanti_server//public/assets/robot_model/_4wd.png
[3.164s] -- Installing: /home/ws/ugv_ws/install/vizanti_server/share/vizanti_server//public/assets/robot_model/_arrow.png
[3.164s] -- Installing: /home/ws/ugv_ws/install/vizanti_server/share/vizanti_server//public/assets/robot_model/_tuna.png
[3.164s] -- Installing: /home/ws/ugv_ws/install/vizanti_server/share/vizanti_server//public/assets/robot_model/_2wd.png
[3.170s] -- Installing: /home/ws/ugv_ws/install/vizanti_server/share/vizanti_server//public/assets/robot_model/_hatchback.png
[3.180s] -- Installing: /home/ws/ugv_ws/install/vizanti_server/share/vizanti_server//public/assets/robot_model/_pancake.png
[3.180s] -- Installing: /home/ws/ugv_ws/install/vizanti_server/share/vizanti_server//public/assets/robot_model/_orca.png
[3.180s] -- Installing: /home/ws/ugv_ws/install/vizanti_server/share/vizanti_server//public/assets/robot_model/_sandwich.png
[3.181s] -- Installing: /home/ws/ugv_ws/install/vizanti_server/share/vizanti_server//public/assets/robot_model/_rccar.png
[3.181s] -- Up-to-date: /home/ws/ugv_ws/install/vizanti_server/share/vizanti_server//public/assets/icon
[3.181s] -- Installing: /home/ws/ugv_ws/install/vizanti_server/share/vizanti_server//public/assets/icon/preview.jpg
[3.195s] -- Installing: /home/ws/ugv_ws/install/vizanti_server/share/vizanti_server//public/assets/icon/icon.svg
[3.195s] -- Installing: /home/ws/ugv_ws/install/vizanti_server/share/vizanti_server//public/assets/icon/192.png
[3.196s] -- Installing: /home/ws/ugv_ws/install/vizanti_server/share/vizanti_server//public/assets/icon/32.png
[3.197s] -- Installing: /home/ws/ugv_ws/install/vizanti_server/share/vizanti_server//public/assets/icon/manifest.json
[3.204s] -- Installing: /home/ws/ugv_ws/install/vizanti_server/share/vizanti_server//public/assets/icon/96.png
[3.204s] -- Installing: /home/ws/ugv_ws/install/vizanti_server/share/vizanti_server//public/assets/icon/16.png
[3.204s] -- Installing: /home/ws/ugv_ws/install/vizanti_server/share/vizanti_server//public/assets/icon/152.png
[3.204s] -- Installing: /home/ws/ugv_ws/install/vizanti_server/share/vizanti_server//public/assets/icon/512.png
[3.205s] -- Installing: /home/ws/ugv_ws/install/vizanti_server/share/vizanti_server//public/assets/rosbridge_reconnect.svg
[3.205s] -- Installing: /home/ws/ugv_ws/install/vizanti_server/share/vizanti_server//public/assets/add.svg
[3.205s] -- Installing: /home/ws/ugv_ws/install/vizanti_server/share/vizanti_server//public/assets/node_kill.svg
[3.208s] -- Installing: /home/ws/ugv_ws/install/vizanti_server/share/vizanti_server//public/assets/pointcloud.svg
[3.208s] -- Installing: /home/ws/ugv_ws/install/vizanti_server/share/vizanti_server//public/assets/altimeter.svg
[3.208s] -- Installing: /home/ws/ugv_ws/install/vizanti_server/share/vizanti_server//public/assets/image.svg
[3.209s] -- Installing: /home/ws/ugv_ws/install/vizanti_server/share/vizanti_server//public/assets/reconfigure.svg
[3.209s] -- Installing: /home/ws/ugv_ws/install/vizanti_server/share/vizanti_server//public/assets/simplegoal.png
[3.209s] -- Installing: /home/ws/ugv_ws/install/vizanti_server/share/vizanti_server//public/assets/battery_40.svg
[3.209s] -- Installing: /home/ws/ugv_ws/install/vizanti_server/share/vizanti_server//public/assets/robotmodel.svg
[3.209s] -- Installing: /home/ws/ugv_ws/install/vizanti_server/share/vizanti_server//public/assets/temp_warm.svg
[3.210s] -- Installing: /home/ws/ugv_ws/install/vizanti_server/share/vizanti_server//public/assets/tile_error.png
[3.210s] -- Installing: /home/ws/ugv_ws/install/vizanti_server/share/vizanti_server//public/assets/altimeter_arrow.svg
[3.215s] -- Installing: /home/ws/ugv_ws/install/vizanti_server/share/vizanti_server//public/assets/rosbag_active.svg
[3.215s] -- Installing: /home/ws/ugv_ws/install/vizanti_server/share/vizanti_server//public/assets/folder.svg
[3.215s] -- Installing: /home/ws/ugv_ws/install/vizanti_server/share/vizanti_server//public/assets/map.svg
[3.215s] -- Installing: /home/ws/ugv_ws/install/vizanti_server/share/vizanti_server//public/assets/battery_unknown.svg
[3.215s] -- Installing: /home/ws/ugv_ws/install/vizanti_server/share/vizanti_server//public/assets/temp_unknown.svg
[3.215s] -- Installing: /home/ws/ugv_ws/install/vizanti_server/share/vizanti_server//public/assets/simplegoal.svg
[3.225s] -- Installing: /home/ws/ugv_ws/install/vizanti_server/share/vizanti_server//public/assets/button.svg
[3.225s] -- Installing: /home/ws/ugv_ws/install/vizanti_server/share/vizanti_server//public/assets/range.svg
[3.225s] -- Installing: /home/ws/ugv_ws/install/vizanti_server/share/vizanti_server//public/assets/initialpose.png
[3.225s] -- Installing: /home/ws/ugv_ws/install/vizanti_server/share/vizanti_server//public/assets/initialpose.svg
[3.225s] -- Installing: /home/ws/ugv_ws/install/vizanti_server/share/vizanti_server//public/assets/rosbridge_disconnected.svg
[3.225s] -- Installing: /home/ws/ugv_ws/install/vizanti_server/share/vizanti_server//public/assets/scan.svg
[3.225s] -- Installing: /home/ws/ugv_ws/install/vizanti_server/share/vizanti_server//public/assets/joystick.svg
[3.225s] -- Installing: /home/ws/ugv_ws/install/vizanti_server/share/vizanti_server//public/assets/rosbag.svg
[3.225s] -- Installing: /home/ws/ugv_ws/install/vizanti_server/share/vizanti_server//public/assets/area.svg
[3.225s] -- Installing: /home/ws/ugv_ws/install/vizanti_server/share/vizanti_server//public/assets/default_layout.json
[3.232s] -- Installing: /home/ws/ugv_ws/install/vizanti_server/share/vizanti_server//public/assets/tf.svg
[3.232s] -- Up-to-date: /home/ws/ugv_ws/install/vizanti_server/share/vizanti_server//public/js
[3.232s] -- Up-to-date: /home/ws/ugv_ws/install/vizanti_server/share/vizanti_server//public/js/lib
[3.232s] -- Installing: /home/ws/ugv_ws/install/vizanti_server/share/vizanti_server//public/js/lib/nipplejs.js
[3.233s] -- Installing: /home/ws/ugv_ws/install/vizanti_server/share/vizanti_server//public/js/lib/nipplejs.min.js
[3.233s] -- Installing: /home/ws/ugv_ws/install/vizanti_server/share/vizanti_server//public/js/lib/quaternionjs_LICENSE.txt
[3.233s] -- Installing: /home/ws/ugv_ws/install/vizanti_server/share/vizanti_server//public/js/lib/nipplejs_LICENSE.txt
[3.233s] -- Installing: /home/ws/ugv_ws/install/vizanti_server/share/vizanti_server//public/js/lib/roslibjs_LICENSE.txt
[3.233s] -- Installing: /home/ws/ugv_ws/install/vizanti_server/share/vizanti_server//public/js/lib/roslib.min.js
[3.234s] -- Installing: /home/ws/ugv_ws/install/vizanti_server/share/vizanti_server//public/js/lib/quaternion.min.js
[3.235s] -- Installing: /home/ws/ugv_ws/install/vizanti_server/share/vizanti_server//public/js/main.js
[3.235s] -- Installing: /home/ws/ugv_ws/install/vizanti_server/share/vizanti_server//public/js/setup.js
[3.236s] -- Up-to-date: /home/ws/ugv_ws/install/vizanti_server/share/vizanti_server//public/js/modules
[3.236s] -- Installing: /home/ws/ugv_ws/install/vizanti_server/share/vizanti_server//public/js/modules/elements.js
[3.240s] -- Installing: /home/ws/ugv_ws/install/vizanti_server/share/vizanti_server//public/js/modules/rosbridge.js
[3.240s] -- Installing: /home/ws/ugv_ws/install/vizanti_server/share/vizanti_server//public/js/modules/joystick.js
[3.240s] -- Installing: /home/ws/ugv_ws/install/vizanti_server/share/vizanti_server//public/js/modules/view.js
[3.241s] -- Installing: /home/ws/ugv_ws/install/vizanti_server/share/vizanti_server//public/js/modules/navsat.js
[3.241s] -- Installing: /home/ws/ugv_ws/install/vizanti_server/share/vizanti_server//public/js/modules/persistent.js
[3.241s] -- Installing: /home/ws/ugv_ws/install/vizanti_server/share/vizanti_server//public/js/modules/tf.js
[3.241s] -- Installing: /home/ws/ugv_ws/install/vizanti_server/share/vizanti_server//public/js/modules/status.js
[3.241s] -- Installing: /home/ws/ugv_ws/install/vizanti_server/share/vizanti_server//public/js/modules/util.js
[3.245s] -- Installing: /home/ws/ugv_ws/install/vizanti_server/share/vizanti_server//public/js/modules/database.js
[3.245s] -- Installing: /home/ws/ugv_ws/install/vizanti_server/share/vizanti_server//public/iconbar.html
[3.246s] -- Up-to-date: /home/ws/ugv_ws/install/vizanti_server/share/vizanti_server//public/css
[3.246s] -- Installing: /home/ws/ugv_ws/install/vizanti_server/share/vizanti_server//public/css/style.css
[3.247s] -- Installing: /home/ws/ugv_ws/install/vizanti_server/share/vizanti_server//public/head.html
[3.247s] -- Installing: /home/ws/ugv_ws/install/vizanti_server/lib/vizanti_server/server.py
[3.248s] -- Installing: /home/ws/ugv_ws/install/vizanti_server/lib/vizanti_server/service_handler.py
[3.249s] -- Installing: /home/ws/ugv_ws/install/vizanti_server/lib/vizanti_server/rosapi_launch.py
[3.249s] -- Up-to-date: /home/ws/ugv_ws/install/vizanti_server/share/ament_index/resource_index/package_run_dependencies/vizanti_server
[3.250s] -- Installing: /home/ws/ugv_ws/install/vizanti_server/share/ament_index/resource_index/parent_prefix_path/vizanti_server
[3.253s] -- Up-to-date: /home/ws/ugv_ws/install/vizanti_server/share/vizanti_server/environment/ament_prefix_path.sh
[3.253s] -- Installing: /home/ws/ugv_ws/install/vizanti_server/share/vizanti_server/environment/ament_prefix_path.dsv
[3.253s] -- Up-to-date: /home/ws/ugv_ws/install/vizanti_server/share/vizanti_server/environment/path.sh
[3.253s] -- Installing: /home/ws/ugv_ws/install/vizanti_server/share/vizanti_server/environment/path.dsv
[3.253s] -- Up-to-date: /home/ws/ugv_ws/install/vizanti_server/share/vizanti_server/local_setup.bash
[3.260s] -- Up-to-date: /home/ws/ugv_ws/install/vizanti_server/share/vizanti_server/local_setup.sh
[3.260s] -- Up-to-date: /home/ws/ugv_ws/install/vizanti_server/share/vizanti_server/local_setup.zsh
[3.260s] -- Installing: /home/ws/ugv_ws/install/vizanti_server/share/vizanti_server/local_setup.dsv
[3.260s] -- Installing: /home/ws/ugv_ws/install/vizanti_server/share/vizanti_server/package.dsv
[3.260s] -- Up-to-date: /home/ws/ugv_ws/install/vizanti_server/share/ament_index/resource_index/packages/vizanti_server
[3.260s] -- Up-to-date: /home/ws/ugv_ws/install/vizanti_server/share/vizanti_server/cmake/vizanti_serverConfig.cmake
[3.260s] -- Up-to-date: /home/ws/ugv_ws/install/vizanti_server/share/vizanti_server/cmake/vizanti_serverConfig-version.cmake
[3.260s] -- Installing: /home/ws/ugv_ws/install/vizanti_server/share/vizanti_server/package.xml
[3.261s] Invoked command in '/home/ws/ugv_ws/build/vizanti_server' returned '0': CMAKE_PREFIX_PATH=/home/ws/ugv_ws/install/vizanti_msgs:/home/ws/ugv_ws/install/vizanti:/home/ws/ugv_ws/install/vizanti_server:/home/ws/ugv_ws/install/vizanti_demos:/home/ws/ugv_ws/install/vizanti_cpp:/home/ws/ugv_ws/install/ugv_slam:/home/ws/ugv_ws/install/ugv_nav:/home/ws/ugv_ws/install/ugv_interface:/home/ws/ugv_ws/install/ugv_gazebo:/home/ws/ugv_ws/install/ugv_description:/home/ws/ugv_ws/install/ugv_base_node:/home/ws/ugv_ws/install/teb_local_planner:/home/ws/ugv_ws/install/teb_msgs:/home/ws/ugv_ws/install/slam_gmapping:/home/ws/ugv_ws/install/robot_pose_publisher:/home/ws/ugv_ws/install/rf2o_laser_odometry:/home/ws/ugv_ws/install/openslam_gmapping:/home/ws/ugv_ws/install/ldlidar:/home/ws/ugv_ws/install/explore_lite:/home/ws/ugv_ws/install/emcl2:/home/ws/ugv_ws/install/costmap_converter:/home/ws/ugv_ws/install/costmap_converter_msgs:/home/ws/ugv_ws/install/cartographer:/home/ws/ugv_ws/install/apriltag_ros:/home/ws/ugv_ws/install/apriltag_msgs:/home/ws/ugv_ws/install/apriltag:/home/ws/ugv_ws/install/ugv_web_app:/home/ws/ugv_ws/install/ugv_vision:/home/ws/ugv_ws/install/ugv_tools:/home/ws/ugv_ws/install/ugv_chat_ai:/home/ws/ugv_ws/install/ugv_bringup:/opt/ros/humble /usr/bin/cmake --install /home/ws/ugv_ws/build/vizanti_server
