[35m[1mConsolidate compiler generated dependencies of target emcl2_node[0m
[ 11%] [32mBuilding CXX object CMakeFiles/emcl2_node.dir/src/Mcl.cpp.o[0m
[ 22%] [32mBuilding CXX object CMakeFiles/emcl2_node.dir/src/LikelihoodFieldMap.cpp.o[0m
[ 33%] [32mBuilding CXX object CMakeFiles/emcl2_node.dir/src/emcl2_node.cpp.o[0m
[ 44%] [32mBuilding CXX object CMakeFiles/emcl2_node.dir/src/Scan.cpp.o[0m
[ 55%] [32mBuilding CXX object CMakeFiles/emcl2_node.dir/src/ExpResetMcl2.cpp.o[0m
[ 66%] [32m[1mLinking CXX executable emcl2_node[0m
[100%] Built target emcl2_node
-- Install configuration: ""
-- Installing: /home/ws/ugv_ws/install/emcl2/lib/emcl2/test.bash
-- Installing: /home/ws/ugv_ws/install/emcl2/lib/emcl2/test_gui.bash
-- Up-to-date: /home/ws/ugv_ws/install/emcl2/include
-- Up-to-date: /home/ws/ugv_ws/install/emcl2/include/emcl2
-- Installing: /home/ws/ugv_ws/install/emcl2/include/emcl2/Particle.h
-- Installing: /home/ws/ugv_ws/install/emcl2/include/emcl2/OdomModel.h
-- Installing: /home/ws/ugv_ws/install/emcl2/include/emcl2/LikelihoodFieldMap.h
-- Installing: /home/ws/ugv_ws/install/emcl2/include/emcl2/emcl2_node.h
-- Installing: /home/ws/ugv_ws/install/emcl2/include/emcl2/Scan.h
-- Installing: /home/ws/ugv_ws/install/emcl2/include/emcl2/Mcl.h
-- Installing: /home/ws/ugv_ws/install/emcl2/include/emcl2/Pose.h
-- Installing: /home/ws/ugv_ws/install/emcl2/include/emcl2/ExpResetMcl2.h
-- Installing: /home/ws/ugv_ws/install/emcl2/lib/emcl2/emcl2_node
-- Set runtime path of "/home/ws/ugv_ws/install/emcl2/lib/emcl2/emcl2_node" to ""
-- Up-to-date: /home/ws/ugv_ws/install/emcl2/share/emcl2/config
-- Installing: /home/ws/ugv_ws/install/emcl2/share/emcl2/config/emcl2_quick_start.param.yaml
-- Installing: /home/ws/ugv_ws/install/emcl2/share/emcl2/config/emcl2.param.yaml
-- Up-to-date: /home/ws/ugv_ws/install/emcl2/share/emcl2/launch
-- Installing: /home/ws/ugv_ws/install/emcl2/share/emcl2/launch/emcl2.launch.py
-- Up-to-date: /home/ws/ugv_ws/install/emcl2/share/emcl2/test
-- Installing: /home/ws/ugv_ws/install/emcl2/share/emcl2/test/test.bash
-- Installing: /home/ws/ugv_ws/install/emcl2/share/emcl2/test/demo.bash
-- Installing: /home/ws/ugv_ws/install/emcl2/share/emcl2/test/test_gui.bash
-- Installing: /home/ws/ugv_ws/install/emcl2/share/emcl2/test/test.launch.xml
-- Up-to-date: /home/ws/ugv_ws/install/emcl2/share/ament_index/resource_index/package_run_dependencies/emcl2
-- Installing: /home/ws/ugv_ws/install/emcl2/share/ament_index/resource_index/parent_prefix_path/emcl2
-- Up-to-date: /home/ws/ugv_ws/install/emcl2/share/emcl2/environment/ament_prefix_path.sh
-- Installing: /home/ws/ugv_ws/install/emcl2/share/emcl2/environment/ament_prefix_path.dsv
-- Up-to-date: /home/ws/ugv_ws/install/emcl2/share/emcl2/environment/path.sh
-- Installing: /home/ws/ugv_ws/install/emcl2/share/emcl2/environment/path.dsv
-- Up-to-date: /home/ws/ugv_ws/install/emcl2/share/emcl2/local_setup.bash
-- Up-to-date: /home/ws/ugv_ws/install/emcl2/share/emcl2/local_setup.sh
-- Up-to-date: /home/ws/ugv_ws/install/emcl2/share/emcl2/local_setup.zsh
-- Installing: /home/ws/ugv_ws/install/emcl2/share/emcl2/local_setup.dsv
-- Installing: /home/ws/ugv_ws/install/emcl2/share/emcl2/package.dsv
-- Up-to-date: /home/ws/ugv_ws/install/emcl2/share/ament_index/resource_index/packages/emcl2
-- Up-to-date: /home/ws/ugv_ws/install/emcl2/share/emcl2/cmake/ament_cmake_export_dependencies-extras.cmake
-- Up-to-date: /home/ws/ugv_ws/install/emcl2/share/emcl2/cmake/ament_cmake_export_include_directories-extras.cmake
-- Up-to-date: /home/ws/ugv_ws/install/emcl2/share/emcl2/cmake/emcl2Config.cmake
-- Up-to-date: /home/ws/ugv_ws/install/emcl2/share/emcl2/cmake/emcl2Config-version.cmake
-- Installing: /home/ws/ugv_ws/install/emcl2/share/emcl2/package.xml
