[0.018s] Invoking command in '/home/ws/ugv_ws/build/ugv_description': CMAKE_PREFIX_PATH=${CMAKE_PREFIX_PATH}:/home/ws/ugv_ws/install/ugv_web_app:/home/ws/ugv_ws/install/ugv_vision:/home/ws/ugv_ws/install/ugv_tools:/home/ws/ugv_ws/install/ugv_chat_ai:/home/ws/ugv_ws/install/ugv_bringup:/home/ws/ugv_ws/install/robot_pose_publisher:/home/ws/ugv_roarm_ws/install/ugv_roarm_bringup:/home/ws/roarm_ws/install/roarm_vision:/home/ws/roarm_ws/install/roarm_driver:/opt/ros/humble /usr/bin/cmake /home/ws/ugv_ws/src/ugv_main/ugv_description -DAMENT_CMAKE_SYMLINK_INSTALL=1 -DCMAKE_INSTALL_PREFIX=/home/ws/ugv_ws/install/ugv_description
[0.093s] -- The C compiler identification is GNU 11.4.0
[0.159s] -- The CXX compiler identification is GNU 11.4.0
[0.167s] -- Detecting C compiler ABI info
[0.246s] -- Detecting C compiler ABI info - done
[0.256s] -- Check for working C compiler: /usr/bin/cc - skipped
[0.257s] -- Detecting C compile features
[0.257s] -- Detecting C compile features - done
[0.261s] -- Detecting CXX compiler ABI info
[0.351s] -- Detecting CXX compiler ABI info - done
[0.361s] -- Check for working CXX compiler: /usr/bin/c++ - skipped
[0.362s] -- Detecting CXX compile features
[0.362s] -- Detecting CXX compile features - done
[0.374s] -- Found ament_cmake: 1.3.10 (/opt/ros/humble/share/ament_cmake/cmake)
[0.625s] -- Found Python3: /usr/bin/python3 (found version "3.10.12") found components: Interpreter 
[0.726s] -- Override CMake install command with custom implementation using symlinks instead of copying resources
[0.852s] -- Found rosidl_default_generators: 1.2.0 (/opt/ros/humble/share/rosidl_default_generators/cmake)
[0.875s] -- Using all available rosidl_typesupport_c: rosidl_typesupport_fastrtps_c;rosidl_typesupport_introspection_c
[0.902s] -- Found rosidl_adapter: 3.1.5 (/opt/ros/humble/share/rosidl_adapter/cmake)
[1.016s] -- Using all available rosidl_typesupport_cpp: rosidl_typesupport_fastrtps_cpp;rosidl_typesupport_introspection_cpp
[1.208s] -- Configuring done
[1.210s] -- Generating done
[1.213s] -- Build files have been written to: /home/ws/ugv_ws/build/ugv_description
[1.219s] Invoked command in '/home/ws/ugv_ws/build/ugv_description' returned '0': CMAKE_PREFIX_PATH=${CMAKE_PREFIX_PATH}:/home/ws/ugv_ws/install/ugv_web_app:/home/ws/ugv_ws/install/ugv_vision:/home/ws/ugv_ws/install/ugv_tools:/home/ws/ugv_ws/install/ugv_chat_ai:/home/ws/ugv_ws/install/ugv_bringup:/home/ws/ugv_ws/install/robot_pose_publisher:/home/ws/ugv_roarm_ws/install/ugv_roarm_bringup:/home/ws/roarm_ws/install/roarm_vision:/home/ws/roarm_ws/install/roarm_driver:/opt/ros/humble /usr/bin/cmake /home/ws/ugv_ws/src/ugv_main/ugv_description -DAMENT_CMAKE_SYMLINK_INSTALL=1 -DCMAKE_INSTALL_PREFIX=/home/ws/ugv_ws/install/ugv_description
[1.220s] Invoking command in '/home/ws/ugv_ws/build/ugv_description': CMAKE_PREFIX_PATH=${CMAKE_PREFIX_PATH}:/home/ws/ugv_ws/install/ugv_web_app:/home/ws/ugv_ws/install/ugv_vision:/home/ws/ugv_ws/install/ugv_tools:/home/ws/ugv_ws/install/ugv_chat_ai:/home/ws/ugv_ws/install/ugv_bringup:/home/ws/ugv_ws/install/robot_pose_publisher:/home/ws/ugv_roarm_ws/install/ugv_roarm_bringup:/home/ws/roarm_ws/install/roarm_vision:/home/ws/roarm_ws/install/roarm_driver:/opt/ros/humble /usr/bin/cmake --build /home/ws/ugv_ws/build/ugv_description -- -j4 -l4
[1.263s] Invoked command in '/home/ws/ugv_ws/build/ugv_description' returned '0': CMAKE_PREFIX_PATH=${CMAKE_PREFIX_PATH}:/home/ws/ugv_ws/install/ugv_web_app:/home/ws/ugv_ws/install/ugv_vision:/home/ws/ugv_ws/install/ugv_tools:/home/ws/ugv_ws/install/ugv_chat_ai:/home/ws/ugv_ws/install/ugv_bringup:/home/ws/ugv_ws/install/robot_pose_publisher:/home/ws/ugv_roarm_ws/install/ugv_roarm_bringup:/home/ws/roarm_ws/install/roarm_vision:/home/ws/roarm_ws/install/roarm_driver:/opt/ros/humble /usr/bin/cmake --build /home/ws/ugv_ws/build/ugv_description -- -j4 -l4
[1.299s] Invoking command in '/home/ws/ugv_ws/build/ugv_description': CMAKE_PREFIX_PATH=${CMAKE_PREFIX_PATH}:/home/ws/ugv_ws/install/ugv_web_app:/home/ws/ugv_ws/install/ugv_vision:/home/ws/ugv_ws/install/ugv_tools:/home/ws/ugv_ws/install/ugv_chat_ai:/home/ws/ugv_ws/install/ugv_bringup:/home/ws/ugv_ws/install/robot_pose_publisher:/home/ws/ugv_roarm_ws/install/ugv_roarm_bringup:/home/ws/roarm_ws/install/roarm_vision:/home/ws/roarm_ws/install/roarm_driver:/opt/ros/humble /usr/bin/cmake --install /home/ws/ugv_ws/build/ugv_description
[1.309s] -- Install configuration: ""
[1.309s] -- Execute custom install script
[1.310s] -- Symlinking: /home/ws/ugv_ws/install/ugv_description/share/ugv_description/launch/display.launch.py
[1.319s] -- Symlinking: /home/ws/ugv_ws/install/ugv_description/share/ugv_description/launch/gazebo.launch.py
[1.330s] -- Symlinking: /home/ws/ugv_ws/install/ugv_description/share/ugv_description/meshes/bases/rasp_rover_base.stl
[1.340s] -- Symlinking: /home/ws/ugv_ws/install/ugv_description/share/ugv_description/meshes/bases/ugv_beast_base.stl
[1.350s] -- Symlinking: /home/ws/ugv_ws/install/ugv_description/share/ugv_description/meshes/bases/ugv_rover_base.stl
[1.360s] -- Symlinking: /home/ws/ugv_ws/install/ugv_description/share/ugv_description/meshes/sensors/3d_camera_link.stl
[1.370s] -- Symlinking: /home/ws/ugv_ws/install/ugv_description/share/ugv_description/meshes/sensors/base_lidar_link.stl
[1.381s] -- Symlinking: /home/ws/ugv_ws/install/ugv_description/share/ugv_description/meshes/sensors/pt/pt_base_link.stl
[1.390s] -- Symlinking: /home/ws/ugv_ws/install/ugv_description/share/ugv_description/meshes/sensors/pt/pt_camera_link.stl
[1.401s] -- Symlinking: /home/ws/ugv_ws/install/ugv_description/share/ugv_description/meshes/sensors/pt/pt_link1.stl
[1.411s] -- Symlinking: /home/ws/ugv_ws/install/ugv_description/share/ugv_description/meshes/sensors/pt/pt_link2.stl
[1.421s] -- Symlinking: /home/ws/ugv_ws/install/ugv_description/share/ugv_description/meshes/wheels/beast/left_down_wheel_link.stl
[1.431s] -- Symlinking: /home/ws/ugv_ws/install/ugv_description/share/ugv_description/meshes/wheels/beast/left_up_wheel_link.stl
[1.440s] -- Symlinking: /home/ws/ugv_ws/install/ugv_description/share/ugv_description/meshes/wheels/beast/right_down_wheel_link.stl
[1.450s] -- Symlinking: /home/ws/ugv_ws/install/ugv_description/share/ugv_description/meshes/wheels/beast/right_up_wheel_link.stl
[1.461s] -- Symlinking: /home/ws/ugv_ws/install/ugv_description/share/ugv_description/meshes/wheels/rover/left_down_wheel_link.stl
[1.471s] -- Symlinking: /home/ws/ugv_ws/install/ugv_description/share/ugv_description/meshes/wheels/rover/left_up_wheel_link.stl
[1.480s] -- Symlinking: /home/ws/ugv_ws/install/ugv_description/share/ugv_description/meshes/wheels/rover/right_down_wheel_link.stl
[1.490s] -- Symlinking: /home/ws/ugv_ws/install/ugv_description/share/ugv_description/meshes/wheels/rover/right_up_wheel_link.stl
[1.501s] -- Symlinking: /home/ws/ugv_ws/install/ugv_description/share/ugv_description/urdf/bases/empty.urdf
[1.511s] -- Symlinking: /home/ws/ugv_ws/install/ugv_description/share/ugv_description/urdf/bases/rasp_rover.xacro
[1.521s] -- Symlinking: /home/ws/ugv_ws/install/ugv_description/share/ugv_description/urdf/bases/ugv_beast.xacro
[1.531s] -- Symlinking: /home/ws/ugv_ws/install/ugv_description/share/ugv_description/urdf/bases/ugv_rover.xacro
[1.541s] -- Symlinking: /home/ws/ugv_ws/install/ugv_description/share/ugv_description/urdf/gazebo/rasp_rover.gazebo
[1.551s] -- Symlinking: /home/ws/ugv_ws/install/ugv_description/share/ugv_description/urdf/gazebo/ugv_beast.gazebo
[1.561s] -- Symlinking: /home/ws/ugv_ws/install/ugv_description/share/ugv_description/urdf/gazebo/ugv_rover.gazebo
[1.571s] -- Symlinking: /home/ws/ugv_ws/install/ugv_description/share/ugv_description/urdf/materials.xacro
[1.581s] -- Symlinking: /home/ws/ugv_ws/install/ugv_description/share/ugv_description/urdf/sensors/3d_camera.xacro
[1.591s] -- Symlinking: /home/ws/ugv_ws/install/ugv_description/share/ugv_description/urdf/sensors/lidar.xacro
[1.600s] -- Symlinking: /home/ws/ugv_ws/install/ugv_description/share/ugv_description/urdf/sensors/pt.xacro
[1.611s] -- Symlinking: /home/ws/ugv_ws/install/ugv_description/share/ugv_description/urdf/wheels/beast_wheel.xacro
[1.620s] -- Symlinking: /home/ws/ugv_ws/install/ugv_description/share/ugv_description/urdf/wheels/rover_wheel.xacro
[1.631s] -- Symlinking: /home/ws/ugv_ws/install/ugv_description/share/ugv_description/rviz/view_description.rviz
[1.641s] -- Symlinking: /home/ws/ugv_ws/install/ugv_description/share/ugv_description/config/ros2_controllers.yaml
[1.652s] -- Symlinking: /home/ws/ugv_ws/install/ugv_description/share/ament_index/resource_index/package_run_dependencies/ugv_description
[1.662s] -- Symlinking: /home/ws/ugv_ws/install/ugv_description/share/ament_index/resource_index/parent_prefix_path/ugv_description
[1.672s] -- Symlinking: /home/ws/ugv_ws/install/ugv_description/share/ugv_description/environment/ament_prefix_path.sh
[1.682s] -- Symlinking: /home/ws/ugv_ws/install/ugv_description/share/ugv_description/environment/ament_prefix_path.dsv
[1.692s] -- Symlinking: /home/ws/ugv_ws/install/ugv_description/share/ugv_description/environment/path.sh
[1.702s] -- Symlinking: /home/ws/ugv_ws/install/ugv_description/share/ugv_description/environment/path.dsv
[1.712s] -- Symlinking: /home/ws/ugv_ws/install/ugv_description/share/ugv_description/local_setup.bash
[1.722s] -- Symlinking: /home/ws/ugv_ws/install/ugv_description/share/ugv_description/local_setup.sh
[1.733s] -- Symlinking: /home/ws/ugv_ws/install/ugv_description/share/ugv_description/local_setup.zsh
[1.744s] -- Symlinking: /home/ws/ugv_ws/install/ugv_description/share/ugv_description/local_setup.dsv
[1.756s] -- Symlinking: /home/ws/ugv_ws/install/ugv_description/share/ugv_description/package.dsv
[1.766s] -- Symlinking: /home/ws/ugv_ws/install/ugv_description/share/ament_index/resource_index/packages/ugv_description
[1.777s] -- Symlinking: /home/ws/ugv_ws/install/ugv_description/share/ugv_description/cmake/ament_cmake_export_dependencies-extras.cmake
[1.787s] -- Symlinking: /home/ws/ugv_ws/install/ugv_description/share/ugv_description/cmake/ugv_descriptionConfig.cmake
[1.797s] -- Symlinking: /home/ws/ugv_ws/install/ugv_description/share/ugv_description/cmake/ugv_descriptionConfig-version.cmake
[1.807s] -- Symlinking: /home/ws/ugv_ws/install/ugv_description/share/ugv_description/package.xml
[1.818s] Invoked command in '/home/ws/ugv_ws/build/ugv_description' returned '0': CMAKE_PREFIX_PATH=${CMAKE_PREFIX_PATH}:/home/ws/ugv_ws/install/ugv_web_app:/home/ws/ugv_ws/install/ugv_vision:/home/ws/ugv_ws/install/ugv_tools:/home/ws/ugv_ws/install/ugv_chat_ai:/home/ws/ugv_ws/install/ugv_bringup:/home/ws/ugv_ws/install/robot_pose_publisher:/home/ws/ugv_roarm_ws/install/ugv_roarm_bringup:/home/ws/roarm_ws/install/roarm_vision:/home/ws/roarm_ws/install/roarm_driver:/opt/ros/humble /usr/bin/cmake --install /home/ws/ugv_ws/build/ugv_description
