[0.038s] Invoking command in '/home/ws/ugv_ws/build/apriltag_msgs': CMAKE_PREFIX_PATH=${CMAKE_PREFIX_PATH}:/home/ws/ugv_ws/install/ugv_web_app:/home/ws/ugv_ws/install/ugv_vision:/home/ws/ugv_ws/install/ugv_tools:/home/ws/ugv_ws/install/ugv_chat_ai:/home/ws/ugv_ws/install/ugv_bringup:/opt/ros/humble /usr/bin/cmake --build /home/ws/ugv_ws/build/apriltag_msgs -- -j4 -l4
[0.251s] -- Found std_msgs: 4.2.4 (/opt/ros/humble/share/std_msgs/cmake)
[0.673s] -- Found rosidl_generator_c: 3.1.5 (/opt/ros/humble/share/rosidl_generator_c/cmake)
[0.676s] -- Found rosidl_adapter: 3.1.5 (/opt/ros/humble/share/rosidl_adapter/cmake)
[0.688s] -- Found rosidl_generator_cpp: 3.1.5 (/opt/ros/humble/share/rosidl_generator_cpp/cmake)
[0.712s] -- Using all available rosidl_typesupport_c: rosidl_typesupport_fastrtps_c;rosidl_typesupport_introspection_c
[0.733s] -- Using all available rosidl_typesupport_cpp: rosidl_typesupport_fastrtps_cpp;rosidl_typesupport_introspection_cpp
[0.781s] -- Found rosidl_default_generators: 1.2.0 (/opt/ros/humble/share/rosidl_default_generators/cmake)
[0.799s] -- Found geometry_msgs: 4.2.4 (/opt/ros/humble/share/geometry_msgs/cmake)
[1.490s] -- Found ament_cmake_cppcheck: 0.12.11 (/opt/ros/humble/share/ament_cmake_cppcheck/cmake)
[1.497s] -- Found ament_cmake_cpplint: 0.12.11 (/opt/ros/humble/share/ament_cmake_cpplint/cmake)
[1.507s] -- Found ament_cmake_uncrustify: 0.12.11 (/opt/ros/humble/share/ament_cmake_uncrustify/cmake)
[1.522s] -- Found ament_cmake_ros: 0.10.0 (/opt/ros/humble/share/ament_cmake_ros/cmake)
[3.149s] -- Using all available rosidl_typesupport_c: rosidl_typesupport_fastrtps_c;rosidl_typesupport_introspection_c
[3.790s] -- Using all available rosidl_typesupport_cpp: rosidl_typesupport_fastrtps_cpp;rosidl_typesupport_introspection_cpp
[3.905s] -- Found python_cmake_module: 0.10.0 (/opt/ros/humble/share/python_cmake_module/cmake)
[4.017s] -- Using PYTHON_EXECUTABLE: /usr/bin/python3
[4.018s] -- Using PYTHON_INCLUDE_DIRS: /usr/include/python3.10
[4.018s] -- Using PYTHON_LIBRARIES: /usr/lib/aarch64-linux-gnu/libpython3.10.so
[4.178s] -- Found ament_cmake_flake8: 0.12.11 (/opt/ros/humble/share/ament_cmake_flake8/cmake)
[4.180s] -- Found ament_cmake_pep257: 0.12.11 (/opt/ros/humble/share/ament_cmake_pep257/cmake)
[4.186s] -- Found ament_lint_auto: 0.12.11 (/opt/ros/humble/share/ament_lint_auto/cmake)
[4.230s] -- Added test 'copyright' to check source files copyright and LICENSE
[4.231s] -- Added test 'lint_cmake' to check CMake code style
[4.232s] -- Added test 'xmllint' to check XML markup files
[4.238s] -- Configuring done
[4.446s] -- Generating done
[4.462s] -- Build files have been written to: /home/ws/ugv_ws/build/apriltag_msgs
[4.542s] [35m[1mConsolidate compiler generated dependencies of target apriltag_msgs__rosidl_generator_c[0m
[4.582s] [  2%] Built target apriltag_msgs__cpp
[4.597s] [ 12%] Built target apriltag_msgs__rosidl_generator_c
[4.621s] [35m[1mConsolidate compiler generated dependencies of target apriltag_msgs__rosidl_typesupport_fastrtps_cpp[0m
[4.693s] [ 23%] Built target apriltag_msgs__rosidl_typesupport_fastrtps_cpp
[4.694s] [35m[1mConsolidate compiler generated dependencies of target apriltag_msgs__rosidl_typesupport_cpp[0m
[4.694s] [35m[1mConsolidate compiler generated dependencies of target apriltag_msgs__rosidl_typesupport_introspection_cpp[0m
[4.738s] [ 23%] Built target ament_cmake_python_copy_apriltag_msgs
[4.747s] [35m[1mConsolidate compiler generated dependencies of target apriltag_msgs__rosidl_typesupport_fastrtps_c[0m
[4.776s] [ 33%] Built target apriltag_msgs__rosidl_typesupport_cpp
[4.778s] [ 43%] Built target apriltag_msgs__rosidl_typesupport_introspection_cpp
[4.786s] [35m[1mConsolidate compiler generated dependencies of target apriltag_msgs__rosidl_typesupport_introspection_c[0m
[4.825s] [ 53%] Built target apriltag_msgs__rosidl_typesupport_introspection_c
[4.828s] [35m[1mConsolidate compiler generated dependencies of target apriltag_msgs__rosidl_typesupport_c[0m
[4.844s] [ 64%] Built target apriltag_msgs__rosidl_typesupport_fastrtps_c
[4.880s] [ 74%] Built target apriltag_msgs__rosidl_typesupport_c
[4.918s] [ 74%] Built target apriltag_msgs
[4.985s] [ 76%] Built target apriltag_msgs__py
[5.014s] [35m[1mConsolidate compiler generated dependencies of target apriltag_msgs__rosidl_generator_py[0m
[5.069s] [ 84%] Built target apriltag_msgs__rosidl_generator_py
[5.128s] [35m[1mConsolidate compiler generated dependencies of target apriltag_msgs__rosidl_typesupport_fastrtps_c__pyext[0m
[5.130s] [35m[1mConsolidate compiler generated dependencies of target apriltag_msgs__rosidl_typesupport_c__pyext[0m
[5.137s] [35m[1mConsolidate compiler generated dependencies of target apriltag_msgs__rosidl_typesupport_introspection_c__pyext[0m
[5.182s] [ 89%] Built target apriltag_msgs__rosidl_typesupport_c__pyext
[5.208s] [ 94%] Built target apriltag_msgs__rosidl_typesupport_fastrtps_c__pyext
[5.220s] [100%] Built target apriltag_msgs__rosidl_typesupport_introspection_c__pyext
[6.299s] running egg_info
[6.303s] writing apriltag_msgs.egg-info/PKG-INFO
[6.304s] writing dependency_links to apriltag_msgs.egg-info/dependency_links.txt
[6.309s] writing top-level names to apriltag_msgs.egg-info/top_level.txt
[6.320s] reading manifest file 'apriltag_msgs.egg-info/SOURCES.txt'
[6.333s] writing manifest file 'apriltag_msgs.egg-info/SOURCES.txt'
[6.471s] [100%] Built target ament_cmake_python_build_apriltag_msgs_egg
[6.518s] Invoked command in '/home/ws/ugv_ws/build/apriltag_msgs' returned '0': CMAKE_PREFIX_PATH=${CMAKE_PREFIX_PATH}:/home/ws/ugv_ws/install/ugv_web_app:/home/ws/ugv_ws/install/ugv_vision:/home/ws/ugv_ws/install/ugv_tools:/home/ws/ugv_ws/install/ugv_chat_ai:/home/ws/ugv_ws/install/ugv_bringup:/opt/ros/humble /usr/bin/cmake --build /home/ws/ugv_ws/build/apriltag_msgs -- -j4 -l4
[6.829s] Invoking command in '/home/ws/ugv_ws/build/apriltag_msgs': CMAKE_PREFIX_PATH=${CMAKE_PREFIX_PATH}:/home/ws/ugv_ws/install/ugv_web_app:/home/ws/ugv_ws/install/ugv_vision:/home/ws/ugv_ws/install/ugv_tools:/home/ws/ugv_ws/install/ugv_chat_ai:/home/ws/ugv_ws/install/ugv_bringup:/opt/ros/humble /usr/bin/cmake --install /home/ws/ugv_ws/build/apriltag_msgs
[6.880s] -- Install configuration: ""
[6.880s] -- Up-to-date: /home/ws/ugv_ws/install/apriltag_msgs/share/ament_index/resource_index/rosidl_interfaces/apriltag_msgs
[6.882s] -- Up-to-date: /home/ws/ugv_ws/install/apriltag_msgs/include/apriltag_msgs/apriltag_msgs
[6.882s] -- Up-to-date: /home/ws/ugv_ws/install/apriltag_msgs/include/apriltag_msgs/apriltag_msgs/msg
[6.882s] -- Up-to-date: /home/ws/ugv_ws/install/apriltag_msgs/include/apriltag_msgs/apriltag_msgs/msg/april_tag_detection_array.h
[6.882s] -- Up-to-date: /home/ws/ugv_ws/install/apriltag_msgs/include/apriltag_msgs/apriltag_msgs/msg/april_tag_detection.h
[6.882s] -- Up-to-date: /home/ws/ugv_ws/install/apriltag_msgs/include/apriltag_msgs/apriltag_msgs/msg/rosidl_generator_c__visibility_control.h
[6.885s] -- Up-to-date: /home/ws/ugv_ws/install/apriltag_msgs/include/apriltag_msgs/apriltag_msgs/msg/detail
[6.886s] -- Up-to-date: /home/ws/ugv_ws/install/apriltag_msgs/include/apriltag_msgs/apriltag_msgs/msg/detail/april_tag_detection_array__type_support.h
[6.886s] -- Up-to-date: /home/ws/ugv_ws/install/apriltag_msgs/include/apriltag_msgs/apriltag_msgs/msg/detail/april_tag_detection_array__functions.c
[6.886s] -- Up-to-date: /home/ws/ugv_ws/install/apriltag_msgs/include/apriltag_msgs/apriltag_msgs/msg/detail/april_tag_detection_array__struct.h
[6.886s] -- Up-to-date: /home/ws/ugv_ws/install/apriltag_msgs/include/apriltag_msgs/apriltag_msgs/msg/detail/april_tag_detection__functions.h
[6.886s] -- Up-to-date: /home/ws/ugv_ws/install/apriltag_msgs/include/apriltag_msgs/apriltag_msgs/msg/detail/april_tag_detection__functions.c
[6.886s] -- Up-to-date: /home/ws/ugv_ws/install/apriltag_msgs/include/apriltag_msgs/apriltag_msgs/msg/detail/april_tag_detection__type_support.h
[6.886s] -- Up-to-date: /home/ws/ugv_ws/install/apriltag_msgs/include/apriltag_msgs/apriltag_msgs/msg/detail/april_tag_detection__struct.h
[6.886s] -- Up-to-date: /home/ws/ugv_ws/install/apriltag_msgs/include/apriltag_msgs/apriltag_msgs/msg/detail/april_tag_detection_array__functions.h
[6.886s] -- Up-to-date: /home/ws/ugv_ws/install/apriltag_msgs/share/apriltag_msgs/environment/library_path.sh
[6.886s] -- Installing: /home/ws/ugv_ws/install/apriltag_msgs/share/apriltag_msgs/environment/library_path.dsv
[6.887s] -- Up-to-date: /home/ws/ugv_ws/install/apriltag_msgs/lib/libapriltag_msgs__rosidl_generator_c.so
[6.887s] -- Up-to-date: /home/ws/ugv_ws/install/apriltag_msgs/include/apriltag_msgs/apriltag_msgs
[6.887s] -- Up-to-date: /home/ws/ugv_ws/install/apriltag_msgs/include/apriltag_msgs/apriltag_msgs/msg
[6.887s] -- Up-to-date: /home/ws/ugv_ws/install/apriltag_msgs/include/apriltag_msgs/apriltag_msgs/msg/detail
[6.887s] -- Up-to-date: /home/ws/ugv_ws/install/apriltag_msgs/include/apriltag_msgs/apriltag_msgs/msg/detail/april_tag_detection_array__rosidl_typesupport_fastrtps_c.h
[6.887s] -- Up-to-date: /home/ws/ugv_ws/install/apriltag_msgs/include/apriltag_msgs/apriltag_msgs/msg/detail/april_tag_detection__rosidl_typesupport_fastrtps_c.h
[6.887s] -- Up-to-date: /home/ws/ugv_ws/install/apriltag_msgs/include/apriltag_msgs/apriltag_msgs/msg/rosidl_typesupport_fastrtps_c__visibility_control.h
[6.887s] -- Up-to-date: /home/ws/ugv_ws/install/apriltag_msgs/lib/libapriltag_msgs__rosidl_typesupport_fastrtps_c.so
[6.887s] -- Up-to-date: /home/ws/ugv_ws/install/apriltag_msgs/include/apriltag_msgs/apriltag_msgs
[6.887s] -- Up-to-date: /home/ws/ugv_ws/install/apriltag_msgs/include/apriltag_msgs/apriltag_msgs/msg
[6.887s] -- Up-to-date: /home/ws/ugv_ws/install/apriltag_msgs/include/apriltag_msgs/apriltag_msgs/msg/april_tag_detection_array.hpp
[6.887s] -- Up-to-date: /home/ws/ugv_ws/install/apriltag_msgs/include/apriltag_msgs/apriltag_msgs/msg/detail
[6.887s] -- Up-to-date: /home/ws/ugv_ws/install/apriltag_msgs/include/apriltag_msgs/apriltag_msgs/msg/detail/april_tag_detection__builder.hpp
[6.887s] -- Up-to-date: /home/ws/ugv_ws/install/apriltag_msgs/include/apriltag_msgs/apriltag_msgs/msg/detail/april_tag_detection__traits.hpp
[6.887s] -- Up-to-date: /home/ws/ugv_ws/install/apriltag_msgs/include/apriltag_msgs/apriltag_msgs/msg/detail/april_tag_detection_array__builder.hpp
[6.887s] -- Up-to-date: /home/ws/ugv_ws/install/apriltag_msgs/include/apriltag_msgs/apriltag_msgs/msg/detail/april_tag_detection__struct.hpp
[6.887s] -- Up-to-date: /home/ws/ugv_ws/install/apriltag_msgs/include/apriltag_msgs/apriltag_msgs/msg/detail/april_tag_detection_array__struct.hpp
[6.888s] -- Up-to-date: /home/ws/ugv_ws/install/apriltag_msgs/include/apriltag_msgs/apriltag_msgs/msg/detail/april_tag_detection_array__traits.hpp
[6.888s] -- Up-to-date: /home/ws/ugv_ws/install/apriltag_msgs/include/apriltag_msgs/apriltag_msgs/msg/april_tag_detection.hpp
[6.888s] -- Up-to-date: /home/ws/ugv_ws/install/apriltag_msgs/include/apriltag_msgs/apriltag_msgs
[6.888s] -- Up-to-date: /home/ws/ugv_ws/install/apriltag_msgs/include/apriltag_msgs/apriltag_msgs/msg
[6.888s] -- Up-to-date: /home/ws/ugv_ws/install/apriltag_msgs/include/apriltag_msgs/apriltag_msgs/msg/detail
[6.888s] -- Up-to-date: /home/ws/ugv_ws/install/apriltag_msgs/include/apriltag_msgs/apriltag_msgs/msg/detail/april_tag_detection_array__rosidl_typesupport_fastrtps_cpp.hpp
[6.888s] -- Up-to-date: /home/ws/ugv_ws/install/apriltag_msgs/include/apriltag_msgs/apriltag_msgs/msg/detail/april_tag_detection__rosidl_typesupport_fastrtps_cpp.hpp
[6.888s] -- Up-to-date: /home/ws/ugv_ws/install/apriltag_msgs/include/apriltag_msgs/apriltag_msgs/msg/detail/dds_fastrtps
[6.888s] -- Up-to-date: /home/ws/ugv_ws/install/apriltag_msgs/include/apriltag_msgs/apriltag_msgs/msg/rosidl_typesupport_fastrtps_cpp__visibility_control.h
[6.963s] -- Up-to-date: /home/ws/ugv_ws/install/apriltag_msgs/lib/libapriltag_msgs__rosidl_typesupport_fastrtps_cpp.so
[6.963s] -- Up-to-date: /home/ws/ugv_ws/install/apriltag_msgs/include/apriltag_msgs/apriltag_msgs
[6.963s] -- Up-to-date: /home/ws/ugv_ws/install/apriltag_msgs/include/apriltag_msgs/apriltag_msgs/msg
[6.963s] -- Up-to-date: /home/ws/ugv_ws/install/apriltag_msgs/include/apriltag_msgs/apriltag_msgs/msg/rosidl_typesupport_introspection_c__visibility_control.h
[6.964s] -- Up-to-date: /home/ws/ugv_ws/install/apriltag_msgs/include/apriltag_msgs/apriltag_msgs/msg/detail
[6.964s] -- Up-to-date: /home/ws/ugv_ws/install/apriltag_msgs/include/apriltag_msgs/apriltag_msgs/msg/detail/april_tag_detection_array__type_support.c
[6.964s] -- Up-to-date: /home/ws/ugv_ws/install/apriltag_msgs/include/apriltag_msgs/apriltag_msgs/msg/detail/april_tag_detection__type_support.c
[6.964s] -- Up-to-date: /home/ws/ugv_ws/install/apriltag_msgs/include/apriltag_msgs/apriltag_msgs/msg/detail/april_tag_detection__rosidl_typesupport_introspection_c.h
[6.964s] -- Up-to-date: /home/ws/ugv_ws/install/apriltag_msgs/include/apriltag_msgs/apriltag_msgs/msg/detail/april_tag_detection_array__rosidl_typesupport_introspection_c.h
[6.980s] -- Up-to-date: /home/ws/ugv_ws/install/apriltag_msgs/lib/libapriltag_msgs__rosidl_typesupport_introspection_c.so
[6.995s] -- Up-to-date: /home/ws/ugv_ws/install/apriltag_msgs/lib/libapriltag_msgs__rosidl_typesupport_c.so
[6.995s] -- Up-to-date: /home/ws/ugv_ws/install/apriltag_msgs/include/apriltag_msgs/apriltag_msgs
[6.995s] -- Up-to-date: /home/ws/ugv_ws/install/apriltag_msgs/include/apriltag_msgs/apriltag_msgs/msg
[6.995s] -- Up-to-date: /home/ws/ugv_ws/install/apriltag_msgs/include/apriltag_msgs/apriltag_msgs/msg/detail
[6.995s] -- Up-to-date: /home/ws/ugv_ws/install/apriltag_msgs/include/apriltag_msgs/apriltag_msgs/msg/detail/april_tag_detection__type_support.cpp
[6.995s] -- Up-to-date: /home/ws/ugv_ws/install/apriltag_msgs/include/apriltag_msgs/apriltag_msgs/msg/detail/april_tag_detection_array__type_support.cpp
[6.995s] -- Up-to-date: /home/ws/ugv_ws/install/apriltag_msgs/include/apriltag_msgs/apriltag_msgs/msg/detail/april_tag_detection_array__rosidl_typesupport_introspection_cpp.hpp
[6.995s] -- Up-to-date: /home/ws/ugv_ws/install/apriltag_msgs/include/apriltag_msgs/apriltag_msgs/msg/detail/april_tag_detection__rosidl_typesupport_introspection_cpp.hpp
[7.018s] -- Up-to-date: /home/ws/ugv_ws/install/apriltag_msgs/lib/libapriltag_msgs__rosidl_typesupport_introspection_cpp.so
[7.021s] -- Up-to-date: /home/ws/ugv_ws/install/apriltag_msgs/lib/libapriltag_msgs__rosidl_typesupport_cpp.so
[7.022s] -- Up-to-date: /home/ws/ugv_ws/install/apriltag_msgs/share/apriltag_msgs/environment/pythonpath.sh
[7.022s] -- Installing: /home/ws/ugv_ws/install/apriltag_msgs/share/apriltag_msgs/environment/pythonpath.dsv
[7.022s] -- Up-to-date: /home/ws/ugv_ws/install/apriltag_msgs/local/lib/python3.10/dist-packages/apriltag_msgs-0.0.0-py3.10.egg-info
[7.022s] -- Installing: /home/ws/ugv_ws/install/apriltag_msgs/local/lib/python3.10/dist-packages/apriltag_msgs-0.0.0-py3.10.egg-info/PKG-INFO
[7.022s] -- Installing: /home/ws/ugv_ws/install/apriltag_msgs/local/lib/python3.10/dist-packages/apriltag_msgs-0.0.0-py3.10.egg-info/top_level.txt
[7.022s] -- Installing: /home/ws/ugv_ws/install/apriltag_msgs/local/lib/python3.10/dist-packages/apriltag_msgs-0.0.0-py3.10.egg-info/dependency_links.txt
[7.022s] -- Installing: /home/ws/ugv_ws/install/apriltag_msgs/local/lib/python3.10/dist-packages/apriltag_msgs-0.0.0-py3.10.egg-info/SOURCES.txt
[7.022s] -- Up-to-date: /home/ws/ugv_ws/install/apriltag_msgs/local/lib/python3.10/dist-packages/apriltag_msgs
[7.022s] -- Up-to-date: /home/ws/ugv_ws/install/apriltag_msgs/local/lib/python3.10/dist-packages/apriltag_msgs/apriltag_msgs_s__rosidl_typesupport_c.cpython-310-aarch64-linux-gnu.so
[7.022s] -- Up-to-date: /home/ws/ugv_ws/install/apriltag_msgs/local/lib/python3.10/dist-packages/apriltag_msgs/msg
[7.023s] -- Up-to-date: /home/ws/ugv_ws/install/apriltag_msgs/local/lib/python3.10/dist-packages/apriltag_msgs/msg/_april_tag_detection_array_s.c
[7.029s] -- Up-to-date: /home/ws/ugv_ws/install/apriltag_msgs/local/lib/python3.10/dist-packages/apriltag_msgs/msg/_april_tag_detection_array.py
[7.029s] -- Up-to-date: /home/ws/ugv_ws/install/apriltag_msgs/local/lib/python3.10/dist-packages/apriltag_msgs/msg/_april_tag_detection.py
[7.029s] -- Up-to-date: /home/ws/ugv_ws/install/apriltag_msgs/local/lib/python3.10/dist-packages/apriltag_msgs/msg/_april_tag_detection_s.c
[7.029s] -- Up-to-date: /home/ws/ugv_ws/install/apriltag_msgs/local/lib/python3.10/dist-packages/apriltag_msgs/msg/__init__.py
[7.030s] -- Up-to-date: /home/ws/ugv_ws/install/apriltag_msgs/local/lib/python3.10/dist-packages/apriltag_msgs/_apriltag_msgs_s.ep.rosidl_typesupport_introspection_c.c
[7.030s] -- Up-to-date: /home/ws/ugv_ws/install/apriltag_msgs/local/lib/python3.10/dist-packages/apriltag_msgs/_apriltag_msgs_s.ep.rosidl_typesupport_fastrtps_c.c
[7.030s] -- Up-to-date: /home/ws/ugv_ws/install/apriltag_msgs/local/lib/python3.10/dist-packages/apriltag_msgs/apriltag_msgs_s__rosidl_typesupport_introspection_c.cpython-310-aarch64-linux-gnu.so
[7.030s] -- Up-to-date: /home/ws/ugv_ws/install/apriltag_msgs/local/lib/python3.10/dist-packages/apriltag_msgs/_apriltag_msgs_s.ep.rosidl_typesupport_c.c
[7.030s] -- Up-to-date: /home/ws/ugv_ws/install/apriltag_msgs/local/lib/python3.10/dist-packages/apriltag_msgs/apriltag_msgs_s__rosidl_typesupport_fastrtps_c.cpython-310-aarch64-linux-gnu.so
[7.030s] -- Up-to-date: /home/ws/ugv_ws/install/apriltag_msgs/local/lib/python3.10/dist-packages/apriltag_msgs/libapriltag_msgs__rosidl_generator_py.so
[7.030s] -- Installing: /home/ws/ugv_ws/install/apriltag_msgs/local/lib/python3.10/dist-packages/apriltag_msgs/__init__.py
[7.376s] Listing '/home/ws/ugv_ws/install/apriltag_msgs/local/lib/python3.10/dist-packages/apriltag_msgs'...
[7.376s] Compiling '/home/ws/ugv_ws/install/apriltag_msgs/local/lib/python3.10/dist-packages/apriltag_msgs/__init__.py'...
[7.376s] Listing '/home/ws/ugv_ws/install/apriltag_msgs/local/lib/python3.10/dist-packages/apriltag_msgs/msg'...
[7.452s] -- Up-to-date: /home/ws/ugv_ws/install/apriltag_msgs/local/lib/python3.10/dist-packages/apriltag_msgs/apriltag_msgs_s__rosidl_typesupport_fastrtps_c.cpython-310-aarch64-linux-gnu.so
[7.459s] -- Up-to-date: /home/ws/ugv_ws/install/apriltag_msgs/local/lib/python3.10/dist-packages/apriltag_msgs/apriltag_msgs_s__rosidl_typesupport_introspection_c.cpython-310-aarch64-linux-gnu.so
[7.462s] -- Up-to-date: /home/ws/ugv_ws/install/apriltag_msgs/local/lib/python3.10/dist-packages/apriltag_msgs/apriltag_msgs_s__rosidl_typesupport_c.cpython-310-aarch64-linux-gnu.so
[7.463s] -- Up-to-date: /home/ws/ugv_ws/install/apriltag_msgs/lib/libapriltag_msgs__rosidl_generator_py.so
[7.463s] -- Up-to-date: /home/ws/ugv_ws/install/apriltag_msgs/share/apriltag_msgs/msg/AprilTagDetectionArray.idl
[7.463s] -- Up-to-date: /home/ws/ugv_ws/install/apriltag_msgs/share/apriltag_msgs/msg/AprilTagDetection.idl
[7.463s] -- Installing: /home/ws/ugv_ws/install/apriltag_msgs/share/apriltag_msgs/msg/AprilTagDetectionArray.msg
[7.464s] -- Installing: /home/ws/ugv_ws/install/apriltag_msgs/share/apriltag_msgs/msg/AprilTagDetection.msg
[7.464s] -- Up-to-date: /home/ws/ugv_ws/install/apriltag_msgs/share/ament_index/resource_index/package_run_dependencies/apriltag_msgs
[7.464s] -- Installing: /home/ws/ugv_ws/install/apriltag_msgs/share/ament_index/resource_index/parent_prefix_path/apriltag_msgs
[7.464s] -- Up-to-date: /home/ws/ugv_ws/install/apriltag_msgs/share/apriltag_msgs/environment/ament_prefix_path.sh
[7.464s] -- Installing: /home/ws/ugv_ws/install/apriltag_msgs/share/apriltag_msgs/environment/ament_prefix_path.dsv
[7.465s] -- Up-to-date: /home/ws/ugv_ws/install/apriltag_msgs/share/apriltag_msgs/environment/path.sh
[7.465s] -- Installing: /home/ws/ugv_ws/install/apriltag_msgs/share/apriltag_msgs/environment/path.dsv
[7.465s] -- Up-to-date: /home/ws/ugv_ws/install/apriltag_msgs/share/apriltag_msgs/local_setup.bash
[7.465s] -- Up-to-date: /home/ws/ugv_ws/install/apriltag_msgs/share/apriltag_msgs/local_setup.sh
[7.465s] -- Up-to-date: /home/ws/ugv_ws/install/apriltag_msgs/share/apriltag_msgs/local_setup.zsh
[7.465s] -- Installing: /home/ws/ugv_ws/install/apriltag_msgs/share/apriltag_msgs/local_setup.dsv
[7.466s] -- Installing: /home/ws/ugv_ws/install/apriltag_msgs/share/apriltag_msgs/package.dsv
[7.466s] -- Up-to-date: /home/ws/ugv_ws/install/apriltag_msgs/share/ament_index/resource_index/packages/apriltag_msgs
[7.467s] -- Up-to-date: /home/ws/ugv_ws/install/apriltag_msgs/share/apriltag_msgs/cmake/export_apriltag_msgs__rosidl_generator_cExport.cmake
[7.471s] -- Up-to-date: /home/ws/ugv_ws/install/apriltag_msgs/share/apriltag_msgs/cmake/export_apriltag_msgs__rosidl_generator_cExport-noconfig.cmake
[7.471s] -- Up-to-date: /home/ws/ugv_ws/install/apriltag_msgs/share/apriltag_msgs/cmake/export_apriltag_msgs__rosidl_typesupport_fastrtps_cExport.cmake
[7.471s] -- Up-to-date: /home/ws/ugv_ws/install/apriltag_msgs/share/apriltag_msgs/cmake/export_apriltag_msgs__rosidl_typesupport_fastrtps_cExport-noconfig.cmake
[7.471s] -- Up-to-date: /home/ws/ugv_ws/install/apriltag_msgs/share/apriltag_msgs/cmake/export_apriltag_msgs__rosidl_generator_cppExport.cmake
[7.472s] -- Up-to-date: /home/ws/ugv_ws/install/apriltag_msgs/share/apriltag_msgs/cmake/export_apriltag_msgs__rosidl_typesupport_fastrtps_cppExport.cmake
[7.472s] -- Up-to-date: /home/ws/ugv_ws/install/apriltag_msgs/share/apriltag_msgs/cmake/export_apriltag_msgs__rosidl_typesupport_fastrtps_cppExport-noconfig.cmake
[7.507s] -- Up-to-date: /home/ws/ugv_ws/install/apriltag_msgs/share/apriltag_msgs/cmake/apriltag_msgs__rosidl_typesupport_introspection_cExport.cmake
[7.507s] -- Up-to-date: /home/ws/ugv_ws/install/apriltag_msgs/share/apriltag_msgs/cmake/apriltag_msgs__rosidl_typesupport_introspection_cExport-noconfig.cmake
[7.513s] -- Up-to-date: /home/ws/ugv_ws/install/apriltag_msgs/share/apriltag_msgs/cmake/apriltag_msgs__rosidl_typesupport_cExport.cmake
[7.514s] -- Up-to-date: /home/ws/ugv_ws/install/apriltag_msgs/share/apriltag_msgs/cmake/apriltag_msgs__rosidl_typesupport_cExport-noconfig.cmake
[7.515s] -- Up-to-date: /home/ws/ugv_ws/install/apriltag_msgs/share/apriltag_msgs/cmake/apriltag_msgs__rosidl_typesupport_introspection_cppExport.cmake
[7.515s] -- Up-to-date: /home/ws/ugv_ws/install/apriltag_msgs/share/apriltag_msgs/cmake/apriltag_msgs__rosidl_typesupport_introspection_cppExport-noconfig.cmake
[7.519s] -- Up-to-date: /home/ws/ugv_ws/install/apriltag_msgs/share/apriltag_msgs/cmake/apriltag_msgs__rosidl_typesupport_cppExport.cmake
[7.519s] -- Up-to-date: /home/ws/ugv_ws/install/apriltag_msgs/share/apriltag_msgs/cmake/apriltag_msgs__rosidl_typesupport_cppExport-noconfig.cmake
[7.520s] -- Up-to-date: /home/ws/ugv_ws/install/apriltag_msgs/share/apriltag_msgs/cmake/export_apriltag_msgs__rosidl_generator_pyExport.cmake
[7.520s] -- Up-to-date: /home/ws/ugv_ws/install/apriltag_msgs/share/apriltag_msgs/cmake/export_apriltag_msgs__rosidl_generator_pyExport-noconfig.cmake
[7.520s] -- Up-to-date: /home/ws/ugv_ws/install/apriltag_msgs/share/apriltag_msgs/cmake/rosidl_cmake-extras.cmake
[7.521s] -- Up-to-date: /home/ws/ugv_ws/install/apriltag_msgs/share/apriltag_msgs/cmake/ament_cmake_export_dependencies-extras.cmake
[7.521s] -- Up-to-date: /home/ws/ugv_ws/install/apriltag_msgs/share/apriltag_msgs/cmake/ament_cmake_export_include_directories-extras.cmake
[7.521s] -- Up-to-date: /home/ws/ugv_ws/install/apriltag_msgs/share/apriltag_msgs/cmake/ament_cmake_export_libraries-extras.cmake
[7.521s] -- Up-to-date: /home/ws/ugv_ws/install/apriltag_msgs/share/apriltag_msgs/cmake/ament_cmake_export_targets-extras.cmake
[7.521s] -- Up-to-date: /home/ws/ugv_ws/install/apriltag_msgs/share/apriltag_msgs/cmake/rosidl_cmake_export_typesupport_targets-extras.cmake
[7.521s] -- Up-to-date: /home/ws/ugv_ws/install/apriltag_msgs/share/apriltag_msgs/cmake/rosidl_cmake_export_typesupport_libraries-extras.cmake
[7.521s] -- Up-to-date: /home/ws/ugv_ws/install/apriltag_msgs/share/apriltag_msgs/cmake/apriltag_msgsConfig.cmake
[7.521s] -- Up-to-date: /home/ws/ugv_ws/install/apriltag_msgs/share/apriltag_msgs/cmake/apriltag_msgsConfig-version.cmake
[7.521s] -- Installing: /home/ws/ugv_ws/install/apriltag_msgs/share/apriltag_msgs/package.xml
[7.524s] Invoked command in '/home/ws/ugv_ws/build/apriltag_msgs' returned '0': CMAKE_PREFIX_PATH=${CMAKE_PREFIX_PATH}:/home/ws/ugv_ws/install/ugv_web_app:/home/ws/ugv_ws/install/ugv_vision:/home/ws/ugv_ws/install/ugv_tools:/home/ws/ugv_ws/install/ugv_chat_ai:/home/ws/ugv_ws/install/ugv_bringup:/opt/ros/humble /usr/bin/cmake --install /home/ws/ugv_ws/build/apriltag_msgs
