[0.021s] Invoking command in '/home/ws/ugv_ws/build/ldlidar': CMAKE_PREFIX_PATH=${CMAKE_PREFIX_PATH}:/home/ws/ugv_ws/install/ugv_web_app:/home/ws/ugv_ws/install/ugv_vision:/home/ws/ugv_ws/install/ugv_tools:/home/ws/ugv_ws/install/ugv_chat_ai:/home/ws/ugv_ws/install/ugv_bringup:/opt/ros/humble /usr/bin/cmake --build /home/ws/ugv_ws/build/ldlidar -- -j4 -l4
[0.109s] -- Found ament_cmake: 1.3.10 (/opt/ros/humble/share/ament_cmake/cmake)
[1.041s] -- Found rclcpp: 16.0.10 (/opt/ros/humble/share/rclcpp/cmake)
[1.251s] -- Found rosidl_generator_c: 3.1.5 (/opt/ros/humble/share/rosidl_generator_c/cmake)
[1.283s] -- Found rosidl_adapter: 3.1.5 (/opt/ros/humble/share/rosidl_adapter/cmake)
[1.331s] -- Found rosidl_generator_cpp: 3.1.5 (/opt/ros/humble/share/rosidl_generator_cpp/cmake)
[1.394s] -- Using all available rosidl_typesupport_c: rosidl_typesupport_fastrtps_c;rosidl_typesupport_introspection_c
[1.503s] -- Using all available rosidl_typesupport_cpp: rosidl_typesupport_fastrtps_cpp;rosidl_typesupport_introspection_cpp
[1.756s] -- Found rmw_implementation_cmake: 6.1.2 (/opt/ros/humble/share/rmw_implementation_cmake/cmake)
[1.781s] -- Found rmw_fastrtps_cpp: 6.2.7 (/opt/ros/humble/share/rmw_fastrtps_cpp/cmake)
[2.595s] -- Using RMW implementation 'rmw_fastrtps_cpp' as default
[3.059s] -- Found sensor_msgs: 4.2.4 (/opt/ros/humble/share/sensor_msgs/cmake)
[3.258s] -- Found ament_lint_auto: 0.12.11 (/opt/ros/humble/share/ament_lint_auto/cmake)
[8.796s] -- Added test 'copyright' to check source files copyright and LICENSE
[8.800s] -- Added test 'cppcheck' to perform static code analysis on C / C++ code
[8.815s] -- Configured cppcheck include dirs: /home/ws/ugv_ws/src/ugv_else/ldlidar/include;/home/ws/ugv_ws/src/ugv_else/ldlidar/ldlidar_driver/include/core;/home/ws/ugv_ws/src/ugv_else/ldlidar/ldlidar_driver/include/dataprocess;/home/ws/ugv_ws/src/ugv_else/ldlidar/ldlidar_driver/include/filter;/home/ws/ugv_ws/src/ugv_else/ldlidar/ldlidar_driver/include/logger;/home/ws/ugv_ws/src/ugv_else/ldlidar/ldlidar_driver/include/networkcom;/home/ws/ugv_ws/src/ugv_else/ldlidar/ldlidar_driver/include/serialcom
[8.815s] -- Configured cppcheck exclude dirs and/or files: 
[8.817s] -- Added test 'cpplint' to check C / C++ code against the Google style
[8.827s] -- Configured cpplint exclude dirs and/or files: 
[8.829s] -- Added test 'flake8' to check Python code syntax and style conventions
[8.830s] -- Added test 'lint_cmake' to check CMake code style
[8.832s] -- Added test 'pep257' to check Python code against some of the docstring style conventions in PEP 257
[8.841s] -- Added test 'uncrustify' to check C / C++ code style
[8.859s] -- Configured uncrustify additional arguments: 
[8.859s] -- Added test 'xmllint' to check XML markup files
[8.868s] -- Configuring done
[9.054s] -- Generating done
[9.075s] -- Build files have been written to: /home/ws/ugv_ws/build/ldlidar
[9.207s] [35m[1mConsolidate compiler generated dependencies of target ldlidar_node[0m
[9.314s] [ 12%] [32mBuilding CXX object CMakeFiles/ldlidar_node.dir/src/demo.cpp.o[0m
