[0.048s] Invoking command in '/home/ws/ugv_ws/build/robot_pose_publisher': CMAKE_PREFIX_PATH=${CMAKE_PREFIX_PATH}:/home/ws/ugv_ws/install/ugv_web_app:/home/ws/ugv_ws/install/ugv_vision:/home/ws/ugv_ws/install/ugv_tools:/home/ws/ugv_ws/install/ugv_chat_ai:/home/ws/ugv_ws/install/ugv_bringup:/opt/ros/humble /usr/bin/cmake --build /home/ws/ugv_ws/build/robot_pose_publisher -- -j4 -l4
[0.145s] [100%] Built target robot_pose_publisher
[0.186s] Invoked command in '/home/ws/ugv_ws/build/robot_pose_publisher' returned '0': CMAKE_PREFIX_PATH=${CMAKE_PREFIX_PATH}:/home/ws/ugv_ws/install/ugv_web_app:/home/ws/ugv_ws/install/ugv_vision:/home/ws/ugv_ws/install/ugv_tools:/home/ws/ugv_ws/install/ugv_chat_ai:/home/ws/ugv_ws/install/ugv_bringup:/opt/ros/humble /usr/bin/cmake --build /home/ws/ugv_ws/build/robot_pose_publisher -- -j4 -l4
[0.226s] Invoking command in '/home/ws/ugv_ws/build/robot_pose_publisher': CMAKE_PREFIX_PATH=${CMAKE_PREFIX_PATH}:/home/ws/ugv_ws/install/ugv_web_app:/home/ws/ugv_ws/install/ugv_vision:/home/ws/ugv_ws/install/ugv_tools:/home/ws/ugv_ws/install/ugv_chat_ai:/home/ws/ugv_ws/install/ugv_bringup:/opt/ros/humble /usr/bin/cmake --install /home/ws/ugv_ws/build/robot_pose_publisher
[0.244s] -- Install configuration: ""
[0.245s] -- Up-to-date: /home/ws/ugv_ws/install/robot_pose_publisher/lib/robot_pose_publisher/robot_pose_publisher
[0.245s] -- Up-to-date: /home/ws/ugv_ws/install/robot_pose_publisher/share/robot_pose_publisher/launch
[0.245s] -- Up-to-date: /home/ws/ugv_ws/install/robot_pose_publisher/share/robot_pose_publisher/launch/robot_pose_publisher_launch.py
[0.245s] -- Up-to-date: /home/ws/ugv_ws/install/robot_pose_publisher/share/ament_index/resource_index/package_run_dependencies/robot_pose_publisher
[0.246s] -- Up-to-date: /home/ws/ugv_ws/install/robot_pose_publisher/share/ament_index/resource_index/parent_prefix_path/robot_pose_publisher
[0.246s] -- Up-to-date: /home/ws/ugv_ws/install/robot_pose_publisher/share/robot_pose_publisher/environment/ament_prefix_path.sh
[0.246s] -- Up-to-date: /home/ws/ugv_ws/install/robot_pose_publisher/share/robot_pose_publisher/environment/ament_prefix_path.dsv
[0.246s] -- Up-to-date: /home/ws/ugv_ws/install/robot_pose_publisher/share/robot_pose_publisher/environment/path.sh
[0.246s] -- Up-to-date: /home/ws/ugv_ws/install/robot_pose_publisher/share/robot_pose_publisher/environment/path.dsv
[0.248s] -- Up-to-date: /home/ws/ugv_ws/install/robot_pose_publisher/share/robot_pose_publisher/local_setup.bash
[0.249s] -- Up-to-date: /home/ws/ugv_ws/install/robot_pose_publisher/share/robot_pose_publisher/local_setup.sh
[0.249s] -- Up-to-date: /home/ws/ugv_ws/install/robot_pose_publisher/share/robot_pose_publisher/local_setup.zsh
[0.249s] -- Up-to-date: /home/ws/ugv_ws/install/robot_pose_publisher/share/robot_pose_publisher/local_setup.dsv
[0.249s] -- Installing: /home/ws/ugv_ws/install/robot_pose_publisher/share/robot_pose_publisher/package.dsv
[0.249s] -- Up-to-date: /home/ws/ugv_ws/install/robot_pose_publisher/share/ament_index/resource_index/packages/robot_pose_publisher
[0.249s] -- Up-to-date: /home/ws/ugv_ws/install/robot_pose_publisher/share/robot_pose_publisher/cmake/robot_pose_publisherConfig.cmake
[0.249s] -- Up-to-date: /home/ws/ugv_ws/install/robot_pose_publisher/share/robot_pose_publisher/cmake/robot_pose_publisherConfig-version.cmake
[0.249s] -- Up-to-date: /home/ws/ugv_ws/install/robot_pose_publisher/share/robot_pose_publisher/package.xml
[0.249s] Invoked command in '/home/ws/ugv_ws/build/robot_pose_publisher' returned '0': CMAKE_PREFIX_PATH=${CMAKE_PREFIX_PATH}:/home/ws/ugv_ws/install/ugv_web_app:/home/ws/ugv_ws/install/ugv_vision:/home/ws/ugv_ws/install/ugv_tools:/home/ws/ugv_ws/install/ugv_chat_ai:/home/ws/ugv_ws/install/ugv_bringup:/opt/ros/humble /usr/bin/cmake --install /home/ws/ugv_ws/build/robot_pose_publisher
