[35m[1mConsolidate compiler generated dependencies of target odas_ros_msgs__rosidl_generator_c[0m
[  1%] Built target odas_ros_msgs__cpp
[ 12%] Built target odas_ros_msgs__rosidl_generator_c
[ 12%] Built target ament_cmake_python_symlink_odas_ros_msgs
[35m[1mConsolidate compiler generated dependencies of target odas_ros_msgs__rosidl_typesupport_cpp[0m
[35m[1mConsolidate compiler generated dependencies of target odas_ros_msgs__rosidl_typesupport_introspection_cpp[0m
[35m[1mConsolidate compiler generated dependencies of target odas_ros_msgs__rosidl_typesupport_fastrtps_cpp[0m
[35m[1mConsolidate compiler generated dependencies of target odas_ros_msgs__rosidl_typesupport_fastrtps_c[0m
[ 23%] Built target odas_ros_msgs__rosidl_typesupport_introspection_cpp
[ 34%] Built target odas_ros_msgs__rosidl_typesupport_cpp
[ 45%] Built target odas_ros_msgs__rosidl_typesupport_fastrtps_cpp
[ 56%] Built target odas_ros_msgs__rosidl_typesupport_fastrtps_c
[35m[1mConsolidate compiler generated dependencies of target odas_ros_msgs__rosidl_typesupport_introspection_c[0m
[35m[1mConsolidate compiler generated dependencies of target odas_ros_msgs__rosidl_typesupport_c[0m
[ 67%] Built target odas_ros_msgs__rosidl_typesupport_introspection_c
[ 78%] Built target odas_ros_msgs__rosidl_typesupport_c
[ 78%] Built target odas_ros_msgs
[ 80%] Built target odas_ros_msgs__py
[35m[1mConsolidate compiler generated dependencies of target odas_ros_msgs__rosidl_generator_py[0m
[ 89%] Built target odas_ros_msgs__rosidl_generator_py
[35m[1mConsolidate compiler generated dependencies of target odas_ros_msgs__rosidl_typesupport_fastrtps_c__pyext[0m
[35m[1mConsolidate compiler generated dependencies of target odas_ros_msgs__rosidl_typesupport_introspection_c__pyext[0m
[35m[1mConsolidate compiler generated dependencies of target odas_ros_msgs__rosidl_typesupport_c__pyext[0m
[ 92%] Built target odas_ros_msgs__rosidl_typesupport_fastrtps_c__pyext
[ 96%] Built target odas_ros_msgs__rosidl_typesupport_introspection_c__pyext
[100%] Built target odas_ros_msgs__rosidl_typesupport_c__pyext
running egg_info
writing odas_ros_msgs.egg-info/PKG-INFO
writing dependency_links to odas_ros_msgs.egg-info/dependency_links.txt
writing top-level names to odas_ros_msgs.egg-info/top_level.txt
reading manifest file 'odas_ros_msgs.egg-info/SOURCES.txt'
writing manifest file 'odas_ros_msgs.egg-info/SOURCES.txt'
[100%] Built target ament_cmake_python_build_odas_ros_msgs_egg
-- Install configuration: "Debug"
-- Execute custom install script
-- Up-to-date symlink: /home/ws/ugv_ws/install/odas_ros_msgs/share/ament_index/resource_index/rosidl_interfaces/odas_ros_msgs
-- Up-to-date symlink: /home/ws/ugv_ws/install/odas_ros_msgs/include/odas_ros_msgs/odas_ros_msgs/msg/detail/odas_ssl__functions.h
-- Up-to-date symlink: /home/ws/ugv_ws/install/odas_ros_msgs/include/odas_ros_msgs/odas_ros_msgs/msg/detail/odas_ssl__struct.h
-- Up-to-date symlink: /home/ws/ugv_ws/install/odas_ros_msgs/include/odas_ros_msgs/odas_ros_msgs/msg/detail/odas_ssl__type_support.h
-- Up-to-date symlink: /home/ws/ugv_ws/install/odas_ros_msgs/include/odas_ros_msgs/odas_ros_msgs/msg/detail/odas_ssl_array_stamped__functions.h
-- Up-to-date symlink: /home/ws/ugv_ws/install/odas_ros_msgs/include/odas_ros_msgs/odas_ros_msgs/msg/detail/odas_ssl_array_stamped__struct.h
-- Up-to-date symlink: /home/ws/ugv_ws/install/odas_ros_msgs/include/odas_ros_msgs/odas_ros_msgs/msg/detail/odas_ssl_array_stamped__type_support.h
-- Up-to-date symlink: /home/ws/ugv_ws/install/odas_ros_msgs/include/odas_ros_msgs/odas_ros_msgs/msg/detail/odas_sst__functions.h
-- Up-to-date symlink: /home/ws/ugv_ws/install/odas_ros_msgs/include/odas_ros_msgs/odas_ros_msgs/msg/detail/odas_sst__struct.h
-- Up-to-date symlink: /home/ws/ugv_ws/install/odas_ros_msgs/include/odas_ros_msgs/odas_ros_msgs/msg/detail/odas_sst__type_support.h
-- Up-to-date symlink: /home/ws/ugv_ws/install/odas_ros_msgs/include/odas_ros_msgs/odas_ros_msgs/msg/detail/odas_sst_array_stamped__functions.h
-- Up-to-date symlink: /home/ws/ugv_ws/install/odas_ros_msgs/include/odas_ros_msgs/odas_ros_msgs/msg/detail/odas_sst_array_stamped__struct.h
-- Up-to-date symlink: /home/ws/ugv_ws/install/odas_ros_msgs/include/odas_ros_msgs/odas_ros_msgs/msg/detail/odas_sst_array_stamped__type_support.h
-- Up-to-date symlink: /home/ws/ugv_ws/install/odas_ros_msgs/include/odas_ros_msgs/odas_ros_msgs/msg/odas_ssl.h
-- Up-to-date symlink: /home/ws/ugv_ws/install/odas_ros_msgs/include/odas_ros_msgs/odas_ros_msgs/msg/odas_ssl_array_stamped.h
-- Up-to-date symlink: /home/ws/ugv_ws/install/odas_ros_msgs/include/odas_ros_msgs/odas_ros_msgs/msg/odas_sst.h
-- Up-to-date symlink: /home/ws/ugv_ws/install/odas_ros_msgs/include/odas_ros_msgs/odas_ros_msgs/msg/odas_sst_array_stamped.h
-- Up-to-date symlink: /home/ws/ugv_ws/install/odas_ros_msgs/include/odas_ros_msgs/odas_ros_msgs/msg/rosidl_generator_c__visibility_control.h
-- Up-to-date symlink: /home/ws/ugv_ws/install/odas_ros_msgs/share/odas_ros_msgs/environment/library_path.sh
-- Up-to-date symlink: /home/ws/ugv_ws/install/odas_ros_msgs/share/odas_ros_msgs/environment/library_path.dsv
-- Up-to-date symlink: /home/ws/ugv_ws/install/odas_ros_msgs/include/odas_ros_msgs/odas_ros_msgs/msg/detail/odas_ssl__rosidl_typesupport_fastrtps_c.h
-- Up-to-date symlink: /home/ws/ugv_ws/install/odas_ros_msgs/include/odas_ros_msgs/odas_ros_msgs/msg/detail/odas_ssl_array_stamped__rosidl_typesupport_fastrtps_c.h
-- Up-to-date symlink: /home/ws/ugv_ws/install/odas_ros_msgs/include/odas_ros_msgs/odas_ros_msgs/msg/detail/odas_sst__rosidl_typesupport_fastrtps_c.h
-- Up-to-date symlink: /home/ws/ugv_ws/install/odas_ros_msgs/include/odas_ros_msgs/odas_ros_msgs/msg/detail/odas_sst_array_stamped__rosidl_typesupport_fastrtps_c.h
-- Up-to-date symlink: /home/ws/ugv_ws/install/odas_ros_msgs/include/odas_ros_msgs/odas_ros_msgs/msg/rosidl_typesupport_fastrtps_c__visibility_control.h
-- Up-to-date symlink: /home/ws/ugv_ws/install/odas_ros_msgs/include/odas_ros_msgs/odas_ros_msgs/msg/detail/odas_ssl__builder.hpp
-- Up-to-date symlink: /home/ws/ugv_ws/install/odas_ros_msgs/include/odas_ros_msgs/odas_ros_msgs/msg/detail/odas_ssl__struct.hpp
-- Up-to-date symlink: /home/ws/ugv_ws/install/odas_ros_msgs/include/odas_ros_msgs/odas_ros_msgs/msg/detail/odas_ssl__traits.hpp
-- Up-to-date symlink: /home/ws/ugv_ws/install/odas_ros_msgs/include/odas_ros_msgs/odas_ros_msgs/msg/detail/odas_ssl_array_stamped__builder.hpp
-- Up-to-date symlink: /home/ws/ugv_ws/install/odas_ros_msgs/include/odas_ros_msgs/odas_ros_msgs/msg/detail/odas_ssl_array_stamped__struct.hpp
-- Up-to-date symlink: /home/ws/ugv_ws/install/odas_ros_msgs/include/odas_ros_msgs/odas_ros_msgs/msg/detail/odas_ssl_array_stamped__traits.hpp
-- Up-to-date symlink: /home/ws/ugv_ws/install/odas_ros_msgs/include/odas_ros_msgs/odas_ros_msgs/msg/detail/odas_sst__builder.hpp
-- Up-to-date symlink: /home/ws/ugv_ws/install/odas_ros_msgs/include/odas_ros_msgs/odas_ros_msgs/msg/detail/odas_sst__struct.hpp
-- Up-to-date symlink: /home/ws/ugv_ws/install/odas_ros_msgs/include/odas_ros_msgs/odas_ros_msgs/msg/detail/odas_sst__traits.hpp
-- Up-to-date symlink: /home/ws/ugv_ws/install/odas_ros_msgs/include/odas_ros_msgs/odas_ros_msgs/msg/detail/odas_sst_array_stamped__builder.hpp
-- Up-to-date symlink: /home/ws/ugv_ws/install/odas_ros_msgs/include/odas_ros_msgs/odas_ros_msgs/msg/detail/odas_sst_array_stamped__struct.hpp
-- Up-to-date symlink: /home/ws/ugv_ws/install/odas_ros_msgs/include/odas_ros_msgs/odas_ros_msgs/msg/detail/odas_sst_array_stamped__traits.hpp
-- Up-to-date symlink: /home/ws/ugv_ws/install/odas_ros_msgs/include/odas_ros_msgs/odas_ros_msgs/msg/odas_ssl.hpp
-- Up-to-date symlink: /home/ws/ugv_ws/install/odas_ros_msgs/include/odas_ros_msgs/odas_ros_msgs/msg/odas_ssl_array_stamped.hpp
-- Up-to-date symlink: /home/ws/ugv_ws/install/odas_ros_msgs/include/odas_ros_msgs/odas_ros_msgs/msg/odas_sst.hpp
-- Up-to-date symlink: /home/ws/ugv_ws/install/odas_ros_msgs/include/odas_ros_msgs/odas_ros_msgs/msg/odas_sst_array_stamped.hpp
-- Up-to-date symlink: /home/ws/ugv_ws/install/odas_ros_msgs/include/odas_ros_msgs/odas_ros_msgs/msg/detail/odas_ssl__rosidl_typesupport_fastrtps_cpp.hpp
-- Up-to-date symlink: /home/ws/ugv_ws/install/odas_ros_msgs/include/odas_ros_msgs/odas_ros_msgs/msg/detail/odas_ssl_array_stamped__rosidl_typesupport_fastrtps_cpp.hpp
-- Up-to-date symlink: /home/ws/ugv_ws/install/odas_ros_msgs/include/odas_ros_msgs/odas_ros_msgs/msg/detail/odas_sst__rosidl_typesupport_fastrtps_cpp.hpp
-- Up-to-date symlink: /home/ws/ugv_ws/install/odas_ros_msgs/include/odas_ros_msgs/odas_ros_msgs/msg/detail/odas_sst_array_stamped__rosidl_typesupport_fastrtps_cpp.hpp
-- Up-to-date symlink: /home/ws/ugv_ws/install/odas_ros_msgs/include/odas_ros_msgs/odas_ros_msgs/msg/rosidl_typesupport_fastrtps_cpp__visibility_control.h
-- Up-to-date symlink: /home/ws/ugv_ws/install/odas_ros_msgs/include/odas_ros_msgs/odas_ros_msgs/msg/detail/odas_ssl__rosidl_typesupport_introspection_c.h
-- Up-to-date symlink: /home/ws/ugv_ws/install/odas_ros_msgs/include/odas_ros_msgs/odas_ros_msgs/msg/detail/odas_ssl_array_stamped__rosidl_typesupport_introspection_c.h
-- Up-to-date symlink: /home/ws/ugv_ws/install/odas_ros_msgs/include/odas_ros_msgs/odas_ros_msgs/msg/detail/odas_sst__rosidl_typesupport_introspection_c.h
-- Up-to-date symlink: /home/ws/ugv_ws/install/odas_ros_msgs/include/odas_ros_msgs/odas_ros_msgs/msg/detail/odas_sst_array_stamped__rosidl_typesupport_introspection_c.h
-- Up-to-date symlink: /home/ws/ugv_ws/install/odas_ros_msgs/include/odas_ros_msgs/odas_ros_msgs/msg/rosidl_typesupport_introspection_c__visibility_control.h
-- Up-to-date symlink: /home/ws/ugv_ws/install/odas_ros_msgs/include/odas_ros_msgs/odas_ros_msgs/msg/detail/odas_ssl__rosidl_typesupport_introspection_cpp.hpp
-- Up-to-date symlink: /home/ws/ugv_ws/install/odas_ros_msgs/include/odas_ros_msgs/odas_ros_msgs/msg/detail/odas_ssl_array_stamped__rosidl_typesupport_introspection_cpp.hpp
-- Up-to-date symlink: /home/ws/ugv_ws/install/odas_ros_msgs/include/odas_ros_msgs/odas_ros_msgs/msg/detail/odas_sst__rosidl_typesupport_introspection_cpp.hpp
-- Up-to-date symlink: /home/ws/ugv_ws/install/odas_ros_msgs/include/odas_ros_msgs/odas_ros_msgs/msg/detail/odas_sst_array_stamped__rosidl_typesupport_introspection_cpp.hpp
-- Up-to-date symlink: /home/ws/ugv_ws/install/odas_ros_msgs/share/odas_ros_msgs/environment/pythonpath.sh
-- Up-to-date symlink: /home/ws/ugv_ws/install/odas_ros_msgs/share/odas_ros_msgs/environment/pythonpath.dsv
-- Up-to-date symlink: /home/ws/ugv_ws/install/odas_ros_msgs/local/lib/python3.10/dist-packages/odas_ros_msgs-0.0.0-py3.10.egg-info/PKG-INFO
-- Up-to-date symlink: /home/ws/ugv_ws/install/odas_ros_msgs/local/lib/python3.10/dist-packages/odas_ros_msgs-0.0.0-py3.10.egg-info/SOURCES.txt
-- Up-to-date symlink: /home/ws/ugv_ws/install/odas_ros_msgs/local/lib/python3.10/dist-packages/odas_ros_msgs-0.0.0-py3.10.egg-info/dependency_links.txt
-- Up-to-date symlink: /home/ws/ugv_ws/install/odas_ros_msgs/local/lib/python3.10/dist-packages/odas_ros_msgs-0.0.0-py3.10.egg-info/top_level.txt
-- Up-to-date symlink: /home/ws/ugv_ws/install/odas_ros_msgs/local/lib/python3.10/dist-packages/odas_ros_msgs/__init__.py
-- Up-to-date symlink: /home/ws/ugv_ws/install/odas_ros_msgs/local/lib/python3.10/dist-packages/odas_ros_msgs/_odas_ros_msgs_s.ep.rosidl_typesupport_c.c
-- Up-to-date symlink: /home/ws/ugv_ws/install/odas_ros_msgs/local/lib/python3.10/dist-packages/odas_ros_msgs/_odas_ros_msgs_s.ep.rosidl_typesupport_fastrtps_c.c
-- Up-to-date symlink: /home/ws/ugv_ws/install/odas_ros_msgs/local/lib/python3.10/dist-packages/odas_ros_msgs/_odas_ros_msgs_s.ep.rosidl_typesupport_introspection_c.c
-- Up-to-date symlink: /home/ws/ugv_ws/install/odas_ros_msgs/local/lib/python3.10/dist-packages/odas_ros_msgs/libodas_ros_msgs__rosidl_generator_py.so
-- Up-to-date symlink: /home/ws/ugv_ws/install/odas_ros_msgs/local/lib/python3.10/dist-packages/odas_ros_msgs/msg/__init__.py
-- Up-to-date symlink: /home/ws/ugv_ws/install/odas_ros_msgs/local/lib/python3.10/dist-packages/odas_ros_msgs/msg/_odas_ssl.py
-- Up-to-date symlink: /home/ws/ugv_ws/install/odas_ros_msgs/local/lib/python3.10/dist-packages/odas_ros_msgs/msg/_odas_ssl_array_stamped.py
-- Up-to-date symlink: /home/ws/ugv_ws/install/odas_ros_msgs/local/lib/python3.10/dist-packages/odas_ros_msgs/msg/_odas_ssl_array_stamped_s.c
-- Up-to-date symlink: /home/ws/ugv_ws/install/odas_ros_msgs/local/lib/python3.10/dist-packages/odas_ros_msgs/msg/_odas_ssl_s.c
-- Up-to-date symlink: /home/ws/ugv_ws/install/odas_ros_msgs/local/lib/python3.10/dist-packages/odas_ros_msgs/msg/_odas_sst.py
-- Up-to-date symlink: /home/ws/ugv_ws/install/odas_ros_msgs/local/lib/python3.10/dist-packages/odas_ros_msgs/msg/_odas_sst_array_stamped.py
-- Up-to-date symlink: /home/ws/ugv_ws/install/odas_ros_msgs/local/lib/python3.10/dist-packages/odas_ros_msgs/msg/_odas_sst_array_stamped_s.c
-- Up-to-date symlink: /home/ws/ugv_ws/install/odas_ros_msgs/local/lib/python3.10/dist-packages/odas_ros_msgs/msg/_odas_sst_s.c
-- Up-to-date symlink: /home/ws/ugv_ws/install/odas_ros_msgs/local/lib/python3.10/dist-packages/odas_ros_msgs/odas_ros_msgs_s__rosidl_typesupport_c.cpython-310-aarch64-linux-gnu.so
-- Up-to-date symlink: /home/ws/ugv_ws/install/odas_ros_msgs/local/lib/python3.10/dist-packages/odas_ros_msgs/odas_ros_msgs_s__rosidl_typesupport_fastrtps_c.cpython-310-aarch64-linux-gnu.so
-- Up-to-date symlink: /home/ws/ugv_ws/install/odas_ros_msgs/local/lib/python3.10/dist-packages/odas_ros_msgs/odas_ros_msgs_s__rosidl_typesupport_introspection_c.cpython-310-aarch64-linux-gnu.so
-- Up-to-date symlink: /home/ws/ugv_ws/install/odas_ros_msgs/local/lib/python3.10/dist-packages/odas_ros_msgs/odas_ros_msgs_s__rosidl_typesupport_fastrtps_c.cpython-310-aarch64-linux-gnu.so
-- Up-to-date symlink: /home/ws/ugv_ws/install/odas_ros_msgs/local/lib/python3.10/dist-packages/odas_ros_msgs/odas_ros_msgs_s__rosidl_typesupport_introspection_c.cpython-310-aarch64-linux-gnu.so
-- Up-to-date symlink: /home/ws/ugv_ws/install/odas_ros_msgs/local/lib/python3.10/dist-packages/odas_ros_msgs/odas_ros_msgs_s__rosidl_typesupport_c.cpython-310-aarch64-linux-gnu.so
-- Up-to-date symlink: /home/ws/ugv_ws/install/odas_ros_msgs/share/odas_ros_msgs/msg/OdasSsl.idl
-- Up-to-date symlink: /home/ws/ugv_ws/install/odas_ros_msgs/share/odas_ros_msgs/msg/OdasSslArrayStamped.idl
-- Up-to-date symlink: /home/ws/ugv_ws/install/odas_ros_msgs/share/odas_ros_msgs/msg/OdasSst.idl
-- Up-to-date symlink: /home/ws/ugv_ws/install/odas_ros_msgs/share/odas_ros_msgs/msg/OdasSstArrayStamped.idl
-- Up-to-date symlink: /home/ws/ugv_ws/install/odas_ros_msgs/share/odas_ros_msgs/msg/OdasSsl.msg
-- Up-to-date symlink: /home/ws/ugv_ws/install/odas_ros_msgs/share/odas_ros_msgs/msg/OdasSslArrayStamped.msg
-- Up-to-date symlink: /home/ws/ugv_ws/install/odas_ros_msgs/share/odas_ros_msgs/msg/OdasSst.msg
-- Up-to-date symlink: /home/ws/ugv_ws/install/odas_ros_msgs/share/odas_ros_msgs/msg/OdasSstArrayStamped.msg
-- Up-to-date symlink: /home/ws/ugv_ws/install/odas_ros_msgs/share/ament_index/resource_index/package_run_dependencies/odas_ros_msgs
-- Up-to-date symlink: /home/ws/ugv_ws/install/odas_ros_msgs/share/ament_index/resource_index/parent_prefix_path/odas_ros_msgs
-- Up-to-date symlink: /home/ws/ugv_ws/install/odas_ros_msgs/share/odas_ros_msgs/environment/ament_prefix_path.sh
-- Up-to-date symlink: /home/ws/ugv_ws/install/odas_ros_msgs/share/odas_ros_msgs/environment/ament_prefix_path.dsv
-- Up-to-date symlink: /home/ws/ugv_ws/install/odas_ros_msgs/share/odas_ros_msgs/environment/path.sh
-- Up-to-date symlink: /home/ws/ugv_ws/install/odas_ros_msgs/share/odas_ros_msgs/environment/path.dsv
-- Up-to-date symlink: /home/ws/ugv_ws/install/odas_ros_msgs/share/odas_ros_msgs/local_setup.bash
-- Up-to-date symlink: /home/ws/ugv_ws/install/odas_ros_msgs/share/odas_ros_msgs/local_setup.sh
-- Up-to-date symlink: /home/ws/ugv_ws/install/odas_ros_msgs/share/odas_ros_msgs/local_setup.zsh
-- Up-to-date symlink: /home/ws/ugv_ws/install/odas_ros_msgs/share/odas_ros_msgs/local_setup.dsv
-- Symlinking: /home/ws/ugv_ws/install/odas_ros_msgs/share/odas_ros_msgs/package.dsv
-- Up-to-date symlink: /home/ws/ugv_ws/install/odas_ros_msgs/share/ament_index/resource_index/packages/odas_ros_msgs
-- Up-to-date symlink: /home/ws/ugv_ws/install/odas_ros_msgs/share/odas_ros_msgs/cmake/rosidl_cmake-extras.cmake
-- Up-to-date symlink: /home/ws/ugv_ws/install/odas_ros_msgs/share/odas_ros_msgs/cmake/ament_cmake_export_dependencies-extras.cmake
-- Up-to-date symlink: /home/ws/ugv_ws/install/odas_ros_msgs/share/odas_ros_msgs/cmake/ament_cmake_export_include_directories-extras.cmake
-- Up-to-date symlink: /home/ws/ugv_ws/install/odas_ros_msgs/share/odas_ros_msgs/cmake/ament_cmake_export_libraries-extras.cmake
-- Up-to-date symlink: /home/ws/ugv_ws/install/odas_ros_msgs/share/odas_ros_msgs/cmake/ament_cmake_export_targets-extras.cmake
-- Up-to-date symlink: /home/ws/ugv_ws/install/odas_ros_msgs/share/odas_ros_msgs/cmake/rosidl_cmake_export_typesupport_targets-extras.cmake
-- Up-to-date symlink: /home/ws/ugv_ws/install/odas_ros_msgs/share/odas_ros_msgs/cmake/rosidl_cmake_export_typesupport_libraries-extras.cmake
-- Up-to-date symlink: /home/ws/ugv_ws/install/odas_ros_msgs/share/odas_ros_msgs/cmake/odas_ros_msgsConfig.cmake
-- Up-to-date symlink: /home/ws/ugv_ws/install/odas_ros_msgs/share/odas_ros_msgs/cmake/odas_ros_msgsConfig-version.cmake
-- Up-to-date symlink: /home/ws/ugv_ws/install/odas_ros_msgs/share/odas_ros_msgs/package.xml
-- Up-to-date: /home/ws/ugv_ws/install/odas_ros_msgs/lib/libodas_ros_msgs__rosidl_generator_c.so
-- Up-to-date: /home/ws/ugv_ws/install/odas_ros_msgs/lib/libodas_ros_msgs__rosidl_typesupport_fastrtps_c.so
-- Up-to-date: /home/ws/ugv_ws/install/odas_ros_msgs/lib/libodas_ros_msgs__rosidl_typesupport_fastrtps_cpp.so
-- Up-to-date: /home/ws/ugv_ws/install/odas_ros_msgs/lib/libodas_ros_msgs__rosidl_typesupport_introspection_c.so
-- Up-to-date: /home/ws/ugv_ws/install/odas_ros_msgs/lib/libodas_ros_msgs__rosidl_typesupport_c.so
-- Up-to-date: /home/ws/ugv_ws/install/odas_ros_msgs/lib/libodas_ros_msgs__rosidl_typesupport_introspection_cpp.so
-- Up-to-date: /home/ws/ugv_ws/install/odas_ros_msgs/lib/libodas_ros_msgs__rosidl_typesupport_cpp.so
Listing '/home/ws/ugv_ws/install/odas_ros_msgs/local/lib/python3.10/dist-packages/odas_ros_msgs'...
Listing '/home/ws/ugv_ws/install/odas_ros_msgs/local/lib/python3.10/dist-packages/odas_ros_msgs/msg'...
-- Up-to-date: /home/ws/ugv_ws/install/odas_ros_msgs/lib/libodas_ros_msgs__rosidl_generator_py.so
-- Up-to-date: /home/ws/ugv_ws/install/odas_ros_msgs/share/odas_ros_msgs/cmake/export_odas_ros_msgs__rosidl_generator_cExport.cmake
-- Up-to-date: /home/ws/ugv_ws/install/odas_ros_msgs/share/odas_ros_msgs/cmake/export_odas_ros_msgs__rosidl_generator_cExport-debug.cmake
-- Up-to-date: /home/ws/ugv_ws/install/odas_ros_msgs/share/odas_ros_msgs/cmake/export_odas_ros_msgs__rosidl_typesupport_fastrtps_cExport.cmake
-- Up-to-date: /home/ws/ugv_ws/install/odas_ros_msgs/share/odas_ros_msgs/cmake/export_odas_ros_msgs__rosidl_typesupport_fastrtps_cExport-debug.cmake
-- Up-to-date: /home/ws/ugv_ws/install/odas_ros_msgs/share/odas_ros_msgs/cmake/export_odas_ros_msgs__rosidl_generator_cppExport.cmake
-- Up-to-date: /home/ws/ugv_ws/install/odas_ros_msgs/share/odas_ros_msgs/cmake/export_odas_ros_msgs__rosidl_typesupport_fastrtps_cppExport.cmake
-- Up-to-date: /home/ws/ugv_ws/install/odas_ros_msgs/share/odas_ros_msgs/cmake/export_odas_ros_msgs__rosidl_typesupport_fastrtps_cppExport-debug.cmake
-- Up-to-date: /home/ws/ugv_ws/install/odas_ros_msgs/share/odas_ros_msgs/cmake/odas_ros_msgs__rosidl_typesupport_introspection_cExport.cmake
-- Up-to-date: /home/ws/ugv_ws/install/odas_ros_msgs/share/odas_ros_msgs/cmake/odas_ros_msgs__rosidl_typesupport_introspection_cExport-debug.cmake
-- Up-to-date: /home/ws/ugv_ws/install/odas_ros_msgs/share/odas_ros_msgs/cmake/odas_ros_msgs__rosidl_typesupport_cExport.cmake
-- Up-to-date: /home/ws/ugv_ws/install/odas_ros_msgs/share/odas_ros_msgs/cmake/odas_ros_msgs__rosidl_typesupport_cExport-debug.cmake
-- Up-to-date: /home/ws/ugv_ws/install/odas_ros_msgs/share/odas_ros_msgs/cmake/odas_ros_msgs__rosidl_typesupport_introspection_cppExport.cmake
-- Up-to-date: /home/ws/ugv_ws/install/odas_ros_msgs/share/odas_ros_msgs/cmake/odas_ros_msgs__rosidl_typesupport_introspection_cppExport-debug.cmake
-- Up-to-date: /home/ws/ugv_ws/install/odas_ros_msgs/share/odas_ros_msgs/cmake/odas_ros_msgs__rosidl_typesupport_cppExport.cmake
-- Up-to-date: /home/ws/ugv_ws/install/odas_ros_msgs/share/odas_ros_msgs/cmake/odas_ros_msgs__rosidl_typesupport_cppExport-debug.cmake
-- Up-to-date: /home/ws/ugv_ws/install/odas_ros_msgs/share/odas_ros_msgs/cmake/export_odas_ros_msgs__rosidl_generator_pyExport.cmake
-- Up-to-date: /home/ws/ugv_ws/install/odas_ros_msgs/share/odas_ros_msgs/cmake/export_odas_ros_msgs__rosidl_generator_pyExport-debug.cmake
