Not searching for unused variables given on the command line.
-- The C compiler identification is GNU 11.4.0
-- The CXX compiler identification is GNU 11.4.0
-- Detecting C compiler ABI info
-- Detecting C compiler ABI info - done
-- Check for working C compiler: /usr/bin/cc - skipped
-- Detecting C compile features
-- Detecting C compile features - done
-- Detecting CXX compiler ABI info
-- Detecting CXX compiler ABI info - done
-- Check for working CXX compiler: /usr/bin/c++ - skipped
-- Detecting CXX compile features
-- Detecting CXX compile features - done
-- Found ament_cmake: 1.3.10 (/opt/ros/humble/share/ament_cmake/cmake)
-- Found Python3: /usr/bin/python3 (found version "3.10.12") found components: Interpreter 
-- Override CMake install command with custom implementation using symlinks instead of copying resources
-- Found Protobuf: /usr/lib/aarch64-linux-gnu/libprotobuf.so (found version "3.12.4") 
-- Protobuf: processing opentera_messages/proto/CreateSession.proto
-- Protobuf: processing opentera_messages/proto/DatabaseEvent.proto
-- Protobuf: processing opentera_messages/proto/DeviceEvent.proto
-- Protobuf: processing opentera_messages/proto/JoinSessionEvent.proto
-- Protobuf: processing opentera_messages/proto/JoinSessionReplyEvent.proto
-- Protobuf: processing opentera_messages/proto/LeaveSessionEvent.proto
-- Protobuf: processing opentera_messages/proto/LogEvent.proto
-- Protobuf: processing opentera_messages/proto/ParticipantEvent.proto
-- Protobuf: processing opentera_messages/proto/RPCMessage.proto
-- Protobuf: processing opentera_messages/proto/Result.proto
-- Protobuf: processing opentera_messages/proto/ServerCommand.proto
-- Protobuf: processing opentera_messages/proto/StopSessionEvent.proto
-- Protobuf: processing opentera_messages/proto/TeraEvent.proto
-- Protobuf: processing opentera_messages/proto/TeraMessage.proto
-- Protobuf: processing opentera_messages/proto/TeraModuleMessage.proto
-- Protobuf: processing opentera_messages/proto/UserEvent.proto
-- Protobuf: processing opentera_messages/proto/UserRegisterToEvent.proto
-- Configuring done
-- Generating done
-- Build files have been written to: /home/ws/ugv_ws/build/opentera_protobuf_messages
[  5%] [34m[1mGenerating /home/ws/ugv_ws/src/ugv_else/opentera-webrtc-ros/opentera_protobuf_messages/opentera_protobuf_messages/DatabaseEvent_pb2.py[0m
[ 11%] [34m[1mGenerating /home/ws/ugv_ws/src/ugv_else/opentera-webrtc-ros/opentera_protobuf_messages/opentera_protobuf_messages/CreateSession_pb2.py[0m
[ 17%] [34m[1mGenerating /home/ws/ugv_ws/src/ugv_else/opentera-webrtc-ros/opentera_protobuf_messages/opentera_protobuf_messages/UserRegisterToEvent_pb2.py[0m
[ 23%] [34m[1mGenerating /home/ws/ugv_ws/src/ugv_else/opentera-webrtc-ros/opentera_protobuf_messages/opentera_protobuf_messages/DeviceEvent_pb2.py[0m
[ 23%] Built target opentera_messages_DatabaseEvent.proto.target
[ 23%] Built target opentera_messages_UserRegisterToEvent.proto.target
[ 29%] [34m[1mGenerating /home/ws/ugv_ws/src/ugv_else/opentera-webrtc-ros/opentera_protobuf_messages/opentera_protobuf_messages/JoinSessionEvent_pb2.py[0m
[ 35%] [34m[1mGenerating /home/ws/ugv_ws/src/ugv_else/opentera-webrtc-ros/opentera_protobuf_messages/opentera_protobuf_messages/JoinSessionReplyEvent_pb2.py[0m
[ 35%] Built target opentera_messages_JoinSessionReplyEvent.proto.target
[ 35%] Built target opentera_messages_DeviceEvent.proto.target
[ 35%] Built target opentera_messages_CreateSession.proto.target
[ 35%] Built target opentera_messages_JoinSessionEvent.proto.target
[ 41%] [34m[1mGenerating /home/ws/ugv_ws/src/ugv_else/opentera-webrtc-ros/opentera_protobuf_messages/opentera_protobuf_messages/LeaveSessionEvent_pb2.py[0m
[ 47%] [34m[1mGenerating /home/ws/ugv_ws/src/ugv_else/opentera-webrtc-ros/opentera_protobuf_messages/opentera_protobuf_messages/LogEvent_pb2.py[0m
[ 52%] [34m[1mGenerating /home/ws/ugv_ws/src/ugv_else/opentera-webrtc-ros/opentera_protobuf_messages/opentera_protobuf_messages/RPCMessage_pb2.py[0m
[ 58%] [34m[1mGenerating /home/ws/ugv_ws/src/ugv_else/opentera-webrtc-ros/opentera_protobuf_messages/opentera_protobuf_messages/ParticipantEvent_pb2.py[0m
[ 58%] Built target opentera_messages_LeaveSessionEvent.proto.target
[ 58%] Built target opentera_messages_LogEvent.proto.target
[ 58%] Built target opentera_messages_RPCMessage.proto.target
[ 58%] Built target opentera_messages_ParticipantEvent.proto.target
[ 64%] [34m[1mGenerating /home/ws/ugv_ws/src/ugv_else/opentera-webrtc-ros/opentera_protobuf_messages/opentera_protobuf_messages/Result_pb2.py[0m
[ 70%] [34m[1mGenerating /home/ws/ugv_ws/src/ugv_else/opentera-webrtc-ros/opentera_protobuf_messages/opentera_protobuf_messages/ServerCommand_pb2.py[0m
[ 76%] [34m[1mGenerating /home/ws/ugv_ws/src/ugv_else/opentera-webrtc-ros/opentera_protobuf_messages/opentera_protobuf_messages/StopSessionEvent_pb2.py[0m
[ 76%] Built target opentera_messages_Result.proto.target
[ 82%] [34m[1mGenerating /home/ws/ugv_ws/src/ugv_else/opentera-webrtc-ros/opentera_protobuf_messages/opentera_protobuf_messages/TeraEvent_pb2.py[0m
[ 82%] Built target opentera_messages_StopSessionEvent.proto.target
[ 82%] Built target opentera_messages_ServerCommand.proto.target
[ 82%] Built target opentera_messages_TeraEvent.proto.target
[ 88%] [34m[1mGenerating /home/ws/ugv_ws/src/ugv_else/opentera-webrtc-ros/opentera_protobuf_messages/opentera_protobuf_messages/TeraMessage_pb2.py[0m
[ 94%] [34m[1mGenerating /home/ws/ugv_ws/src/ugv_else/opentera-webrtc-ros/opentera_protobuf_messages/opentera_protobuf_messages/TeraModuleMessage_pb2.py[0m
[100%] [34m[1mGenerating /home/ws/ugv_ws/src/ugv_else/opentera-webrtc-ros/opentera_protobuf_messages/opentera_protobuf_messages/UserEvent_pb2.py[0m
[100%] Built target opentera_messages_TeraMessage.proto.target
[100%] Built target opentera_messages_UserEvent.proto.target
[100%] Built target opentera_messages_TeraModuleMessage.proto.target
[100%] Built target ament_cmake_python_symlink_opentera_protobuf_messages
[100%] Built target python-messages
running egg_info
creating opentera_protobuf_messages.egg-info
writing opentera_protobuf_messages.egg-info/PKG-INFO
writing dependency_links to opentera_protobuf_messages.egg-info/dependency_links.txt
writing top-level names to opentera_protobuf_messages.egg-info/top_level.txt
writing manifest file 'opentera_protobuf_messages.egg-info/SOURCES.txt'
reading manifest file 'opentera_protobuf_messages.egg-info/SOURCES.txt'
writing manifest file 'opentera_protobuf_messages.egg-info/SOURCES.txt'
[100%] Built target ament_cmake_python_build_opentera_protobuf_messages_egg
-- Install configuration: "Debug"
-- Execute custom install script
-- Symlinking: /home/ws/ugv_ws/install/opentera_protobuf_messages/share/opentera_protobuf_messages/environment/pythonpath.sh
-- Symlinking: /home/ws/ugv_ws/install/opentera_protobuf_messages/share/opentera_protobuf_messages/environment/pythonpath.dsv
-- Symlinking: /home/ws/ugv_ws/install/opentera_protobuf_messages/local/lib/python3.10/dist-packages/opentera_protobuf_messages-0.0.0-py3.10.egg-info/PKG-INFO
-- Symlinking: /home/ws/ugv_ws/install/opentera_protobuf_messages/local/lib/python3.10/dist-packages/opentera_protobuf_messages-0.0.0-py3.10.egg-info/SOURCES.txt
-- Symlinking: /home/ws/ugv_ws/install/opentera_protobuf_messages/local/lib/python3.10/dist-packages/opentera_protobuf_messages-0.0.0-py3.10.egg-info/dependency_links.txt
-- Symlinking: /home/ws/ugv_ws/install/opentera_protobuf_messages/local/lib/python3.10/dist-packages/opentera_protobuf_messages-0.0.0-py3.10.egg-info/top_level.txt
-- Symlinking: /home/ws/ugv_ws/install/opentera_protobuf_messages/local/lib/python3.10/dist-packages/opentera_protobuf_messages/CreateSession_pb2.py
-- Symlinking: /home/ws/ugv_ws/install/opentera_protobuf_messages/local/lib/python3.10/dist-packages/opentera_protobuf_messages/DatabaseEvent_pb2.py
-- Symlinking: /home/ws/ugv_ws/install/opentera_protobuf_messages/local/lib/python3.10/dist-packages/opentera_protobuf_messages/DeviceEvent_pb2.py
-- Symlinking: /home/ws/ugv_ws/install/opentera_protobuf_messages/local/lib/python3.10/dist-packages/opentera_protobuf_messages/JoinSessionEvent_pb2.py
-- Symlinking: /home/ws/ugv_ws/install/opentera_protobuf_messages/local/lib/python3.10/dist-packages/opentera_protobuf_messages/JoinSessionReplyEvent_pb2.py
-- Symlinking: /home/ws/ugv_ws/install/opentera_protobuf_messages/local/lib/python3.10/dist-packages/opentera_protobuf_messages/LeaveSessionEvent_pb2.py
-- Symlinking: /home/ws/ugv_ws/install/opentera_protobuf_messages/local/lib/python3.10/dist-packages/opentera_protobuf_messages/LogEvent_pb2.py
-- Symlinking: /home/ws/ugv_ws/install/opentera_protobuf_messages/local/lib/python3.10/dist-packages/opentera_protobuf_messages/ParticipantEvent_pb2.py
-- Symlinking: /home/ws/ugv_ws/install/opentera_protobuf_messages/local/lib/python3.10/dist-packages/opentera_protobuf_messages/RPCMessage_pb2.py
-- Symlinking: /home/ws/ugv_ws/install/opentera_protobuf_messages/local/lib/python3.10/dist-packages/opentera_protobuf_messages/Result_pb2.py
-- Symlinking: /home/ws/ugv_ws/install/opentera_protobuf_messages/local/lib/python3.10/dist-packages/opentera_protobuf_messages/ServerCommand_pb2.py
-- Symlinking: /home/ws/ugv_ws/install/opentera_protobuf_messages/local/lib/python3.10/dist-packages/opentera_protobuf_messages/StopSessionEvent_pb2.py
-- Symlinking: /home/ws/ugv_ws/install/opentera_protobuf_messages/local/lib/python3.10/dist-packages/opentera_protobuf_messages/TeraEvent_pb2.py
-- Symlinking: /home/ws/ugv_ws/install/opentera_protobuf_messages/local/lib/python3.10/dist-packages/opentera_protobuf_messages/TeraMessage_pb2.py
-- Symlinking: /home/ws/ugv_ws/install/opentera_protobuf_messages/local/lib/python3.10/dist-packages/opentera_protobuf_messages/TeraModuleMessage_pb2.py
-- Symlinking: /home/ws/ugv_ws/install/opentera_protobuf_messages/local/lib/python3.10/dist-packages/opentera_protobuf_messages/UserEvent_pb2.py
-- Symlinking: /home/ws/ugv_ws/install/opentera_protobuf_messages/local/lib/python3.10/dist-packages/opentera_protobuf_messages/UserRegisterToEvent_pb2.py
-- Symlinking: /home/ws/ugv_ws/install/opentera_protobuf_messages/local/lib/python3.10/dist-packages/opentera_protobuf_messages/__init__.py
-- Symlinking: /home/ws/ugv_ws/install/opentera_protobuf_messages/share/ament_index/resource_index/package_run_dependencies/opentera_protobuf_messages
-- Symlinking: /home/ws/ugv_ws/install/opentera_protobuf_messages/share/ament_index/resource_index/parent_prefix_path/opentera_protobuf_messages
-- Symlinking: /home/ws/ugv_ws/install/opentera_protobuf_messages/share/opentera_protobuf_messages/environment/ament_prefix_path.sh
-- Symlinking: /home/ws/ugv_ws/install/opentera_protobuf_messages/share/opentera_protobuf_messages/environment/ament_prefix_path.dsv
-- Symlinking: /home/ws/ugv_ws/install/opentera_protobuf_messages/share/opentera_protobuf_messages/environment/path.sh
-- Symlinking: /home/ws/ugv_ws/install/opentera_protobuf_messages/share/opentera_protobuf_messages/environment/path.dsv
-- Symlinking: /home/ws/ugv_ws/install/opentera_protobuf_messages/share/opentera_protobuf_messages/local_setup.bash
-- Symlinking: /home/ws/ugv_ws/install/opentera_protobuf_messages/share/opentera_protobuf_messages/local_setup.sh
-- Symlinking: /home/ws/ugv_ws/install/opentera_protobuf_messages/share/opentera_protobuf_messages/local_setup.zsh
-- Symlinking: /home/ws/ugv_ws/install/opentera_protobuf_messages/share/opentera_protobuf_messages/local_setup.dsv
-- Symlinking: /home/ws/ugv_ws/install/opentera_protobuf_messages/share/opentera_protobuf_messages/package.dsv
-- Symlinking: /home/ws/ugv_ws/install/opentera_protobuf_messages/share/ament_index/resource_index/packages/opentera_protobuf_messages
-- Symlinking: /home/ws/ugv_ws/install/opentera_protobuf_messages/share/opentera_protobuf_messages/cmake/opentera_protobuf_messagesConfig.cmake
-- Symlinking: /home/ws/ugv_ws/install/opentera_protobuf_messages/share/opentera_protobuf_messages/cmake/opentera_protobuf_messagesConfig-version.cmake
-- Symlinking: /home/ws/ugv_ws/install/opentera_protobuf_messages/share/opentera_protobuf_messages/package.xml
Listing '/home/ws/ugv_ws/install/opentera_protobuf_messages/local/lib/python3.10/dist-packages/opentera_protobuf_messages'...
Compiling '/home/ws/ugv_ws/install/opentera_protobuf_messages/local/lib/python3.10/dist-packages/opentera_protobuf_messages/CreateSession_pb2.py'...
Compiling '/home/ws/ugv_ws/install/opentera_protobuf_messages/local/lib/python3.10/dist-packages/opentera_protobuf_messages/DatabaseEvent_pb2.py'...
Compiling '/home/ws/ugv_ws/install/opentera_protobuf_messages/local/lib/python3.10/dist-packages/opentera_protobuf_messages/DeviceEvent_pb2.py'...
Compiling '/home/ws/ugv_ws/install/opentera_protobuf_messages/local/lib/python3.10/dist-packages/opentera_protobuf_messages/JoinSessionEvent_pb2.py'...
Compiling '/home/ws/ugv_ws/install/opentera_protobuf_messages/local/lib/python3.10/dist-packages/opentera_protobuf_messages/JoinSessionReplyEvent_pb2.py'...
Compiling '/home/ws/ugv_ws/install/opentera_protobuf_messages/local/lib/python3.10/dist-packages/opentera_protobuf_messages/LeaveSessionEvent_pb2.py'...
Compiling '/home/ws/ugv_ws/install/opentera_protobuf_messages/local/lib/python3.10/dist-packages/opentera_protobuf_messages/LogEvent_pb2.py'...
Compiling '/home/ws/ugv_ws/install/opentera_protobuf_messages/local/lib/python3.10/dist-packages/opentera_protobuf_messages/ParticipantEvent_pb2.py'...
Compiling '/home/ws/ugv_ws/install/opentera_protobuf_messages/local/lib/python3.10/dist-packages/opentera_protobuf_messages/RPCMessage_pb2.py'...
Compiling '/home/ws/ugv_ws/install/opentera_protobuf_messages/local/lib/python3.10/dist-packages/opentera_protobuf_messages/Result_pb2.py'...
Compiling '/home/ws/ugv_ws/install/opentera_protobuf_messages/local/lib/python3.10/dist-packages/opentera_protobuf_messages/ServerCommand_pb2.py'...
Compiling '/home/ws/ugv_ws/install/opentera_protobuf_messages/local/lib/python3.10/dist-packages/opentera_protobuf_messages/StopSessionEvent_pb2.py'...
Compiling '/home/ws/ugv_ws/install/opentera_protobuf_messages/local/lib/python3.10/dist-packages/opentera_protobuf_messages/TeraEvent_pb2.py'...
Compiling '/home/ws/ugv_ws/install/opentera_protobuf_messages/local/lib/python3.10/dist-packages/opentera_protobuf_messages/TeraMessage_pb2.py'...
Compiling '/home/ws/ugv_ws/install/opentera_protobuf_messages/local/lib/python3.10/dist-packages/opentera_protobuf_messages/TeraModuleMessage_pb2.py'...
Compiling '/home/ws/ugv_ws/install/opentera_protobuf_messages/local/lib/python3.10/dist-packages/opentera_protobuf_messages/UserEvent_pb2.py'...
Compiling '/home/ws/ugv_ws/install/opentera_protobuf_messages/local/lib/python3.10/dist-packages/opentera_protobuf_messages/UserRegisterToEvent_pb2.py'...
Compiling '/home/ws/ugv_ws/install/opentera_protobuf_messages/local/lib/python3.10/dist-packages/opentera_protobuf_messages/__init__.py'...
