[0.053s] Invoking command in '/home/ws/ugv_ws/build/explore_lite': CMAKE_PREFIX_PATH=${CMAKE_PREFIX_PATH}:/home/ws/ugv_ws/install/ugv_web_app:/home/ws/ugv_ws/install/ugv_vision:/home/ws/ugv_ws/install/ugv_tools:/home/ws/ugv_ws/install/ugv_chat_ai:/home/ws/ugv_ws/install/ugv_bringup:/opt/ros/humble /usr/bin/cmake --build /home/ws/ugv_ws/build/explore_lite -- -j4 -l4
[0.144s] -- BuilD for ROS2: humble
[0.144s] -- Found ament_cmake: 1.3.10 (/opt/ros/humble/share/ament_cmake/cmake)
[0.687s] -- Found rclcpp: 16.0.10 (/opt/ros/humble/share/rclcpp/cmake)
[0.752s] -- Found rosidl_generator_c: 3.1.5 (/opt/ros/humble/share/rosidl_generator_c/cmake)
[0.752s] -- Found rosidl_adapter: 3.1.5 (/opt/ros/humble/share/rosidl_adapter/cmake)
[0.762s] -- Found rosidl_generator_cpp: 3.1.5 (/opt/ros/humble/share/rosidl_generator_cpp/cmake)
[0.778s] -- Using all available rosidl_typesupport_c: rosidl_typesupport_fastrtps_c;rosidl_typesupport_introspection_c
[0.808s] -- Using all available rosidl_typesupport_cpp: rosidl_typesupport_fastrtps_cpp;rosidl_typesupport_introspection_cpp
[0.856s] -- Found rmw_implementation_cmake: 6.1.2 (/opt/ros/humble/share/rmw_implementation_cmake/cmake)
[0.856s] -- Found rmw_fastrtps_cpp: 6.2.7 (/opt/ros/humble/share/rmw_fastrtps_cpp/cmake)
[1.053s] -- Using RMW implementation 'rmw_fastrtps_cpp' as default
[1.142s] -- Found sensor_msgs: 4.2.4 (/opt/ros/humble/share/sensor_msgs/cmake)
[1.197s] -- Found tf2_ros: 0.25.7 (/opt/ros/humble/share/tf2_ros/cmake)
[1.340s] -- Found tf2_geometry_msgs: 0.25.7 (/opt/ros/humble/share/tf2_geometry_msgs/cmake)
[1.345s] -- Found eigen3_cmake_module: 0.1.1 (/opt/ros/humble/share/eigen3_cmake_module/cmake)
[1.347s] -- Ensuring Eigen3 include directory is part of orocos-kdl CMake target
[1.351s] -- Found nav2_msgs: 1.1.16 (/opt/ros/humble/share/nav2_msgs/cmake)
[1.423s] -- Found map_msgs: 2.1.0 (/opt/ros/humble/share/map_msgs/cmake)
[1.457s] -- Found visualization_msgs: 4.2.4 (/opt/ros/humble/share/visualization_msgs/cmake)
[1.493s] -- Found nav2_costmap_2d: 1.1.16 (/opt/ros/humble/share/nav2_costmap_2d/cmake)
[1.861s] -- Found ament_lint_auto: 0.12.11 (/opt/ros/humble/share/ament_lint_auto/cmake)
[2.203s] -- Found ament_cmake_gtest: 1.3.10 (/opt/ros/humble/share/ament_cmake_gtest/cmake)
[2.203s] -- Found gtest sources under '/opt/ros/humble/src/gtest_vendor': C++ tests using 'Google Test' will be built
[2.295s] -- Added test 'cppcheck' to perform static code analysis on C / C++ code
[2.304s] -- Configured cppcheck include dirs: /home/ws/ugv_ws/src/ugv_else/explore_lite/include;$<BUILD_INTERFACE:/home/ws/ugv_ws/src/ugv_else/explore_lite/include>
[2.304s] -- Configured cppcheck exclude dirs and/or files: 
[2.304s] -- Added test 'flake8' to check Python code syntax and style conventions
[2.306s] -- Added test 'lint_cmake' to check CMake code style
[2.307s] -- Added test 'pep257' to check Python code against some of the docstring style conventions in PEP 257
[2.320s] -- Added test 'uncrustify' to check C / C++ code style
[2.321s] -- Configured uncrustify additional arguments: 
[2.325s] -- Added test 'xmllint' to check XML markup files
[2.340s] -- Configuring done
[2.784s] -- Generating done
[2.798s] -- Build files have been written to: /home/ws/ugv_ws/build/explore_lite
[2.930s] [35m[1mConsolidate compiler generated dependencies of target gtest_main[0m
[2.962s] [35m[1mConsolidate compiler generated dependencies of target gtest[0m
[2.980s] [35m[1mConsolidate compiler generated dependencies of target explore[0m
[2.996s] [ 20%] Built target gtest_main
[3.041s] [ 40%] Built target gtest
[3.088s] [35m[1mConsolidate compiler generated dependencies of target test_explore[0m
[3.108s] [ 50%] [32mBuilding CXX object CMakeFiles/explore.dir/src/costmap_client.cpp.o[0m
[3.115s] [ 60%] [32mBuilding CXX object CMakeFiles/explore.dir/src/explore.cpp.o[0m
[3.124s] [ 70%] [32mBuilding CXX object CMakeFiles/test_explore.dir/test/test_explore.cpp.o[0m
[3.133s] [ 80%] [32mBuilding CXX object CMakeFiles/explore.dir/src/frontier_search.cpp.o[0m
