[0.044s] Invoking command in '/home/ws/ugv_ws/build/teb_msgs': CMAKE_PREFIX_PATH=/home/ws/ugv_ws/install/costmap_converter_msgs:/home/ws/ugv_ws/install/vizanti:/home/ws/ugv_ws/install/vizanti_server:/home/ws/ugv_ws/install/vizanti_demos:/home/ws/ugv_ws/install/vizanti_msgs:/home/ws/ugv_ws/install/vizanti_cpp:/home/ws/ugv_ws/install/ugv_slam:/home/ws/ugv_ws/install/ugv_nav:/home/ws/ugv_ws/install/ugv_interface:/home/ws/ugv_ws/install/ugv_gazebo:/home/ws/ugv_ws/install/ugv_description:/home/ws/ugv_ws/install/ugv_base_node:/home/ws/ugv_ws/install/teb_local_planner:/home/ws/ugv_ws/install/teb_msgs:/home/ws/ugv_ws/install/slam_gmapping:/home/ws/ugv_ws/install/robot_pose_publisher:/home/ws/ugv_ws/install/rf2o_laser_odometry:/home/ws/ugv_ws/install/openslam_gmapping:/home/ws/ugv_ws/install/ldlidar:/home/ws/ugv_ws/install/explore_lite:/home/ws/ugv_ws/install/emcl2:/home/ws/ugv_ws/install/costmap_converter:/home/ws/ugv_ws/install/cartographer:/home/ws/ugv_ws/install/apriltag_ros:/home/ws/ugv_ws/install/apriltag_msgs:/home/ws/ugv_ws/install/apriltag:/home/ws/ugv_ws/install/ugv_web_app:/home/ws/ugv_ws/install/ugv_vision:/home/ws/ugv_ws/install/ugv_tools:/home/ws/ugv_ws/install/ugv_chat_ai:/home/ws/ugv_ws/install/ugv_bringup:/opt/ros/humble LD_LIBRARY_PATH=/home/ws/ugv_ws/install/costmap_converter_msgs/lib:/home/ws/ugv_ws/install/vizanti_msgs/lib:/home/ws/ugv_ws/install/ugv_interface/lib:/home/ws/ugv_ws/install/teb_local_planner/lib:/home/ws/ugv_ws/install/teb_msgs/lib:/home/ws/ugv_ws/install/openslam_gmapping/lib:/home/ws/ugv_ws/install/costmap_converter/lib:/home/ws/ugv_ws/install/apriltag_ros/lib:/home/ws/ugv_ws/install/apriltag_msgs/lib:/home/ws/ugv_ws/install/apriltag/lib:/opt/ros/humble/opt/rviz_ogre_vendor/lib:/opt/ros/humble/lib/aarch64-linux-gnu:/opt/ros/humble/lib /usr/bin/cmake --build /home/ws/ugv_ws/build/teb_msgs -- -j4 -l4
[0.114s] -- Found ament_cmake: 1.3.10 (/opt/ros/humble/share/ament_cmake/cmake)
[0.522s] -- Found builtin_interfaces: 1.2.1 (/opt/ros/humble/share/builtin_interfaces/cmake)
[0.557s] -- Found rosidl_generator_c: 3.1.5 (/opt/ros/humble/share/rosidl_generator_c/cmake)
[0.560s] -- Found rosidl_adapter: 3.1.5 (/opt/ros/humble/share/rosidl_adapter/cmake)
[0.569s] -- Found rosidl_generator_cpp: 3.1.5 (/opt/ros/humble/share/rosidl_generator_cpp/cmake)
[0.586s] -- Using all available rosidl_typesupport_c: rosidl_typesupport_fastrtps_c;rosidl_typesupport_introspection_c
[0.609s] -- Using all available rosidl_typesupport_cpp: rosidl_typesupport_fastrtps_cpp;rosidl_typesupport_introspection_cpp
[0.629s] -- Found costmap_converter_msgs: 0.1.2 (/home/ws/ugv_ws/install/costmap_converter_msgs/share/costmap_converter_msgs/cmake)
[0.810s] -- Found rosidl_default_generators: 1.2.0 (/opt/ros/humble/share/rosidl_default_generators/cmake)
[1.993s] -- Found ament_cmake_ros: 0.10.0 (/opt/ros/humble/share/ament_cmake_ros/cmake)
[3.256s] -- Using all available rosidl_typesupport_c: rosidl_typesupport_fastrtps_c;rosidl_typesupport_introspection_c
[3.769s] -- Using all available rosidl_typesupport_cpp: rosidl_typesupport_fastrtps_cpp;rosidl_typesupport_introspection_cpp
[3.849s] -- Found python_cmake_module: 0.10.0 (/opt/ros/humble/share/python_cmake_module/cmake)
[3.916s] -- Using PYTHON_EXECUTABLE: /usr/bin/python3
[3.916s] -- Using PYTHON_INCLUDE_DIRS: /usr/include/python3.10
[3.916s] -- Using PYTHON_LIBRARIES: /usr/lib/aarch64-linux-gnu/libpython3.10.so
[4.140s] -- Configuring done
[4.422s] -- Generating done
[4.465s] -- Build files have been written to: /home/ws/ugv_ws/build/teb_msgs
[4.575s] [35m[1mConsolidate compiler generated dependencies of target teb_msgs__rosidl_generator_c[0m
[4.612s] [ 10%] Built target teb_msgs__rosidl_generator_c
[4.623s] [ 12%] Built target teb_msgs__cpp
[4.653s] [35m[1mConsolidate compiler generated dependencies of target teb_msgs__rosidl_typesupport_fastrtps_c[0m
[4.673s] [35m[1mConsolidate compiler generated dependencies of target teb_msgs__rosidl_typesupport_introspection_c[0m
[4.676s] [ 23%] Built target teb_msgs__rosidl_typesupport_fastrtps_c
[4.682s] [35m[1mConsolidate compiler generated dependencies of target teb_msgs__rosidl_typesupport_c[0m
[4.714s] [ 23%] Built target ament_cmake_python_copy_teb_msgs
[4.716s] [ 34%] Built target teb_msgs__rosidl_typesupport_c
[4.727s] [ 44%] Built target teb_msgs__rosidl_typesupport_introspection_c
[4.729s] [35m[1mConsolidate compiler generated dependencies of target teb_msgs__rosidl_typesupport_introspection_cpp[0m
[4.760s] [35m[1mConsolidate compiler generated dependencies of target teb_msgs__rosidl_typesupport_cpp[0m
[4.775s] [ 55%] Built target teb_msgs__rosidl_typesupport_introspection_cpp
[4.789s] [35m[1mConsolidate compiler generated dependencies of target teb_msgs__rosidl_typesupport_fastrtps_cpp[0m
[4.799s] [ 65%] Built target teb_msgs__rosidl_typesupport_cpp
[4.847s] [ 76%] Built target teb_msgs__rosidl_typesupport_fastrtps_cpp
[4.922s] [ 76%] Built target teb_msgs
[4.996s] [ 78%] Built target teb_msgs__py
[5.027s] [35m[1mConsolidate compiler generated dependencies of target teb_msgs__rosidl_generator_py[0m
[5.066s] [ 87%] Built target teb_msgs__rosidl_generator_py
[5.115s] [35m[1mConsolidate compiler generated dependencies of target teb_msgs__rosidl_typesupport_c__pyext[0m
[5.121s] [35m[1mConsolidate compiler generated dependencies of target teb_msgs__rosidl_typesupport_introspection_c__pyext[0m
[5.126s] [35m[1mConsolidate compiler generated dependencies of target teb_msgs__rosidl_typesupport_fastrtps_c__pyext[0m
[5.161s] [ 91%] Built target teb_msgs__rosidl_typesupport_introspection_c__pyext
[5.162s] [ 95%] Built target teb_msgs__rosidl_typesupport_c__pyext
[5.173s] [100%] Built target teb_msgs__rosidl_typesupport_fastrtps_c__pyext
[5.385s] running egg_info
[5.387s] writing teb_msgs.egg-info/PKG-INFO
[5.388s] writing dependency_links to teb_msgs.egg-info/dependency_links.txt
[5.398s] writing top-level names to teb_msgs.egg-info/top_level.txt
[5.409s] reading manifest file 'teb_msgs.egg-info/SOURCES.txt'
[5.411s] writing manifest file 'teb_msgs.egg-info/SOURCES.txt'
[5.559s] [100%] Built target ament_cmake_python_build_teb_msgs_egg
[5.594s] Invoked command in '/home/ws/ugv_ws/build/teb_msgs' returned '0': CMAKE_PREFIX_PATH=/home/ws/ugv_ws/install/costmap_converter_msgs:/home/ws/ugv_ws/install/vizanti:/home/ws/ugv_ws/install/vizanti_server:/home/ws/ugv_ws/install/vizanti_demos:/home/ws/ugv_ws/install/vizanti_msgs:/home/ws/ugv_ws/install/vizanti_cpp:/home/ws/ugv_ws/install/ugv_slam:/home/ws/ugv_ws/install/ugv_nav:/home/ws/ugv_ws/install/ugv_interface:/home/ws/ugv_ws/install/ugv_gazebo:/home/ws/ugv_ws/install/ugv_description:/home/ws/ugv_ws/install/ugv_base_node:/home/ws/ugv_ws/install/teb_local_planner:/home/ws/ugv_ws/install/teb_msgs:/home/ws/ugv_ws/install/slam_gmapping:/home/ws/ugv_ws/install/robot_pose_publisher:/home/ws/ugv_ws/install/rf2o_laser_odometry:/home/ws/ugv_ws/install/openslam_gmapping:/home/ws/ugv_ws/install/ldlidar:/home/ws/ugv_ws/install/explore_lite:/home/ws/ugv_ws/install/emcl2:/home/ws/ugv_ws/install/costmap_converter:/home/ws/ugv_ws/install/cartographer:/home/ws/ugv_ws/install/apriltag_ros:/home/ws/ugv_ws/install/apriltag_msgs:/home/ws/ugv_ws/install/apriltag:/home/ws/ugv_ws/install/ugv_web_app:/home/ws/ugv_ws/install/ugv_vision:/home/ws/ugv_ws/install/ugv_tools:/home/ws/ugv_ws/install/ugv_chat_ai:/home/ws/ugv_ws/install/ugv_bringup:/opt/ros/humble LD_LIBRARY_PATH=/home/ws/ugv_ws/install/costmap_converter_msgs/lib:/home/ws/ugv_ws/install/vizanti_msgs/lib:/home/ws/ugv_ws/install/ugv_interface/lib:/home/ws/ugv_ws/install/teb_local_planner/lib:/home/ws/ugv_ws/install/teb_msgs/lib:/home/ws/ugv_ws/install/openslam_gmapping/lib:/home/ws/ugv_ws/install/costmap_converter/lib:/home/ws/ugv_ws/install/apriltag_ros/lib:/home/ws/ugv_ws/install/apriltag_msgs/lib:/home/ws/ugv_ws/install/apriltag/lib:/opt/ros/humble/opt/rviz_ogre_vendor/lib:/opt/ros/humble/lib/aarch64-linux-gnu:/opt/ros/humble/lib /usr/bin/cmake --build /home/ws/ugv_ws/build/teb_msgs -- -j4 -l4
[6.003s] Invoking command in '/home/ws/ugv_ws/build/teb_msgs': CMAKE_PREFIX_PATH=/home/ws/ugv_ws/install/costmap_converter_msgs:/home/ws/ugv_ws/install/vizanti:/home/ws/ugv_ws/install/vizanti_server:/home/ws/ugv_ws/install/vizanti_demos:/home/ws/ugv_ws/install/vizanti_msgs:/home/ws/ugv_ws/install/vizanti_cpp:/home/ws/ugv_ws/install/ugv_slam:/home/ws/ugv_ws/install/ugv_nav:/home/ws/ugv_ws/install/ugv_interface:/home/ws/ugv_ws/install/ugv_gazebo:/home/ws/ugv_ws/install/ugv_description:/home/ws/ugv_ws/install/ugv_base_node:/home/ws/ugv_ws/install/teb_local_planner:/home/ws/ugv_ws/install/teb_msgs:/home/ws/ugv_ws/install/slam_gmapping:/home/ws/ugv_ws/install/robot_pose_publisher:/home/ws/ugv_ws/install/rf2o_laser_odometry:/home/ws/ugv_ws/install/openslam_gmapping:/home/ws/ugv_ws/install/ldlidar:/home/ws/ugv_ws/install/explore_lite:/home/ws/ugv_ws/install/emcl2:/home/ws/ugv_ws/install/costmap_converter:/home/ws/ugv_ws/install/cartographer:/home/ws/ugv_ws/install/apriltag_ros:/home/ws/ugv_ws/install/apriltag_msgs:/home/ws/ugv_ws/install/apriltag:/home/ws/ugv_ws/install/ugv_web_app:/home/ws/ugv_ws/install/ugv_vision:/home/ws/ugv_ws/install/ugv_tools:/home/ws/ugv_ws/install/ugv_chat_ai:/home/ws/ugv_ws/install/ugv_bringup:/opt/ros/humble LD_LIBRARY_PATH=/home/ws/ugv_ws/install/costmap_converter_msgs/lib:/home/ws/ugv_ws/install/vizanti_msgs/lib:/home/ws/ugv_ws/install/ugv_interface/lib:/home/ws/ugv_ws/install/teb_local_planner/lib:/home/ws/ugv_ws/install/teb_msgs/lib:/home/ws/ugv_ws/install/openslam_gmapping/lib:/home/ws/ugv_ws/install/costmap_converter/lib:/home/ws/ugv_ws/install/apriltag_ros/lib:/home/ws/ugv_ws/install/apriltag_msgs/lib:/home/ws/ugv_ws/install/apriltag/lib:/opt/ros/humble/opt/rviz_ogre_vendor/lib:/opt/ros/humble/lib/aarch64-linux-gnu:/opt/ros/humble/lib /usr/bin/cmake --install /home/ws/ugv_ws/build/teb_msgs
[6.076s] -- Install configuration: ""
[6.076s] -- Up-to-date: /home/ws/ugv_ws/install/teb_msgs/share/ament_index/resource_index/rosidl_interfaces/teb_msgs
[6.076s] -- Up-to-date: /home/ws/ugv_ws/install/teb_msgs/include/teb_msgs/teb_msgs
[6.076s] -- Up-to-date: /home/ws/ugv_ws/install/teb_msgs/include/teb_msgs/teb_msgs/msg
[6.076s] -- Up-to-date: /home/ws/ugv_ws/install/teb_msgs/include/teb_msgs/teb_msgs/msg/rosidl_generator_c__visibility_control.h
[6.077s] -- Up-to-date: /home/ws/ugv_ws/install/teb_msgs/include/teb_msgs/teb_msgs/msg/trajectory_msg.h
[6.077s] -- Up-to-date: /home/ws/ugv_ws/install/teb_msgs/include/teb_msgs/teb_msgs/msg/detail
[6.077s] -- Up-to-date: /home/ws/ugv_ws/install/teb_msgs/include/teb_msgs/teb_msgs/msg/detail/feedback_msg__struct.h
[6.077s] -- Up-to-date: /home/ws/ugv_ws/install/teb_msgs/include/teb_msgs/teb_msgs/msg/detail/feedback_msg__type_support.h
[6.077s] -- Up-to-date: /home/ws/ugv_ws/install/teb_msgs/include/teb_msgs/teb_msgs/msg/detail/trajectory_point_msg__functions.c
[6.077s] -- Up-to-date: /home/ws/ugv_ws/install/teb_msgs/include/teb_msgs/teb_msgs/msg/detail/trajectory_msg__type_support.h
[6.077s] -- Up-to-date: /home/ws/ugv_ws/install/teb_msgs/include/teb_msgs/teb_msgs/msg/detail/feedback_msg__functions.h
[6.078s] -- Up-to-date: /home/ws/ugv_ws/install/teb_msgs/include/teb_msgs/teb_msgs/msg/detail/trajectory_point_msg__type_support.h
[6.078s] -- Up-to-date: /home/ws/ugv_ws/install/teb_msgs/include/teb_msgs/teb_msgs/msg/detail/trajectory_point_msg__struct.h
[6.078s] -- Up-to-date: /home/ws/ugv_ws/install/teb_msgs/include/teb_msgs/teb_msgs/msg/detail/trajectory_msg__functions.c
[6.078s] -- Up-to-date: /home/ws/ugv_ws/install/teb_msgs/include/teb_msgs/teb_msgs/msg/detail/trajectory_point_msg__functions.h
[6.078s] -- Up-to-date: /home/ws/ugv_ws/install/teb_msgs/include/teb_msgs/teb_msgs/msg/detail/trajectory_msg__struct.h
[6.078s] -- Up-to-date: /home/ws/ugv_ws/install/teb_msgs/include/teb_msgs/teb_msgs/msg/detail/feedback_msg__functions.c
[6.078s] -- Up-to-date: /home/ws/ugv_ws/install/teb_msgs/include/teb_msgs/teb_msgs/msg/detail/trajectory_msg__functions.h
[6.078s] -- Up-to-date: /home/ws/ugv_ws/install/teb_msgs/include/teb_msgs/teb_msgs/msg/trajectory_point_msg.h
[6.078s] -- Up-to-date: /home/ws/ugv_ws/install/teb_msgs/include/teb_msgs/teb_msgs/msg/feedback_msg.h
[6.078s] -- Up-to-date: /home/ws/ugv_ws/install/teb_msgs/share/teb_msgs/environment/library_path.sh
[6.078s] -- Installing: /home/ws/ugv_ws/install/teb_msgs/share/teb_msgs/environment/library_path.dsv
[6.090s] -- Up-to-date: /home/ws/ugv_ws/install/teb_msgs/lib/libteb_msgs__rosidl_generator_c.so
[6.090s] -- Up-to-date: /home/ws/ugv_ws/install/teb_msgs/include/teb_msgs/teb_msgs
[6.090s] -- Up-to-date: /home/ws/ugv_ws/install/teb_msgs/include/teb_msgs/teb_msgs/msg
[6.090s] -- Up-to-date: /home/ws/ugv_ws/install/teb_msgs/include/teb_msgs/teb_msgs/msg/detail
[6.090s] -- Up-to-date: /home/ws/ugv_ws/install/teb_msgs/include/teb_msgs/teb_msgs/msg/detail/feedback_msg__rosidl_typesupport_fastrtps_c.h
[6.090s] -- Up-to-date: /home/ws/ugv_ws/install/teb_msgs/include/teb_msgs/teb_msgs/msg/detail/trajectory_point_msg__rosidl_typesupport_fastrtps_c.h
[6.090s] -- Up-to-date: /home/ws/ugv_ws/install/teb_msgs/include/teb_msgs/teb_msgs/msg/detail/trajectory_msg__rosidl_typesupport_fastrtps_c.h
[6.090s] -- Up-to-date: /home/ws/ugv_ws/install/teb_msgs/include/teb_msgs/teb_msgs/msg/rosidl_typesupport_fastrtps_c__visibility_control.h
[6.105s] -- Up-to-date: /home/ws/ugv_ws/install/teb_msgs/lib/libteb_msgs__rosidl_typesupport_fastrtps_c.so
[6.106s] -- Up-to-date: /home/ws/ugv_ws/install/teb_msgs/include/teb_msgs/teb_msgs
[6.106s] -- Up-to-date: /home/ws/ugv_ws/install/teb_msgs/include/teb_msgs/teb_msgs/msg
[6.106s] -- Up-to-date: /home/ws/ugv_ws/install/teb_msgs/include/teb_msgs/teb_msgs/msg/trajectory_point_msg.hpp
[6.106s] -- Up-to-date: /home/ws/ugv_ws/install/teb_msgs/include/teb_msgs/teb_msgs/msg/trajectory_msg.hpp
[6.106s] -- Up-to-date: /home/ws/ugv_ws/install/teb_msgs/include/teb_msgs/teb_msgs/msg/detail
[6.106s] -- Up-to-date: /home/ws/ugv_ws/install/teb_msgs/include/teb_msgs/teb_msgs/msg/detail/trajectory_msg__traits.hpp
[6.106s] -- Up-to-date: /home/ws/ugv_ws/install/teb_msgs/include/teb_msgs/teb_msgs/msg/detail/trajectory_point_msg__struct.hpp
[6.106s] -- Up-to-date: /home/ws/ugv_ws/install/teb_msgs/include/teb_msgs/teb_msgs/msg/detail/trajectory_msg__builder.hpp
[6.106s] -- Up-to-date: /home/ws/ugv_ws/install/teb_msgs/include/teb_msgs/teb_msgs/msg/detail/feedback_msg__struct.hpp
[6.106s] -- Up-to-date: /home/ws/ugv_ws/install/teb_msgs/include/teb_msgs/teb_msgs/msg/detail/trajectory_point_msg__builder.hpp
[6.106s] -- Up-to-date: /home/ws/ugv_ws/install/teb_msgs/include/teb_msgs/teb_msgs/msg/detail/feedback_msg__traits.hpp
[6.106s] -- Up-to-date: /home/ws/ugv_ws/install/teb_msgs/include/teb_msgs/teb_msgs/msg/detail/trajectory_msg__struct.hpp
[6.107s] -- Up-to-date: /home/ws/ugv_ws/install/teb_msgs/include/teb_msgs/teb_msgs/msg/detail/feedback_msg__builder.hpp
[6.107s] -- Up-to-date: /home/ws/ugv_ws/install/teb_msgs/include/teb_msgs/teb_msgs/msg/detail/trajectory_point_msg__traits.hpp
[6.107s] -- Up-to-date: /home/ws/ugv_ws/install/teb_msgs/include/teb_msgs/teb_msgs/msg/feedback_msg.hpp
[6.107s] -- Up-to-date: /home/ws/ugv_ws/install/teb_msgs/include/teb_msgs/teb_msgs
[6.107s] -- Up-to-date: /home/ws/ugv_ws/install/teb_msgs/include/teb_msgs/teb_msgs/msg
[6.107s] -- Up-to-date: /home/ws/ugv_ws/install/teb_msgs/include/teb_msgs/teb_msgs/msg/detail
[6.107s] -- Up-to-date: /home/ws/ugv_ws/install/teb_msgs/include/teb_msgs/teb_msgs/msg/detail/feedback_msg__rosidl_typesupport_fastrtps_cpp.hpp
[6.107s] -- Up-to-date: /home/ws/ugv_ws/install/teb_msgs/include/teb_msgs/teb_msgs/msg/detail/dds_fastrtps
[6.107s] -- Up-to-date: /home/ws/ugv_ws/install/teb_msgs/include/teb_msgs/teb_msgs/msg/detail/trajectory_msg__rosidl_typesupport_fastrtps_cpp.hpp
[6.107s] -- Up-to-date: /home/ws/ugv_ws/install/teb_msgs/include/teb_msgs/teb_msgs/msg/detail/trajectory_point_msg__rosidl_typesupport_fastrtps_cpp.hpp
[6.107s] -- Up-to-date: /home/ws/ugv_ws/install/teb_msgs/include/teb_msgs/teb_msgs/msg/rosidl_typesupport_fastrtps_cpp__visibility_control.h
[6.134s] -- Up-to-date: /home/ws/ugv_ws/install/teb_msgs/lib/libteb_msgs__rosidl_typesupport_fastrtps_cpp.so
[6.134s] -- Up-to-date: /home/ws/ugv_ws/install/teb_msgs/include/teb_msgs/teb_msgs
[6.134s] -- Up-to-date: /home/ws/ugv_ws/install/teb_msgs/include/teb_msgs/teb_msgs/msg
[6.134s] -- Up-to-date: /home/ws/ugv_ws/install/teb_msgs/include/teb_msgs/teb_msgs/msg/rosidl_typesupport_introspection_c__visibility_control.h
[6.134s] -- Up-to-date: /home/ws/ugv_ws/install/teb_msgs/include/teb_msgs/teb_msgs/msg/detail
[6.135s] -- Up-to-date: /home/ws/ugv_ws/install/teb_msgs/include/teb_msgs/teb_msgs/msg/detail/trajectory_point_msg__rosidl_typesupport_introspection_c.h
[6.135s] -- Up-to-date: /home/ws/ugv_ws/install/teb_msgs/include/teb_msgs/teb_msgs/msg/detail/trajectory_point_msg__type_support.c
[6.135s] -- Up-to-date: /home/ws/ugv_ws/install/teb_msgs/include/teb_msgs/teb_msgs/msg/detail/trajectory_msg__type_support.c
[6.135s] -- Up-to-date: /home/ws/ugv_ws/install/teb_msgs/include/teb_msgs/teb_msgs/msg/detail/trajectory_msg__rosidl_typesupport_introspection_c.h
[6.135s] -- Up-to-date: /home/ws/ugv_ws/install/teb_msgs/include/teb_msgs/teb_msgs/msg/detail/feedback_msg__type_support.c
[6.135s] -- Up-to-date: /home/ws/ugv_ws/install/teb_msgs/include/teb_msgs/teb_msgs/msg/detail/feedback_msg__rosidl_typesupport_introspection_c.h
[6.136s] -- Up-to-date: /home/ws/ugv_ws/install/teb_msgs/lib/libteb_msgs__rosidl_typesupport_introspection_c.so
[6.136s] -- Up-to-date: /home/ws/ugv_ws/install/teb_msgs/lib/libteb_msgs__rosidl_typesupport_c.so
[6.141s] -- Up-to-date: /home/ws/ugv_ws/install/teb_msgs/include/teb_msgs/teb_msgs
[6.142s] -- Up-to-date: /home/ws/ugv_ws/install/teb_msgs/include/teb_msgs/teb_msgs/msg
[6.142s] -- Up-to-date: /home/ws/ugv_ws/install/teb_msgs/include/teb_msgs/teb_msgs/msg/detail
[6.143s] -- Up-to-date: /home/ws/ugv_ws/install/teb_msgs/include/teb_msgs/teb_msgs/msg/detail/trajectory_point_msg__type_support.cpp
[6.143s] -- Up-to-date: /home/ws/ugv_ws/install/teb_msgs/include/teb_msgs/teb_msgs/msg/detail/feedback_msg__type_support.cpp
[6.144s] -- Up-to-date: /home/ws/ugv_ws/install/teb_msgs/include/teb_msgs/teb_msgs/msg/detail/feedback_msg__rosidl_typesupport_introspection_cpp.hpp
[6.144s] -- Up-to-date: /home/ws/ugv_ws/install/teb_msgs/include/teb_msgs/teb_msgs/msg/detail/trajectory_msg__rosidl_typesupport_introspection_cpp.hpp
[6.144s] -- Up-to-date: /home/ws/ugv_ws/install/teb_msgs/include/teb_msgs/teb_msgs/msg/detail/trajectory_point_msg__rosidl_typesupport_introspection_cpp.hpp
[6.144s] -- Up-to-date: /home/ws/ugv_ws/install/teb_msgs/include/teb_msgs/teb_msgs/msg/detail/trajectory_msg__type_support.cpp
[6.144s] -- Up-to-date: /home/ws/ugv_ws/install/teb_msgs/lib/libteb_msgs__rosidl_typesupport_introspection_cpp.so
[6.169s] -- Up-to-date: /home/ws/ugv_ws/install/teb_msgs/lib/libteb_msgs__rosidl_typesupport_cpp.so
[6.170s] -- Up-to-date: /home/ws/ugv_ws/install/teb_msgs/share/teb_msgs/environment/pythonpath.sh
[6.170s] -- Installing: /home/ws/ugv_ws/install/teb_msgs/share/teb_msgs/environment/pythonpath.dsv
[6.170s] -- Up-to-date: /home/ws/ugv_ws/install/teb_msgs/local/lib/python3.10/dist-packages/teb_msgs-0.0.1-py3.10.egg-info
[6.170s] -- Installing: /home/ws/ugv_ws/install/teb_msgs/local/lib/python3.10/dist-packages/teb_msgs-0.0.1-py3.10.egg-info/PKG-INFO
[6.170s] -- Installing: /home/ws/ugv_ws/install/teb_msgs/local/lib/python3.10/dist-packages/teb_msgs-0.0.1-py3.10.egg-info/top_level.txt
[6.170s] -- Installing: /home/ws/ugv_ws/install/teb_msgs/local/lib/python3.10/dist-packages/teb_msgs-0.0.1-py3.10.egg-info/dependency_links.txt
[6.170s] -- Installing: /home/ws/ugv_ws/install/teb_msgs/local/lib/python3.10/dist-packages/teb_msgs-0.0.1-py3.10.egg-info/SOURCES.txt
[6.170s] -- Up-to-date: /home/ws/ugv_ws/install/teb_msgs/local/lib/python3.10/dist-packages/teb_msgs
[6.170s] -- Up-to-date: /home/ws/ugv_ws/install/teb_msgs/local/lib/python3.10/dist-packages/teb_msgs/msg
[6.170s] -- Up-to-date: /home/ws/ugv_ws/install/teb_msgs/local/lib/python3.10/dist-packages/teb_msgs/msg/_trajectory_point_msg.py
[6.171s] -- Up-to-date: /home/ws/ugv_ws/install/teb_msgs/local/lib/python3.10/dist-packages/teb_msgs/msg/_feedback_msg_s.c
[6.171s] -- Up-to-date: /home/ws/ugv_ws/install/teb_msgs/local/lib/python3.10/dist-packages/teb_msgs/msg/_feedback_msg.py
[6.171s] -- Up-to-date: /home/ws/ugv_ws/install/teb_msgs/local/lib/python3.10/dist-packages/teb_msgs/msg/_trajectory_msg_s.c
[6.171s] -- Up-to-date: /home/ws/ugv_ws/install/teb_msgs/local/lib/python3.10/dist-packages/teb_msgs/msg/_trajectory_msg.py
[6.171s] -- Up-to-date: /home/ws/ugv_ws/install/teb_msgs/local/lib/python3.10/dist-packages/teb_msgs/msg/__init__.py
[6.171s] -- Up-to-date: /home/ws/ugv_ws/install/teb_msgs/local/lib/python3.10/dist-packages/teb_msgs/msg/_trajectory_point_msg_s.c
[6.171s] -- Up-to-date: /home/ws/ugv_ws/install/teb_msgs/local/lib/python3.10/dist-packages/teb_msgs/teb_msgs_s__rosidl_typesupport_introspection_c.cpython-310-aarch64-linux-gnu.so
[6.171s] -- Up-to-date: /home/ws/ugv_ws/install/teb_msgs/local/lib/python3.10/dist-packages/teb_msgs/teb_msgs_s__rosidl_typesupport_fastrtps_c.cpython-310-aarch64-linux-gnu.so
[6.171s] -- Up-to-date: /home/ws/ugv_ws/install/teb_msgs/local/lib/python3.10/dist-packages/teb_msgs/_teb_msgs_s.ep.rosidl_typesupport_c.c
[6.171s] -- Up-to-date: /home/ws/ugv_ws/install/teb_msgs/local/lib/python3.10/dist-packages/teb_msgs/teb_msgs_s__rosidl_typesupport_c.cpython-310-aarch64-linux-gnu.so
[6.171s] -- Up-to-date: /home/ws/ugv_ws/install/teb_msgs/local/lib/python3.10/dist-packages/teb_msgs/_teb_msgs_s.ep.rosidl_typesupport_introspection_c.c
[6.171s] -- Installing: /home/ws/ugv_ws/install/teb_msgs/local/lib/python3.10/dist-packages/teb_msgs/__init__.py
[6.171s] -- Up-to-date: /home/ws/ugv_ws/install/teb_msgs/local/lib/python3.10/dist-packages/teb_msgs/libteb_msgs__rosidl_generator_py.so
[6.172s] -- Up-to-date: /home/ws/ugv_ws/install/teb_msgs/local/lib/python3.10/dist-packages/teb_msgs/_teb_msgs_s.ep.rosidl_typesupport_fastrtps_c.c
[6.360s] Listing '/home/ws/ugv_ws/install/teb_msgs/local/lib/python3.10/dist-packages/teb_msgs'...
[6.360s] Compiling '/home/ws/ugv_ws/install/teb_msgs/local/lib/python3.10/dist-packages/teb_msgs/__init__.py'...
[6.361s] Listing '/home/ws/ugv_ws/install/teb_msgs/local/lib/python3.10/dist-packages/teb_msgs/msg'...
[6.402s] -- Up-to-date: /home/ws/ugv_ws/install/teb_msgs/local/lib/python3.10/dist-packages/teb_msgs/teb_msgs_s__rosidl_typesupport_fastrtps_c.cpython-310-aarch64-linux-gnu.so
[6.407s] -- Up-to-date: /home/ws/ugv_ws/install/teb_msgs/local/lib/python3.10/dist-packages/teb_msgs/teb_msgs_s__rosidl_typesupport_introspection_c.cpython-310-aarch64-linux-gnu.so
[6.407s] -- Up-to-date: /home/ws/ugv_ws/install/teb_msgs/local/lib/python3.10/dist-packages/teb_msgs/teb_msgs_s__rosidl_typesupport_c.cpython-310-aarch64-linux-gnu.so
[6.411s] -- Up-to-date: /home/ws/ugv_ws/install/teb_msgs/lib/libteb_msgs__rosidl_generator_py.so
[6.411s] -- Up-to-date: /home/ws/ugv_ws/install/teb_msgs/share/teb_msgs/msg/FeedbackMsg.idl
[6.411s] -- Up-to-date: /home/ws/ugv_ws/install/teb_msgs/share/teb_msgs/msg/TrajectoryMsg.idl
[6.411s] -- Up-to-date: /home/ws/ugv_ws/install/teb_msgs/share/teb_msgs/msg/TrajectoryPointMsg.idl
[6.411s] -- Installing: /home/ws/ugv_ws/install/teb_msgs/share/teb_msgs/msg/FeedbackMsg.msg
[6.411s] -- Installing: /home/ws/ugv_ws/install/teb_msgs/share/teb_msgs/msg/TrajectoryMsg.msg
[6.411s] -- Installing: /home/ws/ugv_ws/install/teb_msgs/share/teb_msgs/msg/TrajectoryPointMsg.msg
[6.411s] -- Up-to-date: /home/ws/ugv_ws/install/teb_msgs/share/ament_index/resource_index/package_run_dependencies/teb_msgs
[6.412s] -- Installing: /home/ws/ugv_ws/install/teb_msgs/share/ament_index/resource_index/parent_prefix_path/teb_msgs
[6.412s] -- Up-to-date: /home/ws/ugv_ws/install/teb_msgs/share/teb_msgs/environment/ament_prefix_path.sh
[6.412s] -- Installing: /home/ws/ugv_ws/install/teb_msgs/share/teb_msgs/environment/ament_prefix_path.dsv
[6.412s] -- Up-to-date: /home/ws/ugv_ws/install/teb_msgs/share/teb_msgs/environment/path.sh
[6.413s] -- Installing: /home/ws/ugv_ws/install/teb_msgs/share/teb_msgs/environment/path.dsv
[6.414s] -- Up-to-date: /home/ws/ugv_ws/install/teb_msgs/share/teb_msgs/local_setup.bash
[6.422s] -- Up-to-date: /home/ws/ugv_ws/install/teb_msgs/share/teb_msgs/local_setup.sh
[6.422s] -- Up-to-date: /home/ws/ugv_ws/install/teb_msgs/share/teb_msgs/local_setup.zsh
[6.422s] -- Installing: /home/ws/ugv_ws/install/teb_msgs/share/teb_msgs/local_setup.dsv
[6.422s] -- Installing: /home/ws/ugv_ws/install/teb_msgs/share/teb_msgs/package.dsv
[6.422s] -- Up-to-date: /home/ws/ugv_ws/install/teb_msgs/share/ament_index/resource_index/packages/teb_msgs
[6.423s] -- Up-to-date: /home/ws/ugv_ws/install/teb_msgs/share/teb_msgs/cmake/export_teb_msgs__rosidl_generator_cExport.cmake
[6.423s] -- Up-to-date: /home/ws/ugv_ws/install/teb_msgs/share/teb_msgs/cmake/export_teb_msgs__rosidl_generator_cExport-noconfig.cmake
[6.434s] -- Up-to-date: /home/ws/ugv_ws/install/teb_msgs/share/teb_msgs/cmake/export_teb_msgs__rosidl_typesupport_fastrtps_cExport.cmake
[6.434s] -- Up-to-date: /home/ws/ugv_ws/install/teb_msgs/share/teb_msgs/cmake/export_teb_msgs__rosidl_typesupport_fastrtps_cExport-noconfig.cmake
[6.435s] -- Up-to-date: /home/ws/ugv_ws/install/teb_msgs/share/teb_msgs/cmake/export_teb_msgs__rosidl_generator_cppExport.cmake
[6.436s] -- Up-to-date: /home/ws/ugv_ws/install/teb_msgs/share/teb_msgs/cmake/export_teb_msgs__rosidl_typesupport_fastrtps_cppExport.cmake
[6.436s] -- Up-to-date: /home/ws/ugv_ws/install/teb_msgs/share/teb_msgs/cmake/export_teb_msgs__rosidl_typesupport_fastrtps_cppExport-noconfig.cmake
[6.436s] -- Up-to-date: /home/ws/ugv_ws/install/teb_msgs/share/teb_msgs/cmake/teb_msgs__rosidl_typesupport_introspection_cExport.cmake
[6.437s] -- Up-to-date: /home/ws/ugv_ws/install/teb_msgs/share/teb_msgs/cmake/teb_msgs__rosidl_typesupport_introspection_cExport-noconfig.cmake
[6.438s] -- Up-to-date: /home/ws/ugv_ws/install/teb_msgs/share/teb_msgs/cmake/teb_msgs__rosidl_typesupport_cExport.cmake
[6.438s] -- Up-to-date: /home/ws/ugv_ws/install/teb_msgs/share/teb_msgs/cmake/teb_msgs__rosidl_typesupport_cExport-noconfig.cmake
[6.442s] -- Up-to-date: /home/ws/ugv_ws/install/teb_msgs/share/teb_msgs/cmake/teb_msgs__rosidl_typesupport_introspection_cppExport.cmake
[6.443s] -- Up-to-date: /home/ws/ugv_ws/install/teb_msgs/share/teb_msgs/cmake/teb_msgs__rosidl_typesupport_introspection_cppExport-noconfig.cmake
[6.444s] -- Up-to-date: /home/ws/ugv_ws/install/teb_msgs/share/teb_msgs/cmake/teb_msgs__rosidl_typesupport_cppExport.cmake
[6.444s] -- Up-to-date: /home/ws/ugv_ws/install/teb_msgs/share/teb_msgs/cmake/teb_msgs__rosidl_typesupport_cppExport-noconfig.cmake
[6.444s] -- Up-to-date: /home/ws/ugv_ws/install/teb_msgs/share/teb_msgs/cmake/export_teb_msgs__rosidl_generator_pyExport.cmake
[6.457s] -- Up-to-date: /home/ws/ugv_ws/install/teb_msgs/share/teb_msgs/cmake/export_teb_msgs__rosidl_generator_pyExport-noconfig.cmake
[6.458s] -- Up-to-date: /home/ws/ugv_ws/install/teb_msgs/share/teb_msgs/cmake/rosidl_cmake-extras.cmake
[6.458s] -- Up-to-date: /home/ws/ugv_ws/install/teb_msgs/share/teb_msgs/cmake/ament_cmake_export_dependencies-extras.cmake
[6.458s] -- Up-to-date: /home/ws/ugv_ws/install/teb_msgs/share/teb_msgs/cmake/ament_cmake_export_include_directories-extras.cmake
[6.458s] -- Up-to-date: /home/ws/ugv_ws/install/teb_msgs/share/teb_msgs/cmake/ament_cmake_export_libraries-extras.cmake
[6.458s] -- Up-to-date: /home/ws/ugv_ws/install/teb_msgs/share/teb_msgs/cmake/ament_cmake_export_targets-extras.cmake
[6.458s] -- Up-to-date: /home/ws/ugv_ws/install/teb_msgs/share/teb_msgs/cmake/rosidl_cmake_export_typesupport_targets-extras.cmake
[6.458s] -- Up-to-date: /home/ws/ugv_ws/install/teb_msgs/share/teb_msgs/cmake/rosidl_cmake_export_typesupport_libraries-extras.cmake
[6.458s] -- Up-to-date: /home/ws/ugv_ws/install/teb_msgs/share/teb_msgs/cmake/teb_msgsConfig.cmake
[6.458s] -- Up-to-date: /home/ws/ugv_ws/install/teb_msgs/share/teb_msgs/cmake/teb_msgsConfig-version.cmake
[6.459s] -- Installing: /home/ws/ugv_ws/install/teb_msgs/share/teb_msgs/package.xml
[6.463s] Invoked command in '/home/ws/ugv_ws/build/teb_msgs' returned '0': CMAKE_PREFIX_PATH=/home/ws/ugv_ws/install/costmap_converter_msgs:/home/ws/ugv_ws/install/vizanti:/home/ws/ugv_ws/install/vizanti_server:/home/ws/ugv_ws/install/vizanti_demos:/home/ws/ugv_ws/install/vizanti_msgs:/home/ws/ugv_ws/install/vizanti_cpp:/home/ws/ugv_ws/install/ugv_slam:/home/ws/ugv_ws/install/ugv_nav:/home/ws/ugv_ws/install/ugv_interface:/home/ws/ugv_ws/install/ugv_gazebo:/home/ws/ugv_ws/install/ugv_description:/home/ws/ugv_ws/install/ugv_base_node:/home/ws/ugv_ws/install/teb_local_planner:/home/ws/ugv_ws/install/teb_msgs:/home/ws/ugv_ws/install/slam_gmapping:/home/ws/ugv_ws/install/robot_pose_publisher:/home/ws/ugv_ws/install/rf2o_laser_odometry:/home/ws/ugv_ws/install/openslam_gmapping:/home/ws/ugv_ws/install/ldlidar:/home/ws/ugv_ws/install/explore_lite:/home/ws/ugv_ws/install/emcl2:/home/ws/ugv_ws/install/costmap_converter:/home/ws/ugv_ws/install/cartographer:/home/ws/ugv_ws/install/apriltag_ros:/home/ws/ugv_ws/install/apriltag_msgs:/home/ws/ugv_ws/install/apriltag:/home/ws/ugv_ws/install/ugv_web_app:/home/ws/ugv_ws/install/ugv_vision:/home/ws/ugv_ws/install/ugv_tools:/home/ws/ugv_ws/install/ugv_chat_ai:/home/ws/ugv_ws/install/ugv_bringup:/opt/ros/humble LD_LIBRARY_PATH=/home/ws/ugv_ws/install/costmap_converter_msgs/lib:/home/ws/ugv_ws/install/vizanti_msgs/lib:/home/ws/ugv_ws/install/ugv_interface/lib:/home/ws/ugv_ws/install/teb_local_planner/lib:/home/ws/ugv_ws/install/teb_msgs/lib:/home/ws/ugv_ws/install/openslam_gmapping/lib:/home/ws/ugv_ws/install/costmap_converter/lib:/home/ws/ugv_ws/install/apriltag_ros/lib:/home/ws/ugv_ws/install/apriltag_msgs/lib:/home/ws/ugv_ws/install/apriltag/lib:/opt/ros/humble/opt/rviz_ogre_vendor/lib:/opt/ros/humble/lib/aarch64-linux-gnu:/opt/ros/humble/lib /usr/bin/cmake --install /home/ws/ugv_ws/build/teb_msgs
