[35m[1mConsolidate compiler generated dependencies of target base_node[0m
[ 50%] [32mBuilding CXX object CMakeFiles/base_node.dir/src/base_node.cpp.o[0m
[100%] [32m[1mLinking CXX executable base_node[0m
[100%] Built target base_node
-- Install configuration: ""
-- Installing: /home/ws/ugv_ws/install/ugv_base_node/lib/ugv_base_node/base_node
-- Set runtime path of "/home/ws/ugv_ws/install/ugv_base_node/lib/ugv_base_node/base_node" to ""
-- Up-to-date: /home/ws/ugv_ws/install/ugv_base_node/share/ament_index/resource_index/package_run_dependencies/ugv_base_node
-- Up-to-date: /home/ws/ugv_ws/install/ugv_base_node/share/ament_index/resource_index/parent_prefix_path/ugv_base_node
-- Up-to-date: /home/ws/ugv_ws/install/ugv_base_node/share/ugv_base_node/environment/ament_prefix_path.sh
-- Up-to-date: /home/ws/ugv_ws/install/ugv_base_node/share/ugv_base_node/environment/ament_prefix_path.dsv
-- Up-to-date: /home/ws/ugv_ws/install/ugv_base_node/share/ugv_base_node/environment/path.sh
-- Up-to-date: /home/ws/ugv_ws/install/ugv_base_node/share/ugv_base_node/environment/path.dsv
-- Up-to-date: /home/ws/ugv_ws/install/ugv_base_node/share/ugv_base_node/local_setup.bash
-- Up-to-date: /home/ws/ugv_ws/install/ugv_base_node/share/ugv_base_node/local_setup.sh
-- Up-to-date: /home/ws/ugv_ws/install/ugv_base_node/share/ugv_base_node/local_setup.zsh
-- Up-to-date: /home/ws/ugv_ws/install/ugv_base_node/share/ugv_base_node/local_setup.dsv
-- Installing: /home/ws/ugv_ws/install/ugv_base_node/share/ugv_base_node/package.dsv
-- Up-to-date: /home/ws/ugv_ws/install/ugv_base_node/share/ament_index/resource_index/packages/ugv_base_node
-- Up-to-date: /home/ws/ugv_ws/install/ugv_base_node/share/ugv_base_node/cmake/ugv_base_nodeConfig.cmake
-- Up-to-date: /home/ws/ugv_ws/install/ugv_base_node/share/ugv_base_node/cmake/ugv_base_nodeConfig-version.cmake
-- Up-to-date: /home/ws/ugv_ws/install/ugv_base_node/share/ugv_base_node/package.xml
