[0.053s] Invoking command in '/home/ws/ugv_ws/build/teb_local_planner': CMAKE_PREFIX_PATH=/home/ws/ugv_ws/install/teb_msgs:/home/ws/ugv_ws/install/costmap_converter:/home/ws/ugv_ws/install/costmap_converter_msgs:/home/ws/ugv_ws/install/vizanti:/home/ws/ugv_ws/install/vizanti_server:/home/ws/ugv_ws/install/vizanti_demos:/home/ws/ugv_ws/install/vizanti_msgs:/home/ws/ugv_ws/install/vizanti_cpp:/home/ws/ugv_ws/install/ugv_slam:/home/ws/ugv_ws/install/ugv_nav:/home/ws/ugv_ws/install/ugv_interface:/home/ws/ugv_ws/install/ugv_gazebo:/home/ws/ugv_ws/install/ugv_description:/home/ws/ugv_ws/install/ugv_base_node:/home/ws/ugv_ws/install/teb_local_planner:/home/ws/ugv_ws/install/slam_gmapping:/home/ws/ugv_ws/install/robot_pose_publisher:/home/ws/ugv_ws/install/rf2o_laser_odometry:/home/ws/ugv_ws/install/openslam_gmapping:/home/ws/ugv_ws/install/ldlidar:/home/ws/ugv_ws/install/explore_lite:/home/ws/ugv_ws/install/emcl2:/home/ws/ugv_ws/install/cartographer:/home/ws/ugv_ws/install/apriltag_ros:/home/ws/ugv_ws/install/apriltag_msgs:/home/ws/ugv_ws/install/apriltag:/home/ws/ugv_ws/install/ugv_web_app:/home/ws/ugv_ws/install/ugv_vision:/home/ws/ugv_ws/install/ugv_tools:/home/ws/ugv_ws/install/ugv_chat_ai:/home/ws/ugv_ws/install/ugv_bringup:/opt/ros/humble LD_LIBRARY_PATH=/home/ws/ugv_ws/install/teb_msgs/lib:/home/ws/ugv_ws/install/costmap_converter/lib:/home/ws/ugv_ws/install/costmap_converter_msgs/lib:/home/ws/ugv_ws/install/vizanti_msgs/lib:/home/ws/ugv_ws/install/ugv_interface/lib:/home/ws/ugv_ws/install/teb_local_planner/lib:/home/ws/ugv_ws/install/openslam_gmapping/lib:/home/ws/ugv_ws/install/apriltag_ros/lib:/home/ws/ugv_ws/install/apriltag_msgs/lib:/home/ws/ugv_ws/install/apriltag/lib:/opt/ros/humble/opt/rviz_ogre_vendor/lib:/opt/ros/humble/lib/aarch64-linux-gnu:/opt/ros/humble/lib /usr/bin/cmake --build /home/ws/ugv_ws/build/teb_local_planner -- -j4 -l4
[0.223s] [100%] Built target teb_local_planner
[0.238s] Invoked command in '/home/ws/ugv_ws/build/teb_local_planner' returned '0': CMAKE_PREFIX_PATH=/home/ws/ugv_ws/install/teb_msgs:/home/ws/ugv_ws/install/costmap_converter:/home/ws/ugv_ws/install/costmap_converter_msgs:/home/ws/ugv_ws/install/vizanti:/home/ws/ugv_ws/install/vizanti_server:/home/ws/ugv_ws/install/vizanti_demos:/home/ws/ugv_ws/install/vizanti_msgs:/home/ws/ugv_ws/install/vizanti_cpp:/home/ws/ugv_ws/install/ugv_slam:/home/ws/ugv_ws/install/ugv_nav:/home/ws/ugv_ws/install/ugv_interface:/home/ws/ugv_ws/install/ugv_gazebo:/home/ws/ugv_ws/install/ugv_description:/home/ws/ugv_ws/install/ugv_base_node:/home/ws/ugv_ws/install/teb_local_planner:/home/ws/ugv_ws/install/slam_gmapping:/home/ws/ugv_ws/install/robot_pose_publisher:/home/ws/ugv_ws/install/rf2o_laser_odometry:/home/ws/ugv_ws/install/openslam_gmapping:/home/ws/ugv_ws/install/ldlidar:/home/ws/ugv_ws/install/explore_lite:/home/ws/ugv_ws/install/emcl2:/home/ws/ugv_ws/install/cartographer:/home/ws/ugv_ws/install/apriltag_ros:/home/ws/ugv_ws/install/apriltag_msgs:/home/ws/ugv_ws/install/apriltag:/home/ws/ugv_ws/install/ugv_web_app:/home/ws/ugv_ws/install/ugv_vision:/home/ws/ugv_ws/install/ugv_tools:/home/ws/ugv_ws/install/ugv_chat_ai:/home/ws/ugv_ws/install/ugv_bringup:/opt/ros/humble LD_LIBRARY_PATH=/home/ws/ugv_ws/install/teb_msgs/lib:/home/ws/ugv_ws/install/costmap_converter/lib:/home/ws/ugv_ws/install/costmap_converter_msgs/lib:/home/ws/ugv_ws/install/vizanti_msgs/lib:/home/ws/ugv_ws/install/ugv_interface/lib:/home/ws/ugv_ws/install/teb_local_planner/lib:/home/ws/ugv_ws/install/openslam_gmapping/lib:/home/ws/ugv_ws/install/apriltag_ros/lib:/home/ws/ugv_ws/install/apriltag_msgs/lib:/home/ws/ugv_ws/install/apriltag/lib:/opt/ros/humble/opt/rviz_ogre_vendor/lib:/opt/ros/humble/lib/aarch64-linux-gnu:/opt/ros/humble/lib /usr/bin/cmake --build /home/ws/ugv_ws/build/teb_local_planner -- -j4 -l4
[0.288s] Invoking command in '/home/ws/ugv_ws/build/teb_local_planner': CMAKE_PREFIX_PATH=/home/ws/ugv_ws/install/teb_msgs:/home/ws/ugv_ws/install/costmap_converter:/home/ws/ugv_ws/install/costmap_converter_msgs:/home/ws/ugv_ws/install/vizanti:/home/ws/ugv_ws/install/vizanti_server:/home/ws/ugv_ws/install/vizanti_demos:/home/ws/ugv_ws/install/vizanti_msgs:/home/ws/ugv_ws/install/vizanti_cpp:/home/ws/ugv_ws/install/ugv_slam:/home/ws/ugv_ws/install/ugv_nav:/home/ws/ugv_ws/install/ugv_interface:/home/ws/ugv_ws/install/ugv_gazebo:/home/ws/ugv_ws/install/ugv_description:/home/ws/ugv_ws/install/ugv_base_node:/home/ws/ugv_ws/install/teb_local_planner:/home/ws/ugv_ws/install/slam_gmapping:/home/ws/ugv_ws/install/robot_pose_publisher:/home/ws/ugv_ws/install/rf2o_laser_odometry:/home/ws/ugv_ws/install/openslam_gmapping:/home/ws/ugv_ws/install/ldlidar:/home/ws/ugv_ws/install/explore_lite:/home/ws/ugv_ws/install/emcl2:/home/ws/ugv_ws/install/cartographer:/home/ws/ugv_ws/install/apriltag_ros:/home/ws/ugv_ws/install/apriltag_msgs:/home/ws/ugv_ws/install/apriltag:/home/ws/ugv_ws/install/ugv_web_app:/home/ws/ugv_ws/install/ugv_vision:/home/ws/ugv_ws/install/ugv_tools:/home/ws/ugv_ws/install/ugv_chat_ai:/home/ws/ugv_ws/install/ugv_bringup:/opt/ros/humble LD_LIBRARY_PATH=/home/ws/ugv_ws/install/teb_msgs/lib:/home/ws/ugv_ws/install/costmap_converter/lib:/home/ws/ugv_ws/install/costmap_converter_msgs/lib:/home/ws/ugv_ws/install/vizanti_msgs/lib:/home/ws/ugv_ws/install/ugv_interface/lib:/home/ws/ugv_ws/install/teb_local_planner/lib:/home/ws/ugv_ws/install/openslam_gmapping/lib:/home/ws/ugv_ws/install/apriltag_ros/lib:/home/ws/ugv_ws/install/apriltag_msgs/lib:/home/ws/ugv_ws/install/apriltag/lib:/opt/ros/humble/opt/rviz_ogre_vendor/lib:/opt/ros/humble/lib/aarch64-linux-gnu:/opt/ros/humble/lib /usr/bin/cmake --install /home/ws/ugv_ws/build/teb_local_planner
[0.299s] -- Install configuration: "Release"
[0.301s] -- Up-to-date: /home/ws/ugv_ws/install/teb_local_planner/lib/libteb_local_planner.so
[0.302s] -- Up-to-date: /home/ws/ugv_ws/install/teb_local_planner/include/
[0.302s] -- Up-to-date: /home/ws/ugv_ws/install/teb_local_planner/include//teb_local_planner
[0.302s] -- Up-to-date: /home/ws/ugv_ws/install/teb_local_planner/include//teb_local_planner/timed_elastic_band.h
[0.303s] -- Up-to-date: /home/ws/ugv_ws/install/teb_local_planner/include//teb_local_planner/optimal_planner.h
[0.303s] -- Up-to-date: /home/ws/ugv_ws/install/teb_local_planner/include//teb_local_planner/h_signature.h
[0.303s] -- Up-to-date: /home/ws/ugv_ws/install/teb_local_planner/include//teb_local_planner/g2o_types
[0.303s] -- Up-to-date: /home/ws/ugv_ws/install/teb_local_planner/include//teb_local_planner/g2o_types/edge_obstacle.h
[0.303s] -- Up-to-date: /home/ws/ugv_ws/install/teb_local_planner/include//teb_local_planner/g2o_types/edge_prefer_rotdir.h
[0.303s] -- Up-to-date: /home/ws/ugv_ws/install/teb_local_planner/include//teb_local_planner/g2o_types/vertex_timediff.h
[0.303s] -- Up-to-date: /home/ws/ugv_ws/install/teb_local_planner/include//teb_local_planner/g2o_types/edge_velocity.h
[0.303s] -- Up-to-date: /home/ws/ugv_ws/install/teb_local_planner/include//teb_local_planner/g2o_types/edge_shortest_path.h
[0.303s] -- Up-to-date: /home/ws/ugv_ws/install/teb_local_planner/include//teb_local_planner/g2o_types/edge_time_optimal.h
[0.303s] -- Up-to-date: /home/ws/ugv_ws/install/teb_local_planner/include//teb_local_planner/g2o_types/vertex_pose.h
[0.304s] -- Up-to-date: /home/ws/ugv_ws/install/teb_local_planner/include//teb_local_planner/g2o_types/edge_acceleration.h
[0.304s] -- Up-to-date: /home/ws/ugv_ws/install/teb_local_planner/include//teb_local_planner/g2o_types/edge_via_point.h
[0.304s] -- Up-to-date: /home/ws/ugv_ws/install/teb_local_planner/include//teb_local_planner/g2o_types/edge_kinematics.h
[0.304s] -- Up-to-date: /home/ws/ugv_ws/install/teb_local_planner/include//teb_local_planner/g2o_types/edge_velocity_obstacle_ratio.h
[0.304s] -- Up-to-date: /home/ws/ugv_ws/install/teb_local_planner/include//teb_local_planner/g2o_types/edge_dynamic_obstacle.h
[0.304s] -- Up-to-date: /home/ws/ugv_ws/install/teb_local_planner/include//teb_local_planner/g2o_types/penalties.h
[0.304s] -- Up-to-date: /home/ws/ugv_ws/install/teb_local_planner/include//teb_local_planner/g2o_types/base_teb_edges.h
[0.304s] -- Up-to-date: /home/ws/ugv_ws/install/teb_local_planner/include//teb_local_planner/robot_footprint_model.h
[0.304s] -- Up-to-date: /home/ws/ugv_ws/install/teb_local_planner/include//teb_local_planner/homotopy_class_planner.hpp
[0.304s] -- Up-to-date: /home/ws/ugv_ws/install/teb_local_planner/include//teb_local_planner/obstacles.h
[0.304s] -- Up-to-date: /home/ws/ugv_ws/install/teb_local_planner/include//teb_local_planner/timed_elastic_band.hpp
[0.304s] -- Up-to-date: /home/ws/ugv_ws/install/teb_local_planner/include//teb_local_planner/teb_local_planner_ros.h
[0.304s] -- Up-to-date: /home/ws/ugv_ws/install/teb_local_planner/include//teb_local_planner/recovery_behaviors.h
[0.304s] -- Up-to-date: /home/ws/ugv_ws/install/teb_local_planner/include//teb_local_planner/misc.h
[0.304s] -- Up-to-date: /home/ws/ugv_ws/install/teb_local_planner/include//teb_local_planner/teb_config.h
[0.304s] -- Up-to-date: /home/ws/ugv_ws/install/teb_local_planner/include//teb_local_planner/homotopy_class_planner.h
[0.305s] -- Up-to-date: /home/ws/ugv_ws/install/teb_local_planner/include//teb_local_planner/visualization.hpp
[0.305s] -- Up-to-date: /home/ws/ugv_ws/install/teb_local_planner/include//teb_local_planner/graph_search.h
[0.305s] -- Up-to-date: /home/ws/ugv_ws/install/teb_local_planner/include//teb_local_planner/distance_calculations.h
[0.305s] -- Up-to-date: /home/ws/ugv_ws/install/teb_local_planner/include//teb_local_planner/visualization.h
[0.305s] -- Up-to-date: /home/ws/ugv_ws/install/teb_local_planner/include//teb_local_planner/equivalence_relations.h
[0.305s] -- Up-to-date: /home/ws/ugv_ws/install/teb_local_planner/include//teb_local_planner/planner_interface.h
[0.305s] -- Up-to-date: /home/ws/ugv_ws/install/teb_local_planner/include//teb_local_planner/pose_se2.h
[0.305s] -- Up-to-date: /home/ws/ugv_ws/install/teb_local_planner/share/teb_local_planner_plugin.xml
[0.305s] -- Up-to-date: /home/ws/ugv_ws/install/teb_local_planner/lib/teb_local_planner/cmd_vel_to_ackermann_drive.py
[0.306s] -- Up-to-date: /home/ws/ugv_ws/install/teb_local_planner/share/teb_local_planner/params
[0.306s] -- Up-to-date: /home/ws/ugv_ws/install/teb_local_planner/share/teb_local_planner/params/teb_params.yaml
[0.306s] -- Up-to-date: /home/ws/ugv_ws/install/teb_local_planner/share/teb_local_planner/environment/library_path.sh
[0.306s] -- Up-to-date: /home/ws/ugv_ws/install/teb_local_planner/share/teb_local_planner/environment/library_path.dsv
[0.306s] -- Up-to-date: /home/ws/ugv_ws/install/teb_local_planner/share/teb_local_planner/teb_local_planner_plugin.xml
[0.306s] -- Up-to-date: /home/ws/ugv_ws/install/teb_local_planner/share/ament_index/resource_index/package_run_dependencies/teb_local_planner
[0.306s] -- Up-to-date: /home/ws/ugv_ws/install/teb_local_planner/share/ament_index/resource_index/parent_prefix_path/teb_local_planner
[0.306s] -- Up-to-date: /home/ws/ugv_ws/install/teb_local_planner/share/teb_local_planner/environment/ament_prefix_path.sh
[0.307s] -- Up-to-date: /home/ws/ugv_ws/install/teb_local_planner/share/teb_local_planner/environment/ament_prefix_path.dsv
[0.307s] -- Up-to-date: /home/ws/ugv_ws/install/teb_local_planner/share/teb_local_planner/environment/path.sh
[0.307s] -- Up-to-date: /home/ws/ugv_ws/install/teb_local_planner/share/teb_local_planner/environment/path.dsv
[0.307s] -- Up-to-date: /home/ws/ugv_ws/install/teb_local_planner/share/teb_local_planner/local_setup.bash
[0.307s] -- Up-to-date: /home/ws/ugv_ws/install/teb_local_planner/share/teb_local_planner/local_setup.sh
[0.307s] -- Up-to-date: /home/ws/ugv_ws/install/teb_local_planner/share/teb_local_planner/local_setup.zsh
[0.307s] -- Up-to-date: /home/ws/ugv_ws/install/teb_local_planner/share/teb_local_planner/local_setup.dsv
[0.307s] -- Installing: /home/ws/ugv_ws/install/teb_local_planner/share/teb_local_planner/package.dsv
[0.307s] -- Up-to-date: /home/ws/ugv_ws/install/teb_local_planner/share/ament_index/resource_index/packages/teb_local_planner
[0.307s] -- Up-to-date: /home/ws/ugv_ws/install/teb_local_planner/share/ament_index/resource_index/nav2_core__pluginlib__plugin/teb_local_planner
[0.307s] -- Up-to-date: /home/ws/ugv_ws/install/teb_local_planner/share/teb_local_planner/cmake/ament_cmake_export_include_directories-extras.cmake
[0.307s] -- Up-to-date: /home/ws/ugv_ws/install/teb_local_planner/share/teb_local_planner/cmake/ament_cmake_export_libraries-extras.cmake
[0.307s] -- Up-to-date: /home/ws/ugv_ws/install/teb_local_planner/share/teb_local_planner/cmake/ament_cmake_export_dependencies-extras.cmake
[0.307s] -- Up-to-date: /home/ws/ugv_ws/install/teb_local_planner/share/teb_local_planner/cmake/teb_local_plannerConfig.cmake
[0.307s] -- Up-to-date: /home/ws/ugv_ws/install/teb_local_planner/share/teb_local_planner/cmake/teb_local_plannerConfig-version.cmake
[0.307s] -- Up-to-date: /home/ws/ugv_ws/install/teb_local_planner/share/teb_local_planner/package.xml
[0.308s] Invoked command in '/home/ws/ugv_ws/build/teb_local_planner' returned '0': CMAKE_PREFIX_PATH=/home/ws/ugv_ws/install/teb_msgs:/home/ws/ugv_ws/install/costmap_converter:/home/ws/ugv_ws/install/costmap_converter_msgs:/home/ws/ugv_ws/install/vizanti:/home/ws/ugv_ws/install/vizanti_server:/home/ws/ugv_ws/install/vizanti_demos:/home/ws/ugv_ws/install/vizanti_msgs:/home/ws/ugv_ws/install/vizanti_cpp:/home/ws/ugv_ws/install/ugv_slam:/home/ws/ugv_ws/install/ugv_nav:/home/ws/ugv_ws/install/ugv_interface:/home/ws/ugv_ws/install/ugv_gazebo:/home/ws/ugv_ws/install/ugv_description:/home/ws/ugv_ws/install/ugv_base_node:/home/ws/ugv_ws/install/teb_local_planner:/home/ws/ugv_ws/install/slam_gmapping:/home/ws/ugv_ws/install/robot_pose_publisher:/home/ws/ugv_ws/install/rf2o_laser_odometry:/home/ws/ugv_ws/install/openslam_gmapping:/home/ws/ugv_ws/install/ldlidar:/home/ws/ugv_ws/install/explore_lite:/home/ws/ugv_ws/install/emcl2:/home/ws/ugv_ws/install/cartographer:/home/ws/ugv_ws/install/apriltag_ros:/home/ws/ugv_ws/install/apriltag_msgs:/home/ws/ugv_ws/install/apriltag:/home/ws/ugv_ws/install/ugv_web_app:/home/ws/ugv_ws/install/ugv_vision:/home/ws/ugv_ws/install/ugv_tools:/home/ws/ugv_ws/install/ugv_chat_ai:/home/ws/ugv_ws/install/ugv_bringup:/opt/ros/humble LD_LIBRARY_PATH=/home/ws/ugv_ws/install/teb_msgs/lib:/home/ws/ugv_ws/install/costmap_converter/lib:/home/ws/ugv_ws/install/costmap_converter_msgs/lib:/home/ws/ugv_ws/install/vizanti_msgs/lib:/home/ws/ugv_ws/install/ugv_interface/lib:/home/ws/ugv_ws/install/teb_local_planner/lib:/home/ws/ugv_ws/install/openslam_gmapping/lib:/home/ws/ugv_ws/install/apriltag_ros/lib:/home/ws/ugv_ws/install/apriltag_msgs/lib:/home/ws/ugv_ws/install/apriltag/lib:/opt/ros/humble/opt/rviz_ogre_vendor/lib:/opt/ros/humble/lib/aarch64-linux-gnu:/opt/ros/humble/lib /usr/bin/cmake --install /home/ws/ugv_ws/build/teb_local_planner
