[0.988s] Invoking command in '/home/ws/ugv_ws/build/ugv_tools': PYTHONPATH=/home/ws/ugv_ws/build/ugv_tools/prefix_override:/usr/lib/python3/dist-packages/colcon_core/task/python/colcon_distutils_commands:/home/ws/ugv_ws/install/ugv_tools/lib/python3.10/site-packages:${PYTHONPATH} /usr/bin/python3 -W ignore:setup.py install is deprecated setup.py develop --editable --build-directory /home/ws/ugv_ws/build/ugv_tools/build --no-deps symlink_data
[1.430s] running develop
[1.434s] /usr/lib/python3/dist-packages/setuptools/command/easy_install.py:158: EasyInstallDeprecationWarning: easy_install command is deprecated. Use build and pip and other standards-based tools.
[1.434s]   warnings.warn(
[1.729s] running egg_info
[1.730s] creating ugv_tools.egg-info
[1.730s] writing ugv_tools.egg-info/PKG-INFO
[1.731s] writing dependency_links to ugv_tools.egg-info/dependency_links.txt
[1.732s] writing entry points to ugv_tools.egg-info/entry_points.txt
[1.734s] writing requirements to ugv_tools.egg-info/requires.txt
[1.734s] writing top-level names to ugv_tools.egg-info/top_level.txt
[1.734s] writing manifest file 'ugv_tools.egg-info/SOURCES.txt'
[1.737s] reading manifest file 'ugv_tools.egg-info/SOURCES.txt'
[1.738s] writing manifest file 'ugv_tools.egg-info/SOURCES.txt'
[1.745s] running build_ext
[1.749s] Creating /home/ws/ugv_ws/install/ugv_tools/lib/python3.10/site-packages/ugv-tools.egg-link (link to .)
[1.750s] Installing behavior_ctrl script to /home/ws/ugv_ws/install/ugv_tools/lib/ugv_tools
[1.750s] Installing joy_ctrl script to /home/ws/ugv_ws/install/ugv_tools/lib/ugv_tools
[1.750s] Installing keyboard_ctrl script to /home/ws/ugv_ws/install/ugv_tools/lib/ugv_tools
[1.750s] 
[1.750s] Installed /home/ws/ugv_ws/build/ugv_tools
[1.750s] running symlink_data
[1.750s] creating /home/ws/ugv_ws/install/ugv_tools/share/ament_index
[1.750s] creating /home/ws/ugv_ws/install/ugv_tools/share/ament_index/resource_index
[1.750s] creating /home/ws/ugv_ws/install/ugv_tools/share/ament_index/resource_index/packages
[1.751s] symbolically linking /home/ws/ugv_ws/build/ugv_tools/resource/ugv_tools -> /home/ws/ugv_ws/install/ugv_tools/share/ament_index/resource_index/packages
[1.751s] symbolically linking /home/ws/ugv_ws/build/ugv_tools/package.xml -> /home/ws/ugv_ws/install/ugv_tools/share/ugv_tools
[1.751s] creating /home/ws/ugv_ws/install/ugv_tools/share/ugv_tools/launch
[1.751s] symbolically linking /home/ws/ugv_ws/build/ugv_tools/launch/teleop_twist_joy.launch.py -> /home/ws/ugv_ws/install/ugv_tools/share/ugv_tools/launch
[1.829s] Invoked command in '/home/ws/ugv_ws/build/ugv_tools' returned '0': PYTHONPATH=/home/ws/ugv_ws/build/ugv_tools/prefix_override:/usr/lib/python3/dist-packages/colcon_core/task/python/colcon_distutils_commands:/home/ws/ugv_ws/install/ugv_tools/lib/python3.10/site-packages:${PYTHONPATH} /usr/bin/python3 -W ignore:setup.py install is deprecated setup.py develop --editable --build-directory /home/ws/ugv_ws/build/ugv_tools/build --no-deps symlink_data
