[0.067s] Invoking command in '/home/ws/ugv_ws/build/ldlidar': CMAKE_PREFIX_PATH=${CMAKE_PREFIX_PATH}:/home/ws/roarm_ws/install/roarm_driver:/home/ws/ugv_roarm_ws/install/ugv_roarm_bringup:/home/ws/ugv_ws/install/ugv_web_app:/home/ws/ugv_ws/install/ugv_vision:/home/ws/ugv_ws/install/ugv_tools:/home/ws/ugv_ws/install/ugv_chat_ai:/home/ws/ugv_ws/install/ugv_bringup:/home/ws/ugv_ws/install/robot_pose_publisher:/opt/ros/humble /usr/bin/cmake --build /home/ws/ugv_ws/build/ldlidar -- -j4 -l4
[0.551s] [100%] Built target ldlidar_node
[0.593s] Invoked command in '/home/ws/ugv_ws/build/ldlidar' returned '0': CMAKE_PREFIX_PATH=${CMAKE_PREFIX_PATH}:/home/ws/roarm_ws/install/roarm_driver:/home/ws/ugv_roarm_ws/install/ugv_roarm_bringup:/home/ws/ugv_ws/install/ugv_web_app:/home/ws/ugv_ws/install/ugv_vision:/home/ws/ugv_ws/install/ugv_tools:/home/ws/ugv_ws/install/ugv_chat_ai:/home/ws/ugv_ws/install/ugv_bringup:/home/ws/ugv_ws/install/robot_pose_publisher:/opt/ros/humble /usr/bin/cmake --build /home/ws/ugv_ws/build/ldlidar -- -j4 -l4
[0.733s] Invoking command in '/home/ws/ugv_ws/build/ldlidar': CMAKE_PREFIX_PATH=${CMAKE_PREFIX_PATH}:/home/ws/roarm_ws/install/roarm_driver:/home/ws/ugv_roarm_ws/install/ugv_roarm_bringup:/home/ws/ugv_ws/install/ugv_web_app:/home/ws/ugv_ws/install/ugv_vision:/home/ws/ugv_ws/install/ugv_tools:/home/ws/ugv_ws/install/ugv_chat_ai:/home/ws/ugv_ws/install/ugv_bringup:/home/ws/ugv_ws/install/robot_pose_publisher:/opt/ros/humble /usr/bin/cmake --install /home/ws/ugv_ws/build/ldlidar
[0.763s] -- Install configuration: ""
[0.766s] -- Up-to-date: /home/ws/ugv_ws/install/ldlidar/lib/ldlidar/ldlidar_node
[0.767s] -- Up-to-date: /home/ws/ugv_ws/install/ldlidar/share/ldlidar//launch
[0.767s] -- Up-to-date: /home/ws/ugv_ws/install/ldlidar/share/ldlidar//launch/ld06.launch.py
[0.767s] -- Up-to-date: /home/ws/ugv_ws/install/ldlidar/share/ldlidar//launch/ldlidar.launch.py
[0.767s] -- Up-to-date: /home/ws/ugv_ws/install/ldlidar/share/ldlidar//launch/viewer_ldlidar.launch.py
[0.768s] -- Up-to-date: /home/ws/ugv_ws/install/ldlidar/share/ldlidar//launch/viewer_stl27l.launch.py
[0.768s] -- Up-to-date: /home/ws/ugv_ws/install/ldlidar/share/ldlidar//launch/stl27l.launch.py
[0.768s] -- Up-to-date: /home/ws/ugv_ws/install/ldlidar/share/ldlidar//launch/viewer_ld19.launch.py
[0.768s] -- Installing: /home/ws/ugv_ws/install/ldlidar/share/ldlidar//launch/ld19.launch.py
[0.772s] -- Up-to-date: /home/ws/ugv_ws/install/ldlidar/share/ldlidar//launch/viewer_ld06.launch.py
[0.772s] -- Up-to-date: /home/ws/ugv_ws/install/ldlidar/share/ldlidar//rviz
[0.772s] -- Up-to-date: /home/ws/ugv_ws/install/ldlidar/share/ldlidar//rviz/view.rviz
[0.772s] -- Up-to-date: /home/ws/ugv_ws/install/ldlidar/share/ament_index/resource_index/package_run_dependencies/ldlidar
[0.773s] -- Up-to-date: /home/ws/ugv_ws/install/ldlidar/share/ament_index/resource_index/parent_prefix_path/ldlidar
[0.773s] -- Up-to-date: /home/ws/ugv_ws/install/ldlidar/share/ldlidar/environment/ament_prefix_path.sh
[0.773s] -- Up-to-date: /home/ws/ugv_ws/install/ldlidar/share/ldlidar/environment/ament_prefix_path.dsv
[0.773s] -- Up-to-date: /home/ws/ugv_ws/install/ldlidar/share/ldlidar/environment/path.sh
[0.773s] -- Up-to-date: /home/ws/ugv_ws/install/ldlidar/share/ldlidar/environment/path.dsv
[0.774s] -- Up-to-date: /home/ws/ugv_ws/install/ldlidar/share/ldlidar/local_setup.bash
[0.774s] -- Up-to-date: /home/ws/ugv_ws/install/ldlidar/share/ldlidar/local_setup.sh
[0.775s] -- Up-to-date: /home/ws/ugv_ws/install/ldlidar/share/ldlidar/local_setup.zsh
[0.775s] -- Up-to-date: /home/ws/ugv_ws/install/ldlidar/share/ldlidar/local_setup.dsv
[0.775s] -- Installing: /home/ws/ugv_ws/install/ldlidar/share/ldlidar/package.dsv
[0.776s] -- Up-to-date: /home/ws/ugv_ws/install/ldlidar/share/ament_index/resource_index/packages/ldlidar
[0.776s] -- Up-to-date: /home/ws/ugv_ws/install/ldlidar/share/ldlidar/cmake/ldlidarConfig.cmake
[0.776s] -- Up-to-date: /home/ws/ugv_ws/install/ldlidar/share/ldlidar/cmake/ldlidarConfig-version.cmake
[0.777s] -- Up-to-date: /home/ws/ugv_ws/install/ldlidar/share/ldlidar/package.xml
[0.785s] Invoked command in '/home/ws/ugv_ws/build/ldlidar' returned '0': CMAKE_PREFIX_PATH=${CMAKE_PREFIX_PATH}:/home/ws/roarm_ws/install/roarm_driver:/home/ws/ugv_roarm_ws/install/ugv_roarm_bringup:/home/ws/ugv_ws/install/ugv_web_app:/home/ws/ugv_ws/install/ugv_vision:/home/ws/ugv_ws/install/ugv_tools:/home/ws/ugv_ws/install/ugv_chat_ai:/home/ws/ugv_ws/install/ugv_bringup:/home/ws/ugv_ws/install/robot_pose_publisher:/opt/ros/humble /usr/bin/cmake --install /home/ws/ugv_ws/build/ldlidar
