[1.135s] Invoking command in '/home/ws/ugv_ws/build/ugv_vision': PYTHONPATH=/home/ws/ugv_ws/build/ugv_vision/prefix_override:/usr/lib/python3/dist-packages/colcon_core/task/python/colcon_distutils_commands:/home/ws/ugv_ws/install/ugv_vision/lib/python3.10/site-packages:${PYTHONPATH} /usr/bin/python3 -W ignore:setup.py install is deprecated setup.py develop --editable --build-directory /home/ws/ugv_ws/build/ugv_vision/build --no-deps symlink_data
[1.484s] running develop
[1.485s] /usr/lib/python3/dist-packages/setuptools/command/easy_install.py:158: EasyInstallDeprecationWarning: easy_install command is deprecated. Use build and pip and other standards-based tools.
[1.485s]   warnings.warn(
[1.690s] running egg_info
[1.691s] writing ugv_vision.egg-info/PKG-INFO
[1.691s] writing dependency_links to ugv_vision.egg-info/dependency_links.txt
[1.692s] writing entry points to ugv_vision.egg-info/entry_points.txt
[1.693s] writing requirements to ugv_vision.egg-info/requires.txt
[1.693s] writing top-level names to ugv_vision.egg-info/top_level.txt
[1.698s] reading manifest file 'ugv_vision.egg-info/SOURCES.txt'
[1.698s] writing manifest file 'ugv_vision.egg-info/SOURCES.txt'
[1.701s] running build_ext
[1.701s] Creating /home/ws/ugv_ws/install/ugv_vision/lib/python3.10/site-packages/ugv-vision.egg-link (link to .)
[1.704s] Installing apriltag_ctrl script to /home/ws/ugv_ws/install/ugv_vision/lib/ugv_vision
[1.704s] Installing apriltag_track_0 script to /home/ws/ugv_ws/install/ugv_vision/lib/ugv_vision
[1.704s] Installing apriltag_track_1 script to /home/ws/ugv_ws/install/ugv_vision/lib/ugv_vision
[1.704s] Installing apriltag_track_2 script to /home/ws/ugv_ws/install/ugv_vision/lib/ugv_vision
[1.704s] Installing cam_webrtc script to /home/ws/ugv_ws/install/ugv_vision/lib/ugv_vision
[1.704s] Installing color_track script to /home/ws/ugv_ws/install/ugv_vision/lib/ugv_vision
[1.706s] Installing gesture_ctrl script to /home/ws/ugv_ws/install/ugv_vision/lib/ugv_vision
[1.706s] Installing kcf_track script to /home/ws/ugv_ws/install/ugv_vision/lib/ugv_vision
[1.706s] Installing pt_color_track script to /home/ws/ugv_ws/install/ugv_vision/lib/ugv_vision
[1.706s] 
[1.706s] Installed /home/ws/ugv_ws/build/ugv_vision
[1.706s] running symlink_data
[1.706s] symbolically linking /home/ws/ugv_ws/build/ugv_vision/config/tags_36h11.yaml -> /home/ws/ugv_ws/install/ugv_vision/share/ugv_vision/config
[1.778s] Invoked command in '/home/ws/ugv_ws/build/ugv_vision' returned '0': PYTHONPATH=/home/ws/ugv_ws/build/ugv_vision/prefix_override:/usr/lib/python3/dist-packages/colcon_core/task/python/colcon_distutils_commands:/home/ws/ugv_ws/install/ugv_vision/lib/python3.10/site-packages:${PYTHONPATH} /usr/bin/python3 -W ignore:setup.py install is deprecated setup.py develop --editable --build-directory /home/ws/ugv_ws/build/ugv_vision/build --no-deps symlink_data
