[0.068s] Invoking command in '/home/ws/ugv_ws/build/openslam_gmapping': CMAKE_PREFIX_PATH=${CMAKE_PREFIX_PATH}:/home/ws/ugv_ws/install/ugv_web_app:/home/ws/ugv_ws/install/ugv_vision:/home/ws/ugv_ws/install/ugv_tools:/home/ws/ugv_ws/install/ugv_chat_ai:/home/ws/ugv_ws/install/ugv_bringup:/opt/ros/humble /usr/bin/cmake --build /home/ws/ugv_ws/build/openslam_gmapping -- -j4 -l4
[0.170s] -- Found ament_cmake: 1.3.10 (/opt/ros/humble/share/ament_cmake/cmake)
[0.853s] -- Configuring done
[0.972s] -- Generating done
[0.998s] -- Build files have been written to: /home/ws/ugv_ws/build/openslam_gmapping
[1.056s] [35m[1mConsolidate compiler generated dependencies of target utils[0m
[1.071s] [35m[1mConsolidate compiler generated dependencies of target sensor_base[0m
[1.091s] [  4%] [32mBuilding CXX object utils/CMakeFiles/utils.dir/movement.cpp.o[0m
[1.094s] [  9%] [32mBuilding CXX object sensor/sensor_base/CMakeFiles/sensor_base.dir/sensor.cpp.o[0m
[1.107s] [ 13%] [32mBuilding CXX object utils/CMakeFiles/utils.dir/stat.cpp.o[0m
[1.113s] [ 18%] [32mBuilding CXX object sensor/sensor_base/CMakeFiles/sensor_base.dir/sensorreading.cpp.o[0m
[1.771s] [ 22%] [32m[1mLinking CXX static library libsensor_base.a[0m
[1.897s] [ 22%] Built target sensor_base
[1.934s] [35m[1mConsolidate compiler generated dependencies of target sensor_range[0m
[1.935s] [35m[1mConsolidate compiler generated dependencies of target sensor_odometry[0m
[1.971s] [ 31%] [32mBuilding CXX object sensor/sensor_odometry/CMakeFiles/sensor_odometry.dir/odometryreading.cpp.o[0m
[1.972s] [ 31%] [32mBuilding CXX object sensor/sensor_range/CMakeFiles/sensor_range.dir/rangereading.cpp.o[0m
[1.977s] [ 36%] [32mBuilding CXX object sensor/sensor_range/CMakeFiles/sensor_range.dir/rangesensor.cpp.o[0m
[2.162s] [ 40%] [32m[1mLinking CXX static library libutils.a[0m
[2.337s] [ 40%] Built target utils
[2.371s] [ 45%] [32mBuilding CXX object sensor/sensor_odometry/CMakeFiles/sensor_odometry.dir/odometrysensor.cpp.o[0m
[2.965s] [ 50%] [32m[1mLinking CXX static library libsensor_odometry.a[0m
[3.044s] [ 50%] Built target sensor_odometry
[3.075s] [ 54%] [32m[1mLinking CXX static library libsensor_range.a[0m
[3.119s] [ 54%] Built target sensor_range
[3.137s] [35m[1mConsolidate compiler generated dependencies of target scanmatcher[0m
[3.167s] [ 59%] [32mBuilding CXX object scanmatcher/CMakeFiles/scanmatcher.dir/eig3.cpp.o[0m
[3.169s] [ 63%] [32mBuilding CXX object scanmatcher/CMakeFiles/scanmatcher.dir/scanmatcher.cpp.o[0m
[3.174s] [ 68%] [32mBuilding CXX object scanmatcher/CMakeFiles/scanmatcher.dir/smmap.cpp.o[0m
[3.185s] [ 72%] [32mBuilding CXX object scanmatcher/CMakeFiles/scanmatcher.dir/scanmatcherprocessor.cpp.o[0m
[6.057s] [ 77%] [32m[1mLinking CXX static library libscanmatcher.a[0m
[6.118s] [ 77%] Built target scanmatcher
[6.140s] [35m[1mConsolidate compiler generated dependencies of target gridfastslam[0m
[6.166s] [ 90%] [32mBuilding CXX object gridfastslam/CMakeFiles/gridfastslam.dir/gridslamprocessor_tree.cpp.o[0m
[6.167s] [ 90%] [32mBuilding CXX object gridfastslam/CMakeFiles/gridfastslam.dir/motionmodel.cpp.o[0m
[6.168s] [ 90%] [32mBuilding CXX object gridfastslam/CMakeFiles/gridfastslam.dir/gridslamprocessor.cpp.o[0m
[6.174s] [ 95%] [32mBuilding CXX object gridfastslam/CMakeFiles/gridfastslam.dir/gfsreader.cpp.o[0m
[13.399s] [100%] [32m[1mLinking CXX static library libgridfastslam.a[0m
[13.519s] [100%] Built target gridfastslam
[13.548s] Invoked command in '/home/ws/ugv_ws/build/openslam_gmapping' returned '0': CMAKE_PREFIX_PATH=${CMAKE_PREFIX_PATH}:/home/ws/ugv_ws/install/ugv_web_app:/home/ws/ugv_ws/install/ugv_vision:/home/ws/ugv_ws/install/ugv_tools:/home/ws/ugv_ws/install/ugv_chat_ai:/home/ws/ugv_ws/install/ugv_bringup:/opt/ros/humble /usr/bin/cmake --build /home/ws/ugv_ws/build/openslam_gmapping -- -j4 -l4
[13.696s] Invoking command in '/home/ws/ugv_ws/build/openslam_gmapping': CMAKE_PREFIX_PATH=${CMAKE_PREFIX_PATH}:/home/ws/ugv_ws/install/ugv_web_app:/home/ws/ugv_ws/install/ugv_vision:/home/ws/ugv_ws/install/ugv_tools:/home/ws/ugv_ws/install/ugv_chat_ai:/home/ws/ugv_ws/install/ugv_bringup:/opt/ros/humble /usr/bin/cmake --install /home/ws/ugv_ws/build/openslam_gmapping
[13.698s] -- Install configuration: ""
[13.700s] -- Up-to-date: /home/ws/ugv_ws/install/openslam_gmapping/share/openslam_gmapping/environment/library_path.sh
[13.700s] -- Installing: /home/ws/ugv_ws/install/openslam_gmapping/share/openslam_gmapping/environment/library_path.dsv
[13.700s] -- Up-to-date: /home/ws/ugv_ws/install/openslam_gmapping/include/
[13.700s] -- Up-to-date: /home/ws/ugv_ws/install/openslam_gmapping/include//gmapping
[13.700s] -- Up-to-date: /home/ws/ugv_ws/install/openslam_gmapping/include//gmapping/scanmatcher
[13.700s] -- Installing: /home/ws/ugv_ws/install/openslam_gmapping/include//gmapping/scanmatcher/scanmatcher.h
[13.700s] -- Installing: /home/ws/ugv_ws/install/openslam_gmapping/include//gmapping/scanmatcher/icp.h
[13.707s] -- Installing: /home/ws/ugv_ws/install/openslam_gmapping/include//gmapping/scanmatcher/smmap.h
[13.707s] -- Up-to-date: /home/ws/ugv_ws/install/openslam_gmapping/include//gmapping/gridfastslam
[13.708s] -- Installing: /home/ws/ugv_ws/install/openslam_gmapping/include//gmapping/gridfastslam/gridslamprocessor.hxx
[13.708s] -- Installing: /home/ws/ugv_ws/install/openslam_gmapping/include//gmapping/gridfastslam/gridslamprocessor.h
[13.708s] -- Installing: /home/ws/ugv_ws/install/openslam_gmapping/include//gmapping/gridfastslam/motionmodel.h
[13.708s] -- Up-to-date: /home/ws/ugv_ws/install/openslam_gmapping/include//gmapping/sensor
[13.708s] -- Up-to-date: /home/ws/ugv_ws/install/openslam_gmapping/include//gmapping/sensor/sensor_odometry
[13.708s] -- Installing: /home/ws/ugv_ws/install/openslam_gmapping/include//gmapping/sensor/sensor_odometry/odometrysensor.h
[13.708s] -- Installing: /home/ws/ugv_ws/install/openslam_gmapping/include//gmapping/sensor/sensor_odometry/odometryreading.h
[13.708s] -- Up-to-date: /home/ws/ugv_ws/install/openslam_gmapping/include//gmapping/sensor/sensor_range
[13.708s] -- Installing: /home/ws/ugv_ws/install/openslam_gmapping/include//gmapping/sensor/sensor_range/rangesensor.h
[13.708s] -- Installing: /home/ws/ugv_ws/install/openslam_gmapping/include//gmapping/sensor/sensor_range/rangereading.h
[13.708s] -- Up-to-date: /home/ws/ugv_ws/install/openslam_gmapping/include//gmapping/sensor/sensor_base
[13.708s] -- Installing: /home/ws/ugv_ws/install/openslam_gmapping/include//gmapping/sensor/sensor_base/sensorreading.h
[13.708s] -- Installing: /home/ws/ugv_ws/install/openslam_gmapping/include//gmapping/sensor/sensor_base/sensor.h
[13.709s] -- Up-to-date: /home/ws/ugv_ws/install/openslam_gmapping/include//gmapping/utils
[13.709s] -- Installing: /home/ws/ugv_ws/install/openslam_gmapping/include//gmapping/utils/point.h
[13.709s] -- Installing: /home/ws/ugv_ws/install/openslam_gmapping/include//gmapping/utils/macro_params.h
[13.709s] -- Installing: /home/ws/ugv_ws/install/openslam_gmapping/include//gmapping/utils/autoptr.h
[13.709s] -- Installing: /home/ws/ugv_ws/install/openslam_gmapping/include//gmapping/utils/commandline.h
[13.709s] -- Installing: /home/ws/ugv_ws/install/openslam_gmapping/include//gmapping/utils/gvalues.h
[13.709s] -- Installing: /home/ws/ugv_ws/install/openslam_gmapping/include//gmapping/utils/stat.h
[13.709s] -- Up-to-date: /home/ws/ugv_ws/install/openslam_gmapping/include//gmapping/particlefilter
[13.716s] -- Installing: /home/ws/ugv_ws/install/openslam_gmapping/include//gmapping/particlefilter/particlefilter.h
[13.716s] -- Up-to-date: /home/ws/ugv_ws/install/openslam_gmapping/include//gmapping/log
[13.716s] -- Installing: /home/ws/ugv_ws/install/openslam_gmapping/include//gmapping/log/configuration.h
[13.716s] -- Installing: /home/ws/ugv_ws/install/openslam_gmapping/include//gmapping/log/sensorlog.h
[13.717s] -- Up-to-date: /home/ws/ugv_ws/install/openslam_gmapping/include//gmapping/grid
[13.717s] -- Installing: /home/ws/ugv_ws/install/openslam_gmapping/include//gmapping/grid/harray2d.h
[13.717s] -- Installing: /home/ws/ugv_ws/install/openslam_gmapping/include//gmapping/grid/accessstate.h
[13.717s] -- Installing: /home/ws/ugv_ws/install/openslam_gmapping/include//gmapping/grid/map.h
[13.717s] -- Installing: /home/ws/ugv_ws/install/openslam_gmapping/include//gmapping/grid/array2d.h
[13.736s] -- Up-to-date: /home/ws/ugv_ws/install/openslam_gmapping/share/ament_index/resource_index/package_run_dependencies/openslam_gmapping
[13.747s] -- Installing: /home/ws/ugv_ws/install/openslam_gmapping/share/ament_index/resource_index/parent_prefix_path/openslam_gmapping
[13.747s] -- Up-to-date: /home/ws/ugv_ws/install/openslam_gmapping/share/openslam_gmapping/environment/ament_prefix_path.sh
[13.748s] -- Installing: /home/ws/ugv_ws/install/openslam_gmapping/share/openslam_gmapping/environment/ament_prefix_path.dsv
[13.748s] -- Up-to-date: /home/ws/ugv_ws/install/openslam_gmapping/share/openslam_gmapping/environment/path.sh
[13.748s] -- Installing: /home/ws/ugv_ws/install/openslam_gmapping/share/openslam_gmapping/environment/path.dsv
[13.748s] -- Up-to-date: /home/ws/ugv_ws/install/openslam_gmapping/share/openslam_gmapping/local_setup.bash
[13.748s] -- Up-to-date: /home/ws/ugv_ws/install/openslam_gmapping/share/openslam_gmapping/local_setup.sh
[13.748s] -- Up-to-date: /home/ws/ugv_ws/install/openslam_gmapping/share/openslam_gmapping/local_setup.zsh
[13.748s] -- Installing: /home/ws/ugv_ws/install/openslam_gmapping/share/openslam_gmapping/local_setup.dsv
[13.748s] -- Installing: /home/ws/ugv_ws/install/openslam_gmapping/share/openslam_gmapping/package.dsv
[13.751s] -- Up-to-date: /home/ws/ugv_ws/install/openslam_gmapping/share/ament_index/resource_index/packages/openslam_gmapping
[13.751s] -- Up-to-date: /home/ws/ugv_ws/install/openslam_gmapping/share/openslam_gmapping/cmake/ament_cmake_export_libraries-extras.cmake
[13.751s] -- Up-to-date: /home/ws/ugv_ws/install/openslam_gmapping/share/openslam_gmapping/cmake/ament_cmake_export_include_directories-extras.cmake
[13.752s] -- Up-to-date: /home/ws/ugv_ws/install/openslam_gmapping/share/openslam_gmapping/cmake/openslam_gmappingConfig.cmake
[13.752s] -- Up-to-date: /home/ws/ugv_ws/install/openslam_gmapping/share/openslam_gmapping/cmake/openslam_gmappingConfig-version.cmake
[13.752s] -- Installing: /home/ws/ugv_ws/install/openslam_gmapping/share/openslam_gmapping/package.xml
[13.752s] -- Installing: /home/ws/ugv_ws/install/openslam_gmapping/lib/libgridfastslam.a
[13.752s] -- Installing: /home/ws/ugv_ws/install/openslam_gmapping/lib/libscanmatcher.a
[13.752s] -- Up-to-date: /home/ws/ugv_ws/install/openslam_gmapping/share/openslam_gmapping/environment/library_path.sh
[13.752s] -- Up-to-date: /home/ws/ugv_ws/install/openslam_gmapping/share/openslam_gmapping/environment/library_path.dsv
[13.752s] -- Installing: /home/ws/ugv_ws/install/openslam_gmapping/lib/libsensor_base.a
[13.752s] -- Up-to-date: /home/ws/ugv_ws/install/openslam_gmapping/share/openslam_gmapping/environment/library_path.sh
[13.752s] -- Up-to-date: /home/ws/ugv_ws/install/openslam_gmapping/share/openslam_gmapping/environment/library_path.dsv
[13.752s] -- Installing: /home/ws/ugv_ws/install/openslam_gmapping/lib/libsensor_odometry.a
[13.752s] -- Installing: /home/ws/ugv_ws/install/openslam_gmapping/lib/libsensor_range.a
[13.752s] -- Installing: /home/ws/ugv_ws/install/openslam_gmapping/lib/libutils.a
[13.752s] -- Up-to-date: /home/ws/ugv_ws/install/openslam_gmapping/share/openslam_gmapping/environment/library_path.sh
[13.752s] -- Up-to-date: /home/ws/ugv_ws/install/openslam_gmapping/share/openslam_gmapping/environment/library_path.dsv
[13.775s] Invoked command in '/home/ws/ugv_ws/build/openslam_gmapping' returned '0': CMAKE_PREFIX_PATH=${CMAKE_PREFIX_PATH}:/home/ws/ugv_ws/install/ugv_web_app:/home/ws/ugv_ws/install/ugv_vision:/home/ws/ugv_ws/install/ugv_tools:/home/ws/ugv_ws/install/ugv_chat_ai:/home/ws/ugv_ws/install/ugv_bringup:/opt/ros/humble /usr/bin/cmake --install /home/ws/ugv_ws/build/openslam_gmapping
