[1.096s] Invoking command in '/home/ws/ugv_ws/build/ugv_bringup': PYTHONPATH=/home/ws/ugv_ws/build/ugv_bringup/prefix_override:/usr/lib/python3/dist-packages/colcon_core/task/python/colcon_distutils_commands:/home/ws/ugv_ws/install/ugv_bringup/lib/python3.10/site-packages:${PYTHONPATH} /usr/bin/python3 -W ignore:setup.py install is deprecated setup.py develop --editable --build-directory /home/ws/ugv_ws/build/ugv_bringup/build --no-deps symlink_data
[1.455s] running develop
[1.455s] /usr/lib/python3/dist-packages/setuptools/command/easy_install.py:158: EasyInstallDeprecationWarning: easy_install command is deprecated. Use build and pip and other standards-based tools.
[1.456s]   warnings.warn(
[1.668s] running egg_info
[1.668s] creating ugv_bringup.egg-info
[1.668s] writing ugv_bringup.egg-info/PKG-INFO
[1.669s] writing dependency_links to ugv_bringup.egg-info/dependency_links.txt
[1.669s] writing entry points to ugv_bringup.egg-info/entry_points.txt
[1.669s] writing requirements to ugv_bringup.egg-info/requires.txt
[1.669s] writing top-level names to ugv_bringup.egg-info/top_level.txt
[1.669s] writing manifest file 'ugv_bringup.egg-info/SOURCES.txt'
[1.672s] reading manifest file 'ugv_bringup.egg-info/SOURCES.txt'
[1.673s] writing manifest file 'ugv_bringup.egg-info/SOURCES.txt'
[1.675s] running build_ext
[1.675s] Creating /home/ws/ugv_ws/install/ugv_bringup/lib/python3.10/site-packages/ugv-bringup.egg-link (link to .)
[1.676s] Installing ugv_bringup script to /home/ws/ugv_ws/install/ugv_bringup/lib/ugv_bringup
[1.677s] 
[1.677s] Installed /home/ws/ugv_ws/build/ugv_bringup
[1.677s] running symlink_data
[1.677s] creating /home/ws/ugv_ws/install/ugv_bringup/share/ament_index
[1.678s] creating /home/ws/ugv_ws/install/ugv_bringup/share/ament_index/resource_index
[1.678s] creating /home/ws/ugv_ws/install/ugv_bringup/share/ament_index/resource_index/packages
[1.678s] symbolically linking /home/ws/ugv_ws/build/ugv_bringup/resource/ugv_bringup -> /home/ws/ugv_ws/install/ugv_bringup/share/ament_index/resource_index/packages
[1.678s] symbolically linking /home/ws/ugv_ws/build/ugv_bringup/package.xml -> /home/ws/ugv_ws/install/ugv_bringup/share/ugv_bringup
[1.678s] creating /home/ws/ugv_ws/install/ugv_bringup/share/ugv_bringup/launch
[1.678s] symbolically linking /home/ws/ugv_ws/build/ugv_bringup/launch/bringup_lidar.launch.py -> /home/ws/ugv_ws/install/ugv_bringup/share/ugv_bringup/launch
[1.678s] symbolically linking /home/ws/ugv_ws/build/ugv_bringup/launch/bringup_imu_ekf.launch.py -> /home/ws/ugv_ws/install/ugv_bringup/share/ugv_bringup/launch
[1.678s] symbolically linking /home/ws/ugv_ws/build/ugv_bringup/launch/bringup_imu_origin.launch.py -> /home/ws/ugv_ws/install/ugv_bringup/share/ugv_bringup/launch
[1.679s] symbolically linking /home/ws/ugv_ws/build/ugv_bringup/launch/bringup_imu.launch.py -> /home/ws/ugv_ws/install/ugv_bringup/share/ugv_bringup/launch
[1.679s] creating /home/ws/ugv_ws/install/ugv_bringup/share/ugv_bringup/rviz
[1.680s] symbolically linking /home/ws/ugv_ws/build/ugv_bringup/rviz/view_bringup.rviz -> /home/ws/ugv_ws/install/ugv_bringup/share/ugv_bringup/rviz
[1.680s] creating /home/ws/ugv_ws/install/ugv_bringup/share/ugv_bringup/param
[1.680s] symbolically linking /home/ws/ugv_ws/build/ugv_bringup/config/ekf.yaml -> /home/ws/ugv_ws/install/ugv_bringup/share/ugv_bringup/param
[1.680s] symbolically linking /home/ws/ugv_ws/build/ugv_bringup/config/imu_filter_madgwick.yaml -> /home/ws/ugv_ws/install/ugv_bringup/share/ugv_bringup/param
[1.680s] symbolically linking /home/ws/ugv_ws/build/ugv_bringup/config/imu_complementary_filter.yaml -> /home/ws/ugv_ws/install/ugv_bringup/share/ugv_bringup/param
[1.746s] Invoked command in '/home/ws/ugv_ws/build/ugv_bringup' returned '0': PYTHONPATH=/home/ws/ugv_ws/build/ugv_bringup/prefix_override:/usr/lib/python3/dist-packages/colcon_core/task/python/colcon_distutils_commands:/home/ws/ugv_ws/install/ugv_bringup/lib/python3.10/site-packages:${PYTHONPATH} /usr/bin/python3 -W ignore:setup.py install is deprecated setup.py develop --editable --build-directory /home/ws/ugv_ws/build/ugv_bringup/build --no-deps symlink_data
