[0.052s] Invoking command in '/home/ws/ugv_ws/build/ldlidar': CMAKE_PREFIX_PATH=${CMAKE_PREFIX_PATH}:/home/ws/ugv_ws/install/ugv_web_app:/home/ws/ugv_ws/install/ugv_vision:/home/ws/ugv_ws/install/ugv_tools:/home/ws/ugv_ws/install/ugv_chat_ai:/home/ws/ugv_ws/install/ugv_bringup:/home/ws/ugv_ws/install/robot_pose_publisher:/home/ws/ugv_roarm_ws/install/ugv_roarm_bringup:/home/ws/roarm_ws/install/roarm_driver:/opt/ros/humble /usr/bin/cmake /home/ws/ugv_ws/src/ugv_else/ldlidar -DCMAKE_INSTALL_PREFIX=/home/ws/ugv_ws/install/ldlidar
[0.651s] -- The C compiler identification is GNU 11.4.0
[0.841s] -- The CXX compiler identification is GNU 11.4.0
[0.870s] -- Detecting C compiler ABI info
[1.159s] -- Detecting C compiler ABI info - done
[1.184s] -- Check for working C compiler: /usr/bin/cc - skipped
[1.193s] -- Detecting C compile features
[1.195s] -- Detecting C compile features - done
[1.206s] -- Detecting CXX compiler ABI info
[1.474s] -- Detecting CXX compiler ABI info - done
[1.502s] -- Check for working CXX compiler: /usr/bin/c++ - skipped
[1.503s] -- Detecting CXX compile features
[1.504s] -- Detecting CXX compile features - done
[1.536s] -- Found ament_cmake: 1.3.10 (/opt/ros/humble/share/ament_cmake/cmake)
[2.354s] -- Found Python3: /usr/bin/python3 (found version "3.10.12") found components: Interpreter 
[3.086s] -- Found rclcpp: 16.0.10 (/opt/ros/humble/share/rclcpp/cmake)
[3.484s] -- Found rosidl_generator_c: 3.1.5 (/opt/ros/humble/share/rosidl_generator_c/cmake)
[3.545s] -- Found rosidl_adapter: 3.1.5 (/opt/ros/humble/share/rosidl_adapter/cmake)
[3.622s] -- Found rosidl_generator_cpp: 3.1.5 (/opt/ros/humble/share/rosidl_generator_cpp/cmake)
[3.724s] -- Using all available rosidl_typesupport_c: rosidl_typesupport_fastrtps_c;rosidl_typesupport_introspection_c
[3.858s] -- Using all available rosidl_typesupport_cpp: rosidl_typesupport_fastrtps_cpp;rosidl_typesupport_introspection_cpp
[4.244s] -- Found rmw_implementation_cmake: 6.1.2 (/opt/ros/humble/share/rmw_implementation_cmake/cmake)
[4.283s] -- Found rmw_fastrtps_cpp: 6.2.7 (/opt/ros/humble/share/rmw_fastrtps_cpp/cmake)
[4.748s] -- Found OpenSSL: /usr/lib/aarch64-linux-gnu/libcrypto.so (found version "3.0.2")  
[4.875s] -- Found FastRTPS: /opt/ros/humble/include  
[5.073s] -- Using RMW implementation 'rmw_fastrtps_cpp' as default
[5.170s] -- Looking for pthread.h
[5.430s] -- Looking for pthread.h - found
[5.431s] -- Performing Test CMAKE_HAVE_LIBC_PTHREAD
[5.694s] -- Performing Test CMAKE_HAVE_LIBC_PTHREAD - Success
[5.694s] -- Found Threads: TRUE  
[6.018s] -- Found sensor_msgs: 4.2.4 (/opt/ros/humble/share/sensor_msgs/cmake)
[6.222s] -- Found ament_lint_auto: 0.12.11 (/opt/ros/humble/share/ament_lint_auto/cmake)
[6.806s] -- Added test 'copyright' to check source files copyright and LICENSE
[6.818s] -- Added test 'cppcheck' to perform static code analysis on C / C++ code
[6.818s] -- Configured cppcheck include dirs: /home/ws/ugv_ws/src/ugv_else/ldlidar/include;/home/ws/ugv_ws/src/ugv_else/ldlidar/ldlidar_driver/include/core;/home/ws/ugv_ws/src/ugv_else/ldlidar/ldlidar_driver/include/dataprocess;/home/ws/ugv_ws/src/ugv_else/ldlidar/ldlidar_driver/include/filter;/home/ws/ugv_ws/src/ugv_else/ldlidar/ldlidar_driver/include/logger;/home/ws/ugv_ws/src/ugv_else/ldlidar/ldlidar_driver/include/networkcom;/home/ws/ugv_ws/src/ugv_else/ldlidar/ldlidar_driver/include/serialcom
[6.819s] -- Configured cppcheck exclude dirs and/or files: 
[6.828s] -- Added test 'cpplint' to check C / C++ code against the Google style
[6.829s] -- Configured cpplint exclude dirs and/or files: 
[6.834s] -- Added test 'flake8' to check Python code syntax and style conventions
[6.841s] -- Added test 'lint_cmake' to check CMake code style
[6.847s] -- Added test 'pep257' to check Python code against some of the docstring style conventions in PEP 257
[6.858s] -- Added test 'uncrustify' to check C / C++ code style
[6.858s] -- Configured uncrustify additional arguments: 
[6.864s] -- Added test 'xmllint' to check XML markup files
[6.875s] -- Configuring done
[6.906s] -- Generating done
[6.911s] -- Build files have been written to: /home/ws/ugv_ws/build/ldlidar
[6.945s] Invoked command in '/home/ws/ugv_ws/build/ldlidar' returned '0': CMAKE_PREFIX_PATH=${CMAKE_PREFIX_PATH}:/home/ws/ugv_ws/install/ugv_web_app:/home/ws/ugv_ws/install/ugv_vision:/home/ws/ugv_ws/install/ugv_tools:/home/ws/ugv_ws/install/ugv_chat_ai:/home/ws/ugv_ws/install/ugv_bringup:/home/ws/ugv_ws/install/robot_pose_publisher:/home/ws/ugv_roarm_ws/install/ugv_roarm_bringup:/home/ws/roarm_ws/install/roarm_driver:/opt/ros/humble /usr/bin/cmake /home/ws/ugv_ws/src/ugv_else/ldlidar -DCMAKE_INSTALL_PREFIX=/home/ws/ugv_ws/install/ldlidar
[6.950s] Invoking command in '/home/ws/ugv_ws/build/ldlidar': CMAKE_PREFIX_PATH=${CMAKE_PREFIX_PATH}:/home/ws/ugv_ws/install/ugv_web_app:/home/ws/ugv_ws/install/ugv_vision:/home/ws/ugv_ws/install/ugv_tools:/home/ws/ugv_ws/install/ugv_chat_ai:/home/ws/ugv_ws/install/ugv_bringup:/home/ws/ugv_ws/install/robot_pose_publisher:/home/ws/ugv_roarm_ws/install/ugv_roarm_bringup:/home/ws/roarm_ws/install/roarm_driver:/opt/ros/humble /usr/bin/cmake --build /home/ws/ugv_ws/build/ldlidar -- -j4 -l4
[7.135s] [ 12%] [32mBuilding CXX object CMakeFiles/ldlidar_node.dir/ldlidar_driver/src/core/ldlidar_driver.cpp.o[0m
[7.144s] [ 25%] [32mBuilding CXX object CMakeFiles/ldlidar_node.dir/ldlidar_driver/src/dataprocess/lipkg.cpp.o[0m
[7.144s] [ 37%] [32mBuilding CXX object CMakeFiles/ldlidar_node.dir/ldlidar_driver/src/filter/tofbf.cpp.o[0m
[7.164s] [ 50%] [32mBuilding CXX object CMakeFiles/ldlidar_node.dir/src/demo.cpp.o[0m
[11.439s] [ 62%] [32mBuilding CXX object CMakeFiles/ldlidar_node.dir/ldlidar_driver/src/logger/log_module.cpp.o[0m
[11.538s] [ 75%] [32mBuilding CXX object CMakeFiles/ldlidar_node.dir/ldlidar_driver/src/networkcom/network_socket_interface_linux.cpp.o[0m
[12.182s] [ 87%] [32mBuilding CXX object CMakeFiles/ldlidar_node.dir/ldlidar_driver/src/serialcom/serial_interface_linux.cpp.o[0m
[25.834s] [100%] [32m[1mLinking CXX executable ldlidar_node[0m
[26.875s] [100%] Built target ldlidar_node
[26.912s] Invoked command in '/home/ws/ugv_ws/build/ldlidar' returned '0': CMAKE_PREFIX_PATH=${CMAKE_PREFIX_PATH}:/home/ws/ugv_ws/install/ugv_web_app:/home/ws/ugv_ws/install/ugv_vision:/home/ws/ugv_ws/install/ugv_tools:/home/ws/ugv_ws/install/ugv_chat_ai:/home/ws/ugv_ws/install/ugv_bringup:/home/ws/ugv_ws/install/robot_pose_publisher:/home/ws/ugv_roarm_ws/install/ugv_roarm_bringup:/home/ws/roarm_ws/install/roarm_driver:/opt/ros/humble /usr/bin/cmake --build /home/ws/ugv_ws/build/ldlidar -- -j4 -l4
[27.069s] Invoking command in '/home/ws/ugv_ws/build/ldlidar': CMAKE_PREFIX_PATH=${CMAKE_PREFIX_PATH}:/home/ws/ugv_ws/install/ugv_web_app:/home/ws/ugv_ws/install/ugv_vision:/home/ws/ugv_ws/install/ugv_tools:/home/ws/ugv_ws/install/ugv_chat_ai:/home/ws/ugv_ws/install/ugv_bringup:/home/ws/ugv_ws/install/robot_pose_publisher:/home/ws/ugv_roarm_ws/install/ugv_roarm_bringup:/home/ws/roarm_ws/install/roarm_driver:/opt/ros/humble /usr/bin/cmake --install /home/ws/ugv_ws/build/ldlidar
[27.097s] -- Install configuration: ""
[27.097s] -- Installing: /home/ws/ugv_ws/install/ldlidar/lib/ldlidar/ldlidar_node
[27.101s] -- Set runtime path of "/home/ws/ugv_ws/install/ldlidar/lib/ldlidar/ldlidar_node" to ""
[27.102s] -- Installing: /home/ws/ugv_ws/install/ldlidar/share/ldlidar//launch
[27.102s] -- Installing: /home/ws/ugv_ws/install/ldlidar/share/ldlidar//launch/ldlidar.launch.py
[27.103s] -- Installing: /home/ws/ugv_ws/install/ldlidar/share/ldlidar//rviz
[27.103s] -- Installing: /home/ws/ugv_ws/install/ldlidar/share/ldlidar//rviz/view.rviz
[27.104s] -- Installing: /home/ws/ugv_ws/install/ldlidar/share/ament_index/resource_index/package_run_dependencies/ldlidar
[27.104s] -- Installing: /home/ws/ugv_ws/install/ldlidar/share/ament_index/resource_index/parent_prefix_path/ldlidar
[27.105s] -- Installing: /home/ws/ugv_ws/install/ldlidar/share/ldlidar/environment/ament_prefix_path.sh
[27.109s] -- Installing: /home/ws/ugv_ws/install/ldlidar/share/ldlidar/environment/ament_prefix_path.dsv
[27.109s] -- Installing: /home/ws/ugv_ws/install/ldlidar/share/ldlidar/environment/path.sh
[27.110s] -- Installing: /home/ws/ugv_ws/install/ldlidar/share/ldlidar/environment/path.dsv
[27.111s] -- Installing: /home/ws/ugv_ws/install/ldlidar/share/ldlidar/local_setup.bash
[27.111s] -- Installing: /home/ws/ugv_ws/install/ldlidar/share/ldlidar/local_setup.sh
[27.112s] -- Installing: /home/ws/ugv_ws/install/ldlidar/share/ldlidar/local_setup.zsh
[27.112s] -- Installing: /home/ws/ugv_ws/install/ldlidar/share/ldlidar/local_setup.dsv
[27.112s] -- Installing: /home/ws/ugv_ws/install/ldlidar/share/ldlidar/package.dsv
[27.113s] -- Installing: /home/ws/ugv_ws/install/ldlidar/share/ament_index/resource_index/packages/ldlidar
[27.113s] -- Installing: /home/ws/ugv_ws/install/ldlidar/share/ldlidar/cmake/ldlidarConfig.cmake
[27.114s] -- Installing: /home/ws/ugv_ws/install/ldlidar/share/ldlidar/cmake/ldlidarConfig-version.cmake
[27.114s] -- Installing: /home/ws/ugv_ws/install/ldlidar/share/ldlidar/package.xml
[27.118s] Invoked command in '/home/ws/ugv_ws/build/ldlidar' returned '0': CMAKE_PREFIX_PATH=${CMAKE_PREFIX_PATH}:/home/ws/ugv_ws/install/ugv_web_app:/home/ws/ugv_ws/install/ugv_vision:/home/ws/ugv_ws/install/ugv_tools:/home/ws/ugv_ws/install/ugv_chat_ai:/home/ws/ugv_ws/install/ugv_bringup:/home/ws/ugv_ws/install/robot_pose_publisher:/home/ws/ugv_roarm_ws/install/ugv_roarm_bringup:/home/ws/roarm_ws/install/roarm_driver:/opt/ros/humble /usr/bin/cmake --install /home/ws/ugv_ws/build/ldlidar
