[1.519s] Invoking command in '/home/ws/ugv_ws/build/ugv_bringup': PYTHONPATH=/home/ws/ugv_ws/build/ugv_bringup/prefix_override:/usr/lib/python3/dist-packages/colcon_core/task/python/colcon_distutils_commands:/home/ws/ugv_ws/install/ugv_bringup/lib/python3.10/site-packages:${PYTHONPATH} /usr/bin/python3 -W ignore:setup.py install is deprecated setup.py develop --editable --build-directory /home/ws/ugv_ws/build/ugv_bringup/build --no-deps symlink_data
[1.920s] running develop
[1.924s] /usr/lib/python3/dist-packages/setuptools/command/easy_install.py:158: EasyInstallDeprecationWarning: easy_install command is deprecated. Use build and pip and other standards-based tools.
[1.925s]   warnings.warn(
[2.131s] running egg_info
[2.131s] creating ugv_bringup.egg-info
[2.131s] writing ugv_bringup.egg-info/PKG-INFO
[2.131s] writing dependency_links to ugv_bringup.egg-info/dependency_links.txt
[2.133s] writing entry points to ugv_bringup.egg-info/entry_points.txt
[2.133s] writing requirements to ugv_bringup.egg-info/requires.txt
[2.133s] writing top-level names to ugv_bringup.egg-info/top_level.txt
[2.133s] writing manifest file 'ugv_bringup.egg-info/SOURCES.txt'
[2.134s] reading manifest file 'ugv_bringup.egg-info/SOURCES.txt'
[2.135s] writing manifest file 'ugv_bringup.egg-info/SOURCES.txt'
[2.138s] running build_ext
[2.138s] Creating /home/ws/ugv_ws/install/ugv_bringup/lib/python3.10/site-packages/ugv-bringup.egg-link (link to .)
[2.139s] Installing ugv_bringup script to /home/ws/ugv_ws/install/ugv_bringup/lib/ugv_bringup
[2.139s] 
[2.139s] Installed /home/ws/ugv_ws/build/ugv_bringup
[2.139s] running symlink_data
[2.140s] creating /home/ws/ugv_ws/install/ugv_bringup/share/ament_index
[2.140s] creating /home/ws/ugv_ws/install/ugv_bringup/share/ament_index/resource_index
[2.141s] creating /home/ws/ugv_ws/install/ugv_bringup/share/ament_index/resource_index/packages
[2.141s] symbolically linking /home/ws/ugv_ws/build/ugv_bringup/resource/ugv_bringup -> /home/ws/ugv_ws/install/ugv_bringup/share/ament_index/resource_index/packages
[2.141s] symbolically linking /home/ws/ugv_ws/build/ugv_bringup/package.xml -> /home/ws/ugv_ws/install/ugv_bringup/share/ugv_bringup
[2.141s] creating /home/ws/ugv_ws/install/ugv_bringup/share/ugv_bringup/launch
[2.141s] symbolically linking /home/ws/ugv_ws/build/ugv_bringup/launch/bringup_lidar.launch.py -> /home/ws/ugv_ws/install/ugv_bringup/share/ugv_bringup/launch
[2.141s] creating /home/ws/ugv_ws/install/ugv_bringup/share/ugv_bringup/rviz
[2.141s] symbolically linking /home/ws/ugv_ws/build/ugv_bringup/rviz/view_bringup.rviz -> /home/ws/ugv_ws/install/ugv_bringup/share/ugv_bringup/rviz
[2.204s] Invoked command in '/home/ws/ugv_ws/build/ugv_bringup' returned '0': PYTHONPATH=/home/ws/ugv_ws/build/ugv_bringup/prefix_override:/usr/lib/python3/dist-packages/colcon_core/task/python/colcon_distutils_commands:/home/ws/ugv_ws/install/ugv_bringup/lib/python3.10/site-packages:${PYTHONPATH} /usr/bin/python3 -W ignore:setup.py install is deprecated setup.py develop --editable --build-directory /home/ws/ugv_ws/build/ugv_bringup/build --no-deps symlink_data
