[1.410s] Invoking command in '/home/ws/ugv_ws/build/ugv_vision': PYTHONPATH=/home/ws/ugv_ws/build/ugv_vision/prefix_override:/usr/lib/python3/dist-packages/colcon_core/task/python/colcon_distutils_commands:/home/ws/ugv_ws/install/ugv_vision/lib/python3.10/site-packages:${PYTHONPATH} /usr/bin/python3 -W ignore:setup.py install is deprecated setup.py develop --editable --build-directory /home/ws/ugv_ws/build/ugv_vision/build --no-deps symlink_data
[1.851s] running develop
[1.851s] /usr/lib/python3/dist-packages/setuptools/command/easy_install.py:158: EasyInstallDeprecationWarning: easy_install command is deprecated. Use build and pip and other standards-based tools.
[1.851s]   warnings.warn(
[2.088s] running egg_info
[2.089s] writing ugv_vision.egg-info/PKG-INFO
[2.089s] writing dependency_links to ugv_vision.egg-info/dependency_links.txt
[2.091s] writing entry points to ugv_vision.egg-info/entry_points.txt
[2.091s] writing requirements to ugv_vision.egg-info/requires.txt
[2.091s] writing top-level names to ugv_vision.egg-info/top_level.txt
[2.101s] reading manifest file 'ugv_vision.egg-info/SOURCES.txt'
[2.101s] writing manifest file 'ugv_vision.egg-info/SOURCES.txt'
[2.101s] running build_ext
[2.101s] Creating /home/ws/ugv_ws/install/ugv_vision/lib/python3.10/site-packages/ugv-vision.egg-link (link to .)
[2.104s] Installing apriltag_ctrl script to /home/ws/ugv_ws/install/ugv_vision/lib/ugv_vision
[2.104s] Installing apriltag_track_0 script to /home/ws/ugv_ws/install/ugv_vision/lib/ugv_vision
[2.104s] Installing apriltag_track_1 script to /home/ws/ugv_ws/install/ugv_vision/lib/ugv_vision
[2.105s] Installing apriltag_track_2 script to /home/ws/ugv_ws/install/ugv_vision/lib/ugv_vision
[2.106s] Installing color_track script to /home/ws/ugv_ws/install/ugv_vision/lib/ugv_vision
[2.106s] Installing gesture_ctrl script to /home/ws/ugv_ws/install/ugv_vision/lib/ugv_vision
[2.106s] Installing kcf_track script to /home/ws/ugv_ws/install/ugv_vision/lib/ugv_vision
[2.107s] 
[2.107s] Installed /home/ws/ugv_ws/build/ugv_vision
[2.107s] running symlink_data
[2.195s] Invoked command in '/home/ws/ugv_ws/build/ugv_vision' returned '0': PYTHONPATH=/home/ws/ugv_ws/build/ugv_vision/prefix_override:/usr/lib/python3/dist-packages/colcon_core/task/python/colcon_distutils_commands:/home/ws/ugv_ws/install/ugv_vision/lib/python3.10/site-packages:${PYTHONPATH} /usr/bin/python3 -W ignore:setup.py install is deprecated setup.py develop --editable --build-directory /home/ws/ugv_ws/build/ugv_vision/build --no-deps symlink_data
