[1.072s] Invoking command in '/home/ws/ugv_ws/build/ugv_bringup': PYTHONPATH=/home/ws/ugv_ws/build/ugv_bringup/prefix_override:/usr/lib/python3/dist-packages/colcon_core/task/python/colcon_distutils_commands:/home/ws/ugv_ws/install/ugv_bringup/lib/python3.10/site-packages:${PYTHONPATH} /usr/bin/python3 -W ignore:setup.py install is deprecated setup.py develop --editable --build-directory /home/ws/ugv_ws/build/ugv_bringup/build --no-deps symlink_data
[1.419s] running develop
[1.419s] /usr/lib/python3/dist-packages/setuptools/command/easy_install.py:158: EasyInstallDeprecationWarning: easy_install command is deprecated. Use build and pip and other standards-based tools.
[1.419s]   warnings.warn(
[1.642s] running egg_info
[1.643s] writing ugv_bringup.egg-info/PKG-INFO
[1.643s] writing dependency_links to ugv_bringup.egg-info/dependency_links.txt
[1.644s] writing entry points to ugv_bringup.egg-info/entry_points.txt
[1.645s] writing requirements to ugv_bringup.egg-info/requires.txt
[1.645s] writing top-level names to ugv_bringup.egg-info/top_level.txt
[1.649s] reading manifest file 'ugv_bringup.egg-info/SOURCES.txt'
[1.651s] writing manifest file 'ugv_bringup.egg-info/SOURCES.txt'
[1.653s] running build_ext
[1.653s] Creating /home/ws/ugv_ws/install/ugv_bringup/lib/python3.10/site-packages/ugv-bringup.egg-link (link to .)
[1.653s] Installing ugv_bringup script to /home/ws/ugv_ws/install/ugv_bringup/lib/ugv_bringup
[1.653s] 
[1.653s] Installed /home/ws/ugv_ws/build/ugv_bringup
[1.653s] running symlink_data
[1.655s] symbolically linking /home/ws/ugv_ws/build/ugv_bringup/config/ekf.yaml -> /home/ws/ugv_ws/install/ugv_bringup/share/ugv_bringup/config
[1.655s] symbolically linking /home/ws/ugv_ws/build/ugv_bringup/config/imu_filter_param.yaml -> /home/ws/ugv_ws/install/ugv_bringup/share/ugv_bringup/config
[1.718s] Invoked command in '/home/ws/ugv_ws/build/ugv_bringup' returned '0': PYTHONPATH=/home/ws/ugv_ws/build/ugv_bringup/prefix_override:/usr/lib/python3/dist-packages/colcon_core/task/python/colcon_distutils_commands:/home/ws/ugv_ws/install/ugv_bringup/lib/python3.10/site-packages:${PYTHONPATH} /usr/bin/python3 -W ignore:setup.py install is deprecated setup.py develop --editable --build-directory /home/ws/ugv_ws/build/ugv_bringup/build --no-deps symlink_data
