[0.048s] Invoking command in '/home/ws/ugv_ws/build/robot_pose_publisher': CMAKE_PREFIX_PATH=${CMAKE_PREFIX_PATH}:/home/ws/ugv_ws/install/ugv_web_app:/home/ws/ugv_ws/install/ugv_vision:/home/ws/ugv_ws/install/ugv_tools:/home/ws/ugv_ws/install/ugv_chat_ai:/home/ws/ugv_ws/install/ugv_bringup:/opt/ros/humble /usr/bin/cmake --build /home/ws/ugv_ws/build/robot_pose_publisher -- -j4 -l4
[0.179s] [ 50%] [32mBuilding CXX object CMakeFiles/robot_pose_publisher.dir/src/robot_pose_publisher.cpp.o[0m
[8.113s] [100%] [32m[1mLinking CXX executable robot_pose_publisher[0m
[8.536s] [100%] Built target robot_pose_publisher
[8.548s] Invoked command in '/home/ws/ugv_ws/build/robot_pose_publisher' returned '0': CMAKE_PREFIX_PATH=${CMAKE_PREFIX_PATH}:/home/ws/ugv_ws/install/ugv_web_app:/home/ws/ugv_ws/install/ugv_vision:/home/ws/ugv_ws/install/ugv_tools:/home/ws/ugv_ws/install/ugv_chat_ai:/home/ws/ugv_ws/install/ugv_bringup:/opt/ros/humble /usr/bin/cmake --build /home/ws/ugv_ws/build/robot_pose_publisher -- -j4 -l4
[8.576s] Invoking command in '/home/ws/ugv_ws/build/robot_pose_publisher': CMAKE_PREFIX_PATH=${CMAKE_PREFIX_PATH}:/home/ws/ugv_ws/install/ugv_web_app:/home/ws/ugv_ws/install/ugv_vision:/home/ws/ugv_ws/install/ugv_tools:/home/ws/ugv_ws/install/ugv_chat_ai:/home/ws/ugv_ws/install/ugv_bringup:/opt/ros/humble /usr/bin/cmake --install /home/ws/ugv_ws/build/robot_pose_publisher
[8.585s] -- Install configuration: ""
[8.587s] -- Installing: /home/ws/ugv_ws/install/robot_pose_publisher/lib/robot_pose_publisher/robot_pose_publisher
[8.588s] -- Set runtime path of "/home/ws/ugv_ws/install/robot_pose_publisher/lib/robot_pose_publisher/robot_pose_publisher" to ""
[8.589s] -- Up-to-date: /home/ws/ugv_ws/install/robot_pose_publisher/share/robot_pose_publisher/launch
[8.589s] -- Installing: /home/ws/ugv_ws/install/robot_pose_publisher/share/robot_pose_publisher/launch/robot_pose_publisher_launch.py
[8.590s] -- Up-to-date: /home/ws/ugv_ws/install/robot_pose_publisher/share/ament_index/resource_index/package_run_dependencies/robot_pose_publisher
[8.591s] -- Installing: /home/ws/ugv_ws/install/robot_pose_publisher/share/ament_index/resource_index/parent_prefix_path/robot_pose_publisher
[8.591s] -- Up-to-date: /home/ws/ugv_ws/install/robot_pose_publisher/share/robot_pose_publisher/environment/ament_prefix_path.sh
[8.592s] -- Installing: /home/ws/ugv_ws/install/robot_pose_publisher/share/robot_pose_publisher/environment/ament_prefix_path.dsv
[8.592s] -- Up-to-date: /home/ws/ugv_ws/install/robot_pose_publisher/share/robot_pose_publisher/environment/path.sh
[8.592s] -- Installing: /home/ws/ugv_ws/install/robot_pose_publisher/share/robot_pose_publisher/environment/path.dsv
[8.592s] -- Up-to-date: /home/ws/ugv_ws/install/robot_pose_publisher/share/robot_pose_publisher/local_setup.bash
[8.592s] -- Up-to-date: /home/ws/ugv_ws/install/robot_pose_publisher/share/robot_pose_publisher/local_setup.sh
[8.592s] -- Up-to-date: /home/ws/ugv_ws/install/robot_pose_publisher/share/robot_pose_publisher/local_setup.zsh
[8.593s] -- Installing: /home/ws/ugv_ws/install/robot_pose_publisher/share/robot_pose_publisher/local_setup.dsv
[8.593s] -- Installing: /home/ws/ugv_ws/install/robot_pose_publisher/share/robot_pose_publisher/package.dsv
[8.594s] -- Up-to-date: /home/ws/ugv_ws/install/robot_pose_publisher/share/ament_index/resource_index/packages/robot_pose_publisher
[8.594s] -- Up-to-date: /home/ws/ugv_ws/install/robot_pose_publisher/share/robot_pose_publisher/cmake/robot_pose_publisherConfig.cmake
[8.594s] -- Up-to-date: /home/ws/ugv_ws/install/robot_pose_publisher/share/robot_pose_publisher/cmake/robot_pose_publisherConfig-version.cmake
[8.594s] -- Installing: /home/ws/ugv_ws/install/robot_pose_publisher/share/robot_pose_publisher/package.xml
[8.597s] Invoked command in '/home/ws/ugv_ws/build/robot_pose_publisher' returned '0': CMAKE_PREFIX_PATH=${CMAKE_PREFIX_PATH}:/home/ws/ugv_ws/install/ugv_web_app:/home/ws/ugv_ws/install/ugv_vision:/home/ws/ugv_ws/install/ugv_tools:/home/ws/ugv_ws/install/ugv_chat_ai:/home/ws/ugv_ws/install/ugv_bringup:/opt/ros/humble /usr/bin/cmake --install /home/ws/ugv_ws/build/robot_pose_publisher
