Not searching for unused variables given on the command line.
-- Found ament_cmake: 1.3.10 (/opt/ros/humble/share/ament_cmake/cmake)
-- Override CMake install command with custom implementation using symlinks instead of copying resources
-- Found rclcpp: 16.0.10 (/opt/ros/humble/share/rclcpp/cmake)
-- Found rosidl_generator_c: 3.1.5 (/opt/ros/humble/share/rosidl_generator_c/cmake)
-- Found rosidl_adapter: 3.1.5 (/opt/ros/humble/share/rosidl_adapter/cmake)
-- Found rosidl_generator_cpp: 3.1.5 (/opt/ros/humble/share/rosidl_generator_cpp/cmake)
-- Using all available rosidl_typesupport_c: rosidl_typesupport_fastrtps_c;rosidl_typesupport_introspection_c
-- Using all available rosidl_typesupport_cpp: rosidl_typesupport_fastrtps_cpp;rosidl_typesupport_introspection_cpp
-- Found rmw_implementation_cmake: 6.1.2 (/opt/ros/humble/share/rmw_implementation_cmake/cmake)
-- Found rmw_fastrtps_cpp: 6.2.7 (/opt/ros/humble/share/rmw_fastrtps_cpp/cmake)
-- Using RMW implementation 'rmw_fastrtps_cpp' as default
-- Found rclpy: 3.3.14 (/opt/ros/humble/share/rclpy/cmake)
-- Found std_srvs: 4.2.4 (/opt/ros/humble/share/std_srvs/cmake)
-- Found sensor_msgs: 4.2.4 (/opt/ros/humble/share/sensor_msgs/cmake)
-- Found audio_utils_msgs: 0.0.0 (/home/ws/ugv_ws/install/audio_utils_msgs/share/audio_utils_msgs/cmake)
-- Found opentera_webrtc_ros_msgs: 0.0.0 (/home/ws/ugv_ws/install/opentera_webrtc_ros_msgs/share/opentera_webrtc_ros_msgs/cmake)
-- Found map_image_generator: 0.0.0 (/home/ws/ugv_ws/install/map_image_generator/share/map_image_generator/cmake)
-- Found cv_bridge: 3.2.1 (/opt/ros/humble/share/cv_bridge/cmake)
-- opentera-webrtc-native-client Version : 1.2.6
-- OpenCV library status:
--     config: /usr/lib/aarch64-linux-gnu/cmake/opencv4
--     version: 4.5.4
--     libraries: opencv_calib3d;opencv_core;opencv_dnn;opencv_features2d;opencv_flann;opencv_highgui;opencv_imgcodecs;opencv_imgproc;opencv_ml;opencv_objdetect;opencv_photo;opencv_stitching;opencv_video;opencv_videoio;opencv_alphamat;opencv_aruco;opencv_barcode;opencv_bgsegm;opencv_bioinspired;opencv_ccalib;opencv_datasets;opencv_dnn_objdetect;opencv_dnn_superres;opencv_dpm;opencv_face;opencv_freetype;opencv_fuzzy;opencv_hdf;opencv_hfs;opencv_img_hash;opencv_intensity_transform;opencv_line_descriptor;opencv_mcc;opencv_optflow;opencv_phase_unwrapping;opencv_plot;opencv_quality;opencv_rapid;opencv_reg;opencv_rgbd;opencv_saliency;opencv_shape;opencv_stereo;opencv_structured_light;opencv_superres;opencv_surface_matching;opencv_text;opencv_tracking;opencv_videostab;opencv_viz;opencv_wechat_qrcode;opencv_ximgproc;opencv_xobjdetect;opencv_xphoto;opencv_core;opencv_imgproc;opencv_core;opencv_imgproc
--     include path: /usr/include/opencv4
-- CMAKE_INSTALL_PREFIX : /home/ws/ugv_ws/src/ugv_else/opentera-webrtc-ros/opentera_webrtc_ros/opentera-webrtc/opentera-webrtc-native-client/dist/Debug/opentera-webrtc-native-client-1.2.6
-- pybind11 v2.13.1 
-- Using the multi-header code from /home/ws/ugv_ws/src/ugv_else/opentera-webrtc-ros/opentera_webrtc_ros/opentera-webrtc/opentera-webrtc-native-client/3rdParty/json/include/
-- TLS configured to use openssl
-- OpenSSL: 3.0.2
-- Checking for module 'gstreamer-1.0'
--   Package 'libunwind', required by 'gstreamer-1.0', not found
[31mCMake Error at /usr/share/cmake-3.22/Modules/FindPkgConfig.cmake:603 (message):
  A required package was not found
Call Stack (most recent call first):
  /usr/share/cmake-3.22/Modules/FindPkgConfig.cmake:825 (_pkg_check_modules_internal)
  opentera-webrtc/opentera-webrtc-native-client/OpenteraWebrtcNativeGStreamer/CMakeLists.txt:15 (pkg_check_modules)

[0m
-- Configuring incomplete, errors occurred!
See also "/home/ws/ugv_ws/build/opentera_webrtc_ros/CMakeFiles/CMakeOutput.log".
