[0.053s] Invoking command in '/home/ws/ugv_ws/build/ugv_description': CMAKE_PREFIX_PATH=${CMAKE_PREFIX_PATH}:/home/ws/ugv_ws/install/ugv_web_app:/home/ws/ugv_ws/install/ugv_vision:/home/ws/ugv_ws/install/ugv_tools:/home/ws/ugv_ws/install/ugv_chat_ai:/home/ws/ugv_ws/install/ugv_bringup:/home/ws/ugv_ws/install/robot_pose_publisher:/opt/ros/humble /usr/bin/cmake /home/ws/ugv_ws/src/ugv_main/ugv_description -DAMENT_CMAKE_SYMLINK_INSTALL=1 -DCMAKE_INSTALL_PREFIX=/home/ws/ugv_ws/install/ugv_description
[1.074s] -- The C compiler identification is GNU 11.4.0
[1.639s] -- The CXX compiler identification is GNU 11.4.0
[1.669s] -- Detecting C compiler ABI info
[1.921s] -- Detecting C compiler ABI info - done
[1.944s] -- Check for working C compiler: /usr/bin/cc - skipped
[1.946s] -- Detecting C compile features
[1.948s] -- Detecting C compile features - done
[1.959s] -- Detecting CXX compiler ABI info
[2.221s] -- Detecting CXX compiler ABI info - done
[2.259s] -- Check for working CXX compiler: /usr/bin/c++ - skipped
[2.259s] -- Detecting CXX compile features
[2.262s] -- Detecting CXX compile features - done
[2.292s] -- Found ament_cmake: 1.3.10 (/opt/ros/humble/share/ament_cmake/cmake)
[2.948s] -- Found Python3: /usr/bin/python3 (found version "3.10.12") found components: Interpreter 
[3.230s] -- Override CMake install command with custom implementation using symlinks instead of copying resources
[3.474s] -- Found rosidl_default_generators: 1.2.0 (/opt/ros/humble/share/rosidl_default_generators/cmake)
[3.511s] -- Using all available rosidl_typesupport_c: rosidl_typesupport_fastrtps_c;rosidl_typesupport_introspection_c
[3.567s] -- Found rosidl_adapter: 3.1.5 (/opt/ros/humble/share/rosidl_adapter/cmake)
[3.825s] -- Using all available rosidl_typesupport_cpp: rosidl_typesupport_fastrtps_cpp;rosidl_typesupport_introspection_cpp
[4.310s] -- Configuring done
[4.318s] -- Generating done
[4.319s] -- Build files have been written to: /home/ws/ugv_ws/build/ugv_description
[4.331s] Invoked command in '/home/ws/ugv_ws/build/ugv_description' returned '0': CMAKE_PREFIX_PATH=${CMAKE_PREFIX_PATH}:/home/ws/ugv_ws/install/ugv_web_app:/home/ws/ugv_ws/install/ugv_vision:/home/ws/ugv_ws/install/ugv_tools:/home/ws/ugv_ws/install/ugv_chat_ai:/home/ws/ugv_ws/install/ugv_bringup:/home/ws/ugv_ws/install/robot_pose_publisher:/opt/ros/humble /usr/bin/cmake /home/ws/ugv_ws/src/ugv_main/ugv_description -DAMENT_CMAKE_SYMLINK_INSTALL=1 -DCMAKE_INSTALL_PREFIX=/home/ws/ugv_ws/install/ugv_description
[4.337s] Invoking command in '/home/ws/ugv_ws/build/ugv_description': CMAKE_PREFIX_PATH=${CMAKE_PREFIX_PATH}:/home/ws/ugv_ws/install/ugv_web_app:/home/ws/ugv_ws/install/ugv_vision:/home/ws/ugv_ws/install/ugv_tools:/home/ws/ugv_ws/install/ugv_chat_ai:/home/ws/ugv_ws/install/ugv_bringup:/home/ws/ugv_ws/install/robot_pose_publisher:/opt/ros/humble /usr/bin/cmake --build /home/ws/ugv_ws/build/ugv_description -- -j4 -l4
[4.440s] Invoked command in '/home/ws/ugv_ws/build/ugv_description' returned '0': CMAKE_PREFIX_PATH=${CMAKE_PREFIX_PATH}:/home/ws/ugv_ws/install/ugv_web_app:/home/ws/ugv_ws/install/ugv_vision:/home/ws/ugv_ws/install/ugv_tools:/home/ws/ugv_ws/install/ugv_chat_ai:/home/ws/ugv_ws/install/ugv_bringup:/home/ws/ugv_ws/install/robot_pose_publisher:/opt/ros/humble /usr/bin/cmake --build /home/ws/ugv_ws/build/ugv_description -- -j4 -l4
[4.521s] Invoking command in '/home/ws/ugv_ws/build/ugv_description': CMAKE_PREFIX_PATH=${CMAKE_PREFIX_PATH}:/home/ws/ugv_ws/install/ugv_web_app:/home/ws/ugv_ws/install/ugv_vision:/home/ws/ugv_ws/install/ugv_tools:/home/ws/ugv_ws/install/ugv_chat_ai:/home/ws/ugv_ws/install/ugv_bringup:/home/ws/ugv_ws/install/robot_pose_publisher:/opt/ros/humble /usr/bin/cmake --install /home/ws/ugv_ws/build/ugv_description
[4.542s] -- Install configuration: ""
[4.544s] -- Execute custom install script
[4.545s] -- Symlinking: /home/ws/ugv_ws/install/ugv_description/share/ugv_description/launch/display.launch.py
[4.569s] -- Symlinking: /home/ws/ugv_ws/install/ugv_description/share/ugv_description/launch/gazebo.launch.py
[4.606s] -- Symlinking: /home/ws/ugv_ws/install/ugv_description/share/ugv_description/meshes/bases/rasp_rover_base.stl
[4.630s] -- Symlinking: /home/ws/ugv_ws/install/ugv_description/share/ugv_description/meshes/bases/ugv_beast_base.stl
[4.653s] -- Symlinking: /home/ws/ugv_ws/install/ugv_description/share/ugv_description/meshes/bases/ugv_rover_base.stl
[4.678s] -- Symlinking: /home/ws/ugv_ws/install/ugv_description/share/ugv_description/meshes/sensors/3d_camera_link.stl
[4.701s] -- Symlinking: /home/ws/ugv_ws/install/ugv_description/share/ugv_description/meshes/sensors/base_lidar_link.stl
[4.725s] -- Symlinking: /home/ws/ugv_ws/install/ugv_description/share/ugv_description/meshes/sensors/pt/pt_base_link.stl
[4.749s] -- Symlinking: /home/ws/ugv_ws/install/ugv_description/share/ugv_description/meshes/sensors/pt/pt_camera_link.stl
[4.773s] -- Symlinking: /home/ws/ugv_ws/install/ugv_description/share/ugv_description/meshes/sensors/pt/pt_link1.stl
[4.798s] -- Symlinking: /home/ws/ugv_ws/install/ugv_description/share/ugv_description/meshes/sensors/pt/pt_link2.stl
[4.821s] -- Symlinking: /home/ws/ugv_ws/install/ugv_description/share/ugv_description/meshes/wheels/beast/left_down_wheel_link.stl
[4.847s] -- Symlinking: /home/ws/ugv_ws/install/ugv_description/share/ugv_description/meshes/wheels/beast/left_up_wheel_link.stl
[4.870s] -- Symlinking: /home/ws/ugv_ws/install/ugv_description/share/ugv_description/meshes/wheels/beast/right_down_wheel_link.stl
[4.894s] -- Symlinking: /home/ws/ugv_ws/install/ugv_description/share/ugv_description/meshes/wheels/beast/right_up_wheel_link.stl
[4.919s] -- Symlinking: /home/ws/ugv_ws/install/ugv_description/share/ugv_description/meshes/wheels/rover/left_down_wheel_link.stl
[4.943s] -- Symlinking: /home/ws/ugv_ws/install/ugv_description/share/ugv_description/meshes/wheels/rover/left_up_wheel_link.stl
[4.967s] -- Symlinking: /home/ws/ugv_ws/install/ugv_description/share/ugv_description/meshes/wheels/rover/right_down_wheel_link.stl
[4.992s] -- Symlinking: /home/ws/ugv_ws/install/ugv_description/share/ugv_description/meshes/wheels/rover/right_up_wheel_link.stl
[5.017s] -- Symlinking: /home/ws/ugv_ws/install/ugv_description/share/ugv_description/urdf/bases/cobra_flex.xacro
[5.040s] -- Symlinking: /home/ws/ugv_ws/install/ugv_description/share/ugv_description/urdf/bases/cobra_surge.xacro
[5.064s] -- Symlinking: /home/ws/ugv_ws/install/ugv_description/share/ugv_description/urdf/bases/rasp_rover.xacro
[5.088s] -- Symlinking: /home/ws/ugv_ws/install/ugv_description/share/ugv_description/urdf/bases/ugv_beast.xacro
[5.111s] -- Symlinking: /home/ws/ugv_ws/install/ugv_description/share/ugv_description/urdf/bases/ugv_rover.xacro
[5.135s] -- Symlinking: /home/ws/ugv_ws/install/ugv_description/share/ugv_description/urdf/gazebo/cobra_flex.gazebo
[5.160s] -- Symlinking: /home/ws/ugv_ws/install/ugv_description/share/ugv_description/urdf/gazebo/cobra_surge.gazebo
[5.184s] -- Symlinking: /home/ws/ugv_ws/install/ugv_description/share/ugv_description/urdf/gazebo/rasp_rover.gazebo
[5.208s] -- Symlinking: /home/ws/ugv_ws/install/ugv_description/share/ugv_description/urdf/gazebo/ugv_beast.gazebo
[5.232s] -- Symlinking: /home/ws/ugv_ws/install/ugv_description/share/ugv_description/urdf/gazebo/ugv_rover.gazebo
[5.256s] -- Symlinking: /home/ws/ugv_ws/install/ugv_description/share/ugv_description/urdf/materials.xacro
[5.280s] -- Symlinking: /home/ws/ugv_ws/install/ugv_description/share/ugv_description/urdf/sensors/3d_camera.xacro
[5.303s] -- Symlinking: /home/ws/ugv_ws/install/ugv_description/share/ugv_description/urdf/sensors/lidar.xacro
[5.327s] -- Symlinking: /home/ws/ugv_ws/install/ugv_description/share/ugv_description/urdf/sensors/pt.xacro
[5.351s] -- Symlinking: /home/ws/ugv_ws/install/ugv_description/share/ugv_description/urdf/wheels/beast_wheel.xacro
[5.375s] -- Symlinking: /home/ws/ugv_ws/install/ugv_description/share/ugv_description/urdf/wheels/cobra_flex_wheel.xacro
[5.400s] -- Symlinking: /home/ws/ugv_ws/install/ugv_description/share/ugv_description/urdf/wheels/cobra_surge_wheel.xacro
[5.423s] -- Symlinking: /home/ws/ugv_ws/install/ugv_description/share/ugv_description/urdf/wheels/rover_wheel.xacro
[5.448s] -- Symlinking: /home/ws/ugv_ws/install/ugv_description/share/ugv_description/rviz/view_description.rviz
[5.472s] -- Symlinking: /home/ws/ugv_ws/install/ugv_description/share/ament_index/resource_index/package_run_dependencies/ugv_description
[5.497s] -- Symlinking: /home/ws/ugv_ws/install/ugv_description/share/ament_index/resource_index/parent_prefix_path/ugv_description
[5.524s] -- Symlinking: /home/ws/ugv_ws/install/ugv_description/share/ugv_description/environment/ament_prefix_path.sh
[5.548s] -- Symlinking: /home/ws/ugv_ws/install/ugv_description/share/ugv_description/environment/ament_prefix_path.dsv
[5.572s] -- Symlinking: /home/ws/ugv_ws/install/ugv_description/share/ugv_description/environment/path.sh
[5.596s] -- Symlinking: /home/ws/ugv_ws/install/ugv_description/share/ugv_description/environment/path.dsv
[5.620s] -- Symlinking: /home/ws/ugv_ws/install/ugv_description/share/ugv_description/local_setup.bash
[5.644s] -- Symlinking: /home/ws/ugv_ws/install/ugv_description/share/ugv_description/local_setup.sh
[5.668s] -- Symlinking: /home/ws/ugv_ws/install/ugv_description/share/ugv_description/local_setup.zsh
[5.693s] -- Symlinking: /home/ws/ugv_ws/install/ugv_description/share/ugv_description/local_setup.dsv
[5.717s] -- Symlinking: /home/ws/ugv_ws/install/ugv_description/share/ugv_description/package.dsv
[5.742s] -- Symlinking: /home/ws/ugv_ws/install/ugv_description/share/ament_index/resource_index/packages/ugv_description
[5.766s] -- Symlinking: /home/ws/ugv_ws/install/ugv_description/share/ugv_description/cmake/ament_cmake_export_dependencies-extras.cmake
[5.791s] -- Symlinking: /home/ws/ugv_ws/install/ugv_description/share/ugv_description/cmake/ugv_descriptionConfig.cmake
[5.816s] -- Symlinking: /home/ws/ugv_ws/install/ugv_description/share/ugv_description/cmake/ugv_descriptionConfig-version.cmake
[5.840s] -- Symlinking: /home/ws/ugv_ws/install/ugv_description/share/ugv_description/package.xml
[5.869s] Invoked command in '/home/ws/ugv_ws/build/ugv_description' returned '0': CMAKE_PREFIX_PATH=${CMAKE_PREFIX_PATH}:/home/ws/ugv_ws/install/ugv_web_app:/home/ws/ugv_ws/install/ugv_vision:/home/ws/ugv_ws/install/ugv_tools:/home/ws/ugv_ws/install/ugv_chat_ai:/home/ws/ugv_ws/install/ugv_bringup:/home/ws/ugv_ws/install/robot_pose_publisher:/opt/ros/humble /usr/bin/cmake --install /home/ws/ugv_ws/build/ugv_description
