-- The C compiler identification is GNU 11.4.0
-- The CXX compiler identification is GNU 11.4.0
-- Detecting C compiler ABI info
-- Detecting C compiler ABI info - done
-- Check for working C compiler: /usr/bin/cc - skipped
-- Detecting C compile features
-- Detecting C compile features - done
-- Detecting CXX compiler ABI info
-- Detecting CXX compiler ABI info - done
-- Check for working CXX compiler: /usr/bin/c++ - skipped
-- Detecting CXX compile features
-- Detecting CXX compile features - done
-- *********************************************************
-- *                                                       *
-- *  On the first run, a lot of stuff will be downloaded  *
-- *  This may take a while...                             *
-- *                                                       *
-- *********************************************************
-- Fetching depot_tools from Chromium
Cloning into 'depot_tools'...
fatal: unable to access 'https://chromium.googlesource.com/chromium/tools/depot_tools.git/': Failed to connect to chromium.googlesource.com port 443 after 134792 ms: Connection timed out
-- Configuring incomplete, errors occurred!
See also "/home/ws/ugv_ws/build/webrtc/CMakeFiles/CMakeOutput.log".
[31mCMake Error at CMakeLists.txt:21 (message):
  cannot fetch depot_tools

[0m
