[0.062s] Invoking command in '/home/ws/ugv_ws/build/webrtc': CMAKE_PREFIX_PATH=${CMAKE_PREFIX_PATH}:/home/ws/ugv_ws/install/ugv_web_app:/home/ws/ugv_ws/install/ugv_vision:/home/ws/ugv_ws/install/ugv_tools:/home/ws/ugv_ws/install/ugv_chat_ai:/home/ws/ugv_ws/install/ugv_bringup:/home/ws/ugv_ws/install/robot_pose_publisher:/home/ws/ugv_roarm_ws/install/ugv_roarm_bringup:/home/ws/roarm_ws/install/roarm_driver:/opt/ros/humble /usr/bin/cmake /home/ws/ugv_ws/src/ugv_else/webrtc_ros/webrtc -DCMAKE_INSTALL_PREFIX=/home/ws/ugv_ws/install/webrtc
[1.118s] -- The C compiler identification is GNU 11.4.0
[1.705s] -- The CXX compiler identification is GNU 11.4.0
[1.736s] -- Detecting C compiler ABI info
[2.009s] -- Detecting C compiler ABI info - done
[2.039s] -- Check for working C compiler: /usr/bin/cc - skipped
[2.041s] -- Detecting C compile features
[2.044s] -- Detecting C compile features - done
[2.056s] -- Detecting CXX compiler ABI info
[2.327s] -- Detecting CXX compiler ABI info - done
[2.358s] -- Check for working CXX compiler: /usr/bin/c++ - skipped
[2.359s] -- Detecting CXX compile features
[2.361s] -- Detecting CXX compile features - done
[2.363s] -- *********************************************************
[2.364s] -- *                                                       *
[2.364s] -- *  On the first run, a lot of stuff will be downloaded  *
[2.364s] -- *  This may take a while...                             *
[2.364s] -- *                                                       *
[2.365s] -- *********************************************************
[2.365s] -- Fetching depot_tools from Chromium
[2.433s] Cloning into 'depot_tools'...
[137.363s] fatal: unable to access 'https://chromium.googlesource.com/chromium/tools/depot_tools.git/': Failed to connect to chromium.googlesource.com port 443 after 134792 ms: Connection timed out
[137.372s] -- Configuring incomplete, errors occurred!
[137.373s] See also "/home/ws/ugv_ws/build/webrtc/CMakeFiles/CMakeOutput.log".
[137.374s] [31mCMake Error at CMakeLists.txt:21 (message):
[137.375s]   cannot fetch depot_tools
[137.376s] 
[137.377s] [0m
[137.395s] Invoked command in '/home/ws/ugv_ws/build/webrtc' returned '1': CMAKE_PREFIX_PATH=${CMAKE_PREFIX_PATH}:/home/ws/ugv_ws/install/ugv_web_app:/home/ws/ugv_ws/install/ugv_vision:/home/ws/ugv_ws/install/ugv_tools:/home/ws/ugv_ws/install/ugv_chat_ai:/home/ws/ugv_ws/install/ugv_bringup:/home/ws/ugv_ws/install/robot_pose_publisher:/home/ws/ugv_roarm_ws/install/ugv_roarm_bringup:/home/ws/roarm_ws/install/roarm_driver:/opt/ros/humble /usr/bin/cmake /home/ws/ugv_ws/src/ugv_else/webrtc_ros/webrtc -DCMAKE_INSTALL_PREFIX=/home/ws/ugv_ws/install/webrtc
