[1.594s] Invoking command in '/home/ws/ugv_ws/build/ugv_bringup': PYTHONPATH=/home/ws/ugv_ws/build/ugv_bringup/prefix_override:/usr/lib/python3/dist-packages/colcon_core/task/python/colcon_distutils_commands:/home/ws/ugv_ws/install/ugv_bringup/lib/python3.10/site-packages:${PYTHONPATH} /usr/bin/python3 -W ignore:setup.py install is deprecated setup.py develop --uninstall --editable --build-directory /home/ws/ugv_ws/build/ugv_bringup/build
[1.948s] running develop
[1.950s] /usr/lib/python3/dist-packages/setuptools/command/easy_install.py:158: EasyInstallDeprecationWarning: easy_install command is deprecated. Use build and pip and other standards-based tools.
[1.950s]   warnings.warn(
[2.187s] Removing /home/ws/ugv_ws/install/ugv_bringup/lib/python3.10/site-packages/ugv-bringup.egg-link (link to .)
[2.253s] Invoked command in '/home/ws/ugv_ws/build/ugv_bringup' returned '0': PYTHONPATH=/home/ws/ugv_ws/build/ugv_bringup/prefix_override:/usr/lib/python3/dist-packages/colcon_core/task/python/colcon_distutils_commands:/home/ws/ugv_ws/install/ugv_bringup/lib/python3.10/site-packages:${PYTHONPATH} /usr/bin/python3 -W ignore:setup.py install is deprecated setup.py develop --uninstall --editable --build-directory /home/ws/ugv_ws/build/ugv_bringup/build
[2.255s] Invoking command in '/home/ws/ugv_ws/src/ugv_main/ugv_bringup': PYTHONPATH=/home/ws/ugv_ws/build/ugv_bringup/prefix_override:/usr/lib/python3/dist-packages/colcon_core/task/python/colcon_distutils_commands:/home/ws/ugv_ws/install/ugv_bringup/lib/python3.10/site-packages:${PYTHONPATH} /usr/bin/python3 -W ignore:setup.py install is deprecated setup.py egg_info --egg-base ../../../build/ugv_bringup build --build-base /home/ws/ugv_ws/build/ugv_bringup/build install --record /home/ws/ugv_ws/build/ugv_bringup/install.log --single-version-externally-managed install_data --force
[2.573s] running egg_info
[2.574s] writing ../../../build/ugv_bringup/ugv_bringup.egg-info/PKG-INFO
[2.574s] writing dependency_links to ../../../build/ugv_bringup/ugv_bringup.egg-info/dependency_links.txt
[2.577s] writing entry points to ../../../build/ugv_bringup/ugv_bringup.egg-info/entry_points.txt
[2.578s] writing requirements to ../../../build/ugv_bringup/ugv_bringup.egg-info/requires.txt
[2.579s] writing top-level names to ../../../build/ugv_bringup/ugv_bringup.egg-info/top_level.txt
[2.582s] reading manifest file '../../../build/ugv_bringup/ugv_bringup.egg-info/SOURCES.txt'
[2.584s] writing manifest file '../../../build/ugv_bringup/ugv_bringup.egg-info/SOURCES.txt'
[2.584s] running build
[2.584s] running build_py
[2.584s] creating /home/ws/ugv_ws/build/ugv_bringup/build
[2.584s] creating /home/ws/ugv_ws/build/ugv_bringup/build/lib
[2.584s] creating /home/ws/ugv_ws/build/ugv_bringup/build/lib/ugv_bringup
[2.584s] copying ugv_bringup/ugv_bringup.py -> /home/ws/ugv_ws/build/ugv_bringup/build/lib/ugv_bringup
[2.586s] copying ugv_bringup/base_ctrl.py -> /home/ws/ugv_ws/build/ugv_bringup/build/lib/ugv_bringup
[2.587s] copying ugv_bringup/__init__.py -> /home/ws/ugv_ws/build/ugv_bringup/build/lib/ugv_bringup
[2.592s] running install
[2.592s] running install_lib
[2.592s] creating /home/ws/ugv_ws/install/ugv_bringup/lib/python3.10/site-packages/ugv_bringup
[2.592s] copying /home/ws/ugv_ws/build/ugv_bringup/build/lib/ugv_bringup/ugv_bringup.py -> /home/ws/ugv_ws/install/ugv_bringup/lib/python3.10/site-packages/ugv_bringup
[2.592s] copying /home/ws/ugv_ws/build/ugv_bringup/build/lib/ugv_bringup/base_ctrl.py -> /home/ws/ugv_ws/install/ugv_bringup/lib/python3.10/site-packages/ugv_bringup
[2.592s] copying /home/ws/ugv_ws/build/ugv_bringup/build/lib/ugv_bringup/__init__.py -> /home/ws/ugv_ws/install/ugv_bringup/lib/python3.10/site-packages/ugv_bringup
[2.592s] byte-compiling /home/ws/ugv_ws/install/ugv_bringup/lib/python3.10/site-packages/ugv_bringup/ugv_bringup.py to ugv_bringup.cpython-310.pyc
[2.592s] byte-compiling /home/ws/ugv_ws/install/ugv_bringup/lib/python3.10/site-packages/ugv_bringup/base_ctrl.py to base_ctrl.cpython-310.pyc
[2.593s] byte-compiling /home/ws/ugv_ws/install/ugv_bringup/lib/python3.10/site-packages/ugv_bringup/__init__.py to __init__.cpython-310.pyc
[2.594s] running install_data
[2.594s] copying resource/ugv_bringup -> /home/ws/ugv_ws/install/ugv_bringup/share/ament_index/resource_index/packages
[2.594s] copying package.xml -> /home/ws/ugv_ws/install/ugv_bringup/share/ugv_bringup
[2.594s] copying launch/bringup_lidar.launch.py -> /home/ws/ugv_ws/install/ugv_bringup/share/ugv_bringup/launch
[2.596s] copying launch/bringup_imu_ekf.launch.py -> /home/ws/ugv_ws/install/ugv_bringup/share/ugv_bringup/launch
[2.596s] copying launch/bringup_imu_origin.launch.py -> /home/ws/ugv_ws/install/ugv_bringup/share/ugv_bringup/launch
[2.596s] copying rviz/view_bringup.rviz -> /home/ws/ugv_ws/install/ugv_bringup/share/ugv_bringup/rviz
[2.597s] creating /home/ws/ugv_ws/install/ugv_bringup/share/ugv_bringup/config
[2.597s] running install_egg_info
[2.600s] Copying ../../../build/ugv_bringup/ugv_bringup.egg-info to /home/ws/ugv_ws/install/ugv_bringup/lib/python3.10/site-packages/ugv_bringup-0.0.0-py3.10.egg-info
[2.602s] running install_scripts
[2.631s] Installing ugv_bringup script to /home/ws/ugv_ws/install/ugv_bringup/lib/ugv_bringup
[2.631s] writing list of installed files to '/home/ws/ugv_ws/build/ugv_bringup/install.log'
[2.691s] Invoked command in '/home/ws/ugv_ws/src/ugv_main/ugv_bringup' returned '0': PYTHONPATH=/home/ws/ugv_ws/build/ugv_bringup/prefix_override:/usr/lib/python3/dist-packages/colcon_core/task/python/colcon_distutils_commands:/home/ws/ugv_ws/install/ugv_bringup/lib/python3.10/site-packages:${PYTHONPATH} /usr/bin/python3 -W ignore:setup.py install is deprecated setup.py egg_info --egg-base ../../../build/ugv_bringup build --build-base /home/ws/ugv_ws/build/ugv_bringup/build install --record /home/ws/ugv_ws/build/ugv_bringup/install.log --single-version-externally-managed install_data --force
