[0.017s] Invoking command in '/home/ws/ugv_ws/build/ugv_slam': CMAKE_PREFIX_PATH=${CMAKE_PREFIX_PATH}:/home/ws/ugv_ws/install/ugv_web_app:/home/ws/ugv_ws/install/ugv_vision:/home/ws/ugv_ws/install/ugv_tools:/home/ws/ugv_ws/install/ugv_chat_ai:/home/ws/ugv_ws/install/ugv_bringup:/opt/ros/humble /usr/bin/cmake --build /home/ws/ugv_ws/build/ugv_slam -- -j4 -l4
[0.074s] Invoked command in '/home/ws/ugv_ws/build/ugv_slam' returned '0': CMAKE_PREFIX_PATH=${CMAKE_PREFIX_PATH}:/home/ws/ugv_ws/install/ugv_web_app:/home/ws/ugv_ws/install/ugv_vision:/home/ws/ugv_ws/install/ugv_tools:/home/ws/ugv_ws/install/ugv_chat_ai:/home/ws/ugv_ws/install/ugv_bringup:/opt/ros/humble /usr/bin/cmake --build /home/ws/ugv_ws/build/ugv_slam -- -j4 -l4
[0.119s] Invoking command in '/home/ws/ugv_ws/build/ugv_slam': CMAKE_PREFIX_PATH=${CMAKE_PREFIX_PATH}:/home/ws/ugv_ws/install/ugv_web_app:/home/ws/ugv_ws/install/ugv_vision:/home/ws/ugv_ws/install/ugv_tools:/home/ws/ugv_ws/install/ugv_chat_ai:/home/ws/ugv_ws/install/ugv_bringup:/opt/ros/humble /usr/bin/cmake --install /home/ws/ugv_ws/build/ugv_slam
[0.134s] -- Install configuration: ""
[0.135s] -- Execute custom install script
[0.136s] -- Up-to-date symlink: /home/ws/ugv_ws/install/ugv_slam/share/ugv_slam/launch/cartographer.launch.py
[0.137s] -- Up-to-date symlink: /home/ws/ugv_ws/install/ugv_slam/share/ugv_slam/launch/gmapping.launch.py
[0.138s] -- Up-to-date symlink: /home/ws/ugv_ws/install/ugv_slam/share/ugv_slam/launch/rtabmap_rgbd.launch.py
[0.139s] -- Up-to-date symlink: /home/ws/ugv_ws/install/ugv_slam/share/ugv_slam/rviz/view_slam_2d.rviz
[0.140s] -- Up-to-date symlink: /home/ws/ugv_ws/install/ugv_slam/share/ugv_slam/rviz/view_slam_3d.rviz
[0.140s] -- Up-to-date symlink: /home/ws/ugv_ws/install/ugv_slam/share/ament_index/resource_index/package_run_dependencies/ugv_slam
[0.140s] -- Up-to-date symlink: /home/ws/ugv_ws/install/ugv_slam/share/ament_index/resource_index/parent_prefix_path/ugv_slam
[0.141s] -- Up-to-date symlink: /home/ws/ugv_ws/install/ugv_slam/share/ugv_slam/environment/ament_prefix_path.sh
[0.141s] -- Up-to-date symlink: /home/ws/ugv_ws/install/ugv_slam/share/ugv_slam/environment/ament_prefix_path.dsv
[0.141s] -- Up-to-date symlink: /home/ws/ugv_ws/install/ugv_slam/share/ugv_slam/environment/path.sh
[0.141s] -- Up-to-date symlink: /home/ws/ugv_ws/install/ugv_slam/share/ugv_slam/environment/path.dsv
[0.142s] -- Up-to-date symlink: /home/ws/ugv_ws/install/ugv_slam/share/ugv_slam/local_setup.bash
[0.143s] -- Up-to-date symlink: /home/ws/ugv_ws/install/ugv_slam/share/ugv_slam/local_setup.sh
[0.143s] -- Up-to-date symlink: /home/ws/ugv_ws/install/ugv_slam/share/ugv_slam/local_setup.zsh
[0.144s] -- Up-to-date symlink: /home/ws/ugv_ws/install/ugv_slam/share/ugv_slam/local_setup.dsv
[0.145s] -- Symlinking: /home/ws/ugv_ws/install/ugv_slam/share/ugv_slam/package.dsv
[0.170s] -- Up-to-date symlink: /home/ws/ugv_ws/install/ugv_slam/share/ament_index/resource_index/packages/ugv_slam
[0.170s] -- Up-to-date symlink: /home/ws/ugv_ws/install/ugv_slam/share/ugv_slam/cmake/ugv_slamConfig.cmake
[0.170s] -- Up-to-date symlink: /home/ws/ugv_ws/install/ugv_slam/share/ugv_slam/cmake/ugv_slamConfig-version.cmake
[0.170s] -- Up-to-date symlink: /home/ws/ugv_ws/install/ugv_slam/share/ugv_slam/package.xml
[0.173s] Invoked command in '/home/ws/ugv_ws/build/ugv_slam' returned '0': CMAKE_PREFIX_PATH=${CMAKE_PREFIX_PATH}:/home/ws/ugv_ws/install/ugv_web_app:/home/ws/ugv_ws/install/ugv_vision:/home/ws/ugv_ws/install/ugv_tools:/home/ws/ugv_ws/install/ugv_chat_ai:/home/ws/ugv_ws/install/ugv_bringup:/opt/ros/humble /usr/bin/cmake --install /home/ws/ugv_ws/build/ugv_slam
