[0.017s] Invoking command in '/home/ws/ugv_ws/build/ugv_base_node': CMAKE_PREFIX_PATH=${CMAKE_PREFIX_PATH}:/home/ws/ugv_ws/install/ugv_web_app:/home/ws/ugv_ws/install/ugv_voice:/home/ws/ugv_ws/install/ugv_vision:/home/ws/ugv_ws/install/ugv_tools:/home/ws/ugv_ws/install/ugv_chat_ai:/home/ws/ugv_ws/install/ugv_bringup:/home/ws/ugv_ws/install/robot_pose_publisher:/home/ws/ugv_roarm_ws/install/ugv_roarm_bringup:/home/ws/roarm_ws/install/roarm_vision:/home/ws/roarm_ws/install/roarm_driver:/opt/ros/humble /usr/bin/cmake --build /home/ws/ugv_ws/build/ugv_base_node -- -j4 -l4
[0.072s] [35m[1mConsolidate compiler generated dependencies of target base_node[0m
[0.090s] [ 50%] [32mBuilding CXX object CMakeFiles/base_node.dir/src/base_node.cpp.o[0m
[14.035s] [100%] [32m[1mLinking CXX executable base_node[0m
[15.299s] [100%] Built target base_node
[15.310s] Invoked command in '/home/ws/ugv_ws/build/ugv_base_node' returned '0': CMAKE_PREFIX_PATH=${CMAKE_PREFIX_PATH}:/home/ws/ugv_ws/install/ugv_web_app:/home/ws/ugv_ws/install/ugv_voice:/home/ws/ugv_ws/install/ugv_vision:/home/ws/ugv_ws/install/ugv_tools:/home/ws/ugv_ws/install/ugv_chat_ai:/home/ws/ugv_ws/install/ugv_bringup:/home/ws/ugv_ws/install/robot_pose_publisher:/home/ws/ugv_roarm_ws/install/ugv_roarm_bringup:/home/ws/roarm_ws/install/roarm_vision:/home/ws/roarm_ws/install/roarm_driver:/opt/ros/humble /usr/bin/cmake --build /home/ws/ugv_ws/build/ugv_base_node -- -j4 -l4
[15.348s] Invoking command in '/home/ws/ugv_ws/build/ugv_base_node': CMAKE_PREFIX_PATH=${CMAKE_PREFIX_PATH}:/home/ws/ugv_ws/install/ugv_web_app:/home/ws/ugv_ws/install/ugv_voice:/home/ws/ugv_ws/install/ugv_vision:/home/ws/ugv_ws/install/ugv_tools:/home/ws/ugv_ws/install/ugv_chat_ai:/home/ws/ugv_ws/install/ugv_bringup:/home/ws/ugv_ws/install/robot_pose_publisher:/home/ws/ugv_roarm_ws/install/ugv_roarm_bringup:/home/ws/roarm_ws/install/roarm_vision:/home/ws/roarm_ws/install/roarm_driver:/opt/ros/humble /usr/bin/cmake --install /home/ws/ugv_ws/build/ugv_base_node
[15.356s] -- Install configuration: ""
[15.356s] -- Installing: /home/ws/ugv_ws/install/ugv_base_node/lib/ugv_base_node/base_node
[15.360s] -- Set runtime path of "/home/ws/ugv_ws/install/ugv_base_node/lib/ugv_base_node/base_node" to ""
[15.361s] -- Up-to-date: /home/ws/ugv_ws/install/ugv_base_node/share/ament_index/resource_index/package_run_dependencies/ugv_base_node
[15.361s] -- Up-to-date: /home/ws/ugv_ws/install/ugv_base_node/share/ament_index/resource_index/parent_prefix_path/ugv_base_node
[15.361s] -- Up-to-date: /home/ws/ugv_ws/install/ugv_base_node/share/ugv_base_node/environment/ament_prefix_path.sh
[15.361s] -- Up-to-date: /home/ws/ugv_ws/install/ugv_base_node/share/ugv_base_node/environment/ament_prefix_path.dsv
[15.361s] -- Up-to-date: /home/ws/ugv_ws/install/ugv_base_node/share/ugv_base_node/environment/path.sh
[15.361s] -- Up-to-date: /home/ws/ugv_ws/install/ugv_base_node/share/ugv_base_node/environment/path.dsv
[15.361s] -- Up-to-date: /home/ws/ugv_ws/install/ugv_base_node/share/ugv_base_node/local_setup.bash
[15.361s] -- Up-to-date: /home/ws/ugv_ws/install/ugv_base_node/share/ugv_base_node/local_setup.sh
[15.361s] -- Up-to-date: /home/ws/ugv_ws/install/ugv_base_node/share/ugv_base_node/local_setup.zsh
[15.361s] -- Up-to-date: /home/ws/ugv_ws/install/ugv_base_node/share/ugv_base_node/local_setup.dsv
[15.361s] -- Installing: /home/ws/ugv_ws/install/ugv_base_node/share/ugv_base_node/package.dsv
[15.361s] -- Up-to-date: /home/ws/ugv_ws/install/ugv_base_node/share/ament_index/resource_index/packages/ugv_base_node
[15.361s] -- Up-to-date: /home/ws/ugv_ws/install/ugv_base_node/share/ugv_base_node/cmake/ugv_base_nodeConfig.cmake
[15.361s] -- Up-to-date: /home/ws/ugv_ws/install/ugv_base_node/share/ugv_base_node/cmake/ugv_base_nodeConfig-version.cmake
[15.361s] -- Up-to-date: /home/ws/ugv_ws/install/ugv_base_node/share/ugv_base_node/package.xml
[15.363s] Invoked command in '/home/ws/ugv_ws/build/ugv_base_node' returned '0': CMAKE_PREFIX_PATH=${CMAKE_PREFIX_PATH}:/home/ws/ugv_ws/install/ugv_web_app:/home/ws/ugv_ws/install/ugv_voice:/home/ws/ugv_ws/install/ugv_vision:/home/ws/ugv_ws/install/ugv_tools:/home/ws/ugv_ws/install/ugv_chat_ai:/home/ws/ugv_ws/install/ugv_bringup:/home/ws/ugv_ws/install/robot_pose_publisher:/home/ws/ugv_roarm_ws/install/ugv_roarm_bringup:/home/ws/roarm_ws/install/roarm_vision:/home/ws/roarm_ws/install/roarm_driver:/opt/ros/humble /usr/bin/cmake --install /home/ws/ugv_ws/build/ugv_base_node
