In file included from [01m[K/home/ws/ugv_ws/src/ugv_else/cv_camera/include/cv_camera/capture.h:11[m[K,
                 from [01m[K/home/ws/ugv_ws/src/ugv_else/cv_camera/src/capture.cpp:3[m[K:
[01m[K/opt/ros/humble/include/image_transport/image_transport/image_transport.h:32:89:[m[K [01;36m[Knote: [m[K‘[01m[K#pragma message: Warning: This header is deprecated. Use 'image_transport.hpp' instead[m[K’
   32 | #pragma message ("Warning: This header is deprecated. Use 'image_transport.hpp' instead"[01;36m[K)[m[K
      |                                                                                         [01;36m[K^[m[K
In file included from [01m[K/home/ws/ugv_ws/src/ugv_else/cv_camera/include/cv_camera/capture.h:11[m[K,
                 from [01m[K/home/ws/ugv_ws/src/ugv_else/cv_camera/include/cv_camera/driver.h:6[m[K,
                 from [01m[K/home/ws/ugv_ws/src/ugv_else/cv_camera/src/driver.cpp:3[m[K:
[01m[K/opt/ros/humble/include/image_transport/image_transport/image_transport.h:32:89:[m[K [01;36m[Knote: [m[K‘[01m[K#pragma message: Warning: This header is deprecated. Use 'image_transport.hpp' instead[m[K’
   32 | #pragma message ("Warning: This header is deprecated. Use 'image_transport.hpp' instead"[01;36m[K)[m[K
      |                                                                                         [01;36m[K^[m[K
In file included from [01m[K/home/ws/ugv_ws/src/ugv_else/cv_camera/include/cv_camera/capture.h:15[m[K,
                 from [01m[K/home/ws/ugv_ws/src/ugv_else/cv_camera/src/capture.cpp:3[m[K:
[01m[K/opt/ros/humble/include/camera_info_manager/camera_info_manager/camera_info_manager.h:41:93:[m[K [01;36m[Knote: [m[K‘[01m[K#pragma message: Warning: This header is deprecated. Use 'camera_info_manager.hpp' instead[m[K’
   41 | #pragma message ("Warning: This header is deprecated. Use 'camera_info_manager.hpp' instead"[01;36m[K)[m[K
      |                                                                                             [01;36m[K^[m[K
In file included from [01m[K/home/ws/ugv_ws/src/ugv_else/cv_camera/include/cv_camera/capture.h:15[m[K,
                 from [01m[K/home/ws/ugv_ws/src/ugv_else/cv_camera/include/cv_camera/driver.h:6[m[K,
                 from [01m[K/home/ws/ugv_ws/src/ugv_else/cv_camera/src/driver.cpp:3[m[K:
[01m[K/opt/ros/humble/include/camera_info_manager/camera_info_manager/camera_info_manager.h:41:93:[m[K [01;36m[Knote: [m[K‘[01m[K#pragma message: Warning: This header is deprecated. Use 'camera_info_manager.hpp' instead[m[K’
   41 | #pragma message ("Warning: This header is deprecated. Use 'camera_info_manager.hpp' instead"[01;36m[K)[m[K
      |                                                                                             [01;36m[K^[m[K
[01m[K/home/ws/ugv_ws/src/ugv_else/cv_camera/src/capture.cpp:[m[K In member function ‘[01m[Kbool cv_camera::Capture::capture()[m[K’:
[01m[K/home/ws/ugv_ws/src/ugv_else/cv_camera/src/capture.cpp:140:27:[m[K [01;35m[Kwarning: [m[Kcomparison of integer expressions of different signedness: ‘[01m[Ksensor_msgs::msg::CameraInfo_<std::allocator<void> >::_height_type[m[K’ {aka ‘[01m[Kunsigned int[m[K’} and ‘[01m[Kint[m[K’ [[01;35m[K-Wsign-compare[m[K]
  140 |     else if ([01;35m[Kinfo_.height != bridge_.image.rows[m[K || info_.width != bridge_.image.cols)
      |              [01;35m[K~~~~~~~~~~~~~^~~~~~~~~~~~~~~~~~~~~[m[K
[01m[K/home/ws/ugv_ws/src/ugv_else/cv_camera/src/capture.cpp:140:64:[m[K [01;35m[Kwarning: [m[Kcomparison of integer expressions of different signedness: ‘[01m[Ksensor_msgs::msg::CameraInfo_<std::allocator<void> >::_width_type[m[K’ {aka ‘[01m[Kunsigned int[m[K’} and ‘[01m[Kint[m[K’ [[01;35m[K-Wsign-compare[m[K]
  140 |     else if (info_.height != bridge_.image.rows || [01;35m[Kinfo_.width != bridge_.image.cols[m[K)
      |                                                    [01;35m[K~~~~~~~~~~~~^~~~~~~~~~~~~~~~~~~~~[m[K
In file included from [01m[K/home/ws/ugv_ws/src/ugv_else/cv_camera/include/cv_camera/capture.h:11[m[K,
                 from [01m[K/home/ws/ugv_ws/src/ugv_else/cv_camera/include/cv_camera/driver.h:6[m[K,
                 from [01m[K/home/ws/ugv_ws/src/ugv_else/cv_camera/src/cv_camera_node.cpp:3[m[K:
[01m[K/opt/ros/humble/include/image_transport/image_transport/image_transport.h:32:89:[m[K [01;36m[Knote: [m[K‘[01m[K#pragma message: Warning: This header is deprecated. Use 'image_transport.hpp' instead[m[K’
   32 | #pragma message ("Warning: This header is deprecated. Use 'image_transport.hpp' instead"[01;36m[K)[m[K
      |                                                                                         [01;36m[K^[m[K
In file included from [01m[K/home/ws/ugv_ws/src/ugv_else/cv_camera/include/cv_camera/capture.h:15[m[K,
                 from [01m[K/home/ws/ugv_ws/src/ugv_else/cv_camera/include/cv_camera/driver.h:6[m[K,
                 from [01m[K/home/ws/ugv_ws/src/ugv_else/cv_camera/src/cv_camera_node.cpp:3[m[K:
[01m[K/opt/ros/humble/include/camera_info_manager/camera_info_manager/camera_info_manager.h:41:93:[m[K [01;36m[Knote: [m[K‘[01m[K#pragma message: Warning: This header is deprecated. Use 'camera_info_manager.hpp' instead[m[K’
   41 | #pragma message ("Warning: This header is deprecated. Use 'camera_info_manager.hpp' instead"[01;36m[K)[m[K
      |                                                                                             [01;36m[K^[m[K
