Not searching for unused variables given on the command line.
-- The C compiler identification is GNU 11.4.0
-- The CXX compiler identification is GNU 11.4.0
-- Detecting C compiler ABI info
-- Detecting C compiler ABI info - done
-- Check for working C compiler: /usr/bin/cc - skipped
-- Detecting C compile features
-- Detecting C compile features - done
-- Detecting CXX compiler ABI info
-- Detecting CXX compiler ABI info - done
-- Check for working CXX compiler: /usr/bin/c++ - skipped
-- Detecting CXX compile features
-- Detecting CXX compile features - done
-- Found ament_cmake: 1.3.10 (/opt/ros/humble/share/ament_cmake/cmake)
-- Found Python3: /usr/bin/python3 (found version "3.10.12") found components: Interpreter 
-- Override CMake install command with custom implementation using symlinks instead of copying resources
-- Found OpenCV: /usr (found suitable version "4.5.4", minimum required is "4") 
-- Found sensor_msgs: 4.2.4 (/opt/ros/humble/share/sensor_msgs/cmake)
-- Found rosidl_generator_c: 3.1.5 (/opt/ros/humble/share/rosidl_generator_c/cmake)
-- Found rosidl_adapter: 3.1.5 (/opt/ros/humble/share/rosidl_adapter/cmake)
-- Found rosidl_generator_cpp: 3.1.5 (/opt/ros/humble/share/rosidl_generator_cpp/cmake)
-- Using all available rosidl_typesupport_c: rosidl_typesupport_fastrtps_c;rosidl_typesupport_introspection_c
-- Using all available rosidl_typesupport_cpp: rosidl_typesupport_fastrtps_cpp;rosidl_typesupport_introspection_cpp
-- Found rclcpp: 16.0.10 (/opt/ros/humble/share/rclcpp/cmake)
-- Found rmw_implementation_cmake: 6.1.2 (/opt/ros/humble/share/rmw_implementation_cmake/cmake)
-- Found rmw_fastrtps_cpp: 6.2.7 (/opt/ros/humble/share/rmw_fastrtps_cpp/cmake)
-- Found OpenSSL: /usr/lib/aarch64-linux-gnu/libcrypto.so (found version "3.0.2")  
-- Found FastRTPS: /opt/ros/humble/include  
-- Using RMW implementation 'rmw_fastrtps_cpp' as default
-- Looking for pthread.h
-- Looking for pthread.h - found
-- Performing Test CMAKE_HAVE_LIBC_PTHREAD
-- Performing Test CMAKE_HAVE_LIBC_PTHREAD - Success
-- Found Threads: TRUE  
-- Found image_transport: 3.1.9 (/opt/ros/humble/share/image_transport/cmake)
-- Found cv_bridge: 3.2.1 (/opt/ros/humble/share/cv_bridge/cmake)
-- Found camera_info_manager: 3.1.12 (/opt/ros/humble/share/camera_info_manager/cmake)
-- Found Boost: /usr/lib/aarch64-linux-gnu/cmake/Boost-1.74.0/BoostConfig.cmake (found version "1.74.0") found components: system thread 
-- Configuring done
-- Generating done
-- Build files have been written to: /home/ws/ugv_ws/build/cv_camera
[ 40%] [32mBuilding CXX object CMakeFiles/cv_camera.dir/src/capture.cpp.o[0m
[ 40%] [32mBuilding CXX object CMakeFiles/cv_camera.dir/src/driver.cpp.o[0m
In file included from [01m[K/home/ws/ugv_ws/src/ugv_else/cv_camera/include/cv_camera/capture.h:11[m[K,
                 from [01m[K/home/ws/ugv_ws/src/ugv_else/cv_camera/src/capture.cpp:3[m[K:
[01m[K/opt/ros/humble/include/image_transport/image_transport/image_transport.h:32:89:[m[K [01;36m[Knote: [m[K‘[01m[K#pragma message: Warning: This header is deprecated. Use 'image_transport.hpp' instead[m[K’
   32 | #pragma message ("Warning: This header is deprecated. Use 'image_transport.hpp' instead"[01;36m[K)[m[K
      |                                                                                         [01;36m[K^[m[K
In file included from [01m[K/home/ws/ugv_ws/src/ugv_else/cv_camera/include/cv_camera/capture.h:11[m[K,
                 from [01m[K/home/ws/ugv_ws/src/ugv_else/cv_camera/include/cv_camera/driver.h:6[m[K,
                 from [01m[K/home/ws/ugv_ws/src/ugv_else/cv_camera/src/driver.cpp:3[m[K:
[01m[K/opt/ros/humble/include/image_transport/image_transport/image_transport.h:32:89:[m[K [01;36m[Knote: [m[K‘[01m[K#pragma message: Warning: This header is deprecated. Use 'image_transport.hpp' instead[m[K’
   32 | #pragma message ("Warning: This header is deprecated. Use 'image_transport.hpp' instead"[01;36m[K)[m[K
      |                                                                                         [01;36m[K^[m[K
In file included from [01m[K/home/ws/ugv_ws/src/ugv_else/cv_camera/include/cv_camera/capture.h:15[m[K,
                 from [01m[K/home/ws/ugv_ws/src/ugv_else/cv_camera/src/capture.cpp:3[m[K:
[01m[K/opt/ros/humble/include/camera_info_manager/camera_info_manager/camera_info_manager.h:41:93:[m[K [01;36m[Knote: [m[K‘[01m[K#pragma message: Warning: This header is deprecated. Use 'camera_info_manager.hpp' instead[m[K’
   41 | #pragma message ("Warning: This header is deprecated. Use 'camera_info_manager.hpp' instead"[01;36m[K)[m[K
      |                                                                                             [01;36m[K^[m[K
In file included from [01m[K/home/ws/ugv_ws/src/ugv_else/cv_camera/include/cv_camera/capture.h:15[m[K,
                 from [01m[K/home/ws/ugv_ws/src/ugv_else/cv_camera/include/cv_camera/driver.h:6[m[K,
                 from [01m[K/home/ws/ugv_ws/src/ugv_else/cv_camera/src/driver.cpp:3[m[K:
[01m[K/opt/ros/humble/include/camera_info_manager/camera_info_manager/camera_info_manager.h:41:93:[m[K [01;36m[Knote: [m[K‘[01m[K#pragma message: Warning: This header is deprecated. Use 'camera_info_manager.hpp' instead[m[K’
   41 | #pragma message ("Warning: This header is deprecated. Use 'camera_info_manager.hpp' instead"[01;36m[K)[m[K
      |                                                                                             [01;36m[K^[m[K
[01m[K/home/ws/ugv_ws/src/ugv_else/cv_camera/src/capture.cpp:[m[K In member function ‘[01m[Kbool cv_camera::Capture::capture()[m[K’:
[01m[K/home/ws/ugv_ws/src/ugv_else/cv_camera/src/capture.cpp:140:27:[m[K [01;35m[Kwarning: [m[Kcomparison of integer expressions of different signedness: ‘[01m[Ksensor_msgs::msg::CameraInfo_<std::allocator<void> >::_height_type[m[K’ {aka ‘[01m[Kunsigned int[m[K’} and ‘[01m[Kint[m[K’ [[01;35m[K-Wsign-compare[m[K]
  140 |     else if ([01;35m[Kinfo_.height != bridge_.image.rows[m[K || info_.width != bridge_.image.cols)
      |              [01;35m[K~~~~~~~~~~~~~^~~~~~~~~~~~~~~~~~~~~[m[K
[01m[K/home/ws/ugv_ws/src/ugv_else/cv_camera/src/capture.cpp:140:64:[m[K [01;35m[Kwarning: [m[Kcomparison of integer expressions of different signedness: ‘[01m[Ksensor_msgs::msg::CameraInfo_<std::allocator<void> >::_width_type[m[K’ {aka ‘[01m[Kunsigned int[m[K’} and ‘[01m[Kint[m[K’ [[01;35m[K-Wsign-compare[m[K]
  140 |     else if (info_.height != bridge_.image.rows || [01;35m[Kinfo_.width != bridge_.image.cols[m[K)
      |                                                    [01;35m[K~~~~~~~~~~~~^~~~~~~~~~~~~~~~~~~~~[m[K
[ 60%] [32m[1mLinking CXX static library libcv_camera.a[0m
[ 60%] Built target cv_camera
[ 80%] [32mBuilding CXX object CMakeFiles/cv_camera_node.dir/src/cv_camera_node.cpp.o[0m
In file included from [01m[K/home/ws/ugv_ws/src/ugv_else/cv_camera/include/cv_camera/capture.h:11[m[K,
                 from [01m[K/home/ws/ugv_ws/src/ugv_else/cv_camera/include/cv_camera/driver.h:6[m[K,
                 from [01m[K/home/ws/ugv_ws/src/ugv_else/cv_camera/src/cv_camera_node.cpp:3[m[K:
[01m[K/opt/ros/humble/include/image_transport/image_transport/image_transport.h:32:89:[m[K [01;36m[Knote: [m[K‘[01m[K#pragma message: Warning: This header is deprecated. Use 'image_transport.hpp' instead[m[K’
   32 | #pragma message ("Warning: This header is deprecated. Use 'image_transport.hpp' instead"[01;36m[K)[m[K
      |                                                                                         [01;36m[K^[m[K
In file included from [01m[K/home/ws/ugv_ws/src/ugv_else/cv_camera/include/cv_camera/capture.h:15[m[K,
                 from [01m[K/home/ws/ugv_ws/src/ugv_else/cv_camera/include/cv_camera/driver.h:6[m[K,
                 from [01m[K/home/ws/ugv_ws/src/ugv_else/cv_camera/src/cv_camera_node.cpp:3[m[K:
[01m[K/opt/ros/humble/include/camera_info_manager/camera_info_manager/camera_info_manager.h:41:93:[m[K [01;36m[Knote: [m[K‘[01m[K#pragma message: Warning: This header is deprecated. Use 'camera_info_manager.hpp' instead[m[K’
   41 | #pragma message ("Warning: This header is deprecated. Use 'camera_info_manager.hpp' instead"[01;36m[K)[m[K
      |                                                                                             [01;36m[K^[m[K
[100%] [32m[1mLinking CXX executable cv_camera_node[0m
[100%] Built target cv_camera_node
-- Install configuration: "Debug"
-- Execute custom install script
-- Symlinking: /home/ws/ugv_ws/install/cv_camera/lib/cv_camera/libcv_camera.a
-- Symlinking: /home/ws/ugv_ws/install/cv_camera/lib/cv_camera/cv_camera_node
-- Symlinking: /home/ws/ugv_ws/install/cv_camera/include//capture.h
-- Symlinking: /home/ws/ugv_ws/install/cv_camera/include//driver.h
-- Symlinking: /home/ws/ugv_ws/install/cv_camera/include//exception.h
-- Symlinking: /home/ws/ugv_ws/install/cv_camera/share/ament_index/resource_index/package_run_dependencies/cv_camera
-- Symlinking: /home/ws/ugv_ws/install/cv_camera/share/ament_index/resource_index/parent_prefix_path/cv_camera
-- Symlinking: /home/ws/ugv_ws/install/cv_camera/share/cv_camera/environment/ament_prefix_path.sh
-- Symlinking: /home/ws/ugv_ws/install/cv_camera/share/cv_camera/environment/ament_prefix_path.dsv
-- Symlinking: /home/ws/ugv_ws/install/cv_camera/share/cv_camera/environment/path.sh
-- Symlinking: /home/ws/ugv_ws/install/cv_camera/share/cv_camera/environment/path.dsv
-- Symlinking: /home/ws/ugv_ws/install/cv_camera/share/cv_camera/local_setup.bash
-- Symlinking: /home/ws/ugv_ws/install/cv_camera/share/cv_camera/local_setup.sh
-- Symlinking: /home/ws/ugv_ws/install/cv_camera/share/cv_camera/local_setup.zsh
-- Symlinking: /home/ws/ugv_ws/install/cv_camera/share/cv_camera/local_setup.dsv
-- Symlinking: /home/ws/ugv_ws/install/cv_camera/share/cv_camera/package.dsv
-- Symlinking: /home/ws/ugv_ws/install/cv_camera/share/ament_index/resource_index/packages/cv_camera
-- Symlinking: /home/ws/ugv_ws/install/cv_camera/share/cv_camera/cmake/cv_cameraConfig.cmake
-- Symlinking: /home/ws/ugv_ws/install/cv_camera/share/cv_camera/cmake/cv_cameraConfig-version.cmake
-- Symlinking: /home/ws/ugv_ws/install/cv_camera/share/cv_camera/package.xml
