[0.062s] Invoking command in '/home/ws/ugv_ws/build/cv_camera': CMAKE_PREFIX_PATH=${CMAKE_PREFIX_PATH}:/home/ws/ugv_ws/install/ugv_web_app:/home/ws/ugv_ws/install/ugv_vision:/home/ws/ugv_ws/install/ugv_tools:/home/ws/ugv_ws/install/ugv_chat_ai:/home/ws/ugv_ws/install/ugv_bringup:/home/ws/ugv_ws/install/robot_pose_publisher:/home/ws/ugv_roarm_ws/install/ugv_roarm_bringup:/home/ws/roarm_ws/install/roarm_driver:/opt/ros/humble /usr/bin/cmake /home/ws/ugv_ws/src/ugv_else/cv_camera -DPYTHON_EXECUTABLE=/usr/bin/python3 -DCMAKE_BUILD_TYPE=Debug --no-warn-unused-cli -DAMENT_CMAKE_SYMLINK_INSTALL=1 -DCMAKE_INSTALL_PREFIX=/home/ws/ugv_ws/install/cv_camera
[0.094s] Not searching for unused variables given on the command line.
[0.649s] -- The C compiler identification is GNU 11.4.0
[0.841s] -- The CXX compiler identification is GNU 11.4.0
[0.873s] -- Detecting C compiler ABI info
[1.128s] -- Detecting C compiler ABI info - done
[1.159s] -- Check for working C compiler: /usr/bin/cc - skipped
[1.162s] -- Detecting C compile features
[1.166s] -- Detecting C compile features - done
[1.176s] -- Detecting CXX compiler ABI info
[1.438s] -- Detecting CXX compiler ABI info - done
[1.468s] -- Check for working CXX compiler: /usr/bin/c++ - skipped
[1.469s] -- Detecting CXX compile features
[1.470s] -- Detecting CXX compile features - done
[1.516s] -- Found ament_cmake: 1.3.10 (/opt/ros/humble/share/ament_cmake/cmake)
[2.286s] -- Found Python3: /usr/bin/python3 (found version "3.10.12") found components: Interpreter 
[2.609s] -- Override CMake install command with custom implementation using symlinks instead of copying resources
[3.034s] -- Found OpenCV: /usr (found suitable version "4.5.4", minimum required is "4") 
[3.060s] -- Found sensor_msgs: 4.2.4 (/opt/ros/humble/share/sensor_msgs/cmake)
[3.380s] -- Found rosidl_generator_c: 3.1.5 (/opt/ros/humble/share/rosidl_generator_c/cmake)
[3.437s] -- Found rosidl_adapter: 3.1.5 (/opt/ros/humble/share/rosidl_adapter/cmake)
[3.514s] -- Found rosidl_generator_cpp: 3.1.5 (/opt/ros/humble/share/rosidl_generator_cpp/cmake)
[3.646s] -- Using all available rosidl_typesupport_c: rosidl_typesupport_fastrtps_c;rosidl_typesupport_introspection_c
[3.778s] -- Using all available rosidl_typesupport_cpp: rosidl_typesupport_fastrtps_cpp;rosidl_typesupport_introspection_cpp
[4.173s] -- Found rclcpp: 16.0.10 (/opt/ros/humble/share/rclcpp/cmake)
[4.514s] -- Found rmw_implementation_cmake: 6.1.2 (/opt/ros/humble/share/rmw_implementation_cmake/cmake)
[4.551s] -- Found rmw_fastrtps_cpp: 6.2.7 (/opt/ros/humble/share/rmw_fastrtps_cpp/cmake)
[5.104s] -- Found OpenSSL: /usr/lib/aarch64-linux-gnu/libcrypto.so (found version "3.0.2")  
[5.219s] -- Found FastRTPS: /opt/ros/humble/include  
[5.403s] -- Using RMW implementation 'rmw_fastrtps_cpp' as default
[5.497s] -- Looking for pthread.h
[5.819s] -- Looking for pthread.h - found
[5.820s] -- Performing Test CMAKE_HAVE_LIBC_PTHREAD
[6.075s] -- Performing Test CMAKE_HAVE_LIBC_PTHREAD - Success
[6.079s] -- Found Threads: TRUE  
[6.321s] -- Found image_transport: 3.1.9 (/opt/ros/humble/share/image_transport/cmake)
[6.591s] -- Found cv_bridge: 3.2.1 (/opt/ros/humble/share/cv_bridge/cmake)
[6.625s] -- Found camera_info_manager: 3.1.12 (/opt/ros/humble/share/camera_info_manager/cmake)
[6.881s] -- Found Boost: /usr/lib/aarch64-linux-gnu/cmake/Boost-1.74.0/BoostConfig.cmake (found version "1.74.0") found components: system thread 
[7.263s] -- Configuring done
[7.335s] -- Generating done
[7.337s] -- Build files have been written to: /home/ws/ugv_ws/build/cv_camera
[7.378s] Invoked command in '/home/ws/ugv_ws/build/cv_camera' returned '0': CMAKE_PREFIX_PATH=${CMAKE_PREFIX_PATH}:/home/ws/ugv_ws/install/ugv_web_app:/home/ws/ugv_ws/install/ugv_vision:/home/ws/ugv_ws/install/ugv_tools:/home/ws/ugv_ws/install/ugv_chat_ai:/home/ws/ugv_ws/install/ugv_bringup:/home/ws/ugv_ws/install/robot_pose_publisher:/home/ws/ugv_roarm_ws/install/ugv_roarm_bringup:/home/ws/roarm_ws/install/roarm_driver:/opt/ros/humble /usr/bin/cmake /home/ws/ugv_ws/src/ugv_else/cv_camera -DPYTHON_EXECUTABLE=/usr/bin/python3 -DCMAKE_BUILD_TYPE=Debug --no-warn-unused-cli -DAMENT_CMAKE_SYMLINK_INSTALL=1 -DCMAKE_INSTALL_PREFIX=/home/ws/ugv_ws/install/cv_camera
[7.381s] Invoking command in '/home/ws/ugv_ws/build/cv_camera': CMAKE_PREFIX_PATH=${CMAKE_PREFIX_PATH}:/home/ws/ugv_ws/install/ugv_web_app:/home/ws/ugv_ws/install/ugv_vision:/home/ws/ugv_ws/install/ugv_tools:/home/ws/ugv_ws/install/ugv_chat_ai:/home/ws/ugv_ws/install/ugv_bringup:/home/ws/ugv_ws/install/robot_pose_publisher:/home/ws/ugv_roarm_ws/install/ugv_roarm_bringup:/home/ws/roarm_ws/install/roarm_driver:/opt/ros/humble /usr/bin/cmake --build /home/ws/ugv_ws/build/cv_camera -- -j4 -l4
[7.544s] [ 40%] [32mBuilding CXX object CMakeFiles/cv_camera.dir/src/capture.cpp.o[0m
[7.545s] [ 40%] [32mBuilding CXX object CMakeFiles/cv_camera.dir/src/driver.cpp.o[0m
[20.948s] In file included from [01m[K/home/ws/ugv_ws/src/ugv_else/cv_camera/include/cv_camera/capture.h:11[m[K,
[20.950s]                  from [01m[K/home/ws/ugv_ws/src/ugv_else/cv_camera/src/capture.cpp:3[m[K:
[20.952s] [01m[K/opt/ros/humble/include/image_transport/image_transport/image_transport.h:32:89:[m[K [01;36m[Knote: [m[K‘[01m[K#pragma message: Warning: This header is deprecated. Use 'image_transport.hpp' instead[m[K’
[20.954s]    32 | #pragma message ("Warning: This header is deprecated. Use 'image_transport.hpp' instead"[01;36m[K)[m[K
[20.956s]       |                                                                                         [01;36m[K^[m[K
[20.966s] In file included from [01m[K/home/ws/ugv_ws/src/ugv_else/cv_camera/include/cv_camera/capture.h:11[m[K,
[20.968s]                  from [01m[K/home/ws/ugv_ws/src/ugv_else/cv_camera/include/cv_camera/driver.h:6[m[K,
[20.968s]                  from [01m[K/home/ws/ugv_ws/src/ugv_else/cv_camera/src/driver.cpp:3[m[K:
[20.969s] [01m[K/opt/ros/humble/include/image_transport/image_transport/image_transport.h:32:89:[m[K [01;36m[Knote: [m[K‘[01m[K#pragma message: Warning: This header is deprecated. Use 'image_transport.hpp' instead[m[K’
[20.969s]    32 | #pragma message ("Warning: This header is deprecated. Use 'image_transport.hpp' instead"[01;36m[K)[m[K
[20.969s]       |                                                                                         [01;36m[K^[m[K
[21.230s] In file included from [01m[K/home/ws/ugv_ws/src/ugv_else/cv_camera/include/cv_camera/capture.h:15[m[K,
[21.230s]                  from [01m[K/home/ws/ugv_ws/src/ugv_else/cv_camera/src/capture.cpp:3[m[K:
[21.231s] [01m[K/opt/ros/humble/include/camera_info_manager/camera_info_manager/camera_info_manager.h:41:93:[m[K [01;36m[Knote: [m[K‘[01m[K#pragma message: Warning: This header is deprecated. Use 'camera_info_manager.hpp' instead[m[K’
[21.231s]    41 | #pragma message ("Warning: This header is deprecated. Use 'camera_info_manager.hpp' instead"[01;36m[K)[m[K
[21.232s]       |                                                                                             [01;36m[K^[m[K
[21.248s] In file included from [01m[K/home/ws/ugv_ws/src/ugv_else/cv_camera/include/cv_camera/capture.h:15[m[K,
[21.250s]                  from [01m[K/home/ws/ugv_ws/src/ugv_else/cv_camera/include/cv_camera/driver.h:6[m[K,
[21.253s]                  from [01m[K/home/ws/ugv_ws/src/ugv_else/cv_camera/src/driver.cpp:3[m[K:
[21.255s] [01m[K/opt/ros/humble/include/camera_info_manager/camera_info_manager/camera_info_manager.h:41:93:[m[K [01;36m[Knote: [m[K‘[01m[K#pragma message: Warning: This header is deprecated. Use 'camera_info_manager.hpp' instead[m[K’
[21.257s]    41 | #pragma message ("Warning: This header is deprecated. Use 'camera_info_manager.hpp' instead"[01;36m[K)[m[K
[21.260s]       |                                                                                             [01;36m[K^[m[K
[21.393s] [01m[K/home/ws/ugv_ws/src/ugv_else/cv_camera/src/capture.cpp:[m[K In member function ‘[01m[Kbool cv_camera::Capture::capture()[m[K’:
[21.397s] [01m[K/home/ws/ugv_ws/src/ugv_else/cv_camera/src/capture.cpp:140:27:[m[K [01;35m[Kwarning: [m[Kcomparison of integer expressions of different signedness: ‘[01m[Ksensor_msgs::msg::CameraInfo_<std::allocator<void> >::_height_type[m[K’ {aka ‘[01m[Kunsigned int[m[K’} and ‘[01m[Kint[m[K’ [[01;35m[K-Wsign-compare[m[K]
[21.397s]   140 |     else if ([01;35m[Kinfo_.height != bridge_.image.rows[m[K || info_.width != bridge_.image.cols)
[21.398s]       |              [01;35m[K~~~~~~~~~~~~~^~~~~~~~~~~~~~~~~~~~~[m[K
[21.403s] [01m[K/home/ws/ugv_ws/src/ugv_else/cv_camera/src/capture.cpp:140:64:[m[K [01;35m[Kwarning: [m[Kcomparison of integer expressions of different signedness: ‘[01m[Ksensor_msgs::msg::CameraInfo_<std::allocator<void> >::_width_type[m[K’ {aka ‘[01m[Kunsigned int[m[K’} and ‘[01m[Kint[m[K’ [[01;35m[K-Wsign-compare[m[K]
[21.405s]   140 |     else if (info_.height != bridge_.image.rows || [01;35m[Kinfo_.width != bridge_.image.cols[m[K)
[21.406s]       |                                                    [01;35m[K~~~~~~~~~~~~^~~~~~~~~~~~~~~~~~~~~[m[K
[25.323s] [ 60%] [32m[1mLinking CXX static library libcv_camera.a[0m
[25.647s] [ 60%] Built target cv_camera
[25.715s] [ 80%] [32mBuilding CXX object CMakeFiles/cv_camera_node.dir/src/cv_camera_node.cpp.o[0m
[36.688s] In file included from [01m[K/home/ws/ugv_ws/src/ugv_else/cv_camera/include/cv_camera/capture.h:11[m[K,
[36.689s]                  from [01m[K/home/ws/ugv_ws/src/ugv_else/cv_camera/include/cv_camera/driver.h:6[m[K,
[36.689s]                  from [01m[K/home/ws/ugv_ws/src/ugv_else/cv_camera/src/cv_camera_node.cpp:3[m[K:
[36.689s] [01m[K/opt/ros/humble/include/image_transport/image_transport/image_transport.h:32:89:[m[K [01;36m[Knote: [m[K‘[01m[K#pragma message: Warning: This header is deprecated. Use 'image_transport.hpp' instead[m[K’
[36.690s]    32 | #pragma message ("Warning: This header is deprecated. Use 'image_transport.hpp' instead"[01;36m[K)[m[K
[36.690s]       |                                                                                         [01;36m[K^[m[K
[36.921s] In file included from [01m[K/home/ws/ugv_ws/src/ugv_else/cv_camera/include/cv_camera/capture.h:15[m[K,
[36.923s]                  from [01m[K/home/ws/ugv_ws/src/ugv_else/cv_camera/include/cv_camera/driver.h:6[m[K,
[36.923s]                  from [01m[K/home/ws/ugv_ws/src/ugv_else/cv_camera/src/cv_camera_node.cpp:3[m[K:
[36.923s] [01m[K/opt/ros/humble/include/camera_info_manager/camera_info_manager/camera_info_manager.h:41:93:[m[K [01;36m[Knote: [m[K‘[01m[K#pragma message: Warning: This header is deprecated. Use 'camera_info_manager.hpp' instead[m[K’
[36.923s]    41 | #pragma message ("Warning: This header is deprecated. Use 'camera_info_manager.hpp' instead"[01;36m[K)[m[K
[36.924s]       |                                                                                             [01;36m[K^[m[K
[40.044s] [100%] [32m[1mLinking CXX executable cv_camera_node[0m
[42.582s] [100%] Built target cv_camera_node
[42.622s] Invoked command in '/home/ws/ugv_ws/build/cv_camera' returned '0': CMAKE_PREFIX_PATH=${CMAKE_PREFIX_PATH}:/home/ws/ugv_ws/install/ugv_web_app:/home/ws/ugv_ws/install/ugv_vision:/home/ws/ugv_ws/install/ugv_tools:/home/ws/ugv_ws/install/ugv_chat_ai:/home/ws/ugv_ws/install/ugv_bringup:/home/ws/ugv_ws/install/robot_pose_publisher:/home/ws/ugv_roarm_ws/install/ugv_roarm_bringup:/home/ws/roarm_ws/install/roarm_driver:/opt/ros/humble /usr/bin/cmake --build /home/ws/ugv_ws/build/cv_camera -- -j4 -l4
[42.741s] Invoking command in '/home/ws/ugv_ws/build/cv_camera': CMAKE_PREFIX_PATH=${CMAKE_PREFIX_PATH}:/home/ws/ugv_ws/install/ugv_web_app:/home/ws/ugv_ws/install/ugv_vision:/home/ws/ugv_ws/install/ugv_tools:/home/ws/ugv_ws/install/ugv_chat_ai:/home/ws/ugv_ws/install/ugv_bringup:/home/ws/ugv_ws/install/robot_pose_publisher:/home/ws/ugv_roarm_ws/install/ugv_roarm_bringup:/home/ws/roarm_ws/install/roarm_driver:/opt/ros/humble /usr/bin/cmake --install /home/ws/ugv_ws/build/cv_camera
[42.766s] -- Install configuration: "Debug"
[42.767s] -- Execute custom install script
[42.768s] -- Symlinking: /home/ws/ugv_ws/install/cv_camera/lib/cv_camera/libcv_camera.a
[42.797s] -- Symlinking: /home/ws/ugv_ws/install/cv_camera/lib/cv_camera/cv_camera_node
[42.828s] -- Symlinking: /home/ws/ugv_ws/install/cv_camera/include//capture.h
[42.856s] -- Symlinking: /home/ws/ugv_ws/install/cv_camera/include//driver.h
[42.883s] -- Symlinking: /home/ws/ugv_ws/install/cv_camera/include//exception.h
[42.911s] -- Symlinking: /home/ws/ugv_ws/install/cv_camera/share/ament_index/resource_index/package_run_dependencies/cv_camera
[42.939s] -- Symlinking: /home/ws/ugv_ws/install/cv_camera/share/ament_index/resource_index/parent_prefix_path/cv_camera
[42.968s] -- Symlinking: /home/ws/ugv_ws/install/cv_camera/share/cv_camera/environment/ament_prefix_path.sh
[42.995s] -- Symlinking: /home/ws/ugv_ws/install/cv_camera/share/cv_camera/environment/ament_prefix_path.dsv
[43.024s] -- Symlinking: /home/ws/ugv_ws/install/cv_camera/share/cv_camera/environment/path.sh
[43.055s] -- Symlinking: /home/ws/ugv_ws/install/cv_camera/share/cv_camera/environment/path.dsv
[43.083s] -- Symlinking: /home/ws/ugv_ws/install/cv_camera/share/cv_camera/local_setup.bash
[43.110s] -- Symlinking: /home/ws/ugv_ws/install/cv_camera/share/cv_camera/local_setup.sh
[43.140s] -- Symlinking: /home/ws/ugv_ws/install/cv_camera/share/cv_camera/local_setup.zsh
[43.167s] -- Symlinking: /home/ws/ugv_ws/install/cv_camera/share/cv_camera/local_setup.dsv
[43.195s] -- Symlinking: /home/ws/ugv_ws/install/cv_camera/share/cv_camera/package.dsv
[43.225s] -- Symlinking: /home/ws/ugv_ws/install/cv_camera/share/ament_index/resource_index/packages/cv_camera
[43.254s] -- Symlinking: /home/ws/ugv_ws/install/cv_camera/share/cv_camera/cmake/cv_cameraConfig.cmake
[43.281s] -- Symlinking: /home/ws/ugv_ws/install/cv_camera/share/cv_camera/cmake/cv_cameraConfig-version.cmake
[43.312s] -- Symlinking: /home/ws/ugv_ws/install/cv_camera/share/cv_camera/package.xml
[43.345s] Invoked command in '/home/ws/ugv_ws/build/cv_camera' returned '0': CMAKE_PREFIX_PATH=${CMAKE_PREFIX_PATH}:/home/ws/ugv_ws/install/ugv_web_app:/home/ws/ugv_ws/install/ugv_vision:/home/ws/ugv_ws/install/ugv_tools:/home/ws/ugv_ws/install/ugv_chat_ai:/home/ws/ugv_ws/install/ugv_bringup:/home/ws/ugv_ws/install/robot_pose_publisher:/home/ws/ugv_roarm_ws/install/ugv_roarm_bringup:/home/ws/roarm_ws/install/roarm_driver:/opt/ros/humble /usr/bin/cmake --install /home/ws/ugv_ws/build/cv_camera
