[0.053s] Invoking command in '/home/ws/ugv_ws/build/costmap_converter_msgs': CMAKE_PREFIX_PATH=${CMAKE_PREFIX_PATH}:/home/ws/ugv_ws/install/ugv_web_app:/home/ws/ugv_ws/install/ugv_vision:/home/ws/ugv_ws/install/ugv_tools:/home/ws/ugv_ws/install/ugv_chat_ai:/home/ws/ugv_ws/install/ugv_bringup:/opt/ros/humble /usr/bin/cmake --build /home/ws/ugv_ws/build/costmap_converter_msgs -- -j4 -l4
[0.502s] [  2%] Built target costmap_converter_msgs__cpp
[0.574s] [  2%] Built target ament_cmake_python_copy_costmap_converter_msgs
[0.621s] [ 12%] Built target costmap_converter_msgs__rosidl_generator_c
[0.686s] [ 23%] Built target costmap_converter_msgs__rosidl_typesupport_cpp
[0.692s] [ 33%] Built target costmap_converter_msgs__rosidl_typesupport_fastrtps_cpp
[0.736s] [ 43%] Built target costmap_converter_msgs__rosidl_typesupport_introspection_cpp
[0.818s] [ 53%] Built target costmap_converter_msgs__rosidl_typesupport_introspection_c
[0.863s] [ 64%] Built target costmap_converter_msgs__rosidl_typesupport_fastrtps_c
[0.864s] [ 74%] Built target costmap_converter_msgs__rosidl_typesupport_c
[0.928s] [ 74%] Built target costmap_converter_msgs
[1.008s] [ 76%] Built target costmap_converter_msgs__py
[1.082s] [ 84%] Built target costmap_converter_msgs__rosidl_generator_py
[1.183s] [ 89%] Built target costmap_converter_msgs__rosidl_typesupport_fastrtps_c__pyext
[1.205s] [ 94%] Built target costmap_converter_msgs__rosidl_typesupport_introspection_c__pyext
[1.217s] [100%] Built target costmap_converter_msgs__rosidl_typesupport_c__pyext
[1.361s] running egg_info
[1.363s] writing costmap_converter_msgs.egg-info/PKG-INFO
[1.363s] writing dependency_links to costmap_converter_msgs.egg-info/dependency_links.txt
[1.363s] writing top-level names to costmap_converter_msgs.egg-info/top_level.txt
[1.370s] reading manifest file 'costmap_converter_msgs.egg-info/SOURCES.txt'
[1.372s] writing manifest file 'costmap_converter_msgs.egg-info/SOURCES.txt'
[1.461s] [100%] Built target ament_cmake_python_build_costmap_converter_msgs_egg
[1.479s] Invoked command in '/home/ws/ugv_ws/build/costmap_converter_msgs' returned '0': CMAKE_PREFIX_PATH=${CMAKE_PREFIX_PATH}:/home/ws/ugv_ws/install/ugv_web_app:/home/ws/ugv_ws/install/ugv_vision:/home/ws/ugv_ws/install/ugv_tools:/home/ws/ugv_ws/install/ugv_chat_ai:/home/ws/ugv_ws/install/ugv_bringup:/opt/ros/humble /usr/bin/cmake --build /home/ws/ugv_ws/build/costmap_converter_msgs -- -j4 -l4
[1.611s] Invoking command in '/home/ws/ugv_ws/build/costmap_converter_msgs': CMAKE_PREFIX_PATH=${CMAKE_PREFIX_PATH}:/home/ws/ugv_ws/install/ugv_web_app:/home/ws/ugv_ws/install/ugv_vision:/home/ws/ugv_ws/install/ugv_tools:/home/ws/ugv_ws/install/ugv_chat_ai:/home/ws/ugv_ws/install/ugv_bringup:/opt/ros/humble /usr/bin/cmake --install /home/ws/ugv_ws/build/costmap_converter_msgs
[1.630s] -- Install configuration: ""
[1.635s] -- Up-to-date: /home/ws/ugv_ws/install/costmap_converter_msgs/share/ament_index/resource_index/rosidl_interfaces/costmap_converter_msgs
[1.636s] -- Up-to-date: /home/ws/ugv_ws/install/costmap_converter_msgs/include/costmap_converter_msgs/costmap_converter_msgs
[1.636s] -- Up-to-date: /home/ws/ugv_ws/install/costmap_converter_msgs/include/costmap_converter_msgs/costmap_converter_msgs/msg
[1.636s] -- Up-to-date: /home/ws/ugv_ws/install/costmap_converter_msgs/include/costmap_converter_msgs/costmap_converter_msgs/msg/obstacle_array_msg.h
[1.637s] -- Up-to-date: /home/ws/ugv_ws/install/costmap_converter_msgs/include/costmap_converter_msgs/costmap_converter_msgs/msg/obstacle_msg.h
[1.637s] -- Up-to-date: /home/ws/ugv_ws/install/costmap_converter_msgs/include/costmap_converter_msgs/costmap_converter_msgs/msg/rosidl_generator_c__visibility_control.h
[1.637s] -- Up-to-date: /home/ws/ugv_ws/install/costmap_converter_msgs/include/costmap_converter_msgs/costmap_converter_msgs/msg/detail
[1.638s] -- Up-to-date: /home/ws/ugv_ws/install/costmap_converter_msgs/include/costmap_converter_msgs/costmap_converter_msgs/msg/detail/obstacle_array_msg__functions.c
[1.638s] -- Up-to-date: /home/ws/ugv_ws/install/costmap_converter_msgs/include/costmap_converter_msgs/costmap_converter_msgs/msg/detail/obstacle_msg__functions.c
[1.639s] -- Up-to-date: /home/ws/ugv_ws/install/costmap_converter_msgs/include/costmap_converter_msgs/costmap_converter_msgs/msg/detail/obstacle_msg__functions.h
[1.639s] -- Up-to-date: /home/ws/ugv_ws/install/costmap_converter_msgs/include/costmap_converter_msgs/costmap_converter_msgs/msg/detail/obstacle_array_msg__struct.h
[1.639s] -- Up-to-date: /home/ws/ugv_ws/install/costmap_converter_msgs/include/costmap_converter_msgs/costmap_converter_msgs/msg/detail/obstacle_msg__type_support.h
[1.639s] -- Up-to-date: /home/ws/ugv_ws/install/costmap_converter_msgs/include/costmap_converter_msgs/costmap_converter_msgs/msg/detail/obstacle_msg__struct.h
[1.639s] -- Up-to-date: /home/ws/ugv_ws/install/costmap_converter_msgs/include/costmap_converter_msgs/costmap_converter_msgs/msg/detail/obstacle_array_msg__type_support.h
[1.639s] -- Up-to-date: /home/ws/ugv_ws/install/costmap_converter_msgs/include/costmap_converter_msgs/costmap_converter_msgs/msg/detail/obstacle_array_msg__functions.h
[1.639s] -- Up-to-date: /home/ws/ugv_ws/install/costmap_converter_msgs/share/costmap_converter_msgs/environment/library_path.sh
[1.639s] -- Up-to-date: /home/ws/ugv_ws/install/costmap_converter_msgs/share/costmap_converter_msgs/environment/library_path.dsv
[1.640s] -- Up-to-date: /home/ws/ugv_ws/install/costmap_converter_msgs/lib/libcostmap_converter_msgs__rosidl_generator_c.so
[1.642s] -- Up-to-date: /home/ws/ugv_ws/install/costmap_converter_msgs/include/costmap_converter_msgs/costmap_converter_msgs
[1.642s] -- Up-to-date: /home/ws/ugv_ws/install/costmap_converter_msgs/include/costmap_converter_msgs/costmap_converter_msgs/msg
[1.642s] -- Up-to-date: /home/ws/ugv_ws/install/costmap_converter_msgs/include/costmap_converter_msgs/costmap_converter_msgs/msg/detail
[1.642s] -- Up-to-date: /home/ws/ugv_ws/install/costmap_converter_msgs/include/costmap_converter_msgs/costmap_converter_msgs/msg/detail/obstacle_array_msg__rosidl_typesupport_fastrtps_c.h
[1.642s] -- Up-to-date: /home/ws/ugv_ws/install/costmap_converter_msgs/include/costmap_converter_msgs/costmap_converter_msgs/msg/detail/obstacle_msg__rosidl_typesupport_fastrtps_c.h
[1.642s] -- Up-to-date: /home/ws/ugv_ws/install/costmap_converter_msgs/include/costmap_converter_msgs/costmap_converter_msgs/msg/rosidl_typesupport_fastrtps_c__visibility_control.h
[1.644s] -- Up-to-date: /home/ws/ugv_ws/install/costmap_converter_msgs/lib/libcostmap_converter_msgs__rosidl_typesupport_fastrtps_c.so
[1.644s] -- Up-to-date: /home/ws/ugv_ws/install/costmap_converter_msgs/include/costmap_converter_msgs/costmap_converter_msgs
[1.644s] -- Up-to-date: /home/ws/ugv_ws/install/costmap_converter_msgs/include/costmap_converter_msgs/costmap_converter_msgs/msg
[1.644s] -- Up-to-date: /home/ws/ugv_ws/install/costmap_converter_msgs/include/costmap_converter_msgs/costmap_converter_msgs/msg/obstacle_msg.hpp
[1.644s] -- Up-to-date: /home/ws/ugv_ws/install/costmap_converter_msgs/include/costmap_converter_msgs/costmap_converter_msgs/msg/obstacle_array_msg.hpp
[1.644s] -- Up-to-date: /home/ws/ugv_ws/install/costmap_converter_msgs/include/costmap_converter_msgs/costmap_converter_msgs/msg/detail
[1.644s] -- Up-to-date: /home/ws/ugv_ws/install/costmap_converter_msgs/include/costmap_converter_msgs/costmap_converter_msgs/msg/detail/obstacle_array_msg__struct.hpp
[1.644s] -- Up-to-date: /home/ws/ugv_ws/install/costmap_converter_msgs/include/costmap_converter_msgs/costmap_converter_msgs/msg/detail/obstacle_msg__struct.hpp
[1.645s] -- Up-to-date: /home/ws/ugv_ws/install/costmap_converter_msgs/include/costmap_converter_msgs/costmap_converter_msgs/msg/detail/obstacle_array_msg__traits.hpp
[1.645s] -- Up-to-date: /home/ws/ugv_ws/install/costmap_converter_msgs/include/costmap_converter_msgs/costmap_converter_msgs/msg/detail/obstacle_msg__builder.hpp
[1.645s] -- Up-to-date: /home/ws/ugv_ws/install/costmap_converter_msgs/include/costmap_converter_msgs/costmap_converter_msgs/msg/detail/obstacle_msg__traits.hpp
[1.645s] -- Up-to-date: /home/ws/ugv_ws/install/costmap_converter_msgs/include/costmap_converter_msgs/costmap_converter_msgs/msg/detail/obstacle_array_msg__builder.hpp
[1.645s] -- Up-to-date: /home/ws/ugv_ws/install/costmap_converter_msgs/include/costmap_converter_msgs/costmap_converter_msgs
[1.645s] -- Up-to-date: /home/ws/ugv_ws/install/costmap_converter_msgs/include/costmap_converter_msgs/costmap_converter_msgs/msg
[1.645s] -- Up-to-date: /home/ws/ugv_ws/install/costmap_converter_msgs/include/costmap_converter_msgs/costmap_converter_msgs/msg/detail
[1.645s] -- Up-to-date: /home/ws/ugv_ws/install/costmap_converter_msgs/include/costmap_converter_msgs/costmap_converter_msgs/msg/detail/dds_fastrtps
[1.645s] -- Up-to-date: /home/ws/ugv_ws/install/costmap_converter_msgs/include/costmap_converter_msgs/costmap_converter_msgs/msg/detail/obstacle_array_msg__rosidl_typesupport_fastrtps_cpp.hpp
[1.645s] -- Up-to-date: /home/ws/ugv_ws/install/costmap_converter_msgs/include/costmap_converter_msgs/costmap_converter_msgs/msg/detail/obstacle_msg__rosidl_typesupport_fastrtps_cpp.hpp
[1.645s] -- Up-to-date: /home/ws/ugv_ws/install/costmap_converter_msgs/include/costmap_converter_msgs/costmap_converter_msgs/msg/rosidl_typesupport_fastrtps_cpp__visibility_control.h
[1.652s] -- Up-to-date: /home/ws/ugv_ws/install/costmap_converter_msgs/lib/libcostmap_converter_msgs__rosidl_typesupport_fastrtps_cpp.so
[1.652s] -- Up-to-date: /home/ws/ugv_ws/install/costmap_converter_msgs/include/costmap_converter_msgs/costmap_converter_msgs
[1.653s] -- Up-to-date: /home/ws/ugv_ws/install/costmap_converter_msgs/include/costmap_converter_msgs/costmap_converter_msgs/msg
[1.653s] -- Up-to-date: /home/ws/ugv_ws/install/costmap_converter_msgs/include/costmap_converter_msgs/costmap_converter_msgs/msg/rosidl_typesupport_introspection_c__visibility_control.h
[1.653s] -- Up-to-date: /home/ws/ugv_ws/install/costmap_converter_msgs/include/costmap_converter_msgs/costmap_converter_msgs/msg/detail
[1.653s] -- Up-to-date: /home/ws/ugv_ws/install/costmap_converter_msgs/include/costmap_converter_msgs/costmap_converter_msgs/msg/detail/obstacle_msg__rosidl_typesupport_introspection_c.h
[1.653s] -- Up-to-date: /home/ws/ugv_ws/install/costmap_converter_msgs/include/costmap_converter_msgs/costmap_converter_msgs/msg/detail/obstacle_msg__type_support.c
[1.653s] -- Up-to-date: /home/ws/ugv_ws/install/costmap_converter_msgs/include/costmap_converter_msgs/costmap_converter_msgs/msg/detail/obstacle_array_msg__type_support.c
[1.653s] -- Up-to-date: /home/ws/ugv_ws/install/costmap_converter_msgs/include/costmap_converter_msgs/costmap_converter_msgs/msg/detail/obstacle_array_msg__rosidl_typesupport_introspection_c.h
[1.655s] -- Up-to-date: /home/ws/ugv_ws/install/costmap_converter_msgs/lib/libcostmap_converter_msgs__rosidl_typesupport_introspection_c.so
[1.656s] -- Up-to-date: /home/ws/ugv_ws/install/costmap_converter_msgs/lib/libcostmap_converter_msgs__rosidl_typesupport_c.so
[1.656s] -- Up-to-date: /home/ws/ugv_ws/install/costmap_converter_msgs/include/costmap_converter_msgs/costmap_converter_msgs
[1.657s] -- Up-to-date: /home/ws/ugv_ws/install/costmap_converter_msgs/include/costmap_converter_msgs/costmap_converter_msgs/msg
[1.657s] -- Up-to-date: /home/ws/ugv_ws/install/costmap_converter_msgs/include/costmap_converter_msgs/costmap_converter_msgs/msg/detail
[1.657s] -- Up-to-date: /home/ws/ugv_ws/install/costmap_converter_msgs/include/costmap_converter_msgs/costmap_converter_msgs/msg/detail/obstacle_msg__rosidl_typesupport_introspection_cpp.hpp
[1.657s] -- Up-to-date: /home/ws/ugv_ws/install/costmap_converter_msgs/include/costmap_converter_msgs/costmap_converter_msgs/msg/detail/obstacle_array_msg__type_support.cpp
[1.657s] -- Up-to-date: /home/ws/ugv_ws/install/costmap_converter_msgs/include/costmap_converter_msgs/costmap_converter_msgs/msg/detail/obstacle_array_msg__rosidl_typesupport_introspection_cpp.hpp
[1.657s] -- Up-to-date: /home/ws/ugv_ws/install/costmap_converter_msgs/include/costmap_converter_msgs/costmap_converter_msgs/msg/detail/obstacle_msg__type_support.cpp
[1.667s] -- Up-to-date: /home/ws/ugv_ws/install/costmap_converter_msgs/lib/libcostmap_converter_msgs__rosidl_typesupport_introspection_cpp.so
[1.670s] -- Up-to-date: /home/ws/ugv_ws/install/costmap_converter_msgs/lib/libcostmap_converter_msgs__rosidl_typesupport_cpp.so
[1.670s] -- Up-to-date: /home/ws/ugv_ws/install/costmap_converter_msgs/share/costmap_converter_msgs/environment/pythonpath.sh
[1.670s] -- Up-to-date: /home/ws/ugv_ws/install/costmap_converter_msgs/share/costmap_converter_msgs/environment/pythonpath.dsv
[1.670s] -- Up-to-date: /home/ws/ugv_ws/install/costmap_converter_msgs/local/lib/python3.10/dist-packages/costmap_converter_msgs-0.1.2-py3.10.egg-info
[1.671s] -- Installing: /home/ws/ugv_ws/install/costmap_converter_msgs/local/lib/python3.10/dist-packages/costmap_converter_msgs-0.1.2-py3.10.egg-info/PKG-INFO
[1.671s] -- Installing: /home/ws/ugv_ws/install/costmap_converter_msgs/local/lib/python3.10/dist-packages/costmap_converter_msgs-0.1.2-py3.10.egg-info/top_level.txt
[1.671s] -- Installing: /home/ws/ugv_ws/install/costmap_converter_msgs/local/lib/python3.10/dist-packages/costmap_converter_msgs-0.1.2-py3.10.egg-info/dependency_links.txt
[1.671s] -- Installing: /home/ws/ugv_ws/install/costmap_converter_msgs/local/lib/python3.10/dist-packages/costmap_converter_msgs-0.1.2-py3.10.egg-info/SOURCES.txt
[1.671s] -- Up-to-date: /home/ws/ugv_ws/install/costmap_converter_msgs/local/lib/python3.10/dist-packages/costmap_converter_msgs
[1.672s] -- Up-to-date: /home/ws/ugv_ws/install/costmap_converter_msgs/local/lib/python3.10/dist-packages/costmap_converter_msgs/_costmap_converter_msgs_s.ep.rosidl_typesupport_introspection_c.c
[1.672s] -- Up-to-date: /home/ws/ugv_ws/install/costmap_converter_msgs/local/lib/python3.10/dist-packages/costmap_converter_msgs/msg
[1.677s] -- Up-to-date: /home/ws/ugv_ws/install/costmap_converter_msgs/local/lib/python3.10/dist-packages/costmap_converter_msgs/msg/_obstacle_msg.py
[1.678s] -- Up-to-date: /home/ws/ugv_ws/install/costmap_converter_msgs/local/lib/python3.10/dist-packages/costmap_converter_msgs/msg/_obstacle_msg_s.c
[1.680s] -- Up-to-date: /home/ws/ugv_ws/install/costmap_converter_msgs/local/lib/python3.10/dist-packages/costmap_converter_msgs/msg/_obstacle_array_msg.py
[1.680s] -- Up-to-date: /home/ws/ugv_ws/install/costmap_converter_msgs/local/lib/python3.10/dist-packages/costmap_converter_msgs/msg/_obstacle_array_msg_s.c
[1.680s] -- Up-to-date: /home/ws/ugv_ws/install/costmap_converter_msgs/local/lib/python3.10/dist-packages/costmap_converter_msgs/msg/__init__.py
[1.681s] -- Up-to-date: /home/ws/ugv_ws/install/costmap_converter_msgs/local/lib/python3.10/dist-packages/costmap_converter_msgs/costmap_converter_msgs_s__rosidl_typesupport_fastrtps_c.cpython-310-aarch64-linux-gnu.so
[1.681s] -- Up-to-date: /home/ws/ugv_ws/install/costmap_converter_msgs/local/lib/python3.10/dist-packages/costmap_converter_msgs/_costmap_converter_msgs_s.ep.rosidl_typesupport_c.c
[1.681s] -- Up-to-date: /home/ws/ugv_ws/install/costmap_converter_msgs/local/lib/python3.10/dist-packages/costmap_converter_msgs/costmap_converter_msgs_s__rosidl_typesupport_c.cpython-310-aarch64-linux-gnu.so
[1.681s] -- Up-to-date: /home/ws/ugv_ws/install/costmap_converter_msgs/local/lib/python3.10/dist-packages/costmap_converter_msgs/libcostmap_converter_msgs__rosidl_generator_py.so
[1.681s] -- Up-to-date: /home/ws/ugv_ws/install/costmap_converter_msgs/local/lib/python3.10/dist-packages/costmap_converter_msgs/__init__.py
[1.681s] -- Up-to-date: /home/ws/ugv_ws/install/costmap_converter_msgs/local/lib/python3.10/dist-packages/costmap_converter_msgs/costmap_converter_msgs_s__rosidl_typesupport_introspection_c.cpython-310-aarch64-linux-gnu.so
[1.681s] -- Up-to-date: /home/ws/ugv_ws/install/costmap_converter_msgs/local/lib/python3.10/dist-packages/costmap_converter_msgs/_costmap_converter_msgs_s.ep.rosidl_typesupport_fastrtps_c.c
[1.764s] Listing '/home/ws/ugv_ws/install/costmap_converter_msgs/local/lib/python3.10/dist-packages/costmap_converter_msgs'...
[1.764s] Listing '/home/ws/ugv_ws/install/costmap_converter_msgs/local/lib/python3.10/dist-packages/costmap_converter_msgs/msg'...
[1.781s] -- Up-to-date: /home/ws/ugv_ws/install/costmap_converter_msgs/local/lib/python3.10/dist-packages/costmap_converter_msgs/costmap_converter_msgs_s__rosidl_typesupport_fastrtps_c.cpython-310-aarch64-linux-gnu.so
[1.784s] -- Up-to-date: /home/ws/ugv_ws/install/costmap_converter_msgs/local/lib/python3.10/dist-packages/costmap_converter_msgs/costmap_converter_msgs_s__rosidl_typesupport_introspection_c.cpython-310-aarch64-linux-gnu.so
[1.785s] -- Up-to-date: /home/ws/ugv_ws/install/costmap_converter_msgs/local/lib/python3.10/dist-packages/costmap_converter_msgs/costmap_converter_msgs_s__rosidl_typesupport_c.cpython-310-aarch64-linux-gnu.so
[1.791s] -- Up-to-date: /home/ws/ugv_ws/install/costmap_converter_msgs/lib/libcostmap_converter_msgs__rosidl_generator_py.so
[1.792s] -- Up-to-date: /home/ws/ugv_ws/install/costmap_converter_msgs/share/costmap_converter_msgs/msg/ObstacleMsg.idl
[1.792s] -- Up-to-date: /home/ws/ugv_ws/install/costmap_converter_msgs/share/costmap_converter_msgs/msg/ObstacleArrayMsg.idl
[1.792s] -- Up-to-date: /home/ws/ugv_ws/install/costmap_converter_msgs/share/costmap_converter_msgs/msg/ObstacleMsg.msg
[1.792s] -- Up-to-date: /home/ws/ugv_ws/install/costmap_converter_msgs/share/costmap_converter_msgs/msg/ObstacleArrayMsg.msg
[1.793s] -- Up-to-date: /home/ws/ugv_ws/install/costmap_converter_msgs/share/ament_index/resource_index/package_run_dependencies/costmap_converter_msgs
[1.794s] -- Up-to-date: /home/ws/ugv_ws/install/costmap_converter_msgs/share/ament_index/resource_index/parent_prefix_path/costmap_converter_msgs
[1.795s] -- Up-to-date: /home/ws/ugv_ws/install/costmap_converter_msgs/share/costmap_converter_msgs/environment/ament_prefix_path.sh
[1.795s] -- Up-to-date: /home/ws/ugv_ws/install/costmap_converter_msgs/share/costmap_converter_msgs/environment/ament_prefix_path.dsv
[1.795s] -- Up-to-date: /home/ws/ugv_ws/install/costmap_converter_msgs/share/costmap_converter_msgs/environment/path.sh
[1.795s] -- Up-to-date: /home/ws/ugv_ws/install/costmap_converter_msgs/share/costmap_converter_msgs/environment/path.dsv
[1.795s] -- Up-to-date: /home/ws/ugv_ws/install/costmap_converter_msgs/share/costmap_converter_msgs/local_setup.bash
[1.795s] -- Up-to-date: /home/ws/ugv_ws/install/costmap_converter_msgs/share/costmap_converter_msgs/local_setup.sh
[1.795s] -- Up-to-date: /home/ws/ugv_ws/install/costmap_converter_msgs/share/costmap_converter_msgs/local_setup.zsh
[1.796s] -- Up-to-date: /home/ws/ugv_ws/install/costmap_converter_msgs/share/costmap_converter_msgs/local_setup.dsv
[1.796s] -- Installing: /home/ws/ugv_ws/install/costmap_converter_msgs/share/costmap_converter_msgs/package.dsv
[1.799s] -- Up-to-date: /home/ws/ugv_ws/install/costmap_converter_msgs/share/ament_index/resource_index/packages/costmap_converter_msgs
[1.802s] -- Up-to-date: /home/ws/ugv_ws/install/costmap_converter_msgs/share/costmap_converter_msgs/cmake/export_costmap_converter_msgs__rosidl_generator_cExport.cmake
[1.802s] -- Up-to-date: /home/ws/ugv_ws/install/costmap_converter_msgs/share/costmap_converter_msgs/cmake/export_costmap_converter_msgs__rosidl_generator_cExport-noconfig.cmake
[1.803s] -- Up-to-date: /home/ws/ugv_ws/install/costmap_converter_msgs/share/costmap_converter_msgs/cmake/export_costmap_converter_msgs__rosidl_typesupport_fastrtps_cExport.cmake
[1.803s] -- Up-to-date: /home/ws/ugv_ws/install/costmap_converter_msgs/share/costmap_converter_msgs/cmake/export_costmap_converter_msgs__rosidl_typesupport_fastrtps_cExport-noconfig.cmake
[1.805s] -- Up-to-date: /home/ws/ugv_ws/install/costmap_converter_msgs/share/costmap_converter_msgs/cmake/export_costmap_converter_msgs__rosidl_generator_cppExport.cmake
[1.807s] -- Up-to-date: /home/ws/ugv_ws/install/costmap_converter_msgs/share/costmap_converter_msgs/cmake/export_costmap_converter_msgs__rosidl_typesupport_fastrtps_cppExport.cmake
[1.807s] -- Up-to-date: /home/ws/ugv_ws/install/costmap_converter_msgs/share/costmap_converter_msgs/cmake/export_costmap_converter_msgs__rosidl_typesupport_fastrtps_cppExport-noconfig.cmake
[1.809s] -- Up-to-date: /home/ws/ugv_ws/install/costmap_converter_msgs/share/costmap_converter_msgs/cmake/costmap_converter_msgs__rosidl_typesupport_introspection_cExport.cmake
[1.809s] -- Up-to-date: /home/ws/ugv_ws/install/costmap_converter_msgs/share/costmap_converter_msgs/cmake/costmap_converter_msgs__rosidl_typesupport_introspection_cExport-noconfig.cmake
[1.811s] -- Up-to-date: /home/ws/ugv_ws/install/costmap_converter_msgs/share/costmap_converter_msgs/cmake/costmap_converter_msgs__rosidl_typesupport_cExport.cmake
[1.811s] -- Up-to-date: /home/ws/ugv_ws/install/costmap_converter_msgs/share/costmap_converter_msgs/cmake/costmap_converter_msgs__rosidl_typesupport_cExport-noconfig.cmake
[1.812s] -- Up-to-date: /home/ws/ugv_ws/install/costmap_converter_msgs/share/costmap_converter_msgs/cmake/costmap_converter_msgs__rosidl_typesupport_introspection_cppExport.cmake
[1.812s] -- Up-to-date: /home/ws/ugv_ws/install/costmap_converter_msgs/share/costmap_converter_msgs/cmake/costmap_converter_msgs__rosidl_typesupport_introspection_cppExport-noconfig.cmake
[1.815s] -- Up-to-date: /home/ws/ugv_ws/install/costmap_converter_msgs/share/costmap_converter_msgs/cmake/costmap_converter_msgs__rosidl_typesupport_cppExport.cmake
[1.815s] -- Up-to-date: /home/ws/ugv_ws/install/costmap_converter_msgs/share/costmap_converter_msgs/cmake/costmap_converter_msgs__rosidl_typesupport_cppExport-noconfig.cmake
[1.817s] -- Up-to-date: /home/ws/ugv_ws/install/costmap_converter_msgs/share/costmap_converter_msgs/cmake/export_costmap_converter_msgs__rosidl_generator_pyExport.cmake
[1.818s] -- Up-to-date: /home/ws/ugv_ws/install/costmap_converter_msgs/share/costmap_converter_msgs/cmake/export_costmap_converter_msgs__rosidl_generator_pyExport-noconfig.cmake
[1.819s] -- Up-to-date: /home/ws/ugv_ws/install/costmap_converter_msgs/share/costmap_converter_msgs/cmake/rosidl_cmake-extras.cmake
[1.819s] -- Up-to-date: /home/ws/ugv_ws/install/costmap_converter_msgs/share/costmap_converter_msgs/cmake/ament_cmake_export_dependencies-extras.cmake
[1.819s] -- Up-to-date: /home/ws/ugv_ws/install/costmap_converter_msgs/share/costmap_converter_msgs/cmake/ament_cmake_export_include_directories-extras.cmake
[1.819s] -- Up-to-date: /home/ws/ugv_ws/install/costmap_converter_msgs/share/costmap_converter_msgs/cmake/ament_cmake_export_libraries-extras.cmake
[1.819s] -- Up-to-date: /home/ws/ugv_ws/install/costmap_converter_msgs/share/costmap_converter_msgs/cmake/ament_cmake_export_targets-extras.cmake
[1.819s] -- Up-to-date: /home/ws/ugv_ws/install/costmap_converter_msgs/share/costmap_converter_msgs/cmake/rosidl_cmake_export_typesupport_targets-extras.cmake
[1.819s] -- Up-to-date: /home/ws/ugv_ws/install/costmap_converter_msgs/share/costmap_converter_msgs/cmake/rosidl_cmake_export_typesupport_libraries-extras.cmake
[1.820s] -- Up-to-date: /home/ws/ugv_ws/install/costmap_converter_msgs/share/costmap_converter_msgs/cmake/costmap_converter_msgsConfig.cmake
[1.820s] -- Up-to-date: /home/ws/ugv_ws/install/costmap_converter_msgs/share/costmap_converter_msgs/cmake/costmap_converter_msgsConfig-version.cmake
[1.820s] -- Up-to-date: /home/ws/ugv_ws/install/costmap_converter_msgs/share/costmap_converter_msgs/package.xml
[1.823s] Invoked command in '/home/ws/ugv_ws/build/costmap_converter_msgs' returned '0': CMAKE_PREFIX_PATH=${CMAKE_PREFIX_PATH}:/home/ws/ugv_ws/install/ugv_web_app:/home/ws/ugv_ws/install/ugv_vision:/home/ws/ugv_ws/install/ugv_tools:/home/ws/ugv_ws/install/ugv_chat_ai:/home/ws/ugv_ws/install/ugv_bringup:/opt/ros/humble /usr/bin/cmake --install /home/ws/ugv_ws/build/costmap_converter_msgs
