[0.047s] Invoking command in '/home/ws/ugv_ws/build/apriltag_msgs': CMAKE_PREFIX_PATH=${CMAKE_PREFIX_PATH}:/home/ws/ugv_ws/install/ugv_web_app:/home/ws/ugv_ws/install/ugv_vision:/home/ws/ugv_ws/install/ugv_tools:/home/ws/ugv_ws/install/ugv_chat_ai:/home/ws/ugv_ws/install/ugv_bringup:/opt/ros/humble /usr/bin/cmake --build /home/ws/ugv_ws/build/apriltag_msgs -- -j4 -l4
[0.196s] [  2%] Built target apriltag_msgs__cpp
[0.221s] [ 12%] Built target apriltag_msgs__rosidl_generator_c
[0.270s] [ 12%] Built target ament_cmake_python_copy_apriltag_msgs
[0.333s] [ 23%] Built target apriltag_msgs__rosidl_typesupport_introspection_cpp
[0.355s] [ 33%] Built target apriltag_msgs__rosidl_typesupport_fastrtps_cpp
[0.358s] [ 43%] Built target apriltag_msgs__rosidl_typesupport_cpp
[0.389s] [ 53%] Built target apriltag_msgs__rosidl_typesupport_fastrtps_c
[0.433s] [ 64%] Built target apriltag_msgs__rosidl_typesupport_introspection_c
[0.445s] [ 74%] Built target apriltag_msgs__rosidl_typesupport_c
[0.520s] [ 74%] Built target apriltag_msgs
[0.572s] [ 76%] Built target apriltag_msgs__py
[0.650s] [ 84%] Built target apriltag_msgs__rosidl_generator_py
[0.724s] [ 89%] Built target apriltag_msgs__rosidl_typesupport_c__pyext
[0.739s] [ 94%] Built target apriltag_msgs__rosidl_typesupport_introspection_c__pyext
[0.751s] [100%] Built target apriltag_msgs__rosidl_typesupport_fastrtps_c__pyext
[0.994s] running egg_info
[0.995s] writing apriltag_msgs.egg-info/PKG-INFO
[0.996s] writing dependency_links to apriltag_msgs.egg-info/dependency_links.txt
[0.996s] writing top-level names to apriltag_msgs.egg-info/top_level.txt
[1.000s] reading manifest file 'apriltag_msgs.egg-info/SOURCES.txt'
[1.001s] writing manifest file 'apriltag_msgs.egg-info/SOURCES.txt'
[1.109s] [100%] Built target ament_cmake_python_build_apriltag_msgs_egg
[1.131s] Invoked command in '/home/ws/ugv_ws/build/apriltag_msgs' returned '0': CMAKE_PREFIX_PATH=${CMAKE_PREFIX_PATH}:/home/ws/ugv_ws/install/ugv_web_app:/home/ws/ugv_ws/install/ugv_vision:/home/ws/ugv_ws/install/ugv_tools:/home/ws/ugv_ws/install/ugv_chat_ai:/home/ws/ugv_ws/install/ugv_bringup:/opt/ros/humble /usr/bin/cmake --build /home/ws/ugv_ws/build/apriltag_msgs -- -j4 -l4
[1.266s] Invoking command in '/home/ws/ugv_ws/build/apriltag_msgs': CMAKE_PREFIX_PATH=${CMAKE_PREFIX_PATH}:/home/ws/ugv_ws/install/ugv_web_app:/home/ws/ugv_ws/install/ugv_vision:/home/ws/ugv_ws/install/ugv_tools:/home/ws/ugv_ws/install/ugv_chat_ai:/home/ws/ugv_ws/install/ugv_bringup:/opt/ros/humble /usr/bin/cmake --install /home/ws/ugv_ws/build/apriltag_msgs
[1.274s] -- Install configuration: ""
[1.274s] -- Up-to-date: /home/ws/ugv_ws/install/apriltag_msgs/share/ament_index/resource_index/rosidl_interfaces/apriltag_msgs
[1.274s] -- Up-to-date: /home/ws/ugv_ws/install/apriltag_msgs/include/apriltag_msgs/apriltag_msgs
[1.274s] -- Up-to-date: /home/ws/ugv_ws/install/apriltag_msgs/include/apriltag_msgs/apriltag_msgs/msg
[1.274s] -- Up-to-date: /home/ws/ugv_ws/install/apriltag_msgs/include/apriltag_msgs/apriltag_msgs/msg/april_tag_detection_array.h
[1.274s] -- Up-to-date: /home/ws/ugv_ws/install/apriltag_msgs/include/apriltag_msgs/apriltag_msgs/msg/april_tag_detection.h
[1.274s] -- Up-to-date: /home/ws/ugv_ws/install/apriltag_msgs/include/apriltag_msgs/apriltag_msgs/msg/rosidl_generator_c__visibility_control.h
[1.274s] -- Up-to-date: /home/ws/ugv_ws/install/apriltag_msgs/include/apriltag_msgs/apriltag_msgs/msg/detail
[1.275s] -- Up-to-date: /home/ws/ugv_ws/install/apriltag_msgs/include/apriltag_msgs/apriltag_msgs/msg/detail/april_tag_detection_array__type_support.h
[1.275s] -- Up-to-date: /home/ws/ugv_ws/install/apriltag_msgs/include/apriltag_msgs/apriltag_msgs/msg/detail/april_tag_detection_array__functions.c
[1.275s] -- Up-to-date: /home/ws/ugv_ws/install/apriltag_msgs/include/apriltag_msgs/apriltag_msgs/msg/detail/april_tag_detection_array__struct.h
[1.275s] -- Up-to-date: /home/ws/ugv_ws/install/apriltag_msgs/include/apriltag_msgs/apriltag_msgs/msg/detail/april_tag_detection__functions.h
[1.275s] -- Up-to-date: /home/ws/ugv_ws/install/apriltag_msgs/include/apriltag_msgs/apriltag_msgs/msg/detail/april_tag_detection__functions.c
[1.275s] -- Up-to-date: /home/ws/ugv_ws/install/apriltag_msgs/include/apriltag_msgs/apriltag_msgs/msg/detail/april_tag_detection__type_support.h
[1.275s] -- Up-to-date: /home/ws/ugv_ws/install/apriltag_msgs/include/apriltag_msgs/apriltag_msgs/msg/detail/april_tag_detection__struct.h
[1.275s] -- Up-to-date: /home/ws/ugv_ws/install/apriltag_msgs/include/apriltag_msgs/apriltag_msgs/msg/detail/april_tag_detection_array__functions.h
[1.275s] -- Up-to-date: /home/ws/ugv_ws/install/apriltag_msgs/share/apriltag_msgs/environment/library_path.sh
[1.275s] -- Up-to-date: /home/ws/ugv_ws/install/apriltag_msgs/share/apriltag_msgs/environment/library_path.dsv
[1.275s] -- Up-to-date: /home/ws/ugv_ws/install/apriltag_msgs/lib/libapriltag_msgs__rosidl_generator_c.so
[1.275s] -- Up-to-date: /home/ws/ugv_ws/install/apriltag_msgs/include/apriltag_msgs/apriltag_msgs
[1.276s] -- Up-to-date: /home/ws/ugv_ws/install/apriltag_msgs/include/apriltag_msgs/apriltag_msgs/msg
[1.276s] -- Up-to-date: /home/ws/ugv_ws/install/apriltag_msgs/include/apriltag_msgs/apriltag_msgs/msg/detail
[1.276s] -- Up-to-date: /home/ws/ugv_ws/install/apriltag_msgs/include/apriltag_msgs/apriltag_msgs/msg/detail/april_tag_detection_array__rosidl_typesupport_fastrtps_c.h
[1.276s] -- Up-to-date: /home/ws/ugv_ws/install/apriltag_msgs/include/apriltag_msgs/apriltag_msgs/msg/detail/april_tag_detection__rosidl_typesupport_fastrtps_c.h
[1.276s] -- Up-to-date: /home/ws/ugv_ws/install/apriltag_msgs/include/apriltag_msgs/apriltag_msgs/msg/rosidl_typesupport_fastrtps_c__visibility_control.h
[1.276s] -- Up-to-date: /home/ws/ugv_ws/install/apriltag_msgs/lib/libapriltag_msgs__rosidl_typesupport_fastrtps_c.so
[1.276s] -- Up-to-date: /home/ws/ugv_ws/install/apriltag_msgs/include/apriltag_msgs/apriltag_msgs
[1.276s] -- Up-to-date: /home/ws/ugv_ws/install/apriltag_msgs/include/apriltag_msgs/apriltag_msgs/msg
[1.276s] -- Up-to-date: /home/ws/ugv_ws/install/apriltag_msgs/include/apriltag_msgs/apriltag_msgs/msg/april_tag_detection_array.hpp
[1.277s] -- Up-to-date: /home/ws/ugv_ws/install/apriltag_msgs/include/apriltag_msgs/apriltag_msgs/msg/detail
[1.277s] -- Up-to-date: /home/ws/ugv_ws/install/apriltag_msgs/include/apriltag_msgs/apriltag_msgs/msg/detail/april_tag_detection__builder.hpp
[1.277s] -- Up-to-date: /home/ws/ugv_ws/install/apriltag_msgs/include/apriltag_msgs/apriltag_msgs/msg/detail/april_tag_detection__traits.hpp
[1.277s] -- Up-to-date: /home/ws/ugv_ws/install/apriltag_msgs/include/apriltag_msgs/apriltag_msgs/msg/detail/april_tag_detection_array__builder.hpp
[1.277s] -- Up-to-date: /home/ws/ugv_ws/install/apriltag_msgs/include/apriltag_msgs/apriltag_msgs/msg/detail/april_tag_detection__struct.hpp
[1.277s] -- Up-to-date: /home/ws/ugv_ws/install/apriltag_msgs/include/apriltag_msgs/apriltag_msgs/msg/detail/april_tag_detection_array__struct.hpp
[1.277s] -- Up-to-date: /home/ws/ugv_ws/install/apriltag_msgs/include/apriltag_msgs/apriltag_msgs/msg/detail/april_tag_detection_array__traits.hpp
[1.277s] -- Up-to-date: /home/ws/ugv_ws/install/apriltag_msgs/include/apriltag_msgs/apriltag_msgs/msg/april_tag_detection.hpp
[1.277s] -- Up-to-date: /home/ws/ugv_ws/install/apriltag_msgs/include/apriltag_msgs/apriltag_msgs
[1.277s] -- Up-to-date: /home/ws/ugv_ws/install/apriltag_msgs/include/apriltag_msgs/apriltag_msgs/msg
[1.277s] -- Up-to-date: /home/ws/ugv_ws/install/apriltag_msgs/include/apriltag_msgs/apriltag_msgs/msg/detail
[1.278s] -- Up-to-date: /home/ws/ugv_ws/install/apriltag_msgs/include/apriltag_msgs/apriltag_msgs/msg/detail/april_tag_detection_array__rosidl_typesupport_fastrtps_cpp.hpp
[1.278s] -- Up-to-date: /home/ws/ugv_ws/install/apriltag_msgs/include/apriltag_msgs/apriltag_msgs/msg/detail/april_tag_detection__rosidl_typesupport_fastrtps_cpp.hpp
[1.278s] -- Up-to-date: /home/ws/ugv_ws/install/apriltag_msgs/include/apriltag_msgs/apriltag_msgs/msg/detail/dds_fastrtps
[1.278s] -- Up-to-date: /home/ws/ugv_ws/install/apriltag_msgs/include/apriltag_msgs/apriltag_msgs/msg/rosidl_typesupport_fastrtps_cpp__visibility_control.h
[1.278s] -- Up-to-date: /home/ws/ugv_ws/install/apriltag_msgs/lib/libapriltag_msgs__rosidl_typesupport_fastrtps_cpp.so
[1.278s] -- Up-to-date: /home/ws/ugv_ws/install/apriltag_msgs/include/apriltag_msgs/apriltag_msgs
[1.278s] -- Up-to-date: /home/ws/ugv_ws/install/apriltag_msgs/include/apriltag_msgs/apriltag_msgs/msg
[1.278s] -- Up-to-date: /home/ws/ugv_ws/install/apriltag_msgs/include/apriltag_msgs/apriltag_msgs/msg/rosidl_typesupport_introspection_c__visibility_control.h
[1.278s] -- Up-to-date: /home/ws/ugv_ws/install/apriltag_msgs/include/apriltag_msgs/apriltag_msgs/msg/detail
[1.278s] -- Up-to-date: /home/ws/ugv_ws/install/apriltag_msgs/include/apriltag_msgs/apriltag_msgs/msg/detail/april_tag_detection_array__type_support.c
[1.278s] -- Up-to-date: /home/ws/ugv_ws/install/apriltag_msgs/include/apriltag_msgs/apriltag_msgs/msg/detail/april_tag_detection__type_support.c
[1.279s] -- Up-to-date: /home/ws/ugv_ws/install/apriltag_msgs/include/apriltag_msgs/apriltag_msgs/msg/detail/april_tag_detection__rosidl_typesupport_introspection_c.h
[1.279s] -- Up-to-date: /home/ws/ugv_ws/install/apriltag_msgs/include/apriltag_msgs/apriltag_msgs/msg/detail/april_tag_detection_array__rosidl_typesupport_introspection_c.h
[1.279s] -- Up-to-date: /home/ws/ugv_ws/install/apriltag_msgs/lib/libapriltag_msgs__rosidl_typesupport_introspection_c.so
[1.279s] -- Up-to-date: /home/ws/ugv_ws/install/apriltag_msgs/lib/libapriltag_msgs__rosidl_typesupport_c.so
[1.279s] -- Up-to-date: /home/ws/ugv_ws/install/apriltag_msgs/include/apriltag_msgs/apriltag_msgs
[1.279s] -- Up-to-date: /home/ws/ugv_ws/install/apriltag_msgs/include/apriltag_msgs/apriltag_msgs/msg
[1.279s] -- Up-to-date: /home/ws/ugv_ws/install/apriltag_msgs/include/apriltag_msgs/apriltag_msgs/msg/detail
[1.279s] -- Up-to-date: /home/ws/ugv_ws/install/apriltag_msgs/include/apriltag_msgs/apriltag_msgs/msg/detail/april_tag_detection__type_support.cpp
[1.279s] -- Up-to-date: /home/ws/ugv_ws/install/apriltag_msgs/include/apriltag_msgs/apriltag_msgs/msg/detail/april_tag_detection_array__type_support.cpp
[1.279s] -- Up-to-date: /home/ws/ugv_ws/install/apriltag_msgs/include/apriltag_msgs/apriltag_msgs/msg/detail/april_tag_detection_array__rosidl_typesupport_introspection_cpp.hpp
[1.279s] -- Up-to-date: /home/ws/ugv_ws/install/apriltag_msgs/include/apriltag_msgs/apriltag_msgs/msg/detail/april_tag_detection__rosidl_typesupport_introspection_cpp.hpp
[1.279s] -- Up-to-date: /home/ws/ugv_ws/install/apriltag_msgs/lib/libapriltag_msgs__rosidl_typesupport_introspection_cpp.so
[1.280s] -- Up-to-date: /home/ws/ugv_ws/install/apriltag_msgs/lib/libapriltag_msgs__rosidl_typesupport_cpp.so
[1.280s] -- Up-to-date: /home/ws/ugv_ws/install/apriltag_msgs/share/apriltag_msgs/environment/pythonpath.sh
[1.280s] -- Up-to-date: /home/ws/ugv_ws/install/apriltag_msgs/share/apriltag_msgs/environment/pythonpath.dsv
[1.280s] -- Up-to-date: /home/ws/ugv_ws/install/apriltag_msgs/local/lib/python3.10/dist-packages/apriltag_msgs-0.0.0-py3.10.egg-info
[1.280s] -- Installing: /home/ws/ugv_ws/install/apriltag_msgs/local/lib/python3.10/dist-packages/apriltag_msgs-0.0.0-py3.10.egg-info/PKG-INFO
[1.280s] -- Installing: /home/ws/ugv_ws/install/apriltag_msgs/local/lib/python3.10/dist-packages/apriltag_msgs-0.0.0-py3.10.egg-info/top_level.txt
[1.280s] -- Installing: /home/ws/ugv_ws/install/apriltag_msgs/local/lib/python3.10/dist-packages/apriltag_msgs-0.0.0-py3.10.egg-info/dependency_links.txt
[1.280s] -- Installing: /home/ws/ugv_ws/install/apriltag_msgs/local/lib/python3.10/dist-packages/apriltag_msgs-0.0.0-py3.10.egg-info/SOURCES.txt
[1.280s] -- Up-to-date: /home/ws/ugv_ws/install/apriltag_msgs/local/lib/python3.10/dist-packages/apriltag_msgs
[1.280s] -- Up-to-date: /home/ws/ugv_ws/install/apriltag_msgs/local/lib/python3.10/dist-packages/apriltag_msgs/apriltag_msgs_s__rosidl_typesupport_c.cpython-310-aarch64-linux-gnu.so
[1.280s] -- Up-to-date: /home/ws/ugv_ws/install/apriltag_msgs/local/lib/python3.10/dist-packages/apriltag_msgs/msg
[1.280s] -- Up-to-date: /home/ws/ugv_ws/install/apriltag_msgs/local/lib/python3.10/dist-packages/apriltag_msgs/msg/_april_tag_detection_array_s.c
[1.280s] -- Up-to-date: /home/ws/ugv_ws/install/apriltag_msgs/local/lib/python3.10/dist-packages/apriltag_msgs/msg/_april_tag_detection_array.py
[1.280s] -- Up-to-date: /home/ws/ugv_ws/install/apriltag_msgs/local/lib/python3.10/dist-packages/apriltag_msgs/msg/_april_tag_detection.py
[1.280s] -- Up-to-date: /home/ws/ugv_ws/install/apriltag_msgs/local/lib/python3.10/dist-packages/apriltag_msgs/msg/_april_tag_detection_s.c
[1.281s] -- Up-to-date: /home/ws/ugv_ws/install/apriltag_msgs/local/lib/python3.10/dist-packages/apriltag_msgs/msg/__init__.py
[1.281s] -- Up-to-date: /home/ws/ugv_ws/install/apriltag_msgs/local/lib/python3.10/dist-packages/apriltag_msgs/_apriltag_msgs_s.ep.rosidl_typesupport_introspection_c.c
[1.281s] -- Up-to-date: /home/ws/ugv_ws/install/apriltag_msgs/local/lib/python3.10/dist-packages/apriltag_msgs/_apriltag_msgs_s.ep.rosidl_typesupport_fastrtps_c.c
[1.281s] -- Up-to-date: /home/ws/ugv_ws/install/apriltag_msgs/local/lib/python3.10/dist-packages/apriltag_msgs/apriltag_msgs_s__rosidl_typesupport_introspection_c.cpython-310-aarch64-linux-gnu.so
[1.281s] -- Up-to-date: /home/ws/ugv_ws/install/apriltag_msgs/local/lib/python3.10/dist-packages/apriltag_msgs/_apriltag_msgs_s.ep.rosidl_typesupport_c.c
[1.281s] -- Up-to-date: /home/ws/ugv_ws/install/apriltag_msgs/local/lib/python3.10/dist-packages/apriltag_msgs/apriltag_msgs_s__rosidl_typesupport_fastrtps_c.cpython-310-aarch64-linux-gnu.so
[1.281s] -- Up-to-date: /home/ws/ugv_ws/install/apriltag_msgs/local/lib/python3.10/dist-packages/apriltag_msgs/libapriltag_msgs__rosidl_generator_py.so
[1.282s] -- Up-to-date: /home/ws/ugv_ws/install/apriltag_msgs/local/lib/python3.10/dist-packages/apriltag_msgs/__init__.py
[1.350s] Listing '/home/ws/ugv_ws/install/apriltag_msgs/local/lib/python3.10/dist-packages/apriltag_msgs'...
[1.350s] Listing '/home/ws/ugv_ws/install/apriltag_msgs/local/lib/python3.10/dist-packages/apriltag_msgs/msg'...
[1.365s] -- Up-to-date: /home/ws/ugv_ws/install/apriltag_msgs/local/lib/python3.10/dist-packages/apriltag_msgs/apriltag_msgs_s__rosidl_typesupport_fastrtps_c.cpython-310-aarch64-linux-gnu.so
[1.365s] -- Up-to-date: /home/ws/ugv_ws/install/apriltag_msgs/local/lib/python3.10/dist-packages/apriltag_msgs/apriltag_msgs_s__rosidl_typesupport_introspection_c.cpython-310-aarch64-linux-gnu.so
[1.365s] -- Up-to-date: /home/ws/ugv_ws/install/apriltag_msgs/local/lib/python3.10/dist-packages/apriltag_msgs/apriltag_msgs_s__rosidl_typesupport_c.cpython-310-aarch64-linux-gnu.so
[1.365s] -- Up-to-date: /home/ws/ugv_ws/install/apriltag_msgs/lib/libapriltag_msgs__rosidl_generator_py.so
[1.365s] -- Up-to-date: /home/ws/ugv_ws/install/apriltag_msgs/share/apriltag_msgs/msg/AprilTagDetectionArray.idl
[1.365s] -- Up-to-date: /home/ws/ugv_ws/install/apriltag_msgs/share/apriltag_msgs/msg/AprilTagDetection.idl
[1.365s] -- Up-to-date: /home/ws/ugv_ws/install/apriltag_msgs/share/apriltag_msgs/msg/AprilTagDetectionArray.msg
[1.365s] -- Up-to-date: /home/ws/ugv_ws/install/apriltag_msgs/share/apriltag_msgs/msg/AprilTagDetection.msg
[1.365s] -- Up-to-date: /home/ws/ugv_ws/install/apriltag_msgs/share/ament_index/resource_index/package_run_dependencies/apriltag_msgs
[1.365s] -- Up-to-date: /home/ws/ugv_ws/install/apriltag_msgs/share/ament_index/resource_index/parent_prefix_path/apriltag_msgs
[1.365s] -- Up-to-date: /home/ws/ugv_ws/install/apriltag_msgs/share/apriltag_msgs/environment/ament_prefix_path.sh
[1.365s] -- Up-to-date: /home/ws/ugv_ws/install/apriltag_msgs/share/apriltag_msgs/environment/ament_prefix_path.dsv
[1.366s] -- Up-to-date: /home/ws/ugv_ws/install/apriltag_msgs/share/apriltag_msgs/environment/path.sh
[1.366s] -- Up-to-date: /home/ws/ugv_ws/install/apriltag_msgs/share/apriltag_msgs/environment/path.dsv
[1.366s] -- Up-to-date: /home/ws/ugv_ws/install/apriltag_msgs/share/apriltag_msgs/local_setup.bash
[1.366s] -- Up-to-date: /home/ws/ugv_ws/install/apriltag_msgs/share/apriltag_msgs/local_setup.sh
[1.366s] -- Up-to-date: /home/ws/ugv_ws/install/apriltag_msgs/share/apriltag_msgs/local_setup.zsh
[1.366s] -- Up-to-date: /home/ws/ugv_ws/install/apriltag_msgs/share/apriltag_msgs/local_setup.dsv
[1.366s] -- Installing: /home/ws/ugv_ws/install/apriltag_msgs/share/apriltag_msgs/package.dsv
[1.366s] -- Up-to-date: /home/ws/ugv_ws/install/apriltag_msgs/share/ament_index/resource_index/packages/apriltag_msgs
[1.367s] -- Up-to-date: /home/ws/ugv_ws/install/apriltag_msgs/share/apriltag_msgs/cmake/export_apriltag_msgs__rosidl_generator_cExport.cmake
[1.367s] -- Up-to-date: /home/ws/ugv_ws/install/apriltag_msgs/share/apriltag_msgs/cmake/export_apriltag_msgs__rosidl_generator_cExport-noconfig.cmake
[1.367s] -- Up-to-date: /home/ws/ugv_ws/install/apriltag_msgs/share/apriltag_msgs/cmake/export_apriltag_msgs__rosidl_typesupport_fastrtps_cExport.cmake
[1.367s] -- Up-to-date: /home/ws/ugv_ws/install/apriltag_msgs/share/apriltag_msgs/cmake/export_apriltag_msgs__rosidl_typesupport_fastrtps_cExport-noconfig.cmake
[1.367s] -- Up-to-date: /home/ws/ugv_ws/install/apriltag_msgs/share/apriltag_msgs/cmake/export_apriltag_msgs__rosidl_generator_cppExport.cmake
[1.367s] -- Up-to-date: /home/ws/ugv_ws/install/apriltag_msgs/share/apriltag_msgs/cmake/export_apriltag_msgs__rosidl_typesupport_fastrtps_cppExport.cmake
[1.367s] -- Up-to-date: /home/ws/ugv_ws/install/apriltag_msgs/share/apriltag_msgs/cmake/export_apriltag_msgs__rosidl_typesupport_fastrtps_cppExport-noconfig.cmake
[1.367s] -- Up-to-date: /home/ws/ugv_ws/install/apriltag_msgs/share/apriltag_msgs/cmake/apriltag_msgs__rosidl_typesupport_introspection_cExport.cmake
[1.367s] -- Up-to-date: /home/ws/ugv_ws/install/apriltag_msgs/share/apriltag_msgs/cmake/apriltag_msgs__rosidl_typesupport_introspection_cExport-noconfig.cmake
[1.367s] -- Up-to-date: /home/ws/ugv_ws/install/apriltag_msgs/share/apriltag_msgs/cmake/apriltag_msgs__rosidl_typesupport_cExport.cmake
[1.367s] -- Up-to-date: /home/ws/ugv_ws/install/apriltag_msgs/share/apriltag_msgs/cmake/apriltag_msgs__rosidl_typesupport_cExport-noconfig.cmake
[1.367s] -- Up-to-date: /home/ws/ugv_ws/install/apriltag_msgs/share/apriltag_msgs/cmake/apriltag_msgs__rosidl_typesupport_introspection_cppExport.cmake
[1.367s] -- Up-to-date: /home/ws/ugv_ws/install/apriltag_msgs/share/apriltag_msgs/cmake/apriltag_msgs__rosidl_typesupport_introspection_cppExport-noconfig.cmake
[1.367s] -- Up-to-date: /home/ws/ugv_ws/install/apriltag_msgs/share/apriltag_msgs/cmake/apriltag_msgs__rosidl_typesupport_cppExport.cmake
[1.368s] -- Up-to-date: /home/ws/ugv_ws/install/apriltag_msgs/share/apriltag_msgs/cmake/apriltag_msgs__rosidl_typesupport_cppExport-noconfig.cmake
[1.368s] -- Up-to-date: /home/ws/ugv_ws/install/apriltag_msgs/share/apriltag_msgs/cmake/export_apriltag_msgs__rosidl_generator_pyExport.cmake
[1.368s] -- Up-to-date: /home/ws/ugv_ws/install/apriltag_msgs/share/apriltag_msgs/cmake/export_apriltag_msgs__rosidl_generator_pyExport-noconfig.cmake
[1.368s] -- Up-to-date: /home/ws/ugv_ws/install/apriltag_msgs/share/apriltag_msgs/cmake/rosidl_cmake-extras.cmake
[1.368s] -- Up-to-date: /home/ws/ugv_ws/install/apriltag_msgs/share/apriltag_msgs/cmake/ament_cmake_export_dependencies-extras.cmake
[1.368s] -- Up-to-date: /home/ws/ugv_ws/install/apriltag_msgs/share/apriltag_msgs/cmake/ament_cmake_export_include_directories-extras.cmake
[1.368s] -- Up-to-date: /home/ws/ugv_ws/install/apriltag_msgs/share/apriltag_msgs/cmake/ament_cmake_export_libraries-extras.cmake
[1.368s] -- Up-to-date: /home/ws/ugv_ws/install/apriltag_msgs/share/apriltag_msgs/cmake/ament_cmake_export_targets-extras.cmake
[1.368s] -- Up-to-date: /home/ws/ugv_ws/install/apriltag_msgs/share/apriltag_msgs/cmake/rosidl_cmake_export_typesupport_targets-extras.cmake
[1.368s] -- Up-to-date: /home/ws/ugv_ws/install/apriltag_msgs/share/apriltag_msgs/cmake/rosidl_cmake_export_typesupport_libraries-extras.cmake
[1.369s] -- Up-to-date: /home/ws/ugv_ws/install/apriltag_msgs/share/apriltag_msgs/cmake/apriltag_msgsConfig.cmake
[1.369s] -- Up-to-date: /home/ws/ugv_ws/install/apriltag_msgs/share/apriltag_msgs/cmake/apriltag_msgsConfig-version.cmake
[1.369s] -- Up-to-date: /home/ws/ugv_ws/install/apriltag_msgs/share/apriltag_msgs/package.xml
[1.470s] Invoked command in '/home/ws/ugv_ws/build/apriltag_msgs' returned '0': CMAKE_PREFIX_PATH=${CMAKE_PREFIX_PATH}:/home/ws/ugv_ws/install/ugv_web_app:/home/ws/ugv_ws/install/ugv_vision:/home/ws/ugv_ws/install/ugv_tools:/home/ws/ugv_ws/install/ugv_chat_ai:/home/ws/ugv_ws/install/ugv_bringup:/opt/ros/humble /usr/bin/cmake --install /home/ws/ugv_ws/build/apriltag_msgs
