-- *********************************************************
-- *                                                       *
-- *  On the first run, a lot of stuff will be downloaded  *
-- *  This may take a while...                             *
-- *                                                       *
-- *********************************************************
-- Fetching depot_tools from Chromium
-- Fetching WebRTC source code
Running depot tools as root is sad.
Running depot tools as root is sad.

________ running 'git -c core.deltaBaseCacheLimit=2g clone --no-checkout --progress https://webrtc.googlesource.com/src.git /home/ws/ugv_ws/src/ugv_else/webrtc_ros/webrtc/build/webrtc/_gclient_src_dov2mm7t' in '/home/ws/ugv_ws/src/ugv_else/webrtc_ros/webrtc/build/webrtc'
Cloning into '/home/ws/ugv_ws/src/ugv_else/webrtc_ros/webrtc/build/webrtc/_gclient_src_dov2mm7t'...
remote: Sending approximately 430.20 MiB ...Counting objects: 1           
remote: Finding sources:   1% (1/69)           
remote: Finding sources:   3% (2/69)           
remote: Finding sources:   4% (3/69)           
remote: Finding sources:   6% (4/69)           
remote: Finding sources:   7% (5/69)           
remote: Finding sources:   9% (6/69)           
remote: Finding sources:  10% (7/69)           
remote: Finding sources:  12% (8/69)           
remote: Finding sources:  13% (9/69)           
remote: Finding sources:  14% (10/69)           
remote: Finding sources:  16% (11/69)           
remote: Finding sources:  17% (12/69)           
remote: Finding sources:  19% (13/69)           
remote: Finding sources:  20% (14/69)           
remote: Finding sources:  22% (15/69)           
remote: Finding sources:  23% (16/69)           
remote: Finding sources:  25% (17/69)           
remote: Finding sources:  26% (18/69)           
remote: Finding sources:  28% (19/69)           
remote: Finding sources:  29% (20/69)           
remote: Finding sources:  30% (21/69)           
remote: Finding sources:  32% (22/69)           
remote: Finding sources:  33% (23/69)           
remote: Finding sources:  35% (24/69)           
remote: Finding sources:  36% (25/69)           
remote: Finding sources:  38% (26/69)           
remote: Finding sources:  39% (27/69)           
remote: Finding sources:  41% (28/69)           
remote: Finding sources:  42% (29/69)           
remote: Finding sources:  43% (30/69)           
remote: Finding sources:  45% (31/69)           
remote: Finding sources:  46% (32/69)           
remote: Finding sources:  48% (33/69)           
remote: Finding sources:  49% (34/69)           
remote: Finding sources:  51% (35/69)           
remote: Finding sources:  52% (36/69)           
remote: Finding sources:  54% (37/69)           
remote: Finding sources:  55% (38/69)           
remote: Finding sources:  57% (39/69)           
remote: Finding sources:  58% (40/69)           
remote: Finding sources:  59% (41/69)           
remote: Finding sources:  61% (42/69)           
remote: Finding sources:  62% (43/69)           
remote: Finding sources:  64% (44/69)           
remote: Finding sources:  65% (45/69)           
remote: Finding sources:  67% (46/69)           
remote: Finding sources:  68% (47/69)           
remote: Finding sources:  70% (48/69)           
remote: Finding sources:  71% (49/69)           
remote: Finding sources:  72% (50/69)           
remote: Finding sources:  74% (51/69)           
remote: Finding sources:  75% (52/69)           
remote: Finding sources:  77% (53/69)           
remote: Finding sources:  78% (54/69)           
remote: Finding sources:  80% (55/69)           
remote: Finding sources:  81% (56/69)           
remote: Finding sources:  83% (57/69)           
remote: Finding sources:  84% (58/69)           
remote: Finding sources:  86% (59/69)           
remote: Finding sources:  87% (60/69)           
remote: Finding sources:  88% (61/69)           
remote: Finding sources:  90% (62/69)           
remote: Finding sources:  91% (63/69)           
remote: Finding sources:  93% (64/69)           
remote: Finding sources:  94% (65/69)           
remote: Finding sources:  96% (66/69)           
remote: Finding sources:  97% (67/69)           
remote: Finding sources:  99% (68/69)           
remote: Finding sources: 100% (69/69)           
remote: Finding sources: 100% (69/69)        
Receiving objects:   0% (1/489035)
Receiving objects:   1% (4891/489035)
Receiving objects:   2% (9781/489035), 3.51 MiB | 7.00 MiB/s
Receiving objects:   2% (14190/489035), 3.51 MiB | 7.00 MiB/s
Receiving objects:   3% (14672/489035), 3.51 MiB | 7.00 MiB/s
Receiving objects:   4% (19562/489035), 9.82 MiB | 9.82 MiB/s
Receiving objects:   5% (24452/489035), 9.82 MiB | 9.82 MiB/s
Receiving objects:   6% (29343/489035), 9.82 MiB | 9.82 MiB/s
Receiving objects:   7% (34233/489035), 16.13 MiB | 10.75 MiB/s
Receiving objects:   8% (39123/489035), 16.13 MiB | 10.75 MiB/s
Receiving objects:   8% (42205/489035), 16.13 MiB | 10.75 MiB/s
Receiving objects:   9% (44014/489035), 16.13 MiB | 10.75 MiB/s
Receiving objects:  10% (48904/489035), 22.42 MiB | 11.21 MiB/s
Receiving objects:  11% (53794/489035), 22.42 MiB | 11.21 MiB/s
Receiving objects:  12% (58685/489035), 22.42 MiB | 11.21 MiB/s
Receiving objects:  13% (63575/489035), 29.55 MiB | 11.82 MiB/s
Receiving objects:  14% (68465/489035), 29.55 MiB | 11.82 MiB/s
Receiving objects:  14% (68475/489035), 29.55 MiB | 11.82 MiB/s
Receiving objects:  15% (73356/489035), 35.70 MiB | 11.90 MiB/s
Receiving objects:  16% (78246/489035), 35.70 MiB | 11.90 MiB/s
Receiving objects:  17% (83136/489035), 41.68 MiB | 11.90 MiB/s
Receiving objects:  18% (88027/489035), 41.68 MiB | 11.90 MiB/s
Receiving objects:  18% (89558/489035), 41.68 MiB | 11.90 MiB/s
Receiving objects:  19% (92917/489035), 41.68 MiB | 11.90 MiB/s
Receiving objects:  20% (97807/489035), 47.93 MiB | 11.98 MiB/s
Receiving objects:  21% (102698/489035), 47.93 MiB | 11.98 MiB/s
Receiving objects:  22% (107588/489035), 54.14 MiB | 12.03 MiB/s
Receiving objects:  23% (112479/489035), 54.14 MiB | 12.03 MiB/s
Receiving objects:  23% (113841/489035), 54.14 MiB | 12.03 MiB/s
Receiving objects:  24% (117369/489035), 54.14 MiB | 12.03 MiB/s
Receiving objects:  25% (122259/489035), 60.29 MiB | 12.62 MiB/s
Receiving objects:  26% (127150/489035), 60.29 MiB | 12.62 MiB/s
Receiving objects:  27% (132040/489035), 66.22 MiB | 12.53 MiB/s
Receiving objects:  28% (136930/489035), 66.22 MiB | 12.53 MiB/s
Receiving objects:  29% (141821/489035), 66.22 MiB | 12.53 MiB/s
Receiving objects:  29% (142564/489035), 66.22 MiB | 12.53 MiB/s
Receiving objects:  30% (146711/489035), 66.22 MiB | 12.53 MiB/s
Receiving objects:  31% (151601/489035), 72.61 MiB | 12.55 MiB/s
Receiving objects:  32% (156492/489035), 72.61 MiB | 12.55 MiB/s
Receiving objects:  33% (161382/489035), 72.61 MiB | 12.55 MiB/s
Receiving objects:  34% (166272/489035), 72.61 MiB | 12.55 MiB/s
Receiving objects:  35% (171163/489035), 72.61 MiB | 12.55 MiB/s
Receiving objects:  36% (176053/489035), 72.61 MiB | 12.55 MiB/s
Receiving objects:  37% (180943/489035), 72.61 MiB | 12.55 MiB/s
Receiving objects:  38% (185834/489035), 72.61 MiB | 12.55 MiB/s
Receiving objects:  39% (190724/489035), 72.61 MiB | 12.55 MiB/s
Receiving objects:  40% (195614/489035), 72.61 MiB | 12.55 MiB/s
Receiving objects:  41% (200505/489035), 72.61 MiB | 12.55 MiB/s
Receiving objects:  42% (205395/489035), 72.61 MiB | 12.55 MiB/s
Receiving objects:  43% (210286/489035), 72.61 MiB | 12.55 MiB/s
Receiving objects:  44% (215176/489035), 72.61 MiB | 12.55 MiB/s
Receiving objects:  45% (220066/489035), 78.67 MiB | 12.50 MiB/s
Receiving objects:  46% (224957/489035), 78.67 MiB | 12.50 MiB/s
Receiving objects:  47% (229847/489035), 78.67 MiB | 12.50 MiB/s
Receiving objects:  48% (234737/489035), 78.67 MiB | 12.50 MiB/s
Receiving objects:  49% (239628/489035), 78.67 MiB | 12.50 MiB/s
Receiving objects:  50% (244518/489035), 78.67 MiB | 12.50 MiB/s
Receiving objects:  51% (249408/489035), 78.67 MiB | 12.50 MiB/s
Receiving objects:  52% (254299/489035), 78.67 MiB | 12.50 MiB/s
Receiving objects:  53% (259189/489035), 78.67 MiB | 12.50 MiB/s
Receiving objects:  53% (259291/489035), 78.67 MiB | 12.50 MiB/s
Receiving objects:  53% (260449/489035), 90.83 MiB | 12.25 MiB/s
Receiving objects:  54% (264079/489035), 103.48 MiB | 12.33 MiB/s
Receiving objects:  54% (265242/489035), 103.48 MiB | 12.33 MiB/s
Receiving objects:  55% (268970/489035), 115.34 MiB | 12.22 MiB/s
Receiving objects:  55% (269922/489035), 115.34 MiB | 12.22 MiB/s
Receiving objects:  56% (273860/489035), 121.34 MiB | 12.23 MiB/s
Receiving objects:  57% (278750/489035), 127.44 MiB | 12.17 MiB/s
Receiving objects:  57% (279846/489035), 127.44 MiB | 12.17 MiB/s
Receiving objects:  58% (283641/489035), 133.54 MiB | 12.18 MiB/s
Receiving objects:  58% (286990/489035), 139.93 MiB | 12.31 MiB/s
Receiving objects:  59% (288531/489035), 146.43 MiB | 12.34 MiB/s
Receiving objects:  60% (293421/489035), 146.43 MiB | 12.34 MiB/s
Receiving objects:  60% (296010/489035), 153.01 MiB | 12.35 MiB/s
Receiving objects:  61% (298312/489035), 158.95 MiB | 12.32 MiB/s
Receiving objects:  61% (302200/489035), 165.30 MiB | 12.42 MiB/s
Receiving objects:  62% (303202/489035), 171.69 MiB | 12.52 MiB/s
Receiving objects:  62% (307557/489035), 177.58 MiB | 12.50 MiB/s
Receiving objects:  63% (308093/489035), 177.58 MiB | 12.50 MiB/s
Receiving objects:  64% (312983/489035), 189.83 MiB | 12.51 MiB/s
Receiving objects:  64% (314218/489035), 189.83 MiB | 12.51 MiB/s
Receiving objects:  65% (317873/489035), 195.92 MiB | 12.44 MiB/s
Receiving objects:  65% (320649/489035), 201.66 MiB | 12.27 MiB/s
Receiving objects:  66% (322764/489035), 207.96 MiB | 12.21 MiB/s
Receiving objects:  66% (326700/489035), 217.21 MiB | 10.17 MiB/s
Receiving objects:  67% (327654/489035), 217.21 MiB | 10.17 MiB/s
Receiving objects:  67% (328044/489035), 217.21 MiB | 10.17 MiB/s
Receiving objects:  68% (332544/489035), 223.37 MiB | 10.13 MiB/s
Receiving objects:  68% (333993/489035), 229.62 MiB | 10.20 MiB/s
Receiving objects:  69% (337435/489035), 235.48 MiB | 10.17 MiB/s
Receiving objects:  69% (339648/489035), 241.20 MiB | 10.07 MiB/s
Receiving objects:  70% (342325/489035), 246.06 MiB | 9.83 MiB/s 
Receiving objects:  70% (344875/489035), 250.94 MiB | 9.66 MiB/s
Receiving objects:  71% (347215/489035), 257.17 MiB | 9.64 MiB/s
Receiving objects:  71% (352069/489035), 262.96 MiB | 9.68 MiB/s
Receiving objects:  72% (352106/489035), 262.96 MiB | 9.68 MiB/s
Receiving objects:  73% (356996/489035), 268.84 MiB | 11.47 MiB/s
Receiving objects:  73% (359278/489035), 274.42 MiB | 11.34 MiB/s
Receiving objects:  74% (361886/489035), 280.66 MiB | 11.34 MiB/s
Receiving objects:  74% (366739/489035), 286.66 MiB | 11.37 MiB/s
Receiving objects:  75% (366777/489035), 286.66 MiB | 11.37 MiB/s
Receiving objects:  76% (371667/489035), 292.46 MiB | 11.39 MiB/s
Receiving objects:  76% (373441/489035), 297.64 MiB | 11.18 MiB/s
Receiving objects:  76% (374314/489035), 315.53 MiB | 11.31 MiB/s
Receiving objects:  76% (376372/489035), 321.45 MiB | 11.32 MiB/s
Receiving objects:  77% (376557/489035), 321.45 MiB | 11.32 MiB/s
Receiving objects:  77% (381380/489035), 339.04 MiB | 11.27 MiB/s
Receiving objects:  78% (381448/489035), 339.04 MiB | 11.27 MiB/s
Receiving objects:  78% (384940/489035), 344.32 MiB | 11.16 MiB/s
Receiving objects:  79% (386338/489035), 344.32 MiB | 11.16 MiB/s
Receiving objects:  80% (391228/489035), 350.82 MiB | 11.72 MiB/s
Receiving objects:  80% (393363/489035), 356.63 MiB | 11.58 MiB/s
Receiving objects:  81% (396119/489035), 356.63 MiB | 11.58 MiB/s
Receiving objects:  82% (401009/489035), 363.08 MiB | 11.57 MiB/s
Receiving objects:  83% (405900/489035), 363.08 MiB | 11.57 MiB/s
Receiving objects:  84% (410790/489035), 363.08 MiB | 11.57 MiB/s
Receiving objects:  85% (415680/489035), 363.08 MiB | 11.57 MiB/s
Receiving objects:  86% (420571/489035), 368.92 MiB | 11.86 MiB/s
Receiving objects:  86% (422118/489035), 368.92 MiB | 11.86 MiB/s
Receiving objects:  87% (425461/489035), 368.92 MiB | 11.86 MiB/s
Receiving objects:  88% (430351/489035), 368.92 MiB | 11.86 MiB/s
Receiving objects:  89% (435242/489035), 375.01 MiB | 11.89 MiB/s
Receiving objects:  90% (440132/489035), 375.01 MiB | 11.89 MiB/s
Receiving objects:  90% (440988/489035), 381.07 MiB | 11.92 MiB/s
Receiving objects:  91% (445022/489035), 381.07 MiB | 11.92 MiB/s
Receiving objects:  92% (449913/489035), 381.07 MiB | 11.92 MiB/s
Receiving objects:  93% (454803/489035), 381.07 MiB | 11.92 MiB/s
Receiving objects:  94% (459693/489035), 387.30 MiB | 12.04 MiB/s
Receiving objects:  95% (464584/489035), 387.30 MiB | 12.04 MiB/s
Receiving objects:  96% (469474/489035), 387.30 MiB | 12.04 MiB/s
Receiving objects:  97% (474364/489035), 387.30 MiB | 12.04 MiB/s
Receiving objects:  98% (479255/489035), 387.30 MiB | 12.04 MiB/s
Receiving objects:  98% (481293/489035), 393.69 MiB | 12.14 MiB/s
Receiving objects:  98% (481319/489035), 404.95 MiB | 12.02 MiB/s
Receiving objects:  98% (481319/489035), 410.31 MiB | 6.80 MiB/s 
Receiving objects:  98% (481319/489035), 410.33 MiB | 5.51 MiB/s
Receiving objects:  99% (484145/489035), 414.70 MiB | 5.34 MiB/s
Receiving objects:  99% (484257/489035), 414.70 MiB | 5.34 MiB/s
Receiving objects:  99% (488950/489035), 422.06 MiB | 4.77 MiB/s
remote: Total 489035 (delta 353999), reused 488992 (delta 353999)        
Receiving objects: 100% (489035/489035), 428.70 MiB | 4.07 MiB/s
Receiving objects: 100% (489035/489035), 430.02 MiB | 10.04 MiB/s, done.
Resolving deltas:   0% (0/353999)
Resolving deltas:   1% (3540/353999)
Resolving deltas:   2% (7080/353999)
Resolving deltas:   3% (10620/353999)
Resolving deltas:   4% (14160/353999)
Resolving deltas:   5% (17700/353999)
Resolving deltas:   6% (21240/353999)
Resolving deltas:   7% (24780/353999)
Resolving deltas:   8% (28320/353999)
Resolving deltas:   9% (31860/353999)
Resolving deltas:  10% (35400/353999)
Resolving deltas:  11% (38940/353999)
Resolving deltas:  12% (42480/353999)
Resolving deltas:  13% (46020/353999)
Resolving deltas:  13% (47319/353999)
Resolving deltas:  14% (49560/353999)
Resolving deltas:  15% (53100/353999)
Resolving deltas:  16% (56640/353999)
Resolving deltas:  17% (60180/353999)
Resolving deltas:  18% (63720/353999)
Resolving deltas:  19% (67260/353999)
Resolving deltas:  20% (70800/353999)
Resolving deltas:  21% (74340/353999)
Resolving deltas:  22% (77880/353999)
Resolving deltas:  23% (81420/353999)
Resolving deltas:  24% (84960/353999)
Resolving deltas:  25% (88500/353999)
Resolving deltas:  26% (92040/353999)
Resolving deltas:  27% (95580/353999)
Resolving deltas:  28% (99120/353999)
Resolving deltas:  29% (102660/353999)
Resolving deltas:  30% (106200/353999)
Resolving deltas:  31% (109740/353999)
Resolving deltas:  32% (113280/353999)
Resolving deltas:  32% (116291/353999)
Resolving deltas:  33% (116820/353999)
Resolving deltas:  34% (120360/353999)
Resolving deltas:  35% (123900/353999)
Resolving deltas:  36% (127440/353999)
Resolving deltas:  37% (130980/353999)
Resolving deltas:  38% (134520/353999)
Resolving deltas:  39% (138060/353999)
Resolving deltas:  40% (141600/353999)
Resolving deltas:  41% (145140/353999)
Resolving deltas:  42% (148680/353999)
Resolving deltas:  43% (152220/353999)
Resolving deltas:  44% (155760/353999)
Resolving deltas:  45% (159300/353999)
Resolving deltas:  46% (162840/353999)
Resolving deltas:  47% (166380/353999)
Resolving deltas:  48% (169920/353999)
Resolving deltas:  49% (173460/353999)
Resolving deltas:  49% (175628/353999)
Resolving deltas:  50% (177000/353999)
Resolving deltas:  51% (180540/353999)
Resolving deltas:  52% (184080/353999)
Resolving deltas:  53% (187620/353999)
Resolving deltas:  54% (191160/353999)
Resolving deltas:  54% (191625/353999)
Resolving deltas:  55% (194700/353999)
Resolving deltas:  56% (198240/353999)
Resolving deltas:  57% (201780/353999)
Resolving deltas:  57% (204957/353999)
Resolving deltas:  58% (205320/353999)
Resolving deltas:  59% (208860/353999)
Resolving deltas:  60% (212400/353999)
Resolving deltas:  60% (213114/353999)
Resolving deltas:  61% (215940/353999)
Resolving deltas:  62% (219480/353999)
Resolving deltas:  63% (223020/353999)
Resolving deltas:  63% (224681/353999)
Resolving deltas:  64% (226560/353999)
Resolving deltas:  65% (230100/353999)
Resolving deltas:  66% (233640/353999)
Resolving deltas:  66% (234488/353999)
Resolving deltas:  67% (237180/353999)
Resolving deltas:  68% (240720/353999)
Resolving deltas:  68% (242941/353999)
Resolving deltas:  69% (244260/353999)
Resolving deltas:  70% (247800/353999)
Resolving deltas:  71% (251340/353999)
Resolving deltas:  71% (253667/353999)
Resolving deltas:  72% (254880/353999)
Resolving deltas:  73% (258420/353999)
Resolving deltas:  74% (261960/353999)
Resolving deltas:  74% (264512/353999)
Resolving deltas:  75% (265500/353999)
Resolving deltas:  76% (269040/353999)
Resolving deltas:  77% (272580/353999)
Resolving deltas:  78% (276120/353999)
Resolving deltas:  78% (276650/353999)
Resolving deltas:  79% (279660/353999)
Resolving deltas:  80% (283200/353999)
Resolving deltas:  81% (286740/353999)
Resolving deltas:  82% (290280/353999)
Resolving deltas:  82% (293012/353999)
Resolving deltas:  83% (293820/353999)
Resolving deltas:  84% (297360/353999)
Resolving deltas:  85% (300900/353999)
Resolving deltas:  86% (304440/353999)
Resolving deltas:  86% (306015/353999)
