[1.091s] Invoking command in '/home/ws/ugv_ws/build/ugv_bringup': PYTHONPATH=/home/ws/ugv_ws/build/ugv_bringup/prefix_override:/usr/lib/python3/dist-packages/colcon_core/task/python/colcon_distutils_commands:/home/ws/ugv_ws/install/ugv_bringup/lib/python3.10/site-packages:${PYTHONPATH} /usr/bin/python3 -W ignore:setup.py install is deprecated setup.py develop --editable --build-directory /home/ws/ugv_ws/build/ugv_bringup/build --no-deps symlink_data
[1.440s] running develop
[1.441s] /usr/lib/python3/dist-packages/setuptools/command/easy_install.py:158: EasyInstallDeprecationWarning: easy_install command is deprecated. Use build and pip and other standards-based tools.
[1.441s]   warnings.warn(
[1.643s] running egg_info
[1.644s] creating ugv_bringup.egg-info
[1.644s] writing ugv_bringup.egg-info/PKG-INFO
[1.644s] writing dependency_links to ugv_bringup.egg-info/dependency_links.txt
[1.644s] writing entry points to ugv_bringup.egg-info/entry_points.txt
[1.644s] writing requirements to ugv_bringup.egg-info/requires.txt
[1.644s] writing top-level names to ugv_bringup.egg-info/top_level.txt
[1.644s] writing manifest file 'ugv_bringup.egg-info/SOURCES.txt'
[1.647s] reading manifest file 'ugv_bringup.egg-info/SOURCES.txt'
[1.647s] writing manifest file 'ugv_bringup.egg-info/SOURCES.txt'
[1.650s] running build_ext
[1.650s] Creating /home/ws/ugv_ws/install/ugv_bringup/lib/python3.10/site-packages/ugv-bringup.egg-link (link to .)
[1.651s] Installing ugv_bringup script to /home/ws/ugv_ws/install/ugv_bringup/lib/ugv_bringup
[1.651s] 
[1.651s] Installed /home/ws/ugv_ws/build/ugv_bringup
[1.652s] running symlink_data
[1.652s] creating /home/ws/ugv_ws/install/ugv_bringup/share/ament_index
[1.652s] creating /home/ws/ugv_ws/install/ugv_bringup/share/ament_index/resource_index
[1.652s] creating /home/ws/ugv_ws/install/ugv_bringup/share/ament_index/resource_index/packages
[1.652s] symbolically linking /home/ws/ugv_ws/build/ugv_bringup/resource/ugv_bringup -> /home/ws/ugv_ws/install/ugv_bringup/share/ament_index/resource_index/packages
[1.653s] symbolically linking /home/ws/ugv_ws/build/ugv_bringup/package.xml -> /home/ws/ugv_ws/install/ugv_bringup/share/ugv_bringup
[1.654s] creating /home/ws/ugv_ws/install/ugv_bringup/share/ugv_bringup/launch
[1.654s] symbolically linking /home/ws/ugv_ws/build/ugv_bringup/launch/bringup_lidar.launch.py -> /home/ws/ugv_ws/install/ugv_bringup/share/ugv_bringup/launch
[1.654s] symbolically linking /home/ws/ugv_ws/build/ugv_bringup/launch/bringup_imu_ekf.launch.py -> /home/ws/ugv_ws/install/ugv_bringup/share/ugv_bringup/launch
[1.654s] symbolically linking /home/ws/ugv_ws/build/ugv_bringup/launch/bringup_imu_origin.launch.py -> /home/ws/ugv_ws/install/ugv_bringup/share/ugv_bringup/launch
[1.654s] creating /home/ws/ugv_ws/install/ugv_bringup/share/ugv_bringup/rviz
[1.654s] symbolically linking /home/ws/ugv_ws/build/ugv_bringup/rviz/view_bringup.rviz -> /home/ws/ugv_ws/install/ugv_bringup/share/ugv_bringup/rviz
[1.654s] creating /home/ws/ugv_ws/install/ugv_bringup/share/ugv_bringup/param
[1.654s] symbolically linking /home/ws/ugv_ws/build/ugv_bringup/config/ekf.yaml -> /home/ws/ugv_ws/install/ugv_bringup/share/ugv_bringup/param
[1.654s] symbolically linking /home/ws/ugv_ws/build/ugv_bringup/config/imu_filter.yaml -> /home/ws/ugv_ws/install/ugv_bringup/share/ugv_bringup/param
[1.654s] symbolically linking /home/ws/ugv_ws/build/ugv_bringup/config/imu_complementary_filter.yaml -> /home/ws/ugv_ws/install/ugv_bringup/share/ugv_bringup/param
[1.720s] Invoked command in '/home/ws/ugv_ws/build/ugv_bringup' returned '0': PYTHONPATH=/home/ws/ugv_ws/build/ugv_bringup/prefix_override:/usr/lib/python3/dist-packages/colcon_core/task/python/colcon_distutils_commands:/home/ws/ugv_ws/install/ugv_bringup/lib/python3.10/site-packages:${PYTHONPATH} /usr/bin/python3 -W ignore:setup.py install is deprecated setup.py develop --editable --build-directory /home/ws/ugv_ws/build/ugv_bringup/build --no-deps symlink_data
