[0.051s] Invoking command in '/home/ws/ugv_ws/build/apriltag': CMAKE_PREFIX_PATH=${CMAKE_PREFIX_PATH}:/home/ws/ugv_ws/install/ugv_web_app:/home/ws/ugv_ws/install/ugv_vision:/home/ws/ugv_ws/install/ugv_tools:/home/ws/ugv_ws/install/ugv_chat_ai:/home/ws/ugv_ws/install/ugv_bringup:/opt/ros/humble /usr/bin/cmake --build /home/ws/ugv_ws/build/apriltag -- -j4 -l4
[0.141s] [  2%] [34m[1mGenerating apriltag_py_type_docstring.h, apriltag_py_type_docstring.cxx[0m
[0.141s] [  4%] [34m[1mGenerating apriltag_detect_docstring.h, apriltag_detect_docstring.cxx[0m
[0.194s] [ 85%] Built target apriltag
[0.245s] [ 85%] Built target apriltag_py_docstrings
[0.296s] [ 90%] Built target apriltag_demo
[0.302s] [35m[1mConsolidate compiler generated dependencies of target apriltag.cpython-310-aarch64-linux-gnu[0m
[0.381s] [ 92%] [32mBuilding C object CMakeFiles/apriltag.cpython-310-aarch64-linux-gnu.dir/apriltag_pywrap.c.o[0m
[0.382s] [ 97%] Built target opencv_demo
[1.431s] [100%] [32m[1mLinking C shared module apriltag.cpython-310-aarch64-linux-gnu.so[0m
[1.515s] [100%] Built target apriltag.cpython-310-aarch64-linux-gnu
[1.536s] Invoked command in '/home/ws/ugv_ws/build/apriltag' returned '0': CMAKE_PREFIX_PATH=${CMAKE_PREFIX_PATH}:/home/ws/ugv_ws/install/ugv_web_app:/home/ws/ugv_ws/install/ugv_vision:/home/ws/ugv_ws/install/ugv_tools:/home/ws/ugv_ws/install/ugv_chat_ai:/home/ws/ugv_ws/install/ugv_bringup:/opt/ros/humble /usr/bin/cmake --build /home/ws/ugv_ws/build/apriltag -- -j4 -l4
[1.690s] Invoking command in '/home/ws/ugv_ws/build/apriltag': CMAKE_PREFIX_PATH=${CMAKE_PREFIX_PATH}:/home/ws/ugv_ws/install/ugv_web_app:/home/ws/ugv_ws/install/ugv_vision:/home/ws/ugv_ws/install/ugv_tools:/home/ws/ugv_ws/install/ugv_chat_ai:/home/ws/ugv_ws/install/ugv_bringup:/opt/ros/humble /usr/bin/cmake --install /home/ws/ugv_ws/build/apriltag
[1.701s] -- Install configuration: "Release"
[1.701s] -- Up-to-date: /home/ws/ugv_ws/install/apriltag/include/apriltag/apriltag.h
[1.703s] -- Up-to-date: /home/ws/ugv_ws/install/apriltag/include/apriltag/apriltag_math.h
[1.703s] -- Up-to-date: /home/ws/ugv_ws/install/apriltag/include/apriltag/apriltag_pose.h
[1.703s] -- Up-to-date: /home/ws/ugv_ws/install/apriltag/include/apriltag/common/debug_print.h
[1.703s] -- Up-to-date: /home/ws/ugv_ws/install/apriltag/include/apriltag/common/doubles.h
[1.703s] -- Up-to-date: /home/ws/ugv_ws/install/apriltag/include/apriltag/common/doubles_floats_impl.h
[1.703s] -- Up-to-date: /home/ws/ugv_ws/install/apriltag/include/apriltag/common/floats.h
[1.703s] -- Up-to-date: /home/ws/ugv_ws/install/apriltag/include/apriltag/common/g2d.h
[1.703s] -- Up-to-date: /home/ws/ugv_ws/install/apriltag/include/apriltag/common/getopt.h
[1.703s] -- Up-to-date: /home/ws/ugv_ws/install/apriltag/include/apriltag/common/homography.h
[1.703s] -- Up-to-date: /home/ws/ugv_ws/install/apriltag/include/apriltag/common/image_types.h
[1.703s] -- Up-to-date: /home/ws/ugv_ws/install/apriltag/include/apriltag/common/image_u8.h
[1.703s] -- Up-to-date: /home/ws/ugv_ws/install/apriltag/include/apriltag/common/image_u8x3.h
[1.703s] -- Up-to-date: /home/ws/ugv_ws/install/apriltag/include/apriltag/common/image_u8x4.h
[1.703s] -- Up-to-date: /home/ws/ugv_ws/install/apriltag/include/apriltag/common/matd.h
[1.704s] -- Up-to-date: /home/ws/ugv_ws/install/apriltag/include/apriltag/common/math_util.h
[1.704s] -- Up-to-date: /home/ws/ugv_ws/install/apriltag/include/apriltag/common/pam.h
[1.704s] -- Up-to-date: /home/ws/ugv_ws/install/apriltag/include/apriltag/common/pjpeg.h
[1.704s] -- Up-to-date: /home/ws/ugv_ws/install/apriltag/include/apriltag/common/pnm.h
[1.704s] -- Up-to-date: /home/ws/ugv_ws/install/apriltag/include/apriltag/common/postscript_utils.h
[1.704s] -- Up-to-date: /home/ws/ugv_ws/install/apriltag/include/apriltag/common/pthreads_cross.h
[1.704s] -- Up-to-date: /home/ws/ugv_ws/install/apriltag/include/apriltag/common/string_util.h
[1.704s] -- Up-to-date: /home/ws/ugv_ws/install/apriltag/include/apriltag/common/svd22.h
[1.704s] -- Up-to-date: /home/ws/ugv_ws/install/apriltag/include/apriltag/common/time_util.h
[1.704s] -- Up-to-date: /home/ws/ugv_ws/install/apriltag/include/apriltag/common/timeprofile.h
[1.704s] -- Up-to-date: /home/ws/ugv_ws/install/apriltag/include/apriltag/common/unionfind.h
[1.705s] -- Up-to-date: /home/ws/ugv_ws/install/apriltag/include/apriltag/common/workerpool.h
[1.705s] -- Up-to-date: /home/ws/ugv_ws/install/apriltag/include/apriltag/common/zarray.h
[1.706s] -- Up-to-date: /home/ws/ugv_ws/install/apriltag/include/apriltag/common/zhash.h
[1.706s] -- Up-to-date: /home/ws/ugv_ws/install/apriltag/include/apriltag/common/zmaxheap.h
[1.706s] -- Up-to-date: /home/ws/ugv_ws/install/apriltag/include/apriltag/tag16h5.h
[1.706s] -- Up-to-date: /home/ws/ugv_ws/install/apriltag/include/apriltag/tag25h9.h
[1.706s] -- Up-to-date: /home/ws/ugv_ws/install/apriltag/include/apriltag/tag36h10.h
[1.706s] -- Up-to-date: /home/ws/ugv_ws/install/apriltag/include/apriltag/tag36h11.h
[1.706s] -- Up-to-date: /home/ws/ugv_ws/install/apriltag/include/apriltag/tagCircle21h7.h
[1.706s] -- Up-to-date: /home/ws/ugv_ws/install/apriltag/include/apriltag/tagCircle49h12.h
[1.706s] -- Up-to-date: /home/ws/ugv_ws/install/apriltag/include/apriltag/tagCustom48h12.h
[1.706s] -- Up-to-date: /home/ws/ugv_ws/install/apriltag/include/apriltag/tagStandard41h12.h
[1.707s] -- Up-to-date: /home/ws/ugv_ws/install/apriltag/include/apriltag/tagStandard52h13.h
[1.707s] -- Up-to-date: /home/ws/ugv_ws/install/apriltag/lib/libapriltag.so.3.4.2
[1.707s] -- Up-to-date: /home/ws/ugv_ws/install/apriltag/lib/libapriltag.so.3
[1.707s] -- Up-to-date: /home/ws/ugv_ws/install/apriltag/lib/libapriltag.so
[1.707s] -- Up-to-date: /home/ws/ugv_ws/install/apriltag/share/apriltag/cmake/apriltagTargets.cmake
[1.707s] -- Up-to-date: /home/ws/ugv_ws/install/apriltag/share/apriltag/cmake/apriltagTargets-release.cmake
[1.707s] -- Up-to-date: /home/ws/ugv_ws/install/apriltag/share/apriltag/cmake/apriltagConfig.cmake
[1.707s] -- Up-to-date: /home/ws/ugv_ws/install/apriltag/share/apriltag/cmake/apriltagConfigVersion.cmake
[1.707s] -- Up-to-date: /home/ws/ugv_ws/install/apriltag/lib/pkgconfig/apriltag.pc
[1.708s] -- Installing: /home/ws/ugv_ws/install/apriltag/lib/python3.10/site-packages/apriltag.cpython-310-aarch64-linux-gnu.so
[1.708s] -- Set runtime path of "/home/ws/ugv_ws/install/apriltag/lib/python3.10/site-packages/apriltag.cpython-310-aarch64-linux-gnu.so" to ""
[1.708s] -- Up-to-date: /home/ws/ugv_ws/install/apriltag/bin/opencv_demo
[1.708s] -- Up-to-date: /home/ws/ugv_ws/install/apriltag/bin/apriltag_demo
[1.725s] Invoked command in '/home/ws/ugv_ws/build/apriltag' returned '0': CMAKE_PREFIX_PATH=${CMAKE_PREFIX_PATH}:/home/ws/ugv_ws/install/ugv_web_app:/home/ws/ugv_ws/install/ugv_vision:/home/ws/ugv_ws/install/ugv_tools:/home/ws/ugv_ws/install/ugv_chat_ai:/home/ws/ugv_ws/install/ugv_bringup:/opt/ros/humble /usr/bin/cmake --install /home/ws/ugv_ws/build/apriltag
