[0.023s] Invoking command in '/home/ws/ugv_ws/build/apriltag_msgs': CMAKE_PREFIX_PATH=${CMAKE_PREFIX_PATH}:/home/ws/ugv_ws/install/ugv_web_app:/home/ws/ugv_ws/install/ugv_vision:/home/ws/ugv_ws/install/ugv_tools:/home/ws/ugv_ws/install/ugv_chat_ai:/home/ws/ugv_ws/install/ugv_bringup:/opt/ros/humble /usr/bin/cmake --build /home/ws/ugv_ws/build/apriltag_msgs -- -j4 -l4
[0.110s] [  2%] Built target apriltag_msgs__cpp
[0.113s] [ 12%] Built target apriltag_msgs__rosidl_generator_c
[0.124s] [ 12%] Built target ament_cmake_python_copy_apriltag_msgs
[0.165s] [ 23%] Built target apriltag_msgs__rosidl_typesupport_cpp
[0.165s] [ 35%] Built target apriltag_msgs__rosidl_typesupport_fastrtps_cpp
[0.166s] [ 43%] Built target apriltag_msgs__rosidl_typesupport_introspection_cpp
[0.169s] [ 53%] Built target apriltag_msgs__rosidl_typesupport_fastrtps_c
[0.200s] [ 64%] Built target apriltag_msgs__rosidl_typesupport_introspection_c
[0.206s] [ 74%] Built target apriltag_msgs__rosidl_typesupport_c
[0.231s] [ 74%] Built target apriltag_msgs
[0.259s] [ 76%] Built target apriltag_msgs__py
[0.290s] [ 84%] Built target apriltag_msgs__rosidl_generator_py
[0.330s] [100%] Built target apriltag_msgs__rosidl_typesupport_introspection_c__pyext
[0.330s] [100%] Built target apriltag_msgs__rosidl_typesupport_c__pyext
[0.330s] [100%] Built target apriltag_msgs__rosidl_typesupport_fastrtps_c__pyext
[0.495s] running egg_info
[0.496s] writing apriltag_msgs.egg-info/PKG-INFO
[0.496s] writing dependency_links to apriltag_msgs.egg-info/dependency_links.txt
[0.500s] writing top-level names to apriltag_msgs.egg-info/top_level.txt
[0.503s] reading manifest file 'apriltag_msgs.egg-info/SOURCES.txt'
[0.504s] writing manifest file 'apriltag_msgs.egg-info/SOURCES.txt'
[0.557s] [100%] Built target ament_cmake_python_build_apriltag_msgs_egg
[0.568s] Invoked command in '/home/ws/ugv_ws/build/apriltag_msgs' returned '0': CMAKE_PREFIX_PATH=${CMAKE_PREFIX_PATH}:/home/ws/ugv_ws/install/ugv_web_app:/home/ws/ugv_ws/install/ugv_vision:/home/ws/ugv_ws/install/ugv_tools:/home/ws/ugv_ws/install/ugv_chat_ai:/home/ws/ugv_ws/install/ugv_bringup:/opt/ros/humble /usr/bin/cmake --build /home/ws/ugv_ws/build/apriltag_msgs -- -j4 -l4
[0.645s] Invoking command in '/home/ws/ugv_ws/build/apriltag_msgs': CMAKE_PREFIX_PATH=${CMAKE_PREFIX_PATH}:/home/ws/ugv_ws/install/ugv_web_app:/home/ws/ugv_ws/install/ugv_vision:/home/ws/ugv_ws/install/ugv_tools:/home/ws/ugv_ws/install/ugv_chat_ai:/home/ws/ugv_ws/install/ugv_bringup:/opt/ros/humble /usr/bin/cmake --install /home/ws/ugv_ws/build/apriltag_msgs
[0.658s] -- Install configuration: ""
[0.659s] -- Up-to-date: /home/ws/ugv_ws/install/apriltag_msgs/share/ament_index/resource_index/rosidl_interfaces/apriltag_msgs
[0.659s] -- Up-to-date: /home/ws/ugv_ws/install/apriltag_msgs/include/apriltag_msgs/apriltag_msgs
[0.660s] -- Up-to-date: /home/ws/ugv_ws/install/apriltag_msgs/include/apriltag_msgs/apriltag_msgs/msg
[0.660s] -- Up-to-date: /home/ws/ugv_ws/install/apriltag_msgs/include/apriltag_msgs/apriltag_msgs/msg/april_tag_detection_array.h
[0.660s] -- Up-to-date: /home/ws/ugv_ws/install/apriltag_msgs/include/apriltag_msgs/apriltag_msgs/msg/april_tag_detection.h
[0.660s] -- Up-to-date: /home/ws/ugv_ws/install/apriltag_msgs/include/apriltag_msgs/apriltag_msgs/msg/rosidl_generator_c__visibility_control.h
[0.660s] -- Up-to-date: /home/ws/ugv_ws/install/apriltag_msgs/include/apriltag_msgs/apriltag_msgs/msg/detail
[0.660s] -- Up-to-date: /home/ws/ugv_ws/install/apriltag_msgs/include/apriltag_msgs/apriltag_msgs/msg/detail/april_tag_detection_array__type_support.h
[0.660s] -- Up-to-date: /home/ws/ugv_ws/install/apriltag_msgs/include/apriltag_msgs/apriltag_msgs/msg/detail/april_tag_detection_array__functions.c
[0.660s] -- Up-to-date: /home/ws/ugv_ws/install/apriltag_msgs/include/apriltag_msgs/apriltag_msgs/msg/detail/april_tag_detection_array__struct.h
[0.660s] -- Up-to-date: /home/ws/ugv_ws/install/apriltag_msgs/include/apriltag_msgs/apriltag_msgs/msg/detail/april_tag_detection__functions.h
[0.660s] -- Up-to-date: /home/ws/ugv_ws/install/apriltag_msgs/include/apriltag_msgs/apriltag_msgs/msg/detail/april_tag_detection__functions.c
[0.660s] -- Up-to-date: /home/ws/ugv_ws/install/apriltag_msgs/include/apriltag_msgs/apriltag_msgs/msg/detail/april_tag_detection__type_support.h
[0.661s] -- Up-to-date: /home/ws/ugv_ws/install/apriltag_msgs/include/apriltag_msgs/apriltag_msgs/msg/detail/april_tag_detection__struct.h
[0.661s] -- Up-to-date: /home/ws/ugv_ws/install/apriltag_msgs/include/apriltag_msgs/apriltag_msgs/msg/detail/april_tag_detection_array__functions.h
[0.661s] -- Up-to-date: /home/ws/ugv_ws/install/apriltag_msgs/share/apriltag_msgs/environment/library_path.sh
[0.661s] -- Up-to-date: /home/ws/ugv_ws/install/apriltag_msgs/share/apriltag_msgs/environment/library_path.dsv
[0.662s] -- Up-to-date: /home/ws/ugv_ws/install/apriltag_msgs/lib/libapriltag_msgs__rosidl_generator_c.so
[0.662s] -- Up-to-date: /home/ws/ugv_ws/install/apriltag_msgs/include/apriltag_msgs/apriltag_msgs
[0.662s] -- Up-to-date: /home/ws/ugv_ws/install/apriltag_msgs/include/apriltag_msgs/apriltag_msgs/msg
[0.662s] -- Up-to-date: /home/ws/ugv_ws/install/apriltag_msgs/include/apriltag_msgs/apriltag_msgs/msg/detail
[0.662s] -- Up-to-date: /home/ws/ugv_ws/install/apriltag_msgs/include/apriltag_msgs/apriltag_msgs/msg/detail/april_tag_detection_array__rosidl_typesupport_fastrtps_c.h
[0.662s] -- Up-to-date: /home/ws/ugv_ws/install/apriltag_msgs/include/apriltag_msgs/apriltag_msgs/msg/detail/april_tag_detection__rosidl_typesupport_fastrtps_c.h
[0.662s] -- Up-to-date: /home/ws/ugv_ws/install/apriltag_msgs/include/apriltag_msgs/apriltag_msgs/msg/rosidl_typesupport_fastrtps_c__visibility_control.h
[0.663s] -- Up-to-date: /home/ws/ugv_ws/install/apriltag_msgs/lib/libapriltag_msgs__rosidl_typesupport_fastrtps_c.so
[0.663s] -- Up-to-date: /home/ws/ugv_ws/install/apriltag_msgs/include/apriltag_msgs/apriltag_msgs
[0.663s] -- Up-to-date: /home/ws/ugv_ws/install/apriltag_msgs/include/apriltag_msgs/apriltag_msgs/msg
[0.663s] -- Up-to-date: /home/ws/ugv_ws/install/apriltag_msgs/include/apriltag_msgs/apriltag_msgs/msg/april_tag_detection_array.hpp
[0.663s] -- Up-to-date: /home/ws/ugv_ws/install/apriltag_msgs/include/apriltag_msgs/apriltag_msgs/msg/detail
[0.663s] -- Up-to-date: /home/ws/ugv_ws/install/apriltag_msgs/include/apriltag_msgs/apriltag_msgs/msg/detail/april_tag_detection__builder.hpp
[0.663s] -- Up-to-date: /home/ws/ugv_ws/install/apriltag_msgs/include/apriltag_msgs/apriltag_msgs/msg/detail/april_tag_detection__traits.hpp
[0.663s] -- Up-to-date: /home/ws/ugv_ws/install/apriltag_msgs/include/apriltag_msgs/apriltag_msgs/msg/detail/april_tag_detection_array__builder.hpp
[0.663s] -- Up-to-date: /home/ws/ugv_ws/install/apriltag_msgs/include/apriltag_msgs/apriltag_msgs/msg/detail/april_tag_detection__struct.hpp
[0.663s] -- Up-to-date: /home/ws/ugv_ws/install/apriltag_msgs/include/apriltag_msgs/apriltag_msgs/msg/detail/april_tag_detection_array__struct.hpp
[0.663s] -- Up-to-date: /home/ws/ugv_ws/install/apriltag_msgs/include/apriltag_msgs/apriltag_msgs/msg/detail/april_tag_detection_array__traits.hpp
[0.664s] -- Up-to-date: /home/ws/ugv_ws/install/apriltag_msgs/include/apriltag_msgs/apriltag_msgs/msg/april_tag_detection.hpp
[0.664s] -- Up-to-date: /home/ws/ugv_ws/install/apriltag_msgs/include/apriltag_msgs/apriltag_msgs
[0.664s] -- Up-to-date: /home/ws/ugv_ws/install/apriltag_msgs/include/apriltag_msgs/apriltag_msgs/msg
[0.664s] -- Up-to-date: /home/ws/ugv_ws/install/apriltag_msgs/include/apriltag_msgs/apriltag_msgs/msg/detail
[0.664s] -- Up-to-date: /home/ws/ugv_ws/install/apriltag_msgs/include/apriltag_msgs/apriltag_msgs/msg/detail/april_tag_detection_array__rosidl_typesupport_fastrtps_cpp.hpp
[0.664s] -- Up-to-date: /home/ws/ugv_ws/install/apriltag_msgs/include/apriltag_msgs/apriltag_msgs/msg/detail/april_tag_detection__rosidl_typesupport_fastrtps_cpp.hpp
[0.664s] -- Up-to-date: /home/ws/ugv_ws/install/apriltag_msgs/include/apriltag_msgs/apriltag_msgs/msg/detail/dds_fastrtps
[0.664s] -- Up-to-date: /home/ws/ugv_ws/install/apriltag_msgs/include/apriltag_msgs/apriltag_msgs/msg/rosidl_typesupport_fastrtps_cpp__visibility_control.h
[0.666s] -- Up-to-date: /home/ws/ugv_ws/install/apriltag_msgs/lib/libapriltag_msgs__rosidl_typesupport_fastrtps_cpp.so
[0.666s] -- Up-to-date: /home/ws/ugv_ws/install/apriltag_msgs/include/apriltag_msgs/apriltag_msgs
[0.666s] -- Up-to-date: /home/ws/ugv_ws/install/apriltag_msgs/include/apriltag_msgs/apriltag_msgs/msg
[0.666s] -- Up-to-date: /home/ws/ugv_ws/install/apriltag_msgs/include/apriltag_msgs/apriltag_msgs/msg/rosidl_typesupport_introspection_c__visibility_control.h
[0.666s] -- Up-to-date: /home/ws/ugv_ws/install/apriltag_msgs/include/apriltag_msgs/apriltag_msgs/msg/detail
[0.666s] -- Up-to-date: /home/ws/ugv_ws/install/apriltag_msgs/include/apriltag_msgs/apriltag_msgs/msg/detail/april_tag_detection_array__type_support.c
[0.666s] -- Up-to-date: /home/ws/ugv_ws/install/apriltag_msgs/include/apriltag_msgs/apriltag_msgs/msg/detail/april_tag_detection__type_support.c
[0.666s] -- Up-to-date: /home/ws/ugv_ws/install/apriltag_msgs/include/apriltag_msgs/apriltag_msgs/msg/detail/april_tag_detection__rosidl_typesupport_introspection_c.h
[0.666s] -- Up-to-date: /home/ws/ugv_ws/install/apriltag_msgs/include/apriltag_msgs/apriltag_msgs/msg/detail/april_tag_detection_array__rosidl_typesupport_introspection_c.h
[0.666s] -- Up-to-date: /home/ws/ugv_ws/install/apriltag_msgs/lib/libapriltag_msgs__rosidl_typesupport_introspection_c.so
[0.667s] -- Up-to-date: /home/ws/ugv_ws/install/apriltag_msgs/lib/libapriltag_msgs__rosidl_typesupport_c.so
[0.667s] -- Up-to-date: /home/ws/ugv_ws/install/apriltag_msgs/include/apriltag_msgs/apriltag_msgs
[0.667s] -- Up-to-date: /home/ws/ugv_ws/install/apriltag_msgs/include/apriltag_msgs/apriltag_msgs/msg
[0.667s] -- Up-to-date: /home/ws/ugv_ws/install/apriltag_msgs/include/apriltag_msgs/apriltag_msgs/msg/detail
[0.667s] -- Up-to-date: /home/ws/ugv_ws/install/apriltag_msgs/include/apriltag_msgs/apriltag_msgs/msg/detail/april_tag_detection__type_support.cpp
[0.668s] -- Up-to-date: /home/ws/ugv_ws/install/apriltag_msgs/include/apriltag_msgs/apriltag_msgs/msg/detail/april_tag_detection_array__type_support.cpp
[0.668s] -- Up-to-date: /home/ws/ugv_ws/install/apriltag_msgs/include/apriltag_msgs/apriltag_msgs/msg/detail/april_tag_detection_array__rosidl_typesupport_introspection_cpp.hpp
[0.668s] -- Up-to-date: /home/ws/ugv_ws/install/apriltag_msgs/include/apriltag_msgs/apriltag_msgs/msg/detail/april_tag_detection__rosidl_typesupport_introspection_cpp.hpp
[0.669s] -- Up-to-date: /home/ws/ugv_ws/install/apriltag_msgs/lib/libapriltag_msgs__rosidl_typesupport_introspection_cpp.so
[0.670s] -- Up-to-date: /home/ws/ugv_ws/install/apriltag_msgs/lib/libapriltag_msgs__rosidl_typesupport_cpp.so
[0.670s] -- Up-to-date: /home/ws/ugv_ws/install/apriltag_msgs/share/apriltag_msgs/environment/pythonpath.sh
[0.670s] -- Up-to-date: /home/ws/ugv_ws/install/apriltag_msgs/share/apriltag_msgs/environment/pythonpath.dsv
[0.670s] -- Up-to-date: /home/ws/ugv_ws/install/apriltag_msgs/local/lib/python3.10/dist-packages/apriltag_msgs-0.0.0-py3.10.egg-info
[0.670s] -- Installing: /home/ws/ugv_ws/install/apriltag_msgs/local/lib/python3.10/dist-packages/apriltag_msgs-0.0.0-py3.10.egg-info/PKG-INFO
[0.671s] -- Installing: /home/ws/ugv_ws/install/apriltag_msgs/local/lib/python3.10/dist-packages/apriltag_msgs-0.0.0-py3.10.egg-info/top_level.txt
[0.671s] -- Installing: /home/ws/ugv_ws/install/apriltag_msgs/local/lib/python3.10/dist-packages/apriltag_msgs-0.0.0-py3.10.egg-info/dependency_links.txt
[0.671s] -- Installing: /home/ws/ugv_ws/install/apriltag_msgs/local/lib/python3.10/dist-packages/apriltag_msgs-0.0.0-py3.10.egg-info/SOURCES.txt
[0.671s] -- Up-to-date: /home/ws/ugv_ws/install/apriltag_msgs/local/lib/python3.10/dist-packages/apriltag_msgs
[0.671s] -- Up-to-date: /home/ws/ugv_ws/install/apriltag_msgs/local/lib/python3.10/dist-packages/apriltag_msgs/apriltag_msgs_s__rosidl_typesupport_c.cpython-310-aarch64-linux-gnu.so
[0.671s] -- Up-to-date: /home/ws/ugv_ws/install/apriltag_msgs/local/lib/python3.10/dist-packages/apriltag_msgs/msg
[0.671s] -- Up-to-date: /home/ws/ugv_ws/install/apriltag_msgs/local/lib/python3.10/dist-packages/apriltag_msgs/msg/_april_tag_detection_array_s.c
[0.671s] -- Up-to-date: /home/ws/ugv_ws/install/apriltag_msgs/local/lib/python3.10/dist-packages/apriltag_msgs/msg/_april_tag_detection_array.py
[0.671s] -- Up-to-date: /home/ws/ugv_ws/install/apriltag_msgs/local/lib/python3.10/dist-packages/apriltag_msgs/msg/_april_tag_detection.py
[0.671s] -- Up-to-date: /home/ws/ugv_ws/install/apriltag_msgs/local/lib/python3.10/dist-packages/apriltag_msgs/msg/_april_tag_detection_s.c
[0.671s] -- Up-to-date: /home/ws/ugv_ws/install/apriltag_msgs/local/lib/python3.10/dist-packages/apriltag_msgs/msg/__init__.py
[0.671s] -- Up-to-date: /home/ws/ugv_ws/install/apriltag_msgs/local/lib/python3.10/dist-packages/apriltag_msgs/_apriltag_msgs_s.ep.rosidl_typesupport_introspection_c.c
[0.671s] -- Up-to-date: /home/ws/ugv_ws/install/apriltag_msgs/local/lib/python3.10/dist-packages/apriltag_msgs/_apriltag_msgs_s.ep.rosidl_typesupport_fastrtps_c.c
[0.671s] -- Up-to-date: /home/ws/ugv_ws/install/apriltag_msgs/local/lib/python3.10/dist-packages/apriltag_msgs/apriltag_msgs_s__rosidl_typesupport_introspection_c.cpython-310-aarch64-linux-gnu.so
[0.671s] -- Up-to-date: /home/ws/ugv_ws/install/apriltag_msgs/local/lib/python3.10/dist-packages/apriltag_msgs/_apriltag_msgs_s.ep.rosidl_typesupport_c.c
[0.671s] -- Up-to-date: /home/ws/ugv_ws/install/apriltag_msgs/local/lib/python3.10/dist-packages/apriltag_msgs/apriltag_msgs_s__rosidl_typesupport_fastrtps_c.cpython-310-aarch64-linux-gnu.so
[0.672s] -- Up-to-date: /home/ws/ugv_ws/install/apriltag_msgs/local/lib/python3.10/dist-packages/apriltag_msgs/libapriltag_msgs__rosidl_generator_py.so
[0.672s] -- Up-to-date: /home/ws/ugv_ws/install/apriltag_msgs/local/lib/python3.10/dist-packages/apriltag_msgs/__init__.py
[0.715s] Listing '/home/ws/ugv_ws/install/apriltag_msgs/local/lib/python3.10/dist-packages/apriltag_msgs'...
[0.716s] Listing '/home/ws/ugv_ws/install/apriltag_msgs/local/lib/python3.10/dist-packages/apriltag_msgs/msg'...
[0.724s] -- Up-to-date: /home/ws/ugv_ws/install/apriltag_msgs/local/lib/python3.10/dist-packages/apriltag_msgs/apriltag_msgs_s__rosidl_typesupport_fastrtps_c.cpython-310-aarch64-linux-gnu.so
[0.725s] -- Up-to-date: /home/ws/ugv_ws/install/apriltag_msgs/local/lib/python3.10/dist-packages/apriltag_msgs/apriltag_msgs_s__rosidl_typesupport_introspection_c.cpython-310-aarch64-linux-gnu.so
[0.725s] -- Up-to-date: /home/ws/ugv_ws/install/apriltag_msgs/local/lib/python3.10/dist-packages/apriltag_msgs/apriltag_msgs_s__rosidl_typesupport_c.cpython-310-aarch64-linux-gnu.so
[0.726s] -- Up-to-date: /home/ws/ugv_ws/install/apriltag_msgs/lib/libapriltag_msgs__rosidl_generator_py.so
[0.727s] -- Up-to-date: /home/ws/ugv_ws/install/apriltag_msgs/share/apriltag_msgs/msg/AprilTagDetectionArray.idl
[0.727s] -- Up-to-date: /home/ws/ugv_ws/install/apriltag_msgs/share/apriltag_msgs/msg/AprilTagDetection.idl
[0.727s] -- Up-to-date: /home/ws/ugv_ws/install/apriltag_msgs/share/apriltag_msgs/msg/AprilTagDetectionArray.msg
[0.727s] -- Up-to-date: /home/ws/ugv_ws/install/apriltag_msgs/share/apriltag_msgs/msg/AprilTagDetection.msg
[0.727s] -- Up-to-date: /home/ws/ugv_ws/install/apriltag_msgs/share/ament_index/resource_index/package_run_dependencies/apriltag_msgs
[0.727s] -- Up-to-date: /home/ws/ugv_ws/install/apriltag_msgs/share/ament_index/resource_index/parent_prefix_path/apriltag_msgs
[0.727s] -- Up-to-date: /home/ws/ugv_ws/install/apriltag_msgs/share/apriltag_msgs/environment/ament_prefix_path.sh
[0.727s] -- Up-to-date: /home/ws/ugv_ws/install/apriltag_msgs/share/apriltag_msgs/environment/ament_prefix_path.dsv
[0.728s] -- Up-to-date: /home/ws/ugv_ws/install/apriltag_msgs/share/apriltag_msgs/environment/path.sh
[0.728s] -- Up-to-date: /home/ws/ugv_ws/install/apriltag_msgs/share/apriltag_msgs/environment/path.dsv
[0.728s] -- Up-to-date: /home/ws/ugv_ws/install/apriltag_msgs/share/apriltag_msgs/local_setup.bash
[0.728s] -- Up-to-date: /home/ws/ugv_ws/install/apriltag_msgs/share/apriltag_msgs/local_setup.sh
[0.728s] -- Up-to-date: /home/ws/ugv_ws/install/apriltag_msgs/share/apriltag_msgs/local_setup.zsh
[0.728s] -- Up-to-date: /home/ws/ugv_ws/install/apriltag_msgs/share/apriltag_msgs/local_setup.dsv
[0.728s] -- Installing: /home/ws/ugv_ws/install/apriltag_msgs/share/apriltag_msgs/package.dsv
[0.728s] -- Up-to-date: /home/ws/ugv_ws/install/apriltag_msgs/share/ament_index/resource_index/packages/apriltag_msgs
[0.730s] -- Up-to-date: /home/ws/ugv_ws/install/apriltag_msgs/share/apriltag_msgs/cmake/export_apriltag_msgs__rosidl_generator_cExport.cmake
[0.730s] -- Up-to-date: /home/ws/ugv_ws/install/apriltag_msgs/share/apriltag_msgs/cmake/export_apriltag_msgs__rosidl_generator_cExport-noconfig.cmake
[0.731s] -- Up-to-date: /home/ws/ugv_ws/install/apriltag_msgs/share/apriltag_msgs/cmake/export_apriltag_msgs__rosidl_typesupport_fastrtps_cExport.cmake
[0.731s] -- Up-to-date: /home/ws/ugv_ws/install/apriltag_msgs/share/apriltag_msgs/cmake/export_apriltag_msgs__rosidl_typesupport_fastrtps_cExport-noconfig.cmake
[0.732s] -- Up-to-date: /home/ws/ugv_ws/install/apriltag_msgs/share/apriltag_msgs/cmake/export_apriltag_msgs__rosidl_generator_cppExport.cmake
[0.732s] -- Up-to-date: /home/ws/ugv_ws/install/apriltag_msgs/share/apriltag_msgs/cmake/export_apriltag_msgs__rosidl_typesupport_fastrtps_cppExport.cmake
[0.732s] -- Up-to-date: /home/ws/ugv_ws/install/apriltag_msgs/share/apriltag_msgs/cmake/export_apriltag_msgs__rosidl_typesupport_fastrtps_cppExport-noconfig.cmake
[0.733s] -- Up-to-date: /home/ws/ugv_ws/install/apriltag_msgs/share/apriltag_msgs/cmake/apriltag_msgs__rosidl_typesupport_introspection_cExport.cmake
[0.733s] -- Up-to-date: /home/ws/ugv_ws/install/apriltag_msgs/share/apriltag_msgs/cmake/apriltag_msgs__rosidl_typesupport_introspection_cExport-noconfig.cmake
[0.734s] -- Up-to-date: /home/ws/ugv_ws/install/apriltag_msgs/share/apriltag_msgs/cmake/apriltag_msgs__rosidl_typesupport_cExport.cmake
[0.734s] -- Up-to-date: /home/ws/ugv_ws/install/apriltag_msgs/share/apriltag_msgs/cmake/apriltag_msgs__rosidl_typesupport_cExport-noconfig.cmake
[0.734s] -- Up-to-date: /home/ws/ugv_ws/install/apriltag_msgs/share/apriltag_msgs/cmake/apriltag_msgs__rosidl_typesupport_introspection_cppExport.cmake
[0.734s] -- Up-to-date: /home/ws/ugv_ws/install/apriltag_msgs/share/apriltag_msgs/cmake/apriltag_msgs__rosidl_typesupport_introspection_cppExport-noconfig.cmake
[0.735s] -- Up-to-date: /home/ws/ugv_ws/install/apriltag_msgs/share/apriltag_msgs/cmake/apriltag_msgs__rosidl_typesupport_cppExport.cmake
[0.735s] -- Up-to-date: /home/ws/ugv_ws/install/apriltag_msgs/share/apriltag_msgs/cmake/apriltag_msgs__rosidl_typesupport_cppExport-noconfig.cmake
[0.736s] -- Up-to-date: /home/ws/ugv_ws/install/apriltag_msgs/share/apriltag_msgs/cmake/export_apriltag_msgs__rosidl_generator_pyExport.cmake
[0.736s] -- Up-to-date: /home/ws/ugv_ws/install/apriltag_msgs/share/apriltag_msgs/cmake/export_apriltag_msgs__rosidl_generator_pyExport-noconfig.cmake
[0.736s] -- Up-to-date: /home/ws/ugv_ws/install/apriltag_msgs/share/apriltag_msgs/cmake/rosidl_cmake-extras.cmake
[0.736s] -- Up-to-date: /home/ws/ugv_ws/install/apriltag_msgs/share/apriltag_msgs/cmake/ament_cmake_export_dependencies-extras.cmake
[0.736s] -- Up-to-date: /home/ws/ugv_ws/install/apriltag_msgs/share/apriltag_msgs/cmake/ament_cmake_export_include_directories-extras.cmake
[0.736s] -- Up-to-date: /home/ws/ugv_ws/install/apriltag_msgs/share/apriltag_msgs/cmake/ament_cmake_export_libraries-extras.cmake
[0.736s] -- Up-to-date: /home/ws/ugv_ws/install/apriltag_msgs/share/apriltag_msgs/cmake/ament_cmake_export_targets-extras.cmake
[0.736s] -- Up-to-date: /home/ws/ugv_ws/install/apriltag_msgs/share/apriltag_msgs/cmake/rosidl_cmake_export_typesupport_targets-extras.cmake
[0.736s] -- Up-to-date: /home/ws/ugv_ws/install/apriltag_msgs/share/apriltag_msgs/cmake/rosidl_cmake_export_typesupport_libraries-extras.cmake
[0.737s] -- Up-to-date: /home/ws/ugv_ws/install/apriltag_msgs/share/apriltag_msgs/cmake/apriltag_msgsConfig.cmake
[0.737s] -- Up-to-date: /home/ws/ugv_ws/install/apriltag_msgs/share/apriltag_msgs/cmake/apriltag_msgsConfig-version.cmake
[0.737s] -- Up-to-date: /home/ws/ugv_ws/install/apriltag_msgs/share/apriltag_msgs/package.xml
[0.739s] Invoked command in '/home/ws/ugv_ws/build/apriltag_msgs' returned '0': CMAKE_PREFIX_PATH=${CMAKE_PREFIX_PATH}:/home/ws/ugv_ws/install/ugv_web_app:/home/ws/ugv_ws/install/ugv_vision:/home/ws/ugv_ws/install/ugv_tools:/home/ws/ugv_ws/install/ugv_chat_ai:/home/ws/ugv_ws/install/ugv_bringup:/opt/ros/humble /usr/bin/cmake --install /home/ws/ugv_ws/build/apriltag_msgs
