[0.027s] Invoking command in '/home/ws/ugv_ws/build/teb_msgs': CMAKE_PREFIX_PATH=/home/ws/ugv_ws/install/costmap_converter_msgs:/home/ws/ugv_ws/install/vizanti:/home/ws/ugv_ws/install/vizanti_server:/home/ws/ugv_ws/install/vizanti_demos:/home/ws/ugv_ws/install/vizanti_msgs:/home/ws/ugv_ws/install/vizanti_cpp:/home/ws/ugv_ws/install/ugv_slam:/home/ws/ugv_ws/install/ugv_nav:/home/ws/ugv_ws/install/ugv_interface:/home/ws/ugv_ws/install/ugv_gazebo:/home/ws/ugv_ws/install/ugv_description:/home/ws/ugv_ws/install/ugv_base_node:/home/ws/ugv_ws/install/teb_local_planner:/home/ws/ugv_ws/install/teb_msgs:/home/ws/ugv_ws/install/slam_gmapping:/home/ws/ugv_ws/install/robot_pose_publisher:/home/ws/ugv_ws/install/rf2o_laser_odometry:/home/ws/ugv_ws/install/openslam_gmapping:/home/ws/ugv_ws/install/ldlidar:/home/ws/ugv_ws/install/explore_lite:/home/ws/ugv_ws/install/emcl2:/home/ws/ugv_ws/install/costmap_converter:/home/ws/ugv_ws/install/cartographer:/home/ws/ugv_ws/install/apriltag_ros:/home/ws/ugv_ws/install/apriltag_msgs:/home/ws/ugv_ws/install/apriltag:/home/ws/ugv_ws/install/ugv_web_app:/home/ws/ugv_ws/install/ugv_vision:/home/ws/ugv_ws/install/ugv_tools:/home/ws/ugv_ws/install/ugv_chat_ai:/home/ws/ugv_ws/install/ugv_bringup:/opt/ros/humble LD_LIBRARY_PATH=/home/ws/ugv_ws/install/costmap_converter_msgs/lib:/home/ws/ugv_ws/install/vizanti_msgs/lib:/home/ws/ugv_ws/install/ugv_interface/lib:/home/ws/ugv_ws/install/teb_local_planner/lib:/home/ws/ugv_ws/install/teb_msgs/lib:/home/ws/ugv_ws/install/openslam_gmapping/lib:/home/ws/ugv_ws/install/costmap_converter/lib:/home/ws/ugv_ws/install/apriltag_ros/lib:/home/ws/ugv_ws/install/apriltag_msgs/lib:/home/ws/ugv_ws/install/apriltag/lib:/opt/ros/humble/opt/rviz_ogre_vendor/lib:/opt/ros/humble/lib/aarch64-linux-gnu:/opt/ros/humble/lib /usr/bin/cmake --build /home/ws/ugv_ws/build/teb_msgs -- -j4 -l4
[0.149s] [  2%] Built target teb_msgs__cpp
[0.198s] [ 12%] Built target teb_msgs__rosidl_generator_c
[0.199s] [ 12%] Built target ament_cmake_python_copy_teb_msgs
[0.214s] [ 23%] Built target teb_msgs__rosidl_typesupport_cpp
[0.233s] [ 34%] Built target teb_msgs__rosidl_typesupport_fastrtps_cpp
[0.259s] [ 44%] Built target teb_msgs__rosidl_typesupport_introspection_cpp
[0.271s] [ 55%] Built target teb_msgs__rosidl_typesupport_fastrtps_c
[0.277s] [ 65%] Built target teb_msgs__rosidl_typesupport_introspection_c
[0.284s] [ 76%] Built target teb_msgs__rosidl_typesupport_c
[0.330s] [ 76%] Built target teb_msgs
[0.382s] [ 78%] Built target teb_msgs__py
[0.440s] [ 87%] Built target teb_msgs__rosidl_generator_py
[0.511s] [ 91%] Built target teb_msgs__rosidl_typesupport_fastrtps_c__pyext
[0.513s] [ 95%] Built target teb_msgs__rosidl_typesupport_c__pyext
[0.527s] [100%] Built target teb_msgs__rosidl_typesupport_introspection_c__pyext
[0.736s] running egg_info
[0.737s] writing teb_msgs.egg-info/PKG-INFO
[0.737s] writing dependency_links to teb_msgs.egg-info/dependency_links.txt
[0.737s] writing top-level names to teb_msgs.egg-info/top_level.txt
[0.744s] reading manifest file 'teb_msgs.egg-info/SOURCES.txt'
[0.745s] writing manifest file 'teb_msgs.egg-info/SOURCES.txt'
[0.832s] [100%] Built target ament_cmake_python_build_teb_msgs_egg
[0.861s] Invoked command in '/home/ws/ugv_ws/build/teb_msgs' returned '0': CMAKE_PREFIX_PATH=/home/ws/ugv_ws/install/costmap_converter_msgs:/home/ws/ugv_ws/install/vizanti:/home/ws/ugv_ws/install/vizanti_server:/home/ws/ugv_ws/install/vizanti_demos:/home/ws/ugv_ws/install/vizanti_msgs:/home/ws/ugv_ws/install/vizanti_cpp:/home/ws/ugv_ws/install/ugv_slam:/home/ws/ugv_ws/install/ugv_nav:/home/ws/ugv_ws/install/ugv_interface:/home/ws/ugv_ws/install/ugv_gazebo:/home/ws/ugv_ws/install/ugv_description:/home/ws/ugv_ws/install/ugv_base_node:/home/ws/ugv_ws/install/teb_local_planner:/home/ws/ugv_ws/install/teb_msgs:/home/ws/ugv_ws/install/slam_gmapping:/home/ws/ugv_ws/install/robot_pose_publisher:/home/ws/ugv_ws/install/rf2o_laser_odometry:/home/ws/ugv_ws/install/openslam_gmapping:/home/ws/ugv_ws/install/ldlidar:/home/ws/ugv_ws/install/explore_lite:/home/ws/ugv_ws/install/emcl2:/home/ws/ugv_ws/install/costmap_converter:/home/ws/ugv_ws/install/cartographer:/home/ws/ugv_ws/install/apriltag_ros:/home/ws/ugv_ws/install/apriltag_msgs:/home/ws/ugv_ws/install/apriltag:/home/ws/ugv_ws/install/ugv_web_app:/home/ws/ugv_ws/install/ugv_vision:/home/ws/ugv_ws/install/ugv_tools:/home/ws/ugv_ws/install/ugv_chat_ai:/home/ws/ugv_ws/install/ugv_bringup:/opt/ros/humble LD_LIBRARY_PATH=/home/ws/ugv_ws/install/costmap_converter_msgs/lib:/home/ws/ugv_ws/install/vizanti_msgs/lib:/home/ws/ugv_ws/install/ugv_interface/lib:/home/ws/ugv_ws/install/teb_local_planner/lib:/home/ws/ugv_ws/install/teb_msgs/lib:/home/ws/ugv_ws/install/openslam_gmapping/lib:/home/ws/ugv_ws/install/costmap_converter/lib:/home/ws/ugv_ws/install/apriltag_ros/lib:/home/ws/ugv_ws/install/apriltag_msgs/lib:/home/ws/ugv_ws/install/apriltag/lib:/opt/ros/humble/opt/rviz_ogre_vendor/lib:/opt/ros/humble/lib/aarch64-linux-gnu:/opt/ros/humble/lib /usr/bin/cmake --build /home/ws/ugv_ws/build/teb_msgs -- -j4 -l4
[1.028s] Invoking command in '/home/ws/ugv_ws/build/teb_msgs': CMAKE_PREFIX_PATH=/home/ws/ugv_ws/install/costmap_converter_msgs:/home/ws/ugv_ws/install/vizanti:/home/ws/ugv_ws/install/vizanti_server:/home/ws/ugv_ws/install/vizanti_demos:/home/ws/ugv_ws/install/vizanti_msgs:/home/ws/ugv_ws/install/vizanti_cpp:/home/ws/ugv_ws/install/ugv_slam:/home/ws/ugv_ws/install/ugv_nav:/home/ws/ugv_ws/install/ugv_interface:/home/ws/ugv_ws/install/ugv_gazebo:/home/ws/ugv_ws/install/ugv_description:/home/ws/ugv_ws/install/ugv_base_node:/home/ws/ugv_ws/install/teb_local_planner:/home/ws/ugv_ws/install/teb_msgs:/home/ws/ugv_ws/install/slam_gmapping:/home/ws/ugv_ws/install/robot_pose_publisher:/home/ws/ugv_ws/install/rf2o_laser_odometry:/home/ws/ugv_ws/install/openslam_gmapping:/home/ws/ugv_ws/install/ldlidar:/home/ws/ugv_ws/install/explore_lite:/home/ws/ugv_ws/install/emcl2:/home/ws/ugv_ws/install/costmap_converter:/home/ws/ugv_ws/install/cartographer:/home/ws/ugv_ws/install/apriltag_ros:/home/ws/ugv_ws/install/apriltag_msgs:/home/ws/ugv_ws/install/apriltag:/home/ws/ugv_ws/install/ugv_web_app:/home/ws/ugv_ws/install/ugv_vision:/home/ws/ugv_ws/install/ugv_tools:/home/ws/ugv_ws/install/ugv_chat_ai:/home/ws/ugv_ws/install/ugv_bringup:/opt/ros/humble LD_LIBRARY_PATH=/home/ws/ugv_ws/install/costmap_converter_msgs/lib:/home/ws/ugv_ws/install/vizanti_msgs/lib:/home/ws/ugv_ws/install/ugv_interface/lib:/home/ws/ugv_ws/install/teb_local_planner/lib:/home/ws/ugv_ws/install/teb_msgs/lib:/home/ws/ugv_ws/install/openslam_gmapping/lib:/home/ws/ugv_ws/install/costmap_converter/lib:/home/ws/ugv_ws/install/apriltag_ros/lib:/home/ws/ugv_ws/install/apriltag_msgs/lib:/home/ws/ugv_ws/install/apriltag/lib:/opt/ros/humble/opt/rviz_ogre_vendor/lib:/opt/ros/humble/lib/aarch64-linux-gnu:/opt/ros/humble/lib /usr/bin/cmake --install /home/ws/ugv_ws/build/teb_msgs
[1.048s] -- Install configuration: ""
[1.049s] -- Up-to-date: /home/ws/ugv_ws/install/teb_msgs/share/ament_index/resource_index/rosidl_interfaces/teb_msgs
[1.049s] -- Up-to-date: /home/ws/ugv_ws/install/teb_msgs/include/teb_msgs/teb_msgs
[1.049s] -- Up-to-date: /home/ws/ugv_ws/install/teb_msgs/include/teb_msgs/teb_msgs/msg
[1.049s] -- Up-to-date: /home/ws/ugv_ws/install/teb_msgs/include/teb_msgs/teb_msgs/msg/rosidl_generator_c__visibility_control.h
[1.049s] -- Up-to-date: /home/ws/ugv_ws/install/teb_msgs/include/teb_msgs/teb_msgs/msg/trajectory_msg.h
[1.049s] -- Up-to-date: /home/ws/ugv_ws/install/teb_msgs/include/teb_msgs/teb_msgs/msg/detail
[1.052s] -- Up-to-date: /home/ws/ugv_ws/install/teb_msgs/include/teb_msgs/teb_msgs/msg/detail/feedback_msg__struct.h
[1.053s] -- Up-to-date: /home/ws/ugv_ws/install/teb_msgs/include/teb_msgs/teb_msgs/msg/detail/feedback_msg__type_support.h
[1.053s] -- Up-to-date: /home/ws/ugv_ws/install/teb_msgs/include/teb_msgs/teb_msgs/msg/detail/trajectory_point_msg__functions.c
[1.053s] -- Up-to-date: /home/ws/ugv_ws/install/teb_msgs/include/teb_msgs/teb_msgs/msg/detail/trajectory_msg__type_support.h
[1.053s] -- Up-to-date: /home/ws/ugv_ws/install/teb_msgs/include/teb_msgs/teb_msgs/msg/detail/feedback_msg__functions.h
[1.053s] -- Up-to-date: /home/ws/ugv_ws/install/teb_msgs/include/teb_msgs/teb_msgs/msg/detail/trajectory_point_msg__type_support.h
[1.053s] -- Up-to-date: /home/ws/ugv_ws/install/teb_msgs/include/teb_msgs/teb_msgs/msg/detail/trajectory_point_msg__struct.h
[1.054s] -- Up-to-date: /home/ws/ugv_ws/install/teb_msgs/include/teb_msgs/teb_msgs/msg/detail/trajectory_msg__functions.c
[1.054s] -- Up-to-date: /home/ws/ugv_ws/install/teb_msgs/include/teb_msgs/teb_msgs/msg/detail/trajectory_point_msg__functions.h
[1.054s] -- Up-to-date: /home/ws/ugv_ws/install/teb_msgs/include/teb_msgs/teb_msgs/msg/detail/trajectory_msg__struct.h
[1.054s] -- Up-to-date: /home/ws/ugv_ws/install/teb_msgs/include/teb_msgs/teb_msgs/msg/detail/feedback_msg__functions.c
[1.054s] -- Up-to-date: /home/ws/ugv_ws/install/teb_msgs/include/teb_msgs/teb_msgs/msg/detail/trajectory_msg__functions.h
[1.054s] -- Up-to-date: /home/ws/ugv_ws/install/teb_msgs/include/teb_msgs/teb_msgs/msg/trajectory_point_msg.h
[1.054s] -- Up-to-date: /home/ws/ugv_ws/install/teb_msgs/include/teb_msgs/teb_msgs/msg/feedback_msg.h
[1.054s] -- Up-to-date: /home/ws/ugv_ws/install/teb_msgs/share/teb_msgs/environment/library_path.sh
[1.054s] -- Up-to-date: /home/ws/ugv_ws/install/teb_msgs/share/teb_msgs/environment/library_path.dsv
[1.055s] -- Up-to-date: /home/ws/ugv_ws/install/teb_msgs/lib/libteb_msgs__rosidl_generator_c.so
[1.055s] -- Up-to-date: /home/ws/ugv_ws/install/teb_msgs/include/teb_msgs/teb_msgs
[1.055s] -- Up-to-date: /home/ws/ugv_ws/install/teb_msgs/include/teb_msgs/teb_msgs/msg
[1.055s] -- Up-to-date: /home/ws/ugv_ws/install/teb_msgs/include/teb_msgs/teb_msgs/msg/detail
[1.055s] -- Up-to-date: /home/ws/ugv_ws/install/teb_msgs/include/teb_msgs/teb_msgs/msg/detail/feedback_msg__rosidl_typesupport_fastrtps_c.h
[1.055s] -- Up-to-date: /home/ws/ugv_ws/install/teb_msgs/include/teb_msgs/teb_msgs/msg/detail/trajectory_point_msg__rosidl_typesupport_fastrtps_c.h
[1.055s] -- Up-to-date: /home/ws/ugv_ws/install/teb_msgs/include/teb_msgs/teb_msgs/msg/detail/trajectory_msg__rosidl_typesupport_fastrtps_c.h
[1.055s] -- Up-to-date: /home/ws/ugv_ws/install/teb_msgs/include/teb_msgs/teb_msgs/msg/rosidl_typesupport_fastrtps_c__visibility_control.h
[1.057s] -- Up-to-date: /home/ws/ugv_ws/install/teb_msgs/lib/libteb_msgs__rosidl_typesupport_fastrtps_c.so
[1.058s] -- Up-to-date: /home/ws/ugv_ws/install/teb_msgs/include/teb_msgs/teb_msgs
[1.058s] -- Up-to-date: /home/ws/ugv_ws/install/teb_msgs/include/teb_msgs/teb_msgs/msg
[1.058s] -- Up-to-date: /home/ws/ugv_ws/install/teb_msgs/include/teb_msgs/teb_msgs/msg/trajectory_point_msg.hpp
[1.058s] -- Up-to-date: /home/ws/ugv_ws/install/teb_msgs/include/teb_msgs/teb_msgs/msg/trajectory_msg.hpp
[1.058s] -- Up-to-date: /home/ws/ugv_ws/install/teb_msgs/include/teb_msgs/teb_msgs/msg/detail
[1.058s] -- Up-to-date: /home/ws/ugv_ws/install/teb_msgs/include/teb_msgs/teb_msgs/msg/detail/trajectory_msg__traits.hpp
[1.058s] -- Up-to-date: /home/ws/ugv_ws/install/teb_msgs/include/teb_msgs/teb_msgs/msg/detail/trajectory_point_msg__struct.hpp
[1.058s] -- Up-to-date: /home/ws/ugv_ws/install/teb_msgs/include/teb_msgs/teb_msgs/msg/detail/trajectory_msg__builder.hpp
[1.058s] -- Up-to-date: /home/ws/ugv_ws/install/teb_msgs/include/teb_msgs/teb_msgs/msg/detail/feedback_msg__struct.hpp
[1.058s] -- Up-to-date: /home/ws/ugv_ws/install/teb_msgs/include/teb_msgs/teb_msgs/msg/detail/trajectory_point_msg__builder.hpp
[1.058s] -- Up-to-date: /home/ws/ugv_ws/install/teb_msgs/include/teb_msgs/teb_msgs/msg/detail/feedback_msg__traits.hpp
[1.058s] -- Up-to-date: /home/ws/ugv_ws/install/teb_msgs/include/teb_msgs/teb_msgs/msg/detail/trajectory_msg__struct.hpp
[1.058s] -- Up-to-date: /home/ws/ugv_ws/install/teb_msgs/include/teb_msgs/teb_msgs/msg/detail/feedback_msg__builder.hpp
[1.059s] -- Up-to-date: /home/ws/ugv_ws/install/teb_msgs/include/teb_msgs/teb_msgs/msg/detail/trajectory_point_msg__traits.hpp
[1.059s] -- Up-to-date: /home/ws/ugv_ws/install/teb_msgs/include/teb_msgs/teb_msgs/msg/feedback_msg.hpp
[1.059s] -- Up-to-date: /home/ws/ugv_ws/install/teb_msgs/include/teb_msgs/teb_msgs
[1.059s] -- Up-to-date: /home/ws/ugv_ws/install/teb_msgs/include/teb_msgs/teb_msgs/msg
[1.059s] -- Up-to-date: /home/ws/ugv_ws/install/teb_msgs/include/teb_msgs/teb_msgs/msg/detail
[1.059s] -- Up-to-date: /home/ws/ugv_ws/install/teb_msgs/include/teb_msgs/teb_msgs/msg/detail/feedback_msg__rosidl_typesupport_fastrtps_cpp.hpp
[1.059s] -- Up-to-date: /home/ws/ugv_ws/install/teb_msgs/include/teb_msgs/teb_msgs/msg/detail/dds_fastrtps
[1.059s] -- Up-to-date: /home/ws/ugv_ws/install/teb_msgs/include/teb_msgs/teb_msgs/msg/detail/trajectory_msg__rosidl_typesupport_fastrtps_cpp.hpp
[1.059s] -- Up-to-date: /home/ws/ugv_ws/install/teb_msgs/include/teb_msgs/teb_msgs/msg/detail/trajectory_point_msg__rosidl_typesupport_fastrtps_cpp.hpp
[1.059s] -- Up-to-date: /home/ws/ugv_ws/install/teb_msgs/include/teb_msgs/teb_msgs/msg/rosidl_typesupport_fastrtps_cpp__visibility_control.h
[1.061s] -- Up-to-date: /home/ws/ugv_ws/install/teb_msgs/lib/libteb_msgs__rosidl_typesupport_fastrtps_cpp.so
[1.062s] -- Up-to-date: /home/ws/ugv_ws/install/teb_msgs/include/teb_msgs/teb_msgs
[1.062s] -- Up-to-date: /home/ws/ugv_ws/install/teb_msgs/include/teb_msgs/teb_msgs/msg
[1.062s] -- Up-to-date: /home/ws/ugv_ws/install/teb_msgs/include/teb_msgs/teb_msgs/msg/rosidl_typesupport_introspection_c__visibility_control.h
[1.062s] -- Up-to-date: /home/ws/ugv_ws/install/teb_msgs/include/teb_msgs/teb_msgs/msg/detail
[1.062s] -- Up-to-date: /home/ws/ugv_ws/install/teb_msgs/include/teb_msgs/teb_msgs/msg/detail/trajectory_point_msg__rosidl_typesupport_introspection_c.h
[1.062s] -- Up-to-date: /home/ws/ugv_ws/install/teb_msgs/include/teb_msgs/teb_msgs/msg/detail/trajectory_point_msg__type_support.c
[1.062s] -- Up-to-date: /home/ws/ugv_ws/install/teb_msgs/include/teb_msgs/teb_msgs/msg/detail/trajectory_msg__type_support.c
[1.062s] -- Up-to-date: /home/ws/ugv_ws/install/teb_msgs/include/teb_msgs/teb_msgs/msg/detail/trajectory_msg__rosidl_typesupport_introspection_c.h
[1.062s] -- Up-to-date: /home/ws/ugv_ws/install/teb_msgs/include/teb_msgs/teb_msgs/msg/detail/feedback_msg__type_support.c
[1.062s] -- Up-to-date: /home/ws/ugv_ws/install/teb_msgs/include/teb_msgs/teb_msgs/msg/detail/feedback_msg__rosidl_typesupport_introspection_c.h
[1.062s] -- Up-to-date: /home/ws/ugv_ws/install/teb_msgs/lib/libteb_msgs__rosidl_typesupport_introspection_c.so
[1.064s] -- Up-to-date: /home/ws/ugv_ws/install/teb_msgs/lib/libteb_msgs__rosidl_typesupport_c.so
[1.064s] -- Up-to-date: /home/ws/ugv_ws/install/teb_msgs/include/teb_msgs/teb_msgs
[1.064s] -- Up-to-date: /home/ws/ugv_ws/install/teb_msgs/include/teb_msgs/teb_msgs/msg
[1.065s] -- Up-to-date: /home/ws/ugv_ws/install/teb_msgs/include/teb_msgs/teb_msgs/msg/detail
[1.065s] -- Up-to-date: /home/ws/ugv_ws/install/teb_msgs/include/teb_msgs/teb_msgs/msg/detail/trajectory_point_msg__type_support.cpp
[1.065s] -- Up-to-date: /home/ws/ugv_ws/install/teb_msgs/include/teb_msgs/teb_msgs/msg/detail/feedback_msg__type_support.cpp
[1.065s] -- Up-to-date: /home/ws/ugv_ws/install/teb_msgs/include/teb_msgs/teb_msgs/msg/detail/feedback_msg__rosidl_typesupport_introspection_cpp.hpp
[1.065s] -- Up-to-date: /home/ws/ugv_ws/install/teb_msgs/include/teb_msgs/teb_msgs/msg/detail/trajectory_msg__rosidl_typesupport_introspection_cpp.hpp
[1.065s] -- Up-to-date: /home/ws/ugv_ws/install/teb_msgs/include/teb_msgs/teb_msgs/msg/detail/trajectory_point_msg__rosidl_typesupport_introspection_cpp.hpp
[1.065s] -- Up-to-date: /home/ws/ugv_ws/install/teb_msgs/include/teb_msgs/teb_msgs/msg/detail/trajectory_msg__type_support.cpp
[1.067s] -- Up-to-date: /home/ws/ugv_ws/install/teb_msgs/lib/libteb_msgs__rosidl_typesupport_introspection_cpp.so
[1.070s] -- Up-to-date: /home/ws/ugv_ws/install/teb_msgs/lib/libteb_msgs__rosidl_typesupport_cpp.so
[1.070s] -- Up-to-date: /home/ws/ugv_ws/install/teb_msgs/share/teb_msgs/environment/pythonpath.sh
[1.070s] -- Up-to-date: /home/ws/ugv_ws/install/teb_msgs/share/teb_msgs/environment/pythonpath.dsv
[1.071s] -- Up-to-date: /home/ws/ugv_ws/install/teb_msgs/local/lib/python3.10/dist-packages/teb_msgs-0.0.1-py3.10.egg-info
[1.071s] -- Installing: /home/ws/ugv_ws/install/teb_msgs/local/lib/python3.10/dist-packages/teb_msgs-0.0.1-py3.10.egg-info/PKG-INFO
[1.071s] -- Installing: /home/ws/ugv_ws/install/teb_msgs/local/lib/python3.10/dist-packages/teb_msgs-0.0.1-py3.10.egg-info/top_level.txt
[1.071s] -- Installing: /home/ws/ugv_ws/install/teb_msgs/local/lib/python3.10/dist-packages/teb_msgs-0.0.1-py3.10.egg-info/dependency_links.txt
[1.071s] -- Installing: /home/ws/ugv_ws/install/teb_msgs/local/lib/python3.10/dist-packages/teb_msgs-0.0.1-py3.10.egg-info/SOURCES.txt
[1.071s] -- Up-to-date: /home/ws/ugv_ws/install/teb_msgs/local/lib/python3.10/dist-packages/teb_msgs
[1.071s] -- Up-to-date: /home/ws/ugv_ws/install/teb_msgs/local/lib/python3.10/dist-packages/teb_msgs/msg
[1.071s] -- Up-to-date: /home/ws/ugv_ws/install/teb_msgs/local/lib/python3.10/dist-packages/teb_msgs/msg/_trajectory_point_msg.py
[1.071s] -- Up-to-date: /home/ws/ugv_ws/install/teb_msgs/local/lib/python3.10/dist-packages/teb_msgs/msg/_feedback_msg_s.c
[1.071s] -- Up-to-date: /home/ws/ugv_ws/install/teb_msgs/local/lib/python3.10/dist-packages/teb_msgs/msg/_feedback_msg.py
[1.072s] -- Up-to-date: /home/ws/ugv_ws/install/teb_msgs/local/lib/python3.10/dist-packages/teb_msgs/msg/_trajectory_msg_s.c
[1.072s] -- Up-to-date: /home/ws/ugv_ws/install/teb_msgs/local/lib/python3.10/dist-packages/teb_msgs/msg/_trajectory_msg.py
[1.072s] -- Up-to-date: /home/ws/ugv_ws/install/teb_msgs/local/lib/python3.10/dist-packages/teb_msgs/msg/__init__.py
[1.072s] -- Up-to-date: /home/ws/ugv_ws/install/teb_msgs/local/lib/python3.10/dist-packages/teb_msgs/msg/_trajectory_point_msg_s.c
[1.072s] -- Up-to-date: /home/ws/ugv_ws/install/teb_msgs/local/lib/python3.10/dist-packages/teb_msgs/teb_msgs_s__rosidl_typesupport_introspection_c.cpython-310-aarch64-linux-gnu.so
[1.072s] -- Up-to-date: /home/ws/ugv_ws/install/teb_msgs/local/lib/python3.10/dist-packages/teb_msgs/teb_msgs_s__rosidl_typesupport_fastrtps_c.cpython-310-aarch64-linux-gnu.so
[1.072s] -- Up-to-date: /home/ws/ugv_ws/install/teb_msgs/local/lib/python3.10/dist-packages/teb_msgs/_teb_msgs_s.ep.rosidl_typesupport_c.c
[1.072s] -- Up-to-date: /home/ws/ugv_ws/install/teb_msgs/local/lib/python3.10/dist-packages/teb_msgs/teb_msgs_s__rosidl_typesupport_c.cpython-310-aarch64-linux-gnu.so
[1.073s] -- Up-to-date: /home/ws/ugv_ws/install/teb_msgs/local/lib/python3.10/dist-packages/teb_msgs/_teb_msgs_s.ep.rosidl_typesupport_introspection_c.c
[1.073s] -- Up-to-date: /home/ws/ugv_ws/install/teb_msgs/local/lib/python3.10/dist-packages/teb_msgs/__init__.py
[1.073s] -- Up-to-date: /home/ws/ugv_ws/install/teb_msgs/local/lib/python3.10/dist-packages/teb_msgs/libteb_msgs__rosidl_generator_py.so
[1.073s] -- Up-to-date: /home/ws/ugv_ws/install/teb_msgs/local/lib/python3.10/dist-packages/teb_msgs/_teb_msgs_s.ep.rosidl_typesupport_fastrtps_c.c
[1.145s] Listing '/home/ws/ugv_ws/install/teb_msgs/local/lib/python3.10/dist-packages/teb_msgs'...
[1.145s] Listing '/home/ws/ugv_ws/install/teb_msgs/local/lib/python3.10/dist-packages/teb_msgs/msg'...
[1.156s] -- Up-to-date: /home/ws/ugv_ws/install/teb_msgs/local/lib/python3.10/dist-packages/teb_msgs/teb_msgs_s__rosidl_typesupport_fastrtps_c.cpython-310-aarch64-linux-gnu.so
[1.158s] -- Up-to-date: /home/ws/ugv_ws/install/teb_msgs/local/lib/python3.10/dist-packages/teb_msgs/teb_msgs_s__rosidl_typesupport_introspection_c.cpython-310-aarch64-linux-gnu.so
[1.160s] -- Up-to-date: /home/ws/ugv_ws/install/teb_msgs/local/lib/python3.10/dist-packages/teb_msgs/teb_msgs_s__rosidl_typesupport_c.cpython-310-aarch64-linux-gnu.so
[1.164s] -- Up-to-date: /home/ws/ugv_ws/install/teb_msgs/lib/libteb_msgs__rosidl_generator_py.so
[1.165s] -- Up-to-date: /home/ws/ugv_ws/install/teb_msgs/share/teb_msgs/msg/FeedbackMsg.idl
[1.165s] -- Up-to-date: /home/ws/ugv_ws/install/teb_msgs/share/teb_msgs/msg/TrajectoryMsg.idl
[1.166s] -- Up-to-date: /home/ws/ugv_ws/install/teb_msgs/share/teb_msgs/msg/TrajectoryPointMsg.idl
[1.166s] -- Up-to-date: /home/ws/ugv_ws/install/teb_msgs/share/teb_msgs/msg/FeedbackMsg.msg
[1.166s] -- Up-to-date: /home/ws/ugv_ws/install/teb_msgs/share/teb_msgs/msg/TrajectoryMsg.msg
[1.166s] -- Up-to-date: /home/ws/ugv_ws/install/teb_msgs/share/teb_msgs/msg/TrajectoryPointMsg.msg
[1.169s] -- Up-to-date: /home/ws/ugv_ws/install/teb_msgs/share/ament_index/resource_index/package_run_dependencies/teb_msgs
[1.169s] -- Up-to-date: /home/ws/ugv_ws/install/teb_msgs/share/ament_index/resource_index/parent_prefix_path/teb_msgs
[1.169s] -- Up-to-date: /home/ws/ugv_ws/install/teb_msgs/share/teb_msgs/environment/ament_prefix_path.sh
[1.169s] -- Up-to-date: /home/ws/ugv_ws/install/teb_msgs/share/teb_msgs/environment/ament_prefix_path.dsv
[1.169s] -- Up-to-date: /home/ws/ugv_ws/install/teb_msgs/share/teb_msgs/environment/path.sh
[1.170s] -- Up-to-date: /home/ws/ugv_ws/install/teb_msgs/share/teb_msgs/environment/path.dsv
[1.170s] -- Up-to-date: /home/ws/ugv_ws/install/teb_msgs/share/teb_msgs/local_setup.bash
[1.170s] -- Up-to-date: /home/ws/ugv_ws/install/teb_msgs/share/teb_msgs/local_setup.sh
[1.170s] -- Up-to-date: /home/ws/ugv_ws/install/teb_msgs/share/teb_msgs/local_setup.zsh
[1.170s] -- Up-to-date: /home/ws/ugv_ws/install/teb_msgs/share/teb_msgs/local_setup.dsv
[1.171s] -- Installing: /home/ws/ugv_ws/install/teb_msgs/share/teb_msgs/package.dsv
[1.171s] -- Up-to-date: /home/ws/ugv_ws/install/teb_msgs/share/ament_index/resource_index/packages/teb_msgs
[1.178s] -- Up-to-date: /home/ws/ugv_ws/install/teb_msgs/share/teb_msgs/cmake/export_teb_msgs__rosidl_generator_cExport.cmake
[1.178s] -- Up-to-date: /home/ws/ugv_ws/install/teb_msgs/share/teb_msgs/cmake/export_teb_msgs__rosidl_generator_cExport-noconfig.cmake
[1.179s] -- Up-to-date: /home/ws/ugv_ws/install/teb_msgs/share/teb_msgs/cmake/export_teb_msgs__rosidl_typesupport_fastrtps_cExport.cmake
[1.180s] -- Up-to-date: /home/ws/ugv_ws/install/teb_msgs/share/teb_msgs/cmake/export_teb_msgs__rosidl_typesupport_fastrtps_cExport-noconfig.cmake
[1.189s] -- Up-to-date: /home/ws/ugv_ws/install/teb_msgs/share/teb_msgs/cmake/export_teb_msgs__rosidl_generator_cppExport.cmake
[1.191s] -- Up-to-date: /home/ws/ugv_ws/install/teb_msgs/share/teb_msgs/cmake/export_teb_msgs__rosidl_typesupport_fastrtps_cppExport.cmake
[1.193s] -- Up-to-date: /home/ws/ugv_ws/install/teb_msgs/share/teb_msgs/cmake/export_teb_msgs__rosidl_typesupport_fastrtps_cppExport-noconfig.cmake
[1.193s] -- Up-to-date: /home/ws/ugv_ws/install/teb_msgs/share/teb_msgs/cmake/teb_msgs__rosidl_typesupport_introspection_cExport.cmake
[1.194s] -- Up-to-date: /home/ws/ugv_ws/install/teb_msgs/share/teb_msgs/cmake/teb_msgs__rosidl_typesupport_introspection_cExport-noconfig.cmake
[1.201s] -- Up-to-date: /home/ws/ugv_ws/install/teb_msgs/share/teb_msgs/cmake/teb_msgs__rosidl_typesupport_cExport.cmake
[1.201s] -- Up-to-date: /home/ws/ugv_ws/install/teb_msgs/share/teb_msgs/cmake/teb_msgs__rosidl_typesupport_cExport-noconfig.cmake
[1.207s] -- Up-to-date: /home/ws/ugv_ws/install/teb_msgs/share/teb_msgs/cmake/teb_msgs__rosidl_typesupport_introspection_cppExport.cmake
[1.207s] -- Up-to-date: /home/ws/ugv_ws/install/teb_msgs/share/teb_msgs/cmake/teb_msgs__rosidl_typesupport_introspection_cppExport-noconfig.cmake
[1.211s] -- Up-to-date: /home/ws/ugv_ws/install/teb_msgs/share/teb_msgs/cmake/teb_msgs__rosidl_typesupport_cppExport.cmake
[1.211s] -- Up-to-date: /home/ws/ugv_ws/install/teb_msgs/share/teb_msgs/cmake/teb_msgs__rosidl_typesupport_cppExport-noconfig.cmake
[1.213s] -- Up-to-date: /home/ws/ugv_ws/install/teb_msgs/share/teb_msgs/cmake/export_teb_msgs__rosidl_generator_pyExport.cmake
[1.214s] -- Up-to-date: /home/ws/ugv_ws/install/teb_msgs/share/teb_msgs/cmake/export_teb_msgs__rosidl_generator_pyExport-noconfig.cmake
[1.214s] -- Up-to-date: /home/ws/ugv_ws/install/teb_msgs/share/teb_msgs/cmake/rosidl_cmake-extras.cmake
[1.214s] -- Up-to-date: /home/ws/ugv_ws/install/teb_msgs/share/teb_msgs/cmake/ament_cmake_export_dependencies-extras.cmake
[1.214s] -- Up-to-date: /home/ws/ugv_ws/install/teb_msgs/share/teb_msgs/cmake/ament_cmake_export_include_directories-extras.cmake
[1.215s] -- Up-to-date: /home/ws/ugv_ws/install/teb_msgs/share/teb_msgs/cmake/ament_cmake_export_libraries-extras.cmake
[1.215s] -- Up-to-date: /home/ws/ugv_ws/install/teb_msgs/share/teb_msgs/cmake/ament_cmake_export_targets-extras.cmake
[1.215s] -- Up-to-date: /home/ws/ugv_ws/install/teb_msgs/share/teb_msgs/cmake/rosidl_cmake_export_typesupport_targets-extras.cmake
[1.215s] -- Up-to-date: /home/ws/ugv_ws/install/teb_msgs/share/teb_msgs/cmake/rosidl_cmake_export_typesupport_libraries-extras.cmake
[1.215s] -- Up-to-date: /home/ws/ugv_ws/install/teb_msgs/share/teb_msgs/cmake/teb_msgsConfig.cmake
[1.216s] -- Up-to-date: /home/ws/ugv_ws/install/teb_msgs/share/teb_msgs/cmake/teb_msgsConfig-version.cmake
[1.216s] -- Up-to-date: /home/ws/ugv_ws/install/teb_msgs/share/teb_msgs/package.xml
[1.224s] Invoked command in '/home/ws/ugv_ws/build/teb_msgs' returned '0': CMAKE_PREFIX_PATH=/home/ws/ugv_ws/install/costmap_converter_msgs:/home/ws/ugv_ws/install/vizanti:/home/ws/ugv_ws/install/vizanti_server:/home/ws/ugv_ws/install/vizanti_demos:/home/ws/ugv_ws/install/vizanti_msgs:/home/ws/ugv_ws/install/vizanti_cpp:/home/ws/ugv_ws/install/ugv_slam:/home/ws/ugv_ws/install/ugv_nav:/home/ws/ugv_ws/install/ugv_interface:/home/ws/ugv_ws/install/ugv_gazebo:/home/ws/ugv_ws/install/ugv_description:/home/ws/ugv_ws/install/ugv_base_node:/home/ws/ugv_ws/install/teb_local_planner:/home/ws/ugv_ws/install/teb_msgs:/home/ws/ugv_ws/install/slam_gmapping:/home/ws/ugv_ws/install/robot_pose_publisher:/home/ws/ugv_ws/install/rf2o_laser_odometry:/home/ws/ugv_ws/install/openslam_gmapping:/home/ws/ugv_ws/install/ldlidar:/home/ws/ugv_ws/install/explore_lite:/home/ws/ugv_ws/install/emcl2:/home/ws/ugv_ws/install/costmap_converter:/home/ws/ugv_ws/install/cartographer:/home/ws/ugv_ws/install/apriltag_ros:/home/ws/ugv_ws/install/apriltag_msgs:/home/ws/ugv_ws/install/apriltag:/home/ws/ugv_ws/install/ugv_web_app:/home/ws/ugv_ws/install/ugv_vision:/home/ws/ugv_ws/install/ugv_tools:/home/ws/ugv_ws/install/ugv_chat_ai:/home/ws/ugv_ws/install/ugv_bringup:/opt/ros/humble LD_LIBRARY_PATH=/home/ws/ugv_ws/install/costmap_converter_msgs/lib:/home/ws/ugv_ws/install/vizanti_msgs/lib:/home/ws/ugv_ws/install/ugv_interface/lib:/home/ws/ugv_ws/install/teb_local_planner/lib:/home/ws/ugv_ws/install/teb_msgs/lib:/home/ws/ugv_ws/install/openslam_gmapping/lib:/home/ws/ugv_ws/install/costmap_converter/lib:/home/ws/ugv_ws/install/apriltag_ros/lib:/home/ws/ugv_ws/install/apriltag_msgs/lib:/home/ws/ugv_ws/install/apriltag/lib:/opt/ros/humble/opt/rviz_ogre_vendor/lib:/opt/ros/humble/lib/aarch64-linux-gnu:/opt/ros/humble/lib /usr/bin/cmake --install /home/ws/ugv_ws/build/teb_msgs
