[0.054s] Invoking command in '/home/ws/ugv_ws/build/audio_utils_msgs': CMAKE_PREFIX_PATH=${CMAKE_PREFIX_PATH}:/home/ws/ugv_ws/install/ugv_web_app:/home/ws/ugv_ws/install/ugv_vision:/home/ws/ugv_ws/install/ugv_tools:/home/ws/ugv_ws/install/ugv_chat_ai:/home/ws/ugv_ws/install/ugv_bringup:/home/ws/ugv_ws/install/robot_pose_publisher:/home/ws/ugv_roarm_ws/install/ugv_roarm_bringup:/home/ws/roarm_ws/install/roarm_driver:/opt/ros/humble /usr/bin/cmake --build /home/ws/ugv_ws/build/audio_utils_msgs -- -j4 -l4
[0.224s] [  2%] Built target audio_utils_msgs__cpp
[0.231s] [ 12%] Built target audio_utils_msgs__rosidl_generator_c
[0.260s] [ 12%] Built target ament_cmake_python_symlink_audio_utils_msgs
[0.269s] [35m[1mConsolidate compiler generated dependencies of target audio_utils_msgs__rosidl_typesupport_fastrtps_cpp[0m
[0.271s] [35m[1mConsolidate compiler generated dependencies of target audio_utils_msgs__rosidl_typesupport_introspection_cpp[0m
[0.290s] [35m[1mConsolidate compiler generated dependencies of target audio_utils_msgs__rosidl_typesupport_cpp[0m
[0.305s] [35m[1mConsolidate compiler generated dependencies of target audio_utils_msgs__rosidl_typesupport_fastrtps_c[0m
[0.322s] [ 23%] Built target audio_utils_msgs__rosidl_typesupport_fastrtps_cpp
[0.349s] [ 33%] Built target audio_utils_msgs__rosidl_typesupport_introspection_cpp
[0.357s] [ 53%] Built target audio_utils_msgs__rosidl_typesupport_cpp
[0.358s] [ 53%] Built target audio_utils_msgs__rosidl_typesupport_fastrtps_c
[0.371s] [35m[1mConsolidate compiler generated dependencies of target audio_utils_msgs__rosidl_typesupport_introspection_c[0m
[0.385s] [35m[1mConsolidate compiler generated dependencies of target audio_utils_msgs__rosidl_typesupport_c[0m
[0.427s] [ 64%] Built target audio_utils_msgs__rosidl_typesupport_introspection_c
[0.433s] [ 74%] Built target audio_utils_msgs__rosidl_typesupport_c
[0.500s] [ 74%] Built target audio_utils_msgs
[0.578s] [ 76%] Built target audio_utils_msgs__py
[0.631s] [35m[1mConsolidate compiler generated dependencies of target audio_utils_msgs__rosidl_generator_py[0m
[0.680s] [ 84%] Built target audio_utils_msgs__rosidl_generator_py
[0.717s] [35m[1mConsolidate compiler generated dependencies of target audio_utils_msgs__rosidl_typesupport_fastrtps_c__pyext[0m
[0.725s] [35m[1mConsolidate compiler generated dependencies of target audio_utils_msgs__rosidl_typesupport_c__pyext[0m
[0.745s] [35m[1mConsolidate compiler generated dependencies of target audio_utils_msgs__rosidl_typesupport_introspection_c__pyext[0m
[0.781s] [ 89%] Built target audio_utils_msgs__rosidl_typesupport_c__pyext
[0.782s] [ 94%] Built target audio_utils_msgs__rosidl_typesupport_fastrtps_c__pyext
[0.794s] [100%] Built target audio_utils_msgs__rosidl_typesupport_introspection_c__pyext
[1.509s] running egg_info
[1.513s] writing audio_utils_msgs.egg-info/PKG-INFO
[1.513s] writing dependency_links to audio_utils_msgs.egg-info/dependency_links.txt
[1.516s] writing top-level names to audio_utils_msgs.egg-info/top_level.txt
[1.524s] reading manifest file 'audio_utils_msgs.egg-info/SOURCES.txt'
[1.526s] writing manifest file 'audio_utils_msgs.egg-info/SOURCES.txt'
[1.637s] [100%] Built target ament_cmake_python_build_audio_utils_msgs_egg
[1.681s] Invoked command in '/home/ws/ugv_ws/build/audio_utils_msgs' returned '0': CMAKE_PREFIX_PATH=${CMAKE_PREFIX_PATH}:/home/ws/ugv_ws/install/ugv_web_app:/home/ws/ugv_ws/install/ugv_vision:/home/ws/ugv_ws/install/ugv_tools:/home/ws/ugv_ws/install/ugv_chat_ai:/home/ws/ugv_ws/install/ugv_bringup:/home/ws/ugv_ws/install/robot_pose_publisher:/home/ws/ugv_roarm_ws/install/ugv_roarm_bringup:/home/ws/roarm_ws/install/roarm_driver:/opt/ros/humble /usr/bin/cmake --build /home/ws/ugv_ws/build/audio_utils_msgs -- -j4 -l4
[1.935s] Invoking command in '/home/ws/ugv_ws/build/audio_utils_msgs': CMAKE_PREFIX_PATH=${CMAKE_PREFIX_PATH}:/home/ws/ugv_ws/install/ugv_web_app:/home/ws/ugv_ws/install/ugv_vision:/home/ws/ugv_ws/install/ugv_tools:/home/ws/ugv_ws/install/ugv_chat_ai:/home/ws/ugv_ws/install/ugv_bringup:/home/ws/ugv_ws/install/robot_pose_publisher:/home/ws/ugv_roarm_ws/install/ugv_roarm_bringup:/home/ws/roarm_ws/install/roarm_driver:/opt/ros/humble /usr/bin/cmake --install /home/ws/ugv_ws/build/audio_utils_msgs
[1.960s] -- Install configuration: "Debug"
[1.962s] -- Execute custom install script
[1.963s] -- Up-to-date symlink: /home/ws/ugv_ws/install/audio_utils_msgs/share/ament_index/resource_index/rosidl_interfaces/audio_utils_msgs
[1.965s] -- Up-to-date symlink: /home/ws/ugv_ws/install/audio_utils_msgs/include/audio_utils_msgs/audio_utils_msgs/msg/audio_frame.h
[1.965s] -- Up-to-date symlink: /home/ws/ugv_ws/install/audio_utils_msgs/include/audio_utils_msgs/audio_utils_msgs/msg/detail/audio_frame__functions.h
[1.965s] -- Up-to-date symlink: /home/ws/ugv_ws/install/audio_utils_msgs/include/audio_utils_msgs/audio_utils_msgs/msg/detail/audio_frame__struct.h
[1.966s] -- Up-to-date symlink: /home/ws/ugv_ws/install/audio_utils_msgs/include/audio_utils_msgs/audio_utils_msgs/msg/detail/audio_frame__type_support.h
[1.966s] -- Up-to-date symlink: /home/ws/ugv_ws/install/audio_utils_msgs/include/audio_utils_msgs/audio_utils_msgs/msg/detail/voice_activity__functions.h
[1.967s] -- Up-to-date symlink: /home/ws/ugv_ws/install/audio_utils_msgs/include/audio_utils_msgs/audio_utils_msgs/msg/detail/voice_activity__struct.h
[1.967s] -- Up-to-date symlink: /home/ws/ugv_ws/install/audio_utils_msgs/include/audio_utils_msgs/audio_utils_msgs/msg/detail/voice_activity__type_support.h
[1.967s] -- Up-to-date symlink: /home/ws/ugv_ws/install/audio_utils_msgs/include/audio_utils_msgs/audio_utils_msgs/msg/rosidl_generator_c__visibility_control.h
[1.968s] -- Up-to-date symlink: /home/ws/ugv_ws/install/audio_utils_msgs/include/audio_utils_msgs/audio_utils_msgs/msg/voice_activity.h
[1.968s] -- Up-to-date symlink: /home/ws/ugv_ws/install/audio_utils_msgs/share/audio_utils_msgs/environment/library_path.sh
[1.968s] -- Up-to-date symlink: /home/ws/ugv_ws/install/audio_utils_msgs/share/audio_utils_msgs/environment/library_path.dsv
[1.972s] -- Up-to-date symlink: /home/ws/ugv_ws/install/audio_utils_msgs/include/audio_utils_msgs/audio_utils_msgs/msg/detail/audio_frame__rosidl_typesupport_fastrtps_c.h
[1.972s] -- Up-to-date symlink: /home/ws/ugv_ws/install/audio_utils_msgs/include/audio_utils_msgs/audio_utils_msgs/msg/detail/voice_activity__rosidl_typesupport_fastrtps_c.h
[1.973s] -- Up-to-date symlink: /home/ws/ugv_ws/install/audio_utils_msgs/include/audio_utils_msgs/audio_utils_msgs/msg/rosidl_typesupport_fastrtps_c__visibility_control.h
[1.973s] -- Up-to-date symlink: /home/ws/ugv_ws/install/audio_utils_msgs/include/audio_utils_msgs/audio_utils_msgs/msg/audio_frame.hpp
[1.973s] -- Up-to-date symlink: /home/ws/ugv_ws/install/audio_utils_msgs/include/audio_utils_msgs/audio_utils_msgs/msg/detail/audio_frame__builder.hpp
[1.973s] -- Up-to-date symlink: /home/ws/ugv_ws/install/audio_utils_msgs/include/audio_utils_msgs/audio_utils_msgs/msg/detail/audio_frame__struct.hpp
[1.974s] -- Up-to-date symlink: /home/ws/ugv_ws/install/audio_utils_msgs/include/audio_utils_msgs/audio_utils_msgs/msg/detail/audio_frame__traits.hpp
[1.974s] -- Up-to-date symlink: /home/ws/ugv_ws/install/audio_utils_msgs/include/audio_utils_msgs/audio_utils_msgs/msg/detail/voice_activity__builder.hpp
[1.974s] -- Up-to-date symlink: /home/ws/ugv_ws/install/audio_utils_msgs/include/audio_utils_msgs/audio_utils_msgs/msg/detail/voice_activity__struct.hpp
[1.975s] -- Up-to-date symlink: /home/ws/ugv_ws/install/audio_utils_msgs/include/audio_utils_msgs/audio_utils_msgs/msg/detail/voice_activity__traits.hpp
[1.975s] -- Up-to-date symlink: /home/ws/ugv_ws/install/audio_utils_msgs/include/audio_utils_msgs/audio_utils_msgs/msg/voice_activity.hpp
[1.975s] -- Up-to-date symlink: /home/ws/ugv_ws/install/audio_utils_msgs/include/audio_utils_msgs/audio_utils_msgs/msg/detail/audio_frame__rosidl_typesupport_fastrtps_cpp.hpp
[1.976s] -- Up-to-date symlink: /home/ws/ugv_ws/install/audio_utils_msgs/include/audio_utils_msgs/audio_utils_msgs/msg/detail/voice_activity__rosidl_typesupport_fastrtps_cpp.hpp
[1.976s] -- Up-to-date symlink: /home/ws/ugv_ws/install/audio_utils_msgs/include/audio_utils_msgs/audio_utils_msgs/msg/rosidl_typesupport_fastrtps_cpp__visibility_control.h
[1.977s] -- Up-to-date symlink: /home/ws/ugv_ws/install/audio_utils_msgs/include/audio_utils_msgs/audio_utils_msgs/msg/detail/audio_frame__rosidl_typesupport_introspection_c.h
[1.977s] -- Up-to-date symlink: /home/ws/ugv_ws/install/audio_utils_msgs/include/audio_utils_msgs/audio_utils_msgs/msg/detail/voice_activity__rosidl_typesupport_introspection_c.h
[1.978s] -- Up-to-date symlink: /home/ws/ugv_ws/install/audio_utils_msgs/include/audio_utils_msgs/audio_utils_msgs/msg/rosidl_typesupport_introspection_c__visibility_control.h
[1.979s] -- Up-to-date symlink: /home/ws/ugv_ws/install/audio_utils_msgs/include/audio_utils_msgs/audio_utils_msgs/msg/detail/audio_frame__rosidl_typesupport_introspection_cpp.hpp
[1.979s] -- Up-to-date symlink: /home/ws/ugv_ws/install/audio_utils_msgs/include/audio_utils_msgs/audio_utils_msgs/msg/detail/voice_activity__rosidl_typesupport_introspection_cpp.hpp
[1.980s] -- Up-to-date symlink: /home/ws/ugv_ws/install/audio_utils_msgs/share/audio_utils_msgs/environment/pythonpath.sh
[1.980s] -- Up-to-date symlink: /home/ws/ugv_ws/install/audio_utils_msgs/share/audio_utils_msgs/environment/pythonpath.dsv
[1.981s] -- Up-to-date symlink: /home/ws/ugv_ws/install/audio_utils_msgs/local/lib/python3.10/dist-packages/audio_utils_msgs-0.0.0-py3.10.egg-info/PKG-INFO
[1.982s] -- Up-to-date symlink: /home/ws/ugv_ws/install/audio_utils_msgs/local/lib/python3.10/dist-packages/audio_utils_msgs-0.0.0-py3.10.egg-info/SOURCES.txt
[1.982s] -- Up-to-date symlink: /home/ws/ugv_ws/install/audio_utils_msgs/local/lib/python3.10/dist-packages/audio_utils_msgs-0.0.0-py3.10.egg-info/dependency_links.txt
[1.983s] -- Up-to-date symlink: /home/ws/ugv_ws/install/audio_utils_msgs/local/lib/python3.10/dist-packages/audio_utils_msgs-0.0.0-py3.10.egg-info/top_level.txt
[1.984s] -- Up-to-date symlink: /home/ws/ugv_ws/install/audio_utils_msgs/local/lib/python3.10/dist-packages/audio_utils_msgs/__init__.py
[1.985s] -- Up-to-date symlink: /home/ws/ugv_ws/install/audio_utils_msgs/local/lib/python3.10/dist-packages/audio_utils_msgs/_audio_utils_msgs_s.ep.rosidl_typesupport_c.c
[1.985s] -- Up-to-date symlink: /home/ws/ugv_ws/install/audio_utils_msgs/local/lib/python3.10/dist-packages/audio_utils_msgs/_audio_utils_msgs_s.ep.rosidl_typesupport_fastrtps_c.c
[1.986s] -- Up-to-date symlink: /home/ws/ugv_ws/install/audio_utils_msgs/local/lib/python3.10/dist-packages/audio_utils_msgs/_audio_utils_msgs_s.ep.rosidl_typesupport_introspection_c.c
[1.986s] -- Up-to-date symlink: /home/ws/ugv_ws/install/audio_utils_msgs/local/lib/python3.10/dist-packages/audio_utils_msgs/audio_utils_msgs_s__rosidl_typesupport_c.cpython-310-aarch64-linux-gnu.so
[1.986s] -- Up-to-date symlink: /home/ws/ugv_ws/install/audio_utils_msgs/local/lib/python3.10/dist-packages/audio_utils_msgs/audio_utils_msgs_s__rosidl_typesupport_fastrtps_c.cpython-310-aarch64-linux-gnu.so
[1.987s] -- Up-to-date symlink: /home/ws/ugv_ws/install/audio_utils_msgs/local/lib/python3.10/dist-packages/audio_utils_msgs/audio_utils_msgs_s__rosidl_typesupport_introspection_c.cpython-310-aarch64-linux-gnu.so
[1.987s] -- Up-to-date symlink: /home/ws/ugv_ws/install/audio_utils_msgs/local/lib/python3.10/dist-packages/audio_utils_msgs/libaudio_utils_msgs__rosidl_generator_py.so
[1.987s] -- Up-to-date symlink: /home/ws/ugv_ws/install/audio_utils_msgs/local/lib/python3.10/dist-packages/audio_utils_msgs/msg/__init__.py
[1.988s] -- Up-to-date symlink: /home/ws/ugv_ws/install/audio_utils_msgs/local/lib/python3.10/dist-packages/audio_utils_msgs/msg/_audio_frame.py
[1.988s] -- Up-to-date symlink: /home/ws/ugv_ws/install/audio_utils_msgs/local/lib/python3.10/dist-packages/audio_utils_msgs/msg/_audio_frame_s.c
[1.989s] -- Up-to-date symlink: /home/ws/ugv_ws/install/audio_utils_msgs/local/lib/python3.10/dist-packages/audio_utils_msgs/msg/_voice_activity.py
[1.989s] -- Up-to-date symlink: /home/ws/ugv_ws/install/audio_utils_msgs/local/lib/python3.10/dist-packages/audio_utils_msgs/msg/_voice_activity_s.c
[1.990s] -- Up-to-date symlink: /home/ws/ugv_ws/install/audio_utils_msgs/local/lib/python3.10/dist-packages/audio_utils_msgs/audio_utils_msgs_s__rosidl_typesupport_fastrtps_c.cpython-310-aarch64-linux-gnu.so
[1.992s] -- Up-to-date symlink: /home/ws/ugv_ws/install/audio_utils_msgs/local/lib/python3.10/dist-packages/audio_utils_msgs/audio_utils_msgs_s__rosidl_typesupport_introspection_c.cpython-310-aarch64-linux-gnu.so
[1.993s] -- Up-to-date symlink: /home/ws/ugv_ws/install/audio_utils_msgs/local/lib/python3.10/dist-packages/audio_utils_msgs/audio_utils_msgs_s__rosidl_typesupport_c.cpython-310-aarch64-linux-gnu.so
[1.993s] -- Up-to-date symlink: /home/ws/ugv_ws/install/audio_utils_msgs/share/audio_utils_msgs/msg/AudioFrame.idl
[1.993s] -- Up-to-date symlink: /home/ws/ugv_ws/install/audio_utils_msgs/share/audio_utils_msgs/msg/VoiceActivity.idl
[1.993s] -- Up-to-date symlink: /home/ws/ugv_ws/install/audio_utils_msgs/share/audio_utils_msgs/msg/AudioFrame.msg
[1.994s] -- Up-to-date symlink: /home/ws/ugv_ws/install/audio_utils_msgs/share/audio_utils_msgs/msg/VoiceActivity.msg
[1.994s] -- Up-to-date symlink: /home/ws/ugv_ws/install/audio_utils_msgs/share/ament_index/resource_index/package_run_dependencies/audio_utils_msgs
[1.995s] -- Up-to-date symlink: /home/ws/ugv_ws/install/audio_utils_msgs/share/ament_index/resource_index/parent_prefix_path/audio_utils_msgs
[1.995s] -- Up-to-date symlink: /home/ws/ugv_ws/install/audio_utils_msgs/share/audio_utils_msgs/environment/ament_prefix_path.sh
[1.995s] -- Up-to-date symlink: /home/ws/ugv_ws/install/audio_utils_msgs/share/audio_utils_msgs/environment/ament_prefix_path.dsv
[1.996s] -- Up-to-date symlink: /home/ws/ugv_ws/install/audio_utils_msgs/share/audio_utils_msgs/environment/path.sh
[1.996s] -- Up-to-date symlink: /home/ws/ugv_ws/install/audio_utils_msgs/share/audio_utils_msgs/environment/path.dsv
[1.997s] -- Up-to-date symlink: /home/ws/ugv_ws/install/audio_utils_msgs/share/audio_utils_msgs/local_setup.bash
[1.997s] -- Up-to-date symlink: /home/ws/ugv_ws/install/audio_utils_msgs/share/audio_utils_msgs/local_setup.sh
[1.998s] -- Up-to-date symlink: /home/ws/ugv_ws/install/audio_utils_msgs/share/audio_utils_msgs/local_setup.zsh
[1.998s] -- Up-to-date symlink: /home/ws/ugv_ws/install/audio_utils_msgs/share/audio_utils_msgs/local_setup.dsv
[1.999s] -- Symlinking: /home/ws/ugv_ws/install/audio_utils_msgs/share/audio_utils_msgs/package.dsv
[2.026s] -- Up-to-date symlink: /home/ws/ugv_ws/install/audio_utils_msgs/share/ament_index/resource_index/packages/audio_utils_msgs
[2.027s] -- Up-to-date symlink: /home/ws/ugv_ws/install/audio_utils_msgs/share/audio_utils_msgs/cmake/rosidl_cmake-extras.cmake
[2.027s] -- Up-to-date symlink: /home/ws/ugv_ws/install/audio_utils_msgs/share/audio_utils_msgs/cmake/ament_cmake_export_dependencies-extras.cmake
[2.028s] -- Up-to-date symlink: /home/ws/ugv_ws/install/audio_utils_msgs/share/audio_utils_msgs/cmake/ament_cmake_export_include_directories-extras.cmake
[2.028s] -- Up-to-date symlink: /home/ws/ugv_ws/install/audio_utils_msgs/share/audio_utils_msgs/cmake/ament_cmake_export_libraries-extras.cmake
[2.029s] -- Up-to-date symlink: /home/ws/ugv_ws/install/audio_utils_msgs/share/audio_utils_msgs/cmake/ament_cmake_export_targets-extras.cmake
[2.029s] -- Up-to-date symlink: /home/ws/ugv_ws/install/audio_utils_msgs/share/audio_utils_msgs/cmake/rosidl_cmake_export_typesupport_targets-extras.cmake
[2.030s] -- Up-to-date symlink: /home/ws/ugv_ws/install/audio_utils_msgs/share/audio_utils_msgs/cmake/rosidl_cmake_export_typesupport_libraries-extras.cmake
[2.030s] -- Up-to-date symlink: /home/ws/ugv_ws/install/audio_utils_msgs/share/audio_utils_msgs/cmake/audio_utils_msgsConfig.cmake
[2.031s] -- Up-to-date symlink: /home/ws/ugv_ws/install/audio_utils_msgs/share/audio_utils_msgs/cmake/audio_utils_msgsConfig-version.cmake
[2.031s] -- Up-to-date symlink: /home/ws/ugv_ws/install/audio_utils_msgs/share/audio_utils_msgs/package.xml
[2.032s] -- Up-to-date: /home/ws/ugv_ws/install/audio_utils_msgs/lib/libaudio_utils_msgs__rosidl_generator_c.so
[2.033s] -- Up-to-date: /home/ws/ugv_ws/install/audio_utils_msgs/lib/libaudio_utils_msgs__rosidl_typesupport_fastrtps_c.so
[2.034s] -- Up-to-date: /home/ws/ugv_ws/install/audio_utils_msgs/lib/libaudio_utils_msgs__rosidl_typesupport_fastrtps_cpp.so
[2.035s] -- Up-to-date: /home/ws/ugv_ws/install/audio_utils_msgs/lib/libaudio_utils_msgs__rosidl_typesupport_introspection_c.so
[2.035s] -- Up-to-date: /home/ws/ugv_ws/install/audio_utils_msgs/lib/libaudio_utils_msgs__rosidl_typesupport_c.so
[2.036s] -- Up-to-date: /home/ws/ugv_ws/install/audio_utils_msgs/lib/libaudio_utils_msgs__rosidl_typesupport_introspection_cpp.so
[2.037s] -- Up-to-date: /home/ws/ugv_ws/install/audio_utils_msgs/lib/libaudio_utils_msgs__rosidl_typesupport_cpp.so
[2.194s] Listing '/home/ws/ugv_ws/install/audio_utils_msgs/local/lib/python3.10/dist-packages/audio_utils_msgs'...
[2.195s] Listing '/home/ws/ugv_ws/install/audio_utils_msgs/local/lib/python3.10/dist-packages/audio_utils_msgs/msg'...
[2.214s] -- Up-to-date: /home/ws/ugv_ws/install/audio_utils_msgs/lib/libaudio_utils_msgs__rosidl_generator_py.so
[2.215s] -- Up-to-date: /home/ws/ugv_ws/install/audio_utils_msgs/share/audio_utils_msgs/cmake/export_audio_utils_msgs__rosidl_generator_cExport.cmake
[2.215s] -- Up-to-date: /home/ws/ugv_ws/install/audio_utils_msgs/share/audio_utils_msgs/cmake/export_audio_utils_msgs__rosidl_generator_cExport-debug.cmake
[2.216s] -- Up-to-date: /home/ws/ugv_ws/install/audio_utils_msgs/share/audio_utils_msgs/cmake/export_audio_utils_msgs__rosidl_typesupport_fastrtps_cExport.cmake
[2.217s] -- Up-to-date: /home/ws/ugv_ws/install/audio_utils_msgs/share/audio_utils_msgs/cmake/export_audio_utils_msgs__rosidl_typesupport_fastrtps_cExport-debug.cmake
[2.218s] -- Up-to-date: /home/ws/ugv_ws/install/audio_utils_msgs/share/audio_utils_msgs/cmake/export_audio_utils_msgs__rosidl_generator_cppExport.cmake
[2.218s] -- Up-to-date: /home/ws/ugv_ws/install/audio_utils_msgs/share/audio_utils_msgs/cmake/export_audio_utils_msgs__rosidl_typesupport_fastrtps_cppExport.cmake
[2.218s] -- Up-to-date: /home/ws/ugv_ws/install/audio_utils_msgs/share/audio_utils_msgs/cmake/export_audio_utils_msgs__rosidl_typesupport_fastrtps_cppExport-debug.cmake
[2.219s] -- Up-to-date: /home/ws/ugv_ws/install/audio_utils_msgs/share/audio_utils_msgs/cmake/audio_utils_msgs__rosidl_typesupport_introspection_cExport.cmake
[2.219s] -- Up-to-date: /home/ws/ugv_ws/install/audio_utils_msgs/share/audio_utils_msgs/cmake/audio_utils_msgs__rosidl_typesupport_introspection_cExport-debug.cmake
[2.219s] -- Up-to-date: /home/ws/ugv_ws/install/audio_utils_msgs/share/audio_utils_msgs/cmake/audio_utils_msgs__rosidl_typesupport_cExport.cmake
[2.220s] -- Up-to-date: /home/ws/ugv_ws/install/audio_utils_msgs/share/audio_utils_msgs/cmake/audio_utils_msgs__rosidl_typesupport_cExport-debug.cmake
[2.221s] -- Up-to-date: /home/ws/ugv_ws/install/audio_utils_msgs/share/audio_utils_msgs/cmake/audio_utils_msgs__rosidl_typesupport_introspection_cppExport.cmake
[2.221s] -- Up-to-date: /home/ws/ugv_ws/install/audio_utils_msgs/share/audio_utils_msgs/cmake/audio_utils_msgs__rosidl_typesupport_introspection_cppExport-debug.cmake
[2.221s] -- Up-to-date: /home/ws/ugv_ws/install/audio_utils_msgs/share/audio_utils_msgs/cmake/audio_utils_msgs__rosidl_typesupport_cppExport.cmake
[2.222s] -- Up-to-date: /home/ws/ugv_ws/install/audio_utils_msgs/share/audio_utils_msgs/cmake/audio_utils_msgs__rosidl_typesupport_cppExport-debug.cmake
[2.222s] -- Up-to-date: /home/ws/ugv_ws/install/audio_utils_msgs/share/audio_utils_msgs/cmake/export_audio_utils_msgs__rosidl_generator_pyExport.cmake
[2.223s] -- Up-to-date: /home/ws/ugv_ws/install/audio_utils_msgs/share/audio_utils_msgs/cmake/export_audio_utils_msgs__rosidl_generator_pyExport-debug.cmake
[2.225s] Invoked command in '/home/ws/ugv_ws/build/audio_utils_msgs' returned '0': CMAKE_PREFIX_PATH=${CMAKE_PREFIX_PATH}:/home/ws/ugv_ws/install/ugv_web_app:/home/ws/ugv_ws/install/ugv_vision:/home/ws/ugv_ws/install/ugv_tools:/home/ws/ugv_ws/install/ugv_chat_ai:/home/ws/ugv_ws/install/ugv_bringup:/home/ws/ugv_ws/install/robot_pose_publisher:/home/ws/ugv_roarm_ws/install/ugv_roarm_bringup:/home/ws/roarm_ws/install/roarm_driver:/opt/ros/humble /usr/bin/cmake --install /home/ws/ugv_ws/build/audio_utils_msgs
