[0.031s] Invoking command in '/home/ws/ugv_ws/build/vizanti_msgs': CMAKE_PREFIX_PATH=${CMAKE_PREFIX_PATH}:/home/ws/ugv_ws/install/ugv_web_app:/home/ws/ugv_ws/install/ugv_vision:/home/ws/ugv_ws/install/ugv_tools:/home/ws/ugv_ws/install/ugv_chat_ai:/home/ws/ugv_ws/install/ugv_bringup:/opt/ros/humble /usr/bin/cmake --build /home/ws/ugv_ws/build/vizanti_msgs -- -j4 -l4
[0.265s] -- Found ament_cmake: 1.3.10 (/opt/ros/humble/share/ament_cmake/cmake)
[0.638s] -- Found rosidl_default_generators: 1.2.0 (/opt/ros/humble/share/rosidl_default_generators/cmake)
[0.656s] -- Using all available rosidl_typesupport_c: rosidl_typesupport_fastrtps_c;rosidl_typesupport_introspection_c
[0.660s] -- Found rosidl_adapter: 3.1.5 (/opt/ros/humble/share/rosidl_adapter/cmake)
[0.734s] -- Using all available rosidl_typesupport_cpp: rosidl_typesupport_fastrtps_cpp;rosidl_typesupport_introspection_cpp
[0.778s] -- Found std_msgs: 4.2.4 (/opt/ros/humble/share/std_msgs/cmake)
[0.818s] -- Found nav_msgs: 4.2.4 (/opt/ros/humble/share/nav_msgs/cmake)
[0.881s] -- Found actionlib_msgs: 4.2.4 (/opt/ros/humble/share/actionlib_msgs/cmake)
[1.757s] -- Found ament_cmake_ros: 0.10.0 (/opt/ros/humble/share/ament_cmake_ros/cmake)
[2.794s] -- Using all available rosidl_typesupport_c: rosidl_typesupport_fastrtps_c;rosidl_typesupport_introspection_c
[4.143s] -- Using all available rosidl_typesupport_cpp: rosidl_typesupport_fastrtps_cpp;rosidl_typesupport_introspection_cpp
[4.229s] -- Found python_cmake_module: 0.10.0 (/opt/ros/humble/share/python_cmake_module/cmake)
[4.314s] -- Using PYTHON_EXECUTABLE: /usr/bin/python3
[4.314s] -- Using PYTHON_INCLUDE_DIRS: /usr/include/python3.10
[4.315s] -- Using PYTHON_LIBRARIES: /usr/lib/aarch64-linux-gnu/libpython3.10.so
[4.546s] -- Configuring done
[4.985s] -- Generating done
[5.039s] -- Build files have been written to: /home/ws/ugv_ws/build/vizanti_msgs
[5.267s] [35m[1mConsolidate compiler generated dependencies of target vizanti_msgs__rosidl_generator_c[0m
[5.273s] [  0%] Built target vizanti_msgs__cpp
[5.323s] [ 12%] Built target vizanti_msgs__rosidl_generator_c
[5.347s] [35m[1mConsolidate compiler generated dependencies of target vizanti_msgs__rosidl_typesupport_cpp[0m
[5.347s] [35m[1mConsolidate compiler generated dependencies of target vizanti_msgs__rosidl_typesupport_fastrtps_cpp[0m
[5.358s] [ 12%] Built target ament_cmake_python_copy_vizanti_msgs
[5.408s] [35m[1mConsolidate compiler generated dependencies of target vizanti_msgs__rosidl_typesupport_introspection_cpp[0m
[5.423s] [ 24%] Built target vizanti_msgs__rosidl_typesupport_cpp
[5.426s] [35m[1mConsolidate compiler generated dependencies of target vizanti_msgs__rosidl_typesupport_fastrtps_c[0m
[5.457s] [ 35%] Built target vizanti_msgs__rosidl_typesupport_fastrtps_cpp
[5.473s] [ 47%] Built target vizanti_msgs__rosidl_typesupport_introspection_cpp
[5.500s] [ 59%] Built target vizanti_msgs__rosidl_typesupport_fastrtps_c
[5.503s] [35m[1mConsolidate compiler generated dependencies of target vizanti_msgs__rosidl_typesupport_introspection_c[0m
[5.503s] [35m[1mConsolidate compiler generated dependencies of target vizanti_msgs__rosidl_typesupport_c[0m
[5.539s] [ 70%] Built target vizanti_msgs__rosidl_typesupport_c
[5.543s] [ 82%] Built target vizanti_msgs__rosidl_typesupport_introspection_c
[5.620s] [ 82%] Built target vizanti_msgs
[5.701s] [ 83%] Built target vizanti_msgs__py
[5.725s] [35m[1mConsolidate compiler generated dependencies of target vizanti_msgs__rosidl_generator_py[0m
[5.770s] [ 94%] Built target vizanti_msgs__rosidl_generator_py
[5.821s] [35m[1mConsolidate compiler generated dependencies of target vizanti_msgs__rosidl_typesupport_introspection_c__pyext[0m
[5.835s] [35m[1mConsolidate compiler generated dependencies of target vizanti_msgs__rosidl_typesupport_fastrtps_c__pyext[0m
[5.835s] [35m[1mConsolidate compiler generated dependencies of target vizanti_msgs__rosidl_typesupport_c__pyext[0m
[5.863s] [ 96%] Built target vizanti_msgs__rosidl_typesupport_fastrtps_c__pyext
[5.874s] [ 98%] Built target vizanti_msgs__rosidl_typesupport_introspection_c__pyext
[5.891s] [100%] Built target vizanti_msgs__rosidl_typesupport_c__pyext
[6.121s] running egg_info
[6.124s] writing vizanti_msgs.egg-info/PKG-INFO
[6.125s] writing dependency_links to vizanti_msgs.egg-info/dependency_links.txt
[6.125s] writing top-level names to vizanti_msgs.egg-info/top_level.txt
[6.135s] reading manifest file 'vizanti_msgs.egg-info/SOURCES.txt'
[6.135s] writing manifest file 'vizanti_msgs.egg-info/SOURCES.txt'
[6.237s] [100%] Built target ament_cmake_python_build_vizanti_msgs_egg
[6.259s] Invoked command in '/home/ws/ugv_ws/build/vizanti_msgs' returned '0': CMAKE_PREFIX_PATH=${CMAKE_PREFIX_PATH}:/home/ws/ugv_ws/install/ugv_web_app:/home/ws/ugv_ws/install/ugv_vision:/home/ws/ugv_ws/install/ugv_tools:/home/ws/ugv_ws/install/ugv_chat_ai:/home/ws/ugv_ws/install/ugv_bringup:/opt/ros/humble /usr/bin/cmake --build /home/ws/ugv_ws/build/vizanti_msgs -- -j4 -l4
[6.990s] Invoking command in '/home/ws/ugv_ws/build/vizanti_msgs': CMAKE_PREFIX_PATH=${CMAKE_PREFIX_PATH}:/home/ws/ugv_ws/install/ugv_web_app:/home/ws/ugv_ws/install/ugv_vision:/home/ws/ugv_ws/install/ugv_tools:/home/ws/ugv_ws/install/ugv_chat_ai:/home/ws/ugv_ws/install/ugv_bringup:/opt/ros/humble /usr/bin/cmake --install /home/ws/ugv_ws/build/vizanti_msgs
[7.002s] -- Install configuration: ""
[7.002s] -- Up-to-date: /home/ws/ugv_ws/install/vizanti_msgs/share/ament_index/resource_index/rosidl_interfaces/vizanti_msgs
[7.002s] -- Up-to-date: /home/ws/ugv_ws/install/vizanti_msgs/include/vizanti_msgs/vizanti_msgs
[7.002s] -- Up-to-date: /home/ws/ugv_ws/install/vizanti_msgs/include/vizanti_msgs/vizanti_msgs/msg
[7.003s] -- Up-to-date: /home/ws/ugv_ws/install/vizanti_msgs/include/vizanti_msgs/vizanti_msgs/msg/rosidl_generator_c__visibility_control.h
[7.003s] -- Up-to-date: /home/ws/ugv_ws/install/vizanti_msgs/include/vizanti_msgs/vizanti_msgs/srv
[7.003s] -- Up-to-date: /home/ws/ugv_ws/install/vizanti_msgs/include/vizanti_msgs/vizanti_msgs/srv/list_packages.h
[7.003s] -- Up-to-date: /home/ws/ugv_ws/install/vizanti_msgs/include/vizanti_msgs/vizanti_msgs/srv/launches.h
[7.003s] -- Up-to-date: /home/ws/ugv_ws/install/vizanti_msgs/include/vizanti_msgs/vizanti_msgs/srv/manage_node.h
[7.004s] -- Up-to-date: /home/ws/ugv_ws/install/vizanti_msgs/include/vizanti_msgs/vizanti_msgs/srv/set_node_parameter.h
[7.005s] -- Up-to-date: /home/ws/ugv_ws/install/vizanti_msgs/include/vizanti_msgs/vizanti_msgs/srv/record_rosbag.h
[7.005s] -- Up-to-date: /home/ws/ugv_ws/install/vizanti_msgs/include/vizanti_msgs/vizanti_msgs/srv/load_map.h
[7.005s] -- Up-to-date: /home/ws/ugv_ws/install/vizanti_msgs/include/vizanti_msgs/vizanti_msgs/srv/list_executables.h
[7.005s] -- Up-to-date: /home/ws/ugv_ws/install/vizanti_msgs/include/vizanti_msgs/vizanti_msgs/srv/detail
[7.005s] -- Up-to-date: /home/ws/ugv_ws/install/vizanti_msgs/include/vizanti_msgs/vizanti_msgs/srv/detail/manage_node__functions.c
[7.005s] -- Up-to-date: /home/ws/ugv_ws/install/vizanti_msgs/include/vizanti_msgs/vizanti_msgs/srv/detail/set_node_parameter__type_support.h
[7.005s] -- Up-to-date: /home/ws/ugv_ws/install/vizanti_msgs/include/vizanti_msgs/vizanti_msgs/srv/detail/set_node_parameter__functions.h
[7.005s] -- Up-to-date: /home/ws/ugv_ws/install/vizanti_msgs/include/vizanti_msgs/vizanti_msgs/srv/detail/manage_launch__struct.h
[7.005s] -- Up-to-date: /home/ws/ugv_ws/install/vizanti_msgs/include/vizanti_msgs/vizanti_msgs/srv/detail/list_packages__type_support.h
[7.005s] -- Up-to-date: /home/ws/ugv_ws/install/vizanti_msgs/include/vizanti_msgs/vizanti_msgs/srv/detail/set_node_parameter__functions.c
[7.005s] -- Up-to-date: /home/ws/ugv_ws/install/vizanti_msgs/include/vizanti_msgs/vizanti_msgs/srv/detail/record_rosbag__functions.c
[7.005s] -- Up-to-date: /home/ws/ugv_ws/install/vizanti_msgs/include/vizanti_msgs/vizanti_msgs/srv/detail/launches__struct.h
[7.006s] -- Up-to-date: /home/ws/ugv_ws/install/vizanti_msgs/include/vizanti_msgs/vizanti_msgs/srv/detail/manage_node__struct.h
[7.006s] -- Up-to-date: /home/ws/ugv_ws/install/vizanti_msgs/include/vizanti_msgs/vizanti_msgs/srv/detail/record_rosbag__struct.h
[7.006s] -- Up-to-date: /home/ws/ugv_ws/install/vizanti_msgs/include/vizanti_msgs/vizanti_msgs/srv/detail/launches__functions.h
[7.006s] -- Up-to-date: /home/ws/ugv_ws/install/vizanti_msgs/include/vizanti_msgs/vizanti_msgs/srv/detail/get_node_parameters__functions.c
[7.006s] -- Up-to-date: /home/ws/ugv_ws/install/vizanti_msgs/include/vizanti_msgs/vizanti_msgs/srv/detail/manage_launch__type_support.h
[7.006s] -- Up-to-date: /home/ws/ugv_ws/install/vizanti_msgs/include/vizanti_msgs/vizanti_msgs/srv/detail/list_packages__struct.h
[7.006s] -- Up-to-date: /home/ws/ugv_ws/install/vizanti_msgs/include/vizanti_msgs/vizanti_msgs/srv/detail/record_rosbag__functions.h
[7.006s] -- Up-to-date: /home/ws/ugv_ws/install/vizanti_msgs/include/vizanti_msgs/vizanti_msgs/srv/detail/list_packages__functions.c
[7.006s] -- Up-to-date: /home/ws/ugv_ws/install/vizanti_msgs/include/vizanti_msgs/vizanti_msgs/srv/detail/list_executables__struct.h
[7.006s] -- Up-to-date: /home/ws/ugv_ws/install/vizanti_msgs/include/vizanti_msgs/vizanti_msgs/srv/detail/launches__type_support.h
[7.006s] -- Up-to-date: /home/ws/ugv_ws/install/vizanti_msgs/include/vizanti_msgs/vizanti_msgs/srv/detail/load_map__functions.h
[7.006s] -- Up-to-date: /home/ws/ugv_ws/install/vizanti_msgs/include/vizanti_msgs/vizanti_msgs/srv/detail/manage_node__functions.h
[7.006s] -- Up-to-date: /home/ws/ugv_ws/install/vizanti_msgs/include/vizanti_msgs/vizanti_msgs/srv/detail/load_map__type_support.h
[7.006s] -- Up-to-date: /home/ws/ugv_ws/install/vizanti_msgs/include/vizanti_msgs/vizanti_msgs/srv/detail/manage_launch__functions.h
[7.007s] -- Up-to-date: /home/ws/ugv_ws/install/vizanti_msgs/include/vizanti_msgs/vizanti_msgs/srv/detail/list_packages__functions.h
[7.007s] -- Up-to-date: /home/ws/ugv_ws/install/vizanti_msgs/include/vizanti_msgs/vizanti_msgs/srv/detail/save_map__functions.h
[7.007s] -- Up-to-date: /home/ws/ugv_ws/install/vizanti_msgs/include/vizanti_msgs/vizanti_msgs/srv/detail/get_node_parameters__struct.h
[7.007s] -- Up-to-date: /home/ws/ugv_ws/install/vizanti_msgs/include/vizanti_msgs/vizanti_msgs/srv/detail/load_map__functions.c
[7.007s] -- Up-to-date: /home/ws/ugv_ws/install/vizanti_msgs/include/vizanti_msgs/vizanti_msgs/srv/detail/get_node_parameters__functions.h
[7.007s] -- Up-to-date: /home/ws/ugv_ws/install/vizanti_msgs/include/vizanti_msgs/vizanti_msgs/srv/detail/set_node_parameter__struct.h
[7.007s] -- Up-to-date: /home/ws/ugv_ws/install/vizanti_msgs/include/vizanti_msgs/vizanti_msgs/srv/detail/save_map__type_support.h
[7.007s] -- Up-to-date: /home/ws/ugv_ws/install/vizanti_msgs/include/vizanti_msgs/vizanti_msgs/srv/detail/save_map__functions.c
[7.007s] -- Up-to-date: /home/ws/ugv_ws/install/vizanti_msgs/include/vizanti_msgs/vizanti_msgs/srv/detail/save_map__struct.h
[7.007s] -- Up-to-date: /home/ws/ugv_ws/install/vizanti_msgs/include/vizanti_msgs/vizanti_msgs/srv/detail/launches__functions.c
[7.007s] -- Up-to-date: /home/ws/ugv_ws/install/vizanti_msgs/include/vizanti_msgs/vizanti_msgs/srv/detail/manage_node__type_support.h
[7.007s] -- Up-to-date: /home/ws/ugv_ws/install/vizanti_msgs/include/vizanti_msgs/vizanti_msgs/srv/detail/list_executables__type_support.h
[7.007s] -- Up-to-date: /home/ws/ugv_ws/install/vizanti_msgs/include/vizanti_msgs/vizanti_msgs/srv/detail/load_map__struct.h
[7.007s] -- Up-to-date: /home/ws/ugv_ws/install/vizanti_msgs/include/vizanti_msgs/vizanti_msgs/srv/detail/record_rosbag__type_support.h
[7.007s] -- Up-to-date: /home/ws/ugv_ws/install/vizanti_msgs/include/vizanti_msgs/vizanti_msgs/srv/detail/list_executables__functions.h
[7.007s] -- Up-to-date: /home/ws/ugv_ws/install/vizanti_msgs/include/vizanti_msgs/vizanti_msgs/srv/detail/manage_launch__functions.c
[7.007s] -- Up-to-date: /home/ws/ugv_ws/install/vizanti_msgs/include/vizanti_msgs/vizanti_msgs/srv/detail/list_executables__functions.c
[7.008s] -- Up-to-date: /home/ws/ugv_ws/install/vizanti_msgs/include/vizanti_msgs/vizanti_msgs/srv/detail/get_node_parameters__type_support.h
[7.008s] -- Up-to-date: /home/ws/ugv_ws/install/vizanti_msgs/include/vizanti_msgs/vizanti_msgs/srv/save_map.h
[7.008s] -- Up-to-date: /home/ws/ugv_ws/install/vizanti_msgs/include/vizanti_msgs/vizanti_msgs/srv/get_node_parameters.h
[7.008s] -- Up-to-date: /home/ws/ugv_ws/install/vizanti_msgs/include/vizanti_msgs/vizanti_msgs/srv/manage_launch.h
[7.008s] -- Up-to-date: /home/ws/ugv_ws/install/vizanti_msgs/share/vizanti_msgs/environment/library_path.sh
[7.008s] -- Installing: /home/ws/ugv_ws/install/vizanti_msgs/share/vizanti_msgs/environment/library_path.dsv
[7.038s] -- Up-to-date: /home/ws/ugv_ws/install/vizanti_msgs/lib/libvizanti_msgs__rosidl_generator_c.so
[7.038s] -- Up-to-date: /home/ws/ugv_ws/install/vizanti_msgs/include/vizanti_msgs/vizanti_msgs
[7.038s] -- Up-to-date: /home/ws/ugv_ws/install/vizanti_msgs/include/vizanti_msgs/vizanti_msgs/msg
[7.039s] -- Up-to-date: /home/ws/ugv_ws/install/vizanti_msgs/include/vizanti_msgs/vizanti_msgs/msg/rosidl_typesupport_fastrtps_c__visibility_control.h
[7.041s] -- Up-to-date: /home/ws/ugv_ws/install/vizanti_msgs/include/vizanti_msgs/vizanti_msgs/srv
[7.041s] -- Up-to-date: /home/ws/ugv_ws/install/vizanti_msgs/include/vizanti_msgs/vizanti_msgs/srv/detail
[7.041s] -- Up-to-date: /home/ws/ugv_ws/install/vizanti_msgs/include/vizanti_msgs/vizanti_msgs/srv/detail/manage_launch__rosidl_typesupport_fastrtps_c.h
[7.041s] -- Up-to-date: /home/ws/ugv_ws/install/vizanti_msgs/include/vizanti_msgs/vizanti_msgs/srv/detail/manage_node__rosidl_typesupport_fastrtps_c.h
[7.041s] -- Up-to-date: /home/ws/ugv_ws/install/vizanti_msgs/include/vizanti_msgs/vizanti_msgs/srv/detail/launches__rosidl_typesupport_fastrtps_c.h
[7.041s] -- Up-to-date: /home/ws/ugv_ws/install/vizanti_msgs/include/vizanti_msgs/vizanti_msgs/srv/detail/record_rosbag__rosidl_typesupport_fastrtps_c.h
[7.041s] -- Up-to-date: /home/ws/ugv_ws/install/vizanti_msgs/include/vizanti_msgs/vizanti_msgs/srv/detail/list_packages__rosidl_typesupport_fastrtps_c.h
[7.041s] -- Up-to-date: /home/ws/ugv_ws/install/vizanti_msgs/include/vizanti_msgs/vizanti_msgs/srv/detail/load_map__rosidl_typesupport_fastrtps_c.h
[7.042s] -- Up-to-date: /home/ws/ugv_ws/install/vizanti_msgs/include/vizanti_msgs/vizanti_msgs/srv/detail/list_executables__rosidl_typesupport_fastrtps_c.h
[7.042s] -- Up-to-date: /home/ws/ugv_ws/install/vizanti_msgs/include/vizanti_msgs/vizanti_msgs/srv/detail/get_node_parameters__rosidl_typesupport_fastrtps_c.h
[7.042s] -- Up-to-date: /home/ws/ugv_ws/install/vizanti_msgs/include/vizanti_msgs/vizanti_msgs/srv/detail/save_map__rosidl_typesupport_fastrtps_c.h
[7.042s] -- Up-to-date: /home/ws/ugv_ws/install/vizanti_msgs/include/vizanti_msgs/vizanti_msgs/srv/detail/set_node_parameter__rosidl_typesupport_fastrtps_c.h
[7.043s] -- Up-to-date: /home/ws/ugv_ws/install/vizanti_msgs/lib/libvizanti_msgs__rosidl_typesupport_fastrtps_c.so
[7.043s] -- Up-to-date: /home/ws/ugv_ws/install/vizanti_msgs/include/vizanti_msgs/vizanti_msgs
[7.043s] -- Up-to-date: /home/ws/ugv_ws/install/vizanti_msgs/include/vizanti_msgs/vizanti_msgs/msg
[7.044s] -- Up-to-date: /home/ws/ugv_ws/install/vizanti_msgs/include/vizanti_msgs/vizanti_msgs/msg/rosidl_typesupport_introspection_c__visibility_control.h
[7.044s] -- Up-to-date: /home/ws/ugv_ws/install/vizanti_msgs/include/vizanti_msgs/vizanti_msgs/srv
[7.044s] -- Up-to-date: /home/ws/ugv_ws/install/vizanti_msgs/include/vizanti_msgs/vizanti_msgs/srv/detail
[7.044s] -- Up-to-date: /home/ws/ugv_ws/install/vizanti_msgs/include/vizanti_msgs/vizanti_msgs/srv/detail/record_rosbag__rosidl_typesupport_introspection_c.h
[7.044s] -- Up-to-date: /home/ws/ugv_ws/install/vizanti_msgs/include/vizanti_msgs/vizanti_msgs/srv/detail/list_packages__type_support.c
[7.044s] -- Up-to-date: /home/ws/ugv_ws/install/vizanti_msgs/include/vizanti_msgs/vizanti_msgs/srv/detail/launches__type_support.c
[7.044s] -- Up-to-date: /home/ws/ugv_ws/install/vizanti_msgs/include/vizanti_msgs/vizanti_msgs/srv/detail/launches__rosidl_typesupport_introspection_c.h
[7.044s] -- Up-to-date: /home/ws/ugv_ws/install/vizanti_msgs/include/vizanti_msgs/vizanti_msgs/srv/detail/set_node_parameter__rosidl_typesupport_introspection_c.h
[7.044s] -- Up-to-date: /home/ws/ugv_ws/install/vizanti_msgs/include/vizanti_msgs/vizanti_msgs/srv/detail/set_node_parameter__type_support.c
[7.045s] -- Up-to-date: /home/ws/ugv_ws/install/vizanti_msgs/include/vizanti_msgs/vizanti_msgs/srv/detail/get_node_parameters__type_support.c
[7.045s] -- Up-to-date: /home/ws/ugv_ws/install/vizanti_msgs/include/vizanti_msgs/vizanti_msgs/srv/detail/load_map__rosidl_typesupport_introspection_c.h
[7.045s] -- Up-to-date: /home/ws/ugv_ws/install/vizanti_msgs/include/vizanti_msgs/vizanti_msgs/srv/detail/list_executables__rosidl_typesupport_introspection_c.h
[7.045s] -- Up-to-date: /home/ws/ugv_ws/install/vizanti_msgs/include/vizanti_msgs/vizanti_msgs/srv/detail/manage_launch__rosidl_typesupport_introspection_c.h
[7.045s] -- Up-to-date: /home/ws/ugv_ws/install/vizanti_msgs/include/vizanti_msgs/vizanti_msgs/srv/detail/manage_node__type_support.c
[7.045s] -- Up-to-date: /home/ws/ugv_ws/install/vizanti_msgs/include/vizanti_msgs/vizanti_msgs/srv/detail/load_map__type_support.c
[7.045s] -- Up-to-date: /home/ws/ugv_ws/install/vizanti_msgs/include/vizanti_msgs/vizanti_msgs/srv/detail/manage_node__rosidl_typesupport_introspection_c.h
[7.045s] -- Up-to-date: /home/ws/ugv_ws/install/vizanti_msgs/include/vizanti_msgs/vizanti_msgs/srv/detail/save_map__type_support.c
[7.045s] -- Up-to-date: /home/ws/ugv_ws/install/vizanti_msgs/include/vizanti_msgs/vizanti_msgs/srv/detail/list_packages__rosidl_typesupport_introspection_c.h
[7.046s] -- Up-to-date: /home/ws/ugv_ws/install/vizanti_msgs/include/vizanti_msgs/vizanti_msgs/srv/detail/manage_launch__type_support.c
[7.047s] -- Up-to-date: /home/ws/ugv_ws/install/vizanti_msgs/include/vizanti_msgs/vizanti_msgs/srv/detail/get_node_parameters__rosidl_typesupport_introspection_c.h
[7.047s] -- Up-to-date: /home/ws/ugv_ws/install/vizanti_msgs/include/vizanti_msgs/vizanti_msgs/srv/detail/record_rosbag__type_support.c
[7.047s] -- Up-to-date: /home/ws/ugv_ws/install/vizanti_msgs/include/vizanti_msgs/vizanti_msgs/srv/detail/list_executables__type_support.c
[7.047s] -- Up-to-date: /home/ws/ugv_ws/install/vizanti_msgs/include/vizanti_msgs/vizanti_msgs/srv/detail/save_map__rosidl_typesupport_introspection_c.h
[7.060s] -- Up-to-date: /home/ws/ugv_ws/install/vizanti_msgs/lib/libvizanti_msgs__rosidl_typesupport_introspection_c.so
[7.068s] -- Up-to-date: /home/ws/ugv_ws/install/vizanti_msgs/lib/libvizanti_msgs__rosidl_typesupport_c.so
[7.068s] -- Up-to-date: /home/ws/ugv_ws/install/vizanti_msgs/include/vizanti_msgs/vizanti_msgs
[7.068s] -- Up-to-date: /home/ws/ugv_ws/install/vizanti_msgs/include/vizanti_msgs/vizanti_msgs/srv
[7.068s] -- Up-to-date: /home/ws/ugv_ws/install/vizanti_msgs/include/vizanti_msgs/vizanti_msgs/srv/record_rosbag.hpp
[7.068s] -- Up-to-date: /home/ws/ugv_ws/install/vizanti_msgs/include/vizanti_msgs/vizanti_msgs/srv/get_node_parameters.hpp
[7.068s] -- Up-to-date: /home/ws/ugv_ws/install/vizanti_msgs/include/vizanti_msgs/vizanti_msgs/srv/manage_node.hpp
[7.068s] -- Up-to-date: /home/ws/ugv_ws/install/vizanti_msgs/include/vizanti_msgs/vizanti_msgs/srv/manage_launch.hpp
[7.069s] -- Up-to-date: /home/ws/ugv_ws/install/vizanti_msgs/include/vizanti_msgs/vizanti_msgs/srv/detail
[7.069s] -- Up-to-date: /home/ws/ugv_ws/install/vizanti_msgs/include/vizanti_msgs/vizanti_msgs/srv/detail/manage_launch__traits.hpp
[7.069s] -- Up-to-date: /home/ws/ugv_ws/install/vizanti_msgs/include/vizanti_msgs/vizanti_msgs/srv/detail/list_packages__struct.hpp
[7.069s] -- Up-to-date: /home/ws/ugv_ws/install/vizanti_msgs/include/vizanti_msgs/vizanti_msgs/srv/detail/manage_node__traits.hpp
[7.069s] -- Up-to-date: /home/ws/ugv_ws/install/vizanti_msgs/include/vizanti_msgs/vizanti_msgs/srv/detail/record_rosbag__traits.hpp
[7.069s] -- Up-to-date: /home/ws/ugv_ws/install/vizanti_msgs/include/vizanti_msgs/vizanti_msgs/srv/detail/load_map__struct.hpp
[7.069s] -- Up-to-date: /home/ws/ugv_ws/install/vizanti_msgs/include/vizanti_msgs/vizanti_msgs/srv/detail/load_map__traits.hpp
[7.069s] -- Up-to-date: /home/ws/ugv_ws/install/vizanti_msgs/include/vizanti_msgs/vizanti_msgs/srv/detail/record_rosbag__struct.hpp
[7.069s] -- Up-to-date: /home/ws/ugv_ws/install/vizanti_msgs/include/vizanti_msgs/vizanti_msgs/srv/detail/list_packages__traits.hpp
[7.069s] -- Up-to-date: /home/ws/ugv_ws/install/vizanti_msgs/include/vizanti_msgs/vizanti_msgs/srv/detail/save_map__traits.hpp
[7.069s] -- Up-to-date: /home/ws/ugv_ws/install/vizanti_msgs/include/vizanti_msgs/vizanti_msgs/srv/detail/set_node_parameter__builder.hpp
[7.069s] -- Up-to-date: /home/ws/ugv_ws/install/vizanti_msgs/include/vizanti_msgs/vizanti_msgs/srv/detail/save_map__builder.hpp
[7.070s] -- Up-to-date: /home/ws/ugv_ws/install/vizanti_msgs/include/vizanti_msgs/vizanti_msgs/srv/detail/launches__struct.hpp
[7.070s] -- Up-to-date: /home/ws/ugv_ws/install/vizanti_msgs/include/vizanti_msgs/vizanti_msgs/srv/detail/set_node_parameter__traits.hpp
[7.070s] -- Up-to-date: /home/ws/ugv_ws/install/vizanti_msgs/include/vizanti_msgs/vizanti_msgs/srv/detail/save_map__struct.hpp
[7.070s] -- Up-to-date: /home/ws/ugv_ws/install/vizanti_msgs/include/vizanti_msgs/vizanti_msgs/srv/detail/set_node_parameter__struct.hpp
[7.070s] -- Up-to-date: /home/ws/ugv_ws/install/vizanti_msgs/include/vizanti_msgs/vizanti_msgs/srv/detail/get_node_parameters__builder.hpp
[7.070s] -- Up-to-date: /home/ws/ugv_ws/install/vizanti_msgs/include/vizanti_msgs/vizanti_msgs/srv/detail/get_node_parameters__traits.hpp
[7.070s] -- Up-to-date: /home/ws/ugv_ws/install/vizanti_msgs/include/vizanti_msgs/vizanti_msgs/srv/detail/manage_node__builder.hpp
[7.070s] -- Up-to-date: /home/ws/ugv_ws/install/vizanti_msgs/include/vizanti_msgs/vizanti_msgs/srv/detail/list_packages__builder.hpp
[7.072s] -- Up-to-date: /home/ws/ugv_ws/install/vizanti_msgs/include/vizanti_msgs/vizanti_msgs/srv/detail/load_map__builder.hpp
[7.073s] -- Up-to-date: /home/ws/ugv_ws/install/vizanti_msgs/include/vizanti_msgs/vizanti_msgs/srv/detail/get_node_parameters__struct.hpp
[7.073s] -- Up-to-date: /home/ws/ugv_ws/install/vizanti_msgs/include/vizanti_msgs/vizanti_msgs/srv/detail/list_executables__traits.hpp
[7.073s] -- Up-to-date: /home/ws/ugv_ws/install/vizanti_msgs/include/vizanti_msgs/vizanti_msgs/srv/detail/manage_launch__builder.hpp
[7.073s] -- Up-to-date: /home/ws/ugv_ws/install/vizanti_msgs/include/vizanti_msgs/vizanti_msgs/srv/detail/launches__traits.hpp
[7.073s] -- Up-to-date: /home/ws/ugv_ws/install/vizanti_msgs/include/vizanti_msgs/vizanti_msgs/srv/detail/list_executables__struct.hpp
[7.074s] -- Up-to-date: /home/ws/ugv_ws/install/vizanti_msgs/include/vizanti_msgs/vizanti_msgs/srv/detail/record_rosbag__builder.hpp
[7.075s] -- Up-to-date: /home/ws/ugv_ws/install/vizanti_msgs/include/vizanti_msgs/vizanti_msgs/srv/detail/manage_node__struct.hpp
[7.075s] -- Up-to-date: /home/ws/ugv_ws/install/vizanti_msgs/include/vizanti_msgs/vizanti_msgs/srv/detail/launches__builder.hpp
[7.075s] -- Up-to-date: /home/ws/ugv_ws/install/vizanti_msgs/include/vizanti_msgs/vizanti_msgs/srv/detail/list_executables__builder.hpp
[7.075s] -- Up-to-date: /home/ws/ugv_ws/install/vizanti_msgs/include/vizanti_msgs/vizanti_msgs/srv/detail/manage_launch__struct.hpp
[7.075s] -- Up-to-date: /home/ws/ugv_ws/install/vizanti_msgs/include/vizanti_msgs/vizanti_msgs/srv/list_packages.hpp
[7.075s] -- Up-to-date: /home/ws/ugv_ws/install/vizanti_msgs/include/vizanti_msgs/vizanti_msgs/srv/launches.hpp
[7.075s] -- Up-to-date: /home/ws/ugv_ws/install/vizanti_msgs/include/vizanti_msgs/vizanti_msgs/srv/list_executables.hpp
[7.075s] -- Up-to-date: /home/ws/ugv_ws/install/vizanti_msgs/include/vizanti_msgs/vizanti_msgs/srv/save_map.hpp
[7.075s] -- Up-to-date: /home/ws/ugv_ws/install/vizanti_msgs/include/vizanti_msgs/vizanti_msgs/srv/set_node_parameter.hpp
[7.075s] -- Up-to-date: /home/ws/ugv_ws/install/vizanti_msgs/include/vizanti_msgs/vizanti_msgs/srv/load_map.hpp
[7.076s] -- Up-to-date: /home/ws/ugv_ws/install/vizanti_msgs/include/vizanti_msgs/vizanti_msgs
[7.076s] -- Up-to-date: /home/ws/ugv_ws/install/vizanti_msgs/include/vizanti_msgs/vizanti_msgs/msg
[7.076s] -- Up-to-date: /home/ws/ugv_ws/install/vizanti_msgs/include/vizanti_msgs/vizanti_msgs/msg/rosidl_typesupport_fastrtps_cpp__visibility_control.h
[7.076s] -- Up-to-date: /home/ws/ugv_ws/install/vizanti_msgs/include/vizanti_msgs/vizanti_msgs/srv
[7.076s] -- Up-to-date: /home/ws/ugv_ws/install/vizanti_msgs/include/vizanti_msgs/vizanti_msgs/srv/detail
[7.076s] -- Up-to-date: /home/ws/ugv_ws/install/vizanti_msgs/include/vizanti_msgs/vizanti_msgs/srv/detail/get_node_parameters__rosidl_typesupport_fastrtps_cpp.hpp
[7.076s] -- Up-to-date: /home/ws/ugv_ws/install/vizanti_msgs/include/vizanti_msgs/vizanti_msgs/srv/detail/set_node_parameter__rosidl_typesupport_fastrtps_cpp.hpp
[7.076s] -- Up-to-date: /home/ws/ugv_ws/install/vizanti_msgs/include/vizanti_msgs/vizanti_msgs/srv/detail/list_executables__rosidl_typesupport_fastrtps_cpp.hpp
[7.076s] -- Up-to-date: /home/ws/ugv_ws/install/vizanti_msgs/include/vizanti_msgs/vizanti_msgs/srv/detail/save_map__rosidl_typesupport_fastrtps_cpp.hpp
[7.076s] -- Up-to-date: /home/ws/ugv_ws/install/vizanti_msgs/include/vizanti_msgs/vizanti_msgs/srv/detail/launches__rosidl_typesupport_fastrtps_cpp.hpp
[7.076s] -- Up-to-date: /home/ws/ugv_ws/install/vizanti_msgs/include/vizanti_msgs/vizanti_msgs/srv/detail/manage_launch__rosidl_typesupport_fastrtps_cpp.hpp
[7.076s] -- Up-to-date: /home/ws/ugv_ws/install/vizanti_msgs/include/vizanti_msgs/vizanti_msgs/srv/detail/record_rosbag__rosidl_typesupport_fastrtps_cpp.hpp
[7.077s] -- Up-to-date: /home/ws/ugv_ws/install/vizanti_msgs/include/vizanti_msgs/vizanti_msgs/srv/detail/load_map__rosidl_typesupport_fastrtps_cpp.hpp
[7.077s] -- Up-to-date: /home/ws/ugv_ws/install/vizanti_msgs/include/vizanti_msgs/vizanti_msgs/srv/detail/dds_fastrtps
[7.077s] -- Up-to-date: /home/ws/ugv_ws/install/vizanti_msgs/include/vizanti_msgs/vizanti_msgs/srv/detail/list_packages__rosidl_typesupport_fastrtps_cpp.hpp
[7.077s] -- Up-to-date: /home/ws/ugv_ws/install/vizanti_msgs/include/vizanti_msgs/vizanti_msgs/srv/detail/manage_node__rosidl_typesupport_fastrtps_cpp.hpp
[7.077s] -- Up-to-date: /home/ws/ugv_ws/install/vizanti_msgs/lib/libvizanti_msgs__rosidl_typesupport_fastrtps_cpp.so
[7.077s] -- Up-to-date: /home/ws/ugv_ws/install/vizanti_msgs/include/vizanti_msgs/vizanti_msgs
[7.077s] -- Up-to-date: /home/ws/ugv_ws/install/vizanti_msgs/include/vizanti_msgs/vizanti_msgs/srv
[7.077s] -- Up-to-date: /home/ws/ugv_ws/install/vizanti_msgs/include/vizanti_msgs/vizanti_msgs/srv/detail
[7.077s] -- Up-to-date: /home/ws/ugv_ws/install/vizanti_msgs/include/vizanti_msgs/vizanti_msgs/srv/detail/set_node_parameter__type_support.cpp
[7.077s] -- Up-to-date: /home/ws/ugv_ws/install/vizanti_msgs/include/vizanti_msgs/vizanti_msgs/srv/detail/save_map__rosidl_typesupport_introspection_cpp.hpp
[7.077s] -- Up-to-date: /home/ws/ugv_ws/install/vizanti_msgs/include/vizanti_msgs/vizanti_msgs/srv/detail/manage_launch__rosidl_typesupport_introspection_cpp.hpp
[7.077s] -- Up-to-date: /home/ws/ugv_ws/install/vizanti_msgs/include/vizanti_msgs/vizanti_msgs/srv/detail/manage_launch__type_support.cpp
[7.077s] -- Up-to-date: /home/ws/ugv_ws/install/vizanti_msgs/include/vizanti_msgs/vizanti_msgs/srv/detail/get_node_parameters__type_support.cpp
[7.077s] -- Up-to-date: /home/ws/ugv_ws/install/vizanti_msgs/include/vizanti_msgs/vizanti_msgs/srv/detail/save_map__type_support.cpp
[7.078s] -- Up-to-date: /home/ws/ugv_ws/install/vizanti_msgs/include/vizanti_msgs/vizanti_msgs/srv/detail/list_executables__type_support.cpp
[7.078s] -- Up-to-date: /home/ws/ugv_ws/install/vizanti_msgs/include/vizanti_msgs/vizanti_msgs/srv/detail/manage_node__rosidl_typesupport_introspection_cpp.hpp
[7.083s] -- Up-to-date: /home/ws/ugv_ws/install/vizanti_msgs/include/vizanti_msgs/vizanti_msgs/srv/detail/launches__rosidl_typesupport_introspection_cpp.hpp
[7.083s] -- Up-to-date: /home/ws/ugv_ws/install/vizanti_msgs/include/vizanti_msgs/vizanti_msgs/srv/detail/load_map__rosidl_typesupport_introspection_cpp.hpp
[7.083s] -- Up-to-date: /home/ws/ugv_ws/install/vizanti_msgs/include/vizanti_msgs/vizanti_msgs/srv/detail/record_rosbag__rosidl_typesupport_introspection_cpp.hpp
[7.083s] -- Up-to-date: /home/ws/ugv_ws/install/vizanti_msgs/include/vizanti_msgs/vizanti_msgs/srv/detail/list_packages__type_support.cpp
[7.083s] -- Up-to-date: /home/ws/ugv_ws/install/vizanti_msgs/include/vizanti_msgs/vizanti_msgs/srv/detail/manage_node__type_support.cpp
[7.083s] -- Up-to-date: /home/ws/ugv_ws/install/vizanti_msgs/include/vizanti_msgs/vizanti_msgs/srv/detail/set_node_parameter__rosidl_typesupport_introspection_cpp.hpp
[7.083s] -- Up-to-date: /home/ws/ugv_ws/install/vizanti_msgs/include/vizanti_msgs/vizanti_msgs/srv/detail/launches__type_support.cpp
[7.083s] -- Up-to-date: /home/ws/ugv_ws/install/vizanti_msgs/include/vizanti_msgs/vizanti_msgs/srv/detail/list_packages__rosidl_typesupport_introspection_cpp.hpp
[7.083s] -- Up-to-date: /home/ws/ugv_ws/install/vizanti_msgs/include/vizanti_msgs/vizanti_msgs/srv/detail/get_node_parameters__rosidl_typesupport_introspection_cpp.hpp
[7.083s] -- Up-to-date: /home/ws/ugv_ws/install/vizanti_msgs/include/vizanti_msgs/vizanti_msgs/srv/detail/load_map__type_support.cpp
[7.083s] -- Up-to-date: /home/ws/ugv_ws/install/vizanti_msgs/include/vizanti_msgs/vizanti_msgs/srv/detail/record_rosbag__type_support.cpp
[7.083s] -- Up-to-date: /home/ws/ugv_ws/install/vizanti_msgs/include/vizanti_msgs/vizanti_msgs/srv/detail/list_executables__rosidl_typesupport_introspection_cpp.hpp
[7.084s] -- Up-to-date: /home/ws/ugv_ws/install/vizanti_msgs/lib/libvizanti_msgs__rosidl_typesupport_introspection_cpp.so
[7.095s] -- Up-to-date: /home/ws/ugv_ws/install/vizanti_msgs/lib/libvizanti_msgs__rosidl_typesupport_cpp.so
[7.096s] -- Up-to-date: /home/ws/ugv_ws/install/vizanti_msgs/share/vizanti_msgs/environment/pythonpath.sh
[7.097s] -- Installing: /home/ws/ugv_ws/install/vizanti_msgs/share/vizanti_msgs/environment/pythonpath.dsv
[7.097s] -- Up-to-date: /home/ws/ugv_ws/install/vizanti_msgs/local/lib/python3.10/dist-packages/vizanti_msgs-0.1.0-py3.10.egg-info
[7.098s] -- Installing: /home/ws/ugv_ws/install/vizanti_msgs/local/lib/python3.10/dist-packages/vizanti_msgs-0.1.0-py3.10.egg-info/PKG-INFO
[7.099s] -- Installing: /home/ws/ugv_ws/install/vizanti_msgs/local/lib/python3.10/dist-packages/vizanti_msgs-0.1.0-py3.10.egg-info/top_level.txt
[7.100s] -- Installing: /home/ws/ugv_ws/install/vizanti_msgs/local/lib/python3.10/dist-packages/vizanti_msgs-0.1.0-py3.10.egg-info/dependency_links.txt
[7.105s] -- Installing: /home/ws/ugv_ws/install/vizanti_msgs/local/lib/python3.10/dist-packages/vizanti_msgs-0.1.0-py3.10.egg-info/SOURCES.txt
[7.105s] -- Up-to-date: /home/ws/ugv_ws/install/vizanti_msgs/local/lib/python3.10/dist-packages/vizanti_msgs
[7.105s] -- Up-to-date: /home/ws/ugv_ws/install/vizanti_msgs/local/lib/python3.10/dist-packages/vizanti_msgs/vizanti_msgs_s__rosidl_typesupport_c.cpython-310-aarch64-linux-gnu.so
[7.105s] -- Up-to-date: /home/ws/ugv_ws/install/vizanti_msgs/local/lib/python3.10/dist-packages/vizanti_msgs/libvizanti_msgs__rosidl_generator_py.so
[7.105s] -- Up-to-date: /home/ws/ugv_ws/install/vizanti_msgs/local/lib/python3.10/dist-packages/vizanti_msgs/vizanti_msgs_s__rosidl_typesupport_introspection_c.cpython-310-aarch64-linux-gnu.so
[7.105s] -- Up-to-date: /home/ws/ugv_ws/install/vizanti_msgs/local/lib/python3.10/dist-packages/vizanti_msgs/_vizanti_msgs_s.ep.rosidl_typesupport_introspection_c.c
[7.105s] -- Up-to-date: /home/ws/ugv_ws/install/vizanti_msgs/local/lib/python3.10/dist-packages/vizanti_msgs/_vizanti_msgs_s.ep.rosidl_typesupport_c.c
[7.105s] -- Up-to-date: /home/ws/ugv_ws/install/vizanti_msgs/local/lib/python3.10/dist-packages/vizanti_msgs/srv
[7.105s] -- Up-to-date: /home/ws/ugv_ws/install/vizanti_msgs/local/lib/python3.10/dist-packages/vizanti_msgs/srv/_save_map_s.c
[7.105s] -- Up-to-date: /home/ws/ugv_ws/install/vizanti_msgs/local/lib/python3.10/dist-packages/vizanti_msgs/srv/_set_node_parameter_s.c
[7.106s] -- Up-to-date: /home/ws/ugv_ws/install/vizanti_msgs/local/lib/python3.10/dist-packages/vizanti_msgs/srv/_launches.py
[7.106s] -- Up-to-date: /home/ws/ugv_ws/install/vizanti_msgs/local/lib/python3.10/dist-packages/vizanti_msgs/srv/_record_rosbag.py
[7.106s] -- Up-to-date: /home/ws/ugv_ws/install/vizanti_msgs/local/lib/python3.10/dist-packages/vizanti_msgs/srv/_get_node_parameters_s.c
[7.106s] -- Up-to-date: /home/ws/ugv_ws/install/vizanti_msgs/local/lib/python3.10/dist-packages/vizanti_msgs/srv/_manage_node.py
[7.106s] -- Up-to-date: /home/ws/ugv_ws/install/vizanti_msgs/local/lib/python3.10/dist-packages/vizanti_msgs/srv/_launches_s.c
[7.106s] -- Up-to-date: /home/ws/ugv_ws/install/vizanti_msgs/local/lib/python3.10/dist-packages/vizanti_msgs/srv/_save_map.py
[7.106s] -- Up-to-date: /home/ws/ugv_ws/install/vizanti_msgs/local/lib/python3.10/dist-packages/vizanti_msgs/srv/_list_executables_s.c
[7.106s] -- Up-to-date: /home/ws/ugv_ws/install/vizanti_msgs/local/lib/python3.10/dist-packages/vizanti_msgs/srv/_manage_launch.py
[7.106s] -- Up-to-date: /home/ws/ugv_ws/install/vizanti_msgs/local/lib/python3.10/dist-packages/vizanti_msgs/srv/_manage_launch_s.c
[7.106s] -- Up-to-date: /home/ws/ugv_ws/install/vizanti_msgs/local/lib/python3.10/dist-packages/vizanti_msgs/srv/_manage_node_s.c
[7.106s] -- Up-to-date: /home/ws/ugv_ws/install/vizanti_msgs/local/lib/python3.10/dist-packages/vizanti_msgs/srv/_load_map.py
[7.106s] -- Up-to-date: /home/ws/ugv_ws/install/vizanti_msgs/local/lib/python3.10/dist-packages/vizanti_msgs/srv/_list_packages.py
[7.107s] -- Up-to-date: /home/ws/ugv_ws/install/vizanti_msgs/local/lib/python3.10/dist-packages/vizanti_msgs/srv/_set_node_parameter.py
[7.107s] -- Up-to-date: /home/ws/ugv_ws/install/vizanti_msgs/local/lib/python3.10/dist-packages/vizanti_msgs/srv/__init__.py
[7.107s] -- Up-to-date: /home/ws/ugv_ws/install/vizanti_msgs/local/lib/python3.10/dist-packages/vizanti_msgs/srv/_get_node_parameters.py
[7.107s] -- Up-to-date: /home/ws/ugv_ws/install/vizanti_msgs/local/lib/python3.10/dist-packages/vizanti_msgs/srv/_list_executables.py
[7.108s] -- Up-to-date: /home/ws/ugv_ws/install/vizanti_msgs/local/lib/python3.10/dist-packages/vizanti_msgs/srv/_load_map_s.c
[7.108s] -- Up-to-date: /home/ws/ugv_ws/install/vizanti_msgs/local/lib/python3.10/dist-packages/vizanti_msgs/srv/_list_packages_s.c
[7.108s] -- Up-to-date: /home/ws/ugv_ws/install/vizanti_msgs/local/lib/python3.10/dist-packages/vizanti_msgs/srv/_record_rosbag_s.c
[7.108s] -- Installing: /home/ws/ugv_ws/install/vizanti_msgs/local/lib/python3.10/dist-packages/vizanti_msgs/__init__.py
[7.109s] -- Up-to-date: /home/ws/ugv_ws/install/vizanti_msgs/local/lib/python3.10/dist-packages/vizanti_msgs/vizanti_msgs_s__rosidl_typesupport_fastrtps_c.cpython-310-aarch64-linux-gnu.so
[7.109s] -- Up-to-date: /home/ws/ugv_ws/install/vizanti_msgs/local/lib/python3.10/dist-packages/vizanti_msgs/_vizanti_msgs_s.ep.rosidl_typesupport_fastrtps_c.c
[7.480s] Listing '/home/ws/ugv_ws/install/vizanti_msgs/local/lib/python3.10/dist-packages/vizanti_msgs'...
[7.481s] Compiling '/home/ws/ugv_ws/install/vizanti_msgs/local/lib/python3.10/dist-packages/vizanti_msgs/__init__.py'...
[7.481s] Listing '/home/ws/ugv_ws/install/vizanti_msgs/local/lib/python3.10/dist-packages/vizanti_msgs/srv'...
[7.532s] -- Up-to-date: /home/ws/ugv_ws/install/vizanti_msgs/local/lib/python3.10/dist-packages/vizanti_msgs/vizanti_msgs_s__rosidl_typesupport_fastrtps_c.cpython-310-aarch64-linux-gnu.so
[7.539s] -- Up-to-date: /home/ws/ugv_ws/install/vizanti_msgs/local/lib/python3.10/dist-packages/vizanti_msgs/vizanti_msgs_s__rosidl_typesupport_introspection_c.cpython-310-aarch64-linux-gnu.so
[7.561s] -- Up-to-date: /home/ws/ugv_ws/install/vizanti_msgs/local/lib/python3.10/dist-packages/vizanti_msgs/vizanti_msgs_s__rosidl_typesupport_c.cpython-310-aarch64-linux-gnu.so
[7.568s] -- Up-to-date: /home/ws/ugv_ws/install/vizanti_msgs/lib/libvizanti_msgs__rosidl_generator_py.so
[7.568s] -- Up-to-date: /home/ws/ugv_ws/install/vizanti_msgs/share/vizanti_msgs/srv/GetNodeParameters.idl
[7.568s] -- Up-to-date: /home/ws/ugv_ws/install/vizanti_msgs/share/vizanti_msgs/srv/SetNodeParameter.idl
[7.568s] -- Up-to-date: /home/ws/ugv_ws/install/vizanti_msgs/share/vizanti_msgs/srv/SaveMap.idl
[7.568s] -- Up-to-date: /home/ws/ugv_ws/install/vizanti_msgs/share/vizanti_msgs/srv/LoadMap.idl
[7.568s] -- Up-to-date: /home/ws/ugv_ws/install/vizanti_msgs/share/vizanti_msgs/srv/Launches.idl
[7.568s] -- Up-to-date: /home/ws/ugv_ws/install/vizanti_msgs/share/vizanti_msgs/srv/RecordRosbag.idl
[7.568s] -- Up-to-date: /home/ws/ugv_ws/install/vizanti_msgs/share/vizanti_msgs/srv/ManageNode.idl
[7.568s] -- Up-to-date: /home/ws/ugv_ws/install/vizanti_msgs/share/vizanti_msgs/srv/ManageLaunch.idl
[7.568s] -- Up-to-date: /home/ws/ugv_ws/install/vizanti_msgs/share/vizanti_msgs/srv/ListPackages.idl
[7.568s] -- Up-to-date: /home/ws/ugv_ws/install/vizanti_msgs/share/vizanti_msgs/srv/ListExecutables.idl
[7.568s] -- Installing: /home/ws/ugv_ws/install/vizanti_msgs/share/vizanti_msgs/srv/GetNodeParameters.srv
[7.569s] -- Up-to-date: /home/ws/ugv_ws/install/vizanti_msgs/share/vizanti_msgs/srv/GetNodeParameters_Request.msg
[7.569s] -- Up-to-date: /home/ws/ugv_ws/install/vizanti_msgs/share/vizanti_msgs/srv/GetNodeParameters_Response.msg
[7.569s] -- Installing: /home/ws/ugv_ws/install/vizanti_msgs/share/vizanti_msgs/srv/SetNodeParameter.srv
[7.569s] -- Up-to-date: /home/ws/ugv_ws/install/vizanti_msgs/share/vizanti_msgs/srv/SetNodeParameter_Request.msg
[7.571s] -- Up-to-date: /home/ws/ugv_ws/install/vizanti_msgs/share/vizanti_msgs/srv/SetNodeParameter_Response.msg
[7.571s] -- Installing: /home/ws/ugv_ws/install/vizanti_msgs/share/vizanti_msgs/srv/SaveMap.srv
[7.571s] -- Up-to-date: /home/ws/ugv_ws/install/vizanti_msgs/share/vizanti_msgs/srv/SaveMap_Request.msg
[7.571s] -- Up-to-date: /home/ws/ugv_ws/install/vizanti_msgs/share/vizanti_msgs/srv/SaveMap_Response.msg
[7.571s] -- Installing: /home/ws/ugv_ws/install/vizanti_msgs/share/vizanti_msgs/srv/LoadMap.srv
[7.571s] -- Up-to-date: /home/ws/ugv_ws/install/vizanti_msgs/share/vizanti_msgs/srv/LoadMap_Request.msg
[7.571s] -- Up-to-date: /home/ws/ugv_ws/install/vizanti_msgs/share/vizanti_msgs/srv/LoadMap_Response.msg
[7.572s] -- Installing: /home/ws/ugv_ws/install/vizanti_msgs/share/vizanti_msgs/srv/Launches.srv
[7.572s] -- Up-to-date: /home/ws/ugv_ws/install/vizanti_msgs/share/vizanti_msgs/srv/Launches_Request.msg
[7.572s] -- Up-to-date: /home/ws/ugv_ws/install/vizanti_msgs/share/vizanti_msgs/srv/Launches_Response.msg
[7.572s] -- Installing: /home/ws/ugv_ws/install/vizanti_msgs/share/vizanti_msgs/srv/RecordRosbag.srv
[7.572s] -- Up-to-date: /home/ws/ugv_ws/install/vizanti_msgs/share/vizanti_msgs/srv/RecordRosbag_Request.msg
[7.572s] -- Up-to-date: /home/ws/ugv_ws/install/vizanti_msgs/share/vizanti_msgs/srv/RecordRosbag_Response.msg
[7.572s] -- Installing: /home/ws/ugv_ws/install/vizanti_msgs/share/vizanti_msgs/srv/ManageNode.srv
[7.572s] -- Up-to-date: /home/ws/ugv_ws/install/vizanti_msgs/share/vizanti_msgs/srv/ManageNode_Request.msg
[7.572s] -- Up-to-date: /home/ws/ugv_ws/install/vizanti_msgs/share/vizanti_msgs/srv/ManageNode_Response.msg
[7.572s] -- Installing: /home/ws/ugv_ws/install/vizanti_msgs/share/vizanti_msgs/srv/ManageLaunch.srv
[7.572s] -- Up-to-date: /home/ws/ugv_ws/install/vizanti_msgs/share/vizanti_msgs/srv/ManageLaunch_Request.msg
[7.573s] -- Up-to-date: /home/ws/ugv_ws/install/vizanti_msgs/share/vizanti_msgs/srv/ManageLaunch_Response.msg
[7.573s] -- Installing: /home/ws/ugv_ws/install/vizanti_msgs/share/vizanti_msgs/srv/ListPackages.srv
[7.573s] -- Up-to-date: /home/ws/ugv_ws/install/vizanti_msgs/share/vizanti_msgs/srv/ListPackages_Request.msg
[7.573s] -- Up-to-date: /home/ws/ugv_ws/install/vizanti_msgs/share/vizanti_msgs/srv/ListPackages_Response.msg
[7.573s] -- Installing: /home/ws/ugv_ws/install/vizanti_msgs/share/vizanti_msgs/srv/ListExecutables.srv
[7.573s] -- Up-to-date: /home/ws/ugv_ws/install/vizanti_msgs/share/vizanti_msgs/srv/ListExecutables_Request.msg
[7.573s] -- Up-to-date: /home/ws/ugv_ws/install/vizanti_msgs/share/vizanti_msgs/srv/ListExecutables_Response.msg
[7.573s] -- Up-to-date: /home/ws/ugv_ws/install/vizanti_msgs/share/ament_index/resource_index/package_run_dependencies/vizanti_msgs
[7.573s] -- Installing: /home/ws/ugv_ws/install/vizanti_msgs/share/ament_index/resource_index/parent_prefix_path/vizanti_msgs
[7.574s] -- Up-to-date: /home/ws/ugv_ws/install/vizanti_msgs/share/vizanti_msgs/environment/ament_prefix_path.sh
[7.574s] -- Installing: /home/ws/ugv_ws/install/vizanti_msgs/share/vizanti_msgs/environment/ament_prefix_path.dsv
[7.574s] -- Up-to-date: /home/ws/ugv_ws/install/vizanti_msgs/share/vizanti_msgs/environment/path.sh
[7.574s] -- Installing: /home/ws/ugv_ws/install/vizanti_msgs/share/vizanti_msgs/environment/path.dsv
[7.574s] -- Up-to-date: /home/ws/ugv_ws/install/vizanti_msgs/share/vizanti_msgs/local_setup.bash
[7.574s] -- Up-to-date: /home/ws/ugv_ws/install/vizanti_msgs/share/vizanti_msgs/local_setup.sh
[7.575s] -- Up-to-date: /home/ws/ugv_ws/install/vizanti_msgs/share/vizanti_msgs/local_setup.zsh
[7.575s] -- Installing: /home/ws/ugv_ws/install/vizanti_msgs/share/vizanti_msgs/local_setup.dsv
[7.575s] -- Installing: /home/ws/ugv_ws/install/vizanti_msgs/share/vizanti_msgs/package.dsv
[7.575s] -- Up-to-date: /home/ws/ugv_ws/install/vizanti_msgs/share/ament_index/resource_index/packages/vizanti_msgs
[7.576s] -- Up-to-date: /home/ws/ugv_ws/install/vizanti_msgs/share/vizanti_msgs/cmake/export_vizanti_msgs__rosidl_generator_cExport.cmake
[7.576s] -- Up-to-date: /home/ws/ugv_ws/install/vizanti_msgs/share/vizanti_msgs/cmake/export_vizanti_msgs__rosidl_generator_cExport-noconfig.cmake
[7.576s] -- Up-to-date: /home/ws/ugv_ws/install/vizanti_msgs/share/vizanti_msgs/cmake/export_vizanti_msgs__rosidl_typesupport_fastrtps_cExport.cmake
[7.576s] -- Up-to-date: /home/ws/ugv_ws/install/vizanti_msgs/share/vizanti_msgs/cmake/export_vizanti_msgs__rosidl_typesupport_fastrtps_cExport-noconfig.cmake
[7.576s] -- Up-to-date: /home/ws/ugv_ws/install/vizanti_msgs/share/vizanti_msgs/cmake/vizanti_msgs__rosidl_typesupport_introspection_cExport.cmake
[7.577s] -- Up-to-date: /home/ws/ugv_ws/install/vizanti_msgs/share/vizanti_msgs/cmake/vizanti_msgs__rosidl_typesupport_introspection_cExport-noconfig.cmake
[7.578s] -- Up-to-date: /home/ws/ugv_ws/install/vizanti_msgs/share/vizanti_msgs/cmake/vizanti_msgs__rosidl_typesupport_cExport.cmake
[7.579s] -- Up-to-date: /home/ws/ugv_ws/install/vizanti_msgs/share/vizanti_msgs/cmake/vizanti_msgs__rosidl_typesupport_cExport-noconfig.cmake
[7.580s] -- Up-to-date: /home/ws/ugv_ws/install/vizanti_msgs/share/vizanti_msgs/cmake/export_vizanti_msgs__rosidl_generator_cppExport.cmake
[7.581s] -- Up-to-date: /home/ws/ugv_ws/install/vizanti_msgs/share/vizanti_msgs/cmake/export_vizanti_msgs__rosidl_typesupport_fastrtps_cppExport.cmake
[7.581s] -- Up-to-date: /home/ws/ugv_ws/install/vizanti_msgs/share/vizanti_msgs/cmake/export_vizanti_msgs__rosidl_typesupport_fastrtps_cppExport-noconfig.cmake
[7.583s] -- Up-to-date: /home/ws/ugv_ws/install/vizanti_msgs/share/vizanti_msgs/cmake/vizanti_msgs__rosidl_typesupport_introspection_cppExport.cmake
[7.583s] -- Up-to-date: /home/ws/ugv_ws/install/vizanti_msgs/share/vizanti_msgs/cmake/vizanti_msgs__rosidl_typesupport_introspection_cppExport-noconfig.cmake
[7.586s] -- Up-to-date: /home/ws/ugv_ws/install/vizanti_msgs/share/vizanti_msgs/cmake/vizanti_msgs__rosidl_typesupport_cppExport.cmake
[7.586s] -- Up-to-date: /home/ws/ugv_ws/install/vizanti_msgs/share/vizanti_msgs/cmake/vizanti_msgs__rosidl_typesupport_cppExport-noconfig.cmake
[7.588s] -- Up-to-date: /home/ws/ugv_ws/install/vizanti_msgs/share/vizanti_msgs/cmake/export_vizanti_msgs__rosidl_generator_pyExport.cmake
[7.588s] -- Up-to-date: /home/ws/ugv_ws/install/vizanti_msgs/share/vizanti_msgs/cmake/export_vizanti_msgs__rosidl_generator_pyExport-noconfig.cmake
[7.588s] -- Up-to-date: /home/ws/ugv_ws/install/vizanti_msgs/share/vizanti_msgs/cmake/rosidl_cmake-extras.cmake
[7.588s] -- Up-to-date: /home/ws/ugv_ws/install/vizanti_msgs/share/vizanti_msgs/cmake/ament_cmake_export_dependencies-extras.cmake
[7.590s] -- Up-to-date: /home/ws/ugv_ws/install/vizanti_msgs/share/vizanti_msgs/cmake/ament_cmake_export_include_directories-extras.cmake
[7.591s] -- Up-to-date: /home/ws/ugv_ws/install/vizanti_msgs/share/vizanti_msgs/cmake/ament_cmake_export_libraries-extras.cmake
[7.591s] -- Up-to-date: /home/ws/ugv_ws/install/vizanti_msgs/share/vizanti_msgs/cmake/ament_cmake_export_targets-extras.cmake
[7.591s] -- Up-to-date: /home/ws/ugv_ws/install/vizanti_msgs/share/vizanti_msgs/cmake/rosidl_cmake_export_typesupport_targets-extras.cmake
[7.591s] -- Up-to-date: /home/ws/ugv_ws/install/vizanti_msgs/share/vizanti_msgs/cmake/rosidl_cmake_export_typesupport_libraries-extras.cmake
[7.593s] -- Up-to-date: /home/ws/ugv_ws/install/vizanti_msgs/share/vizanti_msgs/cmake/vizanti_msgsConfig.cmake
[7.593s] -- Up-to-date: /home/ws/ugv_ws/install/vizanti_msgs/share/vizanti_msgs/cmake/vizanti_msgsConfig-version.cmake
[7.593s] -- Installing: /home/ws/ugv_ws/install/vizanti_msgs/share/vizanti_msgs/package.xml
[7.595s] Invoked command in '/home/ws/ugv_ws/build/vizanti_msgs' returned '0': CMAKE_PREFIX_PATH=${CMAKE_PREFIX_PATH}:/home/ws/ugv_ws/install/ugv_web_app:/home/ws/ugv_ws/install/ugv_vision:/home/ws/ugv_ws/install/ugv_tools:/home/ws/ugv_ws/install/ugv_chat_ai:/home/ws/ugv_ws/install/ugv_bringup:/opt/ros/humble /usr/bin/cmake --install /home/ws/ugv_ws/build/vizanti_msgs
