running develop
/usr/lib/python3/dist-packages/setuptools/command/easy_install.py:158: EasyInstallDeprecationWarning: easy_install command is deprecated. Use build and pip and other standards-based tools.
  warnings.warn(
running egg_info
writing ugv_bringup.egg-info/PKG-INFO
writing dependency_links to ugv_bringup.egg-info/dependency_links.txt
writing entry points to ugv_bringup.egg-info/entry_points.txt
writing requirements to ugv_bringup.egg-info/requires.txt
writing top-level names to ugv_bringup.egg-info/top_level.txt
reading manifest file 'ugv_bringup.egg-info/SOURCES.txt'
writing manifest file 'ugv_bringup.egg-info/SOURCES.txt'
running build_ext
Creating /home/ws/ugv_ws/install/ugv_bringup/lib/python3.10/site-packages/ugv-bringup.egg-link (link to .)
Installing ugv_bringup script to /home/ws/ugv_ws/install/ugv_bringup/lib/ugv_bringup

Installed /home/ws/ugv_ws/build/ugv_bringup
running symlink_data
symbolically linking /home/ws/ugv_ws/build/ugv_bringup/resource/ugv_bringup -> /home/ws/ugv_ws/install/ugv_bringup/share/ament_index/resource_index/packages
symbolically linking /home/ws/ugv_ws/build/ugv_bringup/package.xml -> /home/ws/ugv_ws/install/ugv_bringup/share/ugv_bringup
symbolically linking /home/ws/ugv_ws/build/ugv_bringup/launch/bringup_lidar.launch.py -> /home/ws/ugv_ws/install/ugv_bringup/share/ugv_bringup/launch
symbolically linking /home/ws/ugv_ws/build/ugv_bringup/launch/bringup_imu_ekf.launch.py -> /home/ws/ugv_ws/install/ugv_bringup/share/ugv_bringup/launch
symbolically linking /home/ws/ugv_ws/build/ugv_bringup/launch/bringup_imu_origin.launch.py -> /home/ws/ugv_ws/install/ugv_bringup/share/ugv_bringup/launch
symbolically linking /home/ws/ugv_ws/build/ugv_bringup/rviz/view_bringup.rviz -> /home/ws/ugv_ws/install/ugv_bringup/share/ugv_bringup/rviz
