[0.031s] Invoking command in '/home/ws/ugv_ws/build/costmap_converter': CMAKE_PREFIX_PATH=/home/ws/ugv_ws/install/costmap_converter_msgs:/home/ws/ugv_ws/install/vizanti:/home/ws/ugv_ws/install/vizanti_server:/home/ws/ugv_ws/install/vizanti_demos:/home/ws/ugv_ws/install/vizanti_msgs:/home/ws/ugv_ws/install/vizanti_cpp:/home/ws/ugv_ws/install/ugv_slam:/home/ws/ugv_ws/install/ugv_nav:/home/ws/ugv_ws/install/ugv_interface:/home/ws/ugv_ws/install/ugv_gazebo:/home/ws/ugv_ws/install/ugv_description:/home/ws/ugv_ws/install/ugv_base_node:/home/ws/ugv_ws/install/teb_local_planner:/home/ws/ugv_ws/install/teb_msgs:/home/ws/ugv_ws/install/slam_gmapping:/home/ws/ugv_ws/install/robot_pose_publisher:/home/ws/ugv_ws/install/rf2o_laser_odometry:/home/ws/ugv_ws/install/openslam_gmapping:/home/ws/ugv_ws/install/ldlidar:/home/ws/ugv_ws/install/explore_lite:/home/ws/ugv_ws/install/emcl2:/home/ws/ugv_ws/install/costmap_converter:/home/ws/ugv_ws/install/cartographer:/home/ws/ugv_ws/install/apriltag_ros:/home/ws/ugv_ws/install/apriltag_msgs:/home/ws/ugv_ws/install/apriltag:/home/ws/ugv_ws/install/ugv_web_app:/home/ws/ugv_ws/install/ugv_vision:/home/ws/ugv_ws/install/ugv_tools:/home/ws/ugv_ws/install/ugv_chat_ai:/home/ws/ugv_ws/install/ugv_bringup:/opt/ros/humble LD_LIBRARY_PATH=/home/ws/ugv_ws/install/costmap_converter_msgs/lib:/home/ws/ugv_ws/install/vizanti_msgs/lib:/home/ws/ugv_ws/install/ugv_interface/lib:/home/ws/ugv_ws/install/teb_local_planner/lib:/home/ws/ugv_ws/install/teb_msgs/lib:/home/ws/ugv_ws/install/openslam_gmapping/lib:/home/ws/ugv_ws/install/costmap_converter/lib:/home/ws/ugv_ws/install/apriltag_ros/lib:/home/ws/ugv_ws/install/apriltag_msgs/lib:/home/ws/ugv_ws/install/apriltag/lib:/opt/ros/humble/opt/rviz_ogre_vendor/lib:/opt/ros/humble/lib/aarch64-linux-gnu:/opt/ros/humble/lib /usr/bin/cmake --build /home/ws/ugv_ws/build/costmap_converter -- -j4 -l4
[0.102s] -- Found ament_cmake: 1.3.10 (/opt/ros/humble/share/ament_cmake/cmake)
[0.475s] -- Found class_loader: 2.2.0 (/opt/ros/humble/share/class_loader/cmake)
[0.539s] -- Found costmap_converter_msgs: 0.1.2 (/home/ws/ugv_ws/install/costmap_converter_msgs/share/costmap_converter_msgs/cmake)
[0.560s] -- Found rosidl_generator_c: 3.1.5 (/opt/ros/humble/share/rosidl_generator_c/cmake)
[0.564s] -- Found rosidl_adapter: 3.1.5 (/opt/ros/humble/share/rosidl_adapter/cmake)
[0.572s] -- Found rosidl_generator_cpp: 3.1.5 (/opt/ros/humble/share/rosidl_generator_cpp/cmake)
[0.585s] -- Using all available rosidl_typesupport_c: rosidl_typesupport_fastrtps_c;rosidl_typesupport_introspection_c
[0.603s] -- Using all available rosidl_typesupport_cpp: rosidl_typesupport_fastrtps_cpp;rosidl_typesupport_introspection_cpp
[0.724s] -- Found cv_bridge: 3.2.1 (/opt/ros/humble/share/cv_bridge/cmake)
[0.839s] -- Found nav2_costmap_2d: 1.1.16 (/opt/ros/humble/share/nav2_costmap_2d/cmake)
[1.161s] -- Found rmw_implementation_cmake: 6.1.2 (/opt/ros/humble/share/rmw_implementation_cmake/cmake)
[1.180s] -- Found rmw_fastrtps_cpp: 6.2.7 (/opt/ros/humble/share/rmw_fastrtps_cpp/cmake)
[1.671s] -- Using RMW implementation 'rmw_fastrtps_cpp' as default
[2.627s] -- Ensuring Eigen3 include directory is part of orocos-kdl CMake target
[3.147s] -- Found ament_cmake_gtest: 1.3.10 (/opt/ros/humble/share/ament_cmake_gtest/cmake)
[3.152s] -- Found gtest sources under '/opt/ros/humble/src/gtest_vendor': C++ tests using 'Google Test' will be built
[3.567s] -- Configuring done
[4.071s] -- Generating done
[4.091s] -- Build files have been written to: /home/ws/ugv_ws/build/costmap_converter
[4.220s] [35m[1mConsolidate compiler generated dependencies of target gtest[0m
[4.224s] [35m[1mConsolidate compiler generated dependencies of target gtest_main[0m
[4.262s] [35m[1mConsolidate compiler generated dependencies of target costmap_converter[0m
[4.269s] [ 10%] Built target gtest
[4.269s] [ 21%] Built target gtest_main
[4.385s] [ 26%] [32mBuilding CXX object CMakeFiles/costmap_converter.dir/src/costmap_to_polygons.cpp.o[0m
[4.388s] [ 31%] [32mBuilding CXX object CMakeFiles/costmap_converter.dir/src/costmap_to_polygons_concave.cpp.o[0m
[4.399s] [ 36%] [32mBuilding CXX object CMakeFiles/costmap_converter.dir/src/costmap_to_lines_convex_hull.cpp.o[0m
[4.400s] [ 42%] [32mBuilding CXX object CMakeFiles/costmap_converter.dir/src/costmap_to_lines_ransac.cpp.o[0m
[22.987s] In file included from [01m[K/opt/ros/humble/include/rclcpp/rclcpp/logging.hpp:24[m[K,
[22.987s]                  from [01m[K/opt/ros/humble/include/rclcpp/rclcpp/client.hpp:40[m[K,
[22.988s]                  from [01m[K/opt/ros/humble/include/rclcpp/rclcpp/callback_group.hpp:24[m[K,
[22.988s]                  from [01m[K/opt/ros/humble/include/rclcpp/rclcpp/any_executable.hpp:20[m[K,
[22.988s]                  from [01m[K/opt/ros/humble/include/rclcpp/rclcpp/memory_strategy.hpp:25[m[K,
[22.988s]                  from [01m[K/opt/ros/humble/include/rclcpp/rclcpp/memory_strategies.hpp:18[m[K,
[22.988s]                  from [01m[K/opt/ros/humble/include/rclcpp/rclcpp/executor_options.hpp:20[m[K,
[22.988s]                  from [01m[K/opt/ros/humble/include/rclcpp/rclcpp/executor.hpp:37[m[K,
[22.988s]                  from [01m[K/opt/ros/humble/include/rclcpp/rclcpp/executors/multi_threaded_executor.hpp:25[m[K,
[22.988s]                  from [01m[K/opt/ros/humble/include/rclcpp/rclcpp/executors.hpp:21[m[K,
[22.988s]                  from [01m[K/opt/ros/humble/include/rclcpp/rclcpp/rclcpp.hpp:155[m[K,
[22.988s]                  from [01m[K/home/ws/ugv_ws/src/ugv_else/costmap_converter/costmap_converter/include/costmap_converter/costmap_to_polygons.h:42[m[K,
[22.988s]                  from [01m[K/home/ws/ugv_ws/src/ugv_else/costmap_converter/costmap_converter/src/costmap_to_polygons.cpp:39[m[K:
[22.988s] [01m[K/home/ws/ugv_ws/src/ugv_else/costmap_converter/costmap_converter/include/costmap_converter/costmap_converter_interface.h:[m[K In member function ‘[01m[Kvoid costmap_converter::BaseCostmapToPolygons::startWorker(rclcpp::GenericRate<std::chrono::_V2::system_clock>::SharedPtr, nav2_costmap_2d::Costmap2D*, bool)[m[K’:
[22.988s] [01m[K/home/ws/ugv_ws/src/ugv_else/costmap_converter/costmap_converter/include/costmap_converter/costmap_converter_interface.h:197:41:[m[K [01;35m[Kwarning: [m[Ktoo many arguments for format [[01;35m[K-Wformat-extra-args[m[K]
[22.988s]   197 |         RCLCPP_DEBUG(nh_->get_logger(), [01;35m[K"costmap_converter"[m[K, "Spinning up a thread for the CostmapToPolygons plugin");
[22.989s]       |                                         [01;35m[K^~~~~~~~~~~~~~~~~~~[m[K
[23.075s] [01m[K/home/ws/ugv_ws/src/ugv_else/costmap_converter/costmap_converter/include/costmap_converter/costmap_converter_interface.h:[m[K In member function ‘[01m[Kvoid costmap_converter::BaseCostmapToDynamicObstacles::loadStaticCostmapConverterPlugin(const string&, rclcpp::Node::SharedPtr)[m[K’:
[23.075s] [01m[K/home/ws/ugv_ws/src/ugv_else/costmap_converter/costmap_converter/include/costmap_converter/costmap_converter_interface.h:313:32:[m[K [01;35m[Kwarning: [m[Kformat ‘[01m[K%s[m[K’ expects argument of type ‘[01m[Kchar*[m[K’, but argument 5 has type ‘[01m[Kconst string[m[K’ {aka ‘[01m[Kconst std::__cxx11::basic_string<char>[m[K’} [[01;35m[K-Wformat=[m[K]
[23.076s]   313 |       RCLCPP_INFO(getLogger(), [01;35m[K"CostmapToDynamicObstacles: underlying costmap conversion plugin for static obstacles %s loaded."[m[K, plugin_name);
[23.076s]       |                                [01;35m[K^~~~~~~~~~~~~~~~~~~~~~~~~~~~~~~~~~~~~~~~~~~~~~~~~~~~~~~~~~~~~~~~~~~~~~~~~~~~~~~~~~~~~~~~~~~~~~~~~[m[K
[23.076s] In file included from [01m[K/home/ws/ugv_ws/src/ugv_else/costmap_converter/costmap_converter/include/costmap_converter/costmap_to_polygons.h:43[m[K,
[23.076s]                  from [01m[K/home/ws/ugv_ws/src/ugv_else/costmap_converter/costmap_converter/src/costmap_to_polygons.cpp:39[m[K:
[23.076s] [01m[K/home/ws/ugv_ws/src/ugv_else/costmap_converter/costmap_converter/include/costmap_converter/costmap_converter_interface.h:313:119:[m[K [01;36m[Knote: [m[Kformat string is defined here
[23.076s]   313 | Logger(), "CostmapToDynamicObstacles: underlying costmap conversion plugin for static obstacles [01;36m[K%s[m[K loaded.", plugin_name);
[23.076s]       |                                                                                                 [01;36m[K~^[m[K
[23.076s]       |                                                                                                  [01;36m[K|[m[K
[23.076s]       |                                                                                                  [01;36m[Kchar*[m[K
[23.076s] 
[24.258s] In file included from [01m[K/opt/ros/humble/include/rclcpp/rclcpp/logging.hpp:24[m[K,
[24.267s]                  from [01m[K/opt/ros/humble/include/rclcpp/rclcpp/client.hpp:40[m[K,
[24.271s]                  from [01m[K/opt/ros/humble/include/rclcpp/rclcpp/callback_group.hpp:24[m[K,
[24.272s]                  from [01m[K/opt/ros/humble/include/rclcpp/rclcpp/any_executable.hpp:20[m[K,
[24.272s]                  from [01m[K/opt/ros/humble/include/rclcpp/rclcpp/memory_strategy.hpp:25[m[K,
[24.272s]                  from [01m[K/opt/ros/humble/include/rclcpp/rclcpp/memory_strategies.hpp:18[m[K,
[24.272s]                  from [01m[K/opt/ros/humble/include/rclcpp/rclcpp/executor_options.hpp:20[m[K,
[24.272s]                  from [01m[K/opt/ros/humble/include/rclcpp/rclcpp/executor.hpp:37[m[K,
[24.272s]                  from [01m[K/opt/ros/humble/include/rclcpp/rclcpp/executors/multi_threaded_executor.hpp:25[m[K,
[24.272s]                  from [01m[K/opt/ros/humble/include/rclcpp/rclcpp/executors.hpp:21[m[K,
[24.272s]                  from [01m[K/opt/ros/humble/include/rclcpp/rclcpp/rclcpp.hpp:155[m[K,
[24.272s]                  from [01m[K/home/ws/ugv_ws/src/ugv_else/costmap_converter/costmap_converter/include/costmap_converter/costmap_converter_interface.h:46[m[K,
[24.272s]                  from [01m[K/home/ws/ugv_ws/src/ugv_else/costmap_converter/costmap_converter/include/costmap_converter/costmap_to_lines_ransac.h:42[m[K,
[24.272s]                  from [01m[K/home/ws/ugv_ws/src/ugv_else/costmap_converter/costmap_converter/src/costmap_to_lines_ransac.cpp:39[m[K:
[24.273s] [01m[K/home/ws/ugv_ws/src/ugv_else/costmap_converter/costmap_converter/include/costmap_converter/costmap_converter_interface.h:[m[K In member function ‘[01m[Kvoid costmap_converter::BaseCostmapToPolygons::startWorker(rclcpp::GenericRate<std::chrono::_V2::system_clock>::SharedPtr, nav2_costmap_2d::Costmap2D*, bool)[m[K’:
[24.273s] [01m[K/home/ws/ugv_ws/src/ugv_else/costmap_converter/costmap_converter/include/costmap_converter/costmap_converter_interface.h:197:41:[m[K [01;35m[Kwarning: [m[Ktoo many arguments for format [[01;35m[K-Wformat-extra-args[m[K]
[24.273s]   197 |         RCLCPP_DEBUG(nh_->get_logger(), [01;35m[K"costmap_converter"[m[K, "Spinning up a thread for the CostmapToPolygons plugin");
[24.273s]       |                                         [01;35m[K^~~~~~~~~~~~~~~~~~~[m[K
[24.743s] [01m[K/home/ws/ugv_ws/src/ugv_else/costmap_converter/costmap_converter/include/costmap_converter/costmap_converter_interface.h:[m[K In member function ‘[01m[Kvoid costmap_converter::BaseCostmapToDynamicObstacles::loadStaticCostmapConverterPlugin(const string&, rclcpp::Node::SharedPtr)[m[K’:
[24.751s] [01m[K/home/ws/ugv_ws/src/ugv_else/costmap_converter/costmap_converter/include/costmap_converter/costmap_converter_interface.h:313:32:[m[K [01;35m[Kwarning: [m[Kformat ‘[01m[K%s[m[K’ expects argument of type ‘[01m[Kchar*[m[K’, but argument 5 has type ‘[01m[Kconst string[m[K’ {aka ‘[01m[Kconst std::__cxx11::basic_string<char>[m[K’} [[01;35m[K-Wformat=[m[K]
[24.751s]   313 |       RCLCPP_INFO(getLogger(), [01;35m[K"CostmapToDynamicObstacles: underlying costmap conversion plugin for static obstacles %s loaded."[m[K, plugin_name);
[24.751s]       |                                [01;35m[K^~~~~~~~~~~~~~~~~~~~~~~~~~~~~~~~~~~~~~~~~~~~~~~~~~~~~~~~~~~~~~~~~~~~~~~~~~~~~~~~~~~~~~~~~~~~~~~~~[m[K
[24.751s] In file included from [01m[K/home/ws/ugv_ws/src/ugv_else/costmap_converter/costmap_converter/include/costmap_converter/costmap_to_lines_ransac.h:42[m[K,
[24.763s]                  from [01m[K/home/ws/ugv_ws/src/ugv_else/costmap_converter/costmap_converter/src/costmap_to_lines_ransac.cpp:39[m[K:
[24.763s] [01m[K/home/ws/ugv_ws/src/ugv_else/costmap_converter/costmap_converter/include/costmap_converter/costmap_converter_interface.h:313:119:[m[K [01;36m[Knote: [m[Kformat string is defined here
[24.763s]   313 |       RCLCPP_INFO(getLogger(), "CostmapToDynamicObstacles: underlying costmap conversion plugin for static obstacles [01;36m[K%s[m[K loaded.", plugin_name);
[24.764s]       |                                                                                                                      [01;36m[K~^[m[K
[24.764s]       |                                                                                                                       [01;36m[K|[m[K
[24.764s]       |                                                                                                                       [01;36m[Kchar*[m[K
