Not searching for unused variables given on the command line.
-- Found ament_cmake: 1.3.10 (/opt/ros/humble/share/ament_cmake/cmake)
-- Override CMake install command with custom implementation using symlinks instead of copying resources
-- Found rosidl_default_generators: 1.2.0 (/opt/ros/humble/share/rosidl_default_generators/cmake)
-- Using all available rosidl_typesupport_c: rosidl_typesupport_fastrtps_c;rosidl_typesupport_introspection_c
-- Found rosidl_adapter: 3.1.5 (/opt/ros/humble/share/rosidl_adapter/cmake)
-- Using all available rosidl_typesupport_cpp: rosidl_typesupport_fastrtps_cpp;rosidl_typesupport_introspection_cpp
-- Found std_msgs: 4.2.4 (/opt/ros/humble/share/std_msgs/cmake)
-- Found nav_msgs: 4.2.4 (/opt/ros/humble/share/nav_msgs/cmake)
-- Found actionlib_msgs: 4.2.4 (/opt/ros/humble/share/actionlib_msgs/cmake)
-- Found ament_cmake_ros: 0.10.0 (/opt/ros/humble/share/ament_cmake_ros/cmake)
-- Using all available rosidl_typesupport_c: rosidl_typesupport_fastrtps_c;rosidl_typesupport_introspection_c
-- Using all available rosidl_typesupport_cpp: rosidl_typesupport_fastrtps_cpp;rosidl_typesupport_introspection_cpp
-- Found python_cmake_module: 0.10.0 (/opt/ros/humble/share/python_cmake_module/cmake)
-- Using PYTHON_EXECUTABLE: /usr/bin/python3
-- Using PYTHON_INCLUDE_DIRS: /usr/include/python3.10
-- Using PYTHON_LIBRARIES: /usr/lib/aarch64-linux-gnu/libpython3.10.so
-- Configuring done
-- Generating done
-- Build files have been written to: /home/ws/ugv_ws/build/vizanti_msgs
[35m[1mConsolidate compiler generated dependencies of target vizanti_msgs__rosidl_generator_c[0m
[  0%] Built target vizanti_msgs__cpp
[  1%] [32mBuilding C object CMakeFiles/vizanti_msgs__rosidl_generator_c.dir/rosidl_generator_c/vizanti_msgs/srv/detail/load_map__functions.c.o[0m
[  2%] [32mBuilding C object CMakeFiles/vizanti_msgs__rosidl_generator_c.dir/rosidl_generator_c/vizanti_msgs/srv/detail/set_node_parameter__functions.c.o[0m
[  3%] [32mBuilding C object CMakeFiles/vizanti_msgs__rosidl_generator_c.dir/rosidl_generator_c/vizanti_msgs/srv/detail/get_node_parameters__functions.c.o[0m
[  4%] [32mBuilding C object CMakeFiles/vizanti_msgs__rosidl_generator_c.dir/rosidl_generator_c/vizanti_msgs/srv/detail/save_map__functions.c.o[0m
[  5%] [32mBuilding C object CMakeFiles/vizanti_msgs__rosidl_generator_c.dir/rosidl_generator_c/vizanti_msgs/srv/detail/launches__functions.c.o[0m
[  6%] [32mBuilding C object CMakeFiles/vizanti_msgs__rosidl_generator_c.dir/rosidl_generator_c/vizanti_msgs/srv/detail/record_rosbag__functions.c.o[0m
[  7%] [32mBuilding C object CMakeFiles/vizanti_msgs__rosidl_generator_c.dir/rosidl_generator_c/vizanti_msgs/srv/detail/manage_node__functions.c.o[0m
[  8%] [32mBuilding C object CMakeFiles/vizanti_msgs__rosidl_generator_c.dir/rosidl_generator_c/vizanti_msgs/srv/detail/manage_launch__functions.c.o[0m
[  9%] [32mBuilding C object CMakeFiles/vizanti_msgs__rosidl_generator_c.dir/rosidl_generator_c/vizanti_msgs/srv/detail/list_packages__functions.c.o[0m
[ 10%] [32mBuilding C object CMakeFiles/vizanti_msgs__rosidl_generator_c.dir/rosidl_generator_c/vizanti_msgs/srv/detail/list_executables__functions.c.o[0m
