[0.110s] Invoking command in '/home/ws/ugv_ws/build/vizanti_msgs': CMAKE_PREFIX_PATH=${CMAKE_PREFIX_PATH}:/home/ws/ugv_ws/install/ugv_web_app:/home/ws/ugv_ws/install/ugv_vision:/home/ws/ugv_ws/install/ugv_tools:/home/ws/ugv_ws/install/ugv_chat_ai:/home/ws/ugv_ws/install/ugv_bringup:/home/ws/ugv_ws/install/robot_pose_publisher:/home/ws/ugv_roarm_ws/install/ugv_roarm_bringup:/home/ws/roarm_ws/install/roarm_driver:/opt/ros/humble /usr/bin/cmake /home/ws/ugv_ws/src/ugv_else/vizanti/vizanti_msgs -DPYTHON_EXECUTABLE=/usr/bin/python3 -DCMAKE_BUILD_TYPE=Debug --no-warn-unused-cli -DAMENT_CMAKE_SYMLINK_INSTALL=1 -DCMAKE_INSTALL_PREFIX=/home/ws/ugv_ws/install/vizanti_msgs
[0.149s] Not searching for unused variables given on the command line.
[0.179s] -- Found ament_cmake: 1.3.10 (/opt/ros/humble/share/ament_cmake/cmake)
[1.691s] -- Override CMake install command with custom implementation using symlinks instead of copying resources
[6.990s] -- Found rosidl_default_generators: 1.2.0 (/opt/ros/humble/share/rosidl_default_generators/cmake)
[7.203s] -- Using all available rosidl_typesupport_c: rosidl_typesupport_fastrtps_c;rosidl_typesupport_introspection_c
[7.227s] -- Found rosidl_adapter: 3.1.5 (/opt/ros/humble/share/rosidl_adapter/cmake)
[7.339s] -- Using all available rosidl_typesupport_cpp: rosidl_typesupport_fastrtps_cpp;rosidl_typesupport_introspection_cpp
[7.440s] -- Found std_msgs: 4.2.4 (/opt/ros/humble/share/std_msgs/cmake)
[7.543s] -- Found nav_msgs: 4.2.4 (/opt/ros/humble/share/nav_msgs/cmake)
[7.688s] -- Found actionlib_msgs: 4.2.4 (/opt/ros/humble/share/actionlib_msgs/cmake)
[10.149s] -- Found ament_cmake_ros: 0.10.0 (/opt/ros/humble/share/ament_cmake_ros/cmake)
[11.850s] -- Using all available rosidl_typesupport_c: rosidl_typesupport_fastrtps_c;rosidl_typesupport_introspection_c
[14.076s] -- Using all available rosidl_typesupport_cpp: rosidl_typesupport_fastrtps_cpp;rosidl_typesupport_introspection_cpp
[14.247s] -- Found python_cmake_module: 0.10.0 (/opt/ros/humble/share/python_cmake_module/cmake)
[14.531s] -- Using PYTHON_EXECUTABLE: /usr/bin/python3
[14.531s] -- Using PYTHON_INCLUDE_DIRS: /usr/include/python3.10
[14.532s] -- Using PYTHON_LIBRARIES: /usr/lib/aarch64-linux-gnu/libpython3.10.so
[15.559s] -- Configuring done
[16.882s] -- Generating done
[17.283s] -- Build files have been written to: /home/ws/ugv_ws/build/vizanti_msgs
[17.511s] Invoked command in '/home/ws/ugv_ws/build/vizanti_msgs' returned '0': CMAKE_PREFIX_PATH=${CMAKE_PREFIX_PATH}:/home/ws/ugv_ws/install/ugv_web_app:/home/ws/ugv_ws/install/ugv_vision:/home/ws/ugv_ws/install/ugv_tools:/home/ws/ugv_ws/install/ugv_chat_ai:/home/ws/ugv_ws/install/ugv_bringup:/home/ws/ugv_ws/install/robot_pose_publisher:/home/ws/ugv_roarm_ws/install/ugv_roarm_bringup:/home/ws/roarm_ws/install/roarm_driver:/opt/ros/humble /usr/bin/cmake /home/ws/ugv_ws/src/ugv_else/vizanti/vizanti_msgs -DPYTHON_EXECUTABLE=/usr/bin/python3 -DCMAKE_BUILD_TYPE=Debug --no-warn-unused-cli -DAMENT_CMAKE_SYMLINK_INSTALL=1 -DCMAKE_INSTALL_PREFIX=/home/ws/ugv_ws/install/vizanti_msgs
[17.514s] Invoking command in '/home/ws/ugv_ws/build/vizanti_msgs': CMAKE_PREFIX_PATH=${CMAKE_PREFIX_PATH}:/home/ws/ugv_ws/install/ugv_web_app:/home/ws/ugv_ws/install/ugv_vision:/home/ws/ugv_ws/install/ugv_tools:/home/ws/ugv_ws/install/ugv_chat_ai:/home/ws/ugv_ws/install/ugv_bringup:/home/ws/ugv_ws/install/robot_pose_publisher:/home/ws/ugv_roarm_ws/install/ugv_roarm_bringup:/home/ws/roarm_ws/install/roarm_driver:/opt/ros/humble /usr/bin/cmake --build /home/ws/ugv_ws/build/vizanti_msgs -- -j4 -l4
[18.051s] [35m[1mConsolidate compiler generated dependencies of target vizanti_msgs__rosidl_generator_c[0m
[18.106s] failed to create symbolic link '/home/ws/ugv_ws/build/vizanti_msgs/ament_cmake_python/vizanti_msgs/vizanti_msgs' because existing path cannot be removed: Is a directory
[18.107s] gmake[2]: *** [CMakeFiles/ament_cmake_python_symlink_vizanti_msgs.dir/build.make:70: CMakeFiles/ament_cmake_python_symlink_vizanti_msgs] Error 1
[18.111s] gmake[1]: *** [CMakeFiles/Makefile2:421: CMakeFiles/ament_cmake_python_symlink_vizanti_msgs.dir/all] Error 2
[18.111s] gmake[1]: *** Waiting for unfinished jobs....
[18.125s] [  0%] Built target vizanti_msgs__cpp
[18.234s] [  1%] [32mBuilding C object CMakeFiles/vizanti_msgs__rosidl_generator_c.dir/rosidl_generator_c/vizanti_msgs/srv/detail/load_map__functions.c.o[0m
[18.292s] [  2%] [32mBuilding C object CMakeFiles/vizanti_msgs__rosidl_generator_c.dir/rosidl_generator_c/vizanti_msgs/srv/detail/set_node_parameter__functions.c.o[0m
[18.327s] [  3%] [32mBuilding C object CMakeFiles/vizanti_msgs__rosidl_generator_c.dir/rosidl_generator_c/vizanti_msgs/srv/detail/get_node_parameters__functions.c.o[0m
[18.383s] [  4%] [32mBuilding C object CMakeFiles/vizanti_msgs__rosidl_generator_c.dir/rosidl_generator_c/vizanti_msgs/srv/detail/save_map__functions.c.o[0m
[19.045s] [  5%] [32mBuilding C object CMakeFiles/vizanti_msgs__rosidl_generator_c.dir/rosidl_generator_c/vizanti_msgs/srv/detail/launches__functions.c.o[0m
[19.059s] [  6%] [32mBuilding C object CMakeFiles/vizanti_msgs__rosidl_generator_c.dir/rosidl_generator_c/vizanti_msgs/srv/detail/record_rosbag__functions.c.o[0m
[19.412s] [  7%] [32mBuilding C object CMakeFiles/vizanti_msgs__rosidl_generator_c.dir/rosidl_generator_c/vizanti_msgs/srv/detail/manage_node__functions.c.o[0m
[19.637s] [  8%] [32mBuilding C object CMakeFiles/vizanti_msgs__rosidl_generator_c.dir/rosidl_generator_c/vizanti_msgs/srv/detail/manage_launch__functions.c.o[0m
[19.702s] [  9%] [32mBuilding C object CMakeFiles/vizanti_msgs__rosidl_generator_c.dir/rosidl_generator_c/vizanti_msgs/srv/detail/list_packages__functions.c.o[0m
[19.847s] [ 10%] [32mBuilding C object CMakeFiles/vizanti_msgs__rosidl_generator_c.dir/rosidl_generator_c/vizanti_msgs/srv/detail/list_executables__functions.c.o[0m
