[0.019s] Invoking command in '/home/ws/ugv_ws/build/ugv_slam': CMAKE_PREFIX_PATH=${CMAKE_PREFIX_PATH}:/home/ws/ugv_ws/install/ugv_web_app:/home/ws/ugv_ws/install/ugv_vision:/home/ws/ugv_ws/install/ugv_tools:/home/ws/ugv_ws/install/ugv_chat_ai:/home/ws/ugv_ws/install/ugv_bringup:/opt/ros/humble /usr/bin/cmake --build /home/ws/ugv_ws/build/ugv_slam -- -j4 -l4
[0.070s] Invoked command in '/home/ws/ugv_ws/build/ugv_slam' returned '0': CMAKE_PREFIX_PATH=${CMAKE_PREFIX_PATH}:/home/ws/ugv_ws/install/ugv_web_app:/home/ws/ugv_ws/install/ugv_vision:/home/ws/ugv_ws/install/ugv_tools:/home/ws/ugv_ws/install/ugv_chat_ai:/home/ws/ugv_ws/install/ugv_bringup:/opt/ros/humble /usr/bin/cmake --build /home/ws/ugv_ws/build/ugv_slam -- -j4 -l4
[0.107s] Invoking command in '/home/ws/ugv_ws/build/ugv_slam': CMAKE_PREFIX_PATH=${CMAKE_PREFIX_PATH}:/home/ws/ugv_ws/install/ugv_web_app:/home/ws/ugv_ws/install/ugv_vision:/home/ws/ugv_ws/install/ugv_tools:/home/ws/ugv_ws/install/ugv_chat_ai:/home/ws/ugv_ws/install/ugv_bringup:/opt/ros/humble /usr/bin/cmake --install /home/ws/ugv_ws/build/ugv_slam
[0.114s] -- Install configuration: ""
[0.114s] -- Execute custom install script
[0.115s] -- Up-to-date symlink: /home/ws/ugv_ws/install/ugv_slam/share/ugv_slam/launch/cartographer.launch.py
[0.115s] -- Up-to-date symlink: /home/ws/ugv_ws/install/ugv_slam/share/ugv_slam/launch/gmapping.launch.py
[0.115s] -- Up-to-date symlink: /home/ws/ugv_ws/install/ugv_slam/share/ugv_slam/launch/rtabmap_rgbd.launch.py
[0.116s] -- Up-to-date symlink: /home/ws/ugv_ws/install/ugv_slam/share/ugv_slam/rviz/view_slam_2d.rviz
[0.116s] -- Up-to-date symlink: /home/ws/ugv_ws/install/ugv_slam/share/ugv_slam/rviz/view_slam_3d.rviz
[0.116s] -- Up-to-date symlink: /home/ws/ugv_ws/install/ugv_slam/share/ament_index/resource_index/package_run_dependencies/ugv_slam
[0.117s] -- Up-to-date symlink: /home/ws/ugv_ws/install/ugv_slam/share/ament_index/resource_index/parent_prefix_path/ugv_slam
[0.117s] -- Up-to-date symlink: /home/ws/ugv_ws/install/ugv_slam/share/ugv_slam/environment/ament_prefix_path.sh
[0.117s] -- Up-to-date symlink: /home/ws/ugv_ws/install/ugv_slam/share/ugv_slam/environment/ament_prefix_path.dsv
[0.118s] -- Up-to-date symlink: /home/ws/ugv_ws/install/ugv_slam/share/ugv_slam/environment/path.sh
[0.119s] -- Up-to-date symlink: /home/ws/ugv_ws/install/ugv_slam/share/ugv_slam/environment/path.dsv
[0.119s] -- Up-to-date symlink: /home/ws/ugv_ws/install/ugv_slam/share/ugv_slam/local_setup.bash
[0.119s] -- Up-to-date symlink: /home/ws/ugv_ws/install/ugv_slam/share/ugv_slam/local_setup.sh
[0.119s] -- Up-to-date symlink: /home/ws/ugv_ws/install/ugv_slam/share/ugv_slam/local_setup.zsh
[0.120s] -- Up-to-date symlink: /home/ws/ugv_ws/install/ugv_slam/share/ugv_slam/local_setup.dsv
[0.120s] -- Symlinking: /home/ws/ugv_ws/install/ugv_slam/share/ugv_slam/package.dsv
[0.133s] -- Up-to-date symlink: /home/ws/ugv_ws/install/ugv_slam/share/ament_index/resource_index/packages/ugv_slam
[0.135s] -- Up-to-date symlink: /home/ws/ugv_ws/install/ugv_slam/share/ugv_slam/cmake/ugv_slamConfig.cmake
[0.135s] -- Up-to-date symlink: /home/ws/ugv_ws/install/ugv_slam/share/ugv_slam/cmake/ugv_slamConfig-version.cmake
[0.135s] -- Up-to-date symlink: /home/ws/ugv_ws/install/ugv_slam/share/ugv_slam/package.xml
[0.137s] Invoked command in '/home/ws/ugv_ws/build/ugv_slam' returned '0': CMAKE_PREFIX_PATH=${CMAKE_PREFIX_PATH}:/home/ws/ugv_ws/install/ugv_web_app:/home/ws/ugv_ws/install/ugv_vision:/home/ws/ugv_ws/install/ugv_tools:/home/ws/ugv_ws/install/ugv_chat_ai:/home/ws/ugv_ws/install/ugv_bringup:/opt/ros/humble /usr/bin/cmake --install /home/ws/ugv_ws/build/ugv_slam
