[0.046s] Invoking command in '/home/ws/ugv_ws/build/emcl2': CMAKE_PREFIX_PATH=${CMAKE_PREFIX_PATH}:/home/ws/ugv_ws/install/ugv_web_app:/home/ws/ugv_ws/install/ugv_vision:/home/ws/ugv_ws/install/ugv_tools:/home/ws/ugv_ws/install/ugv_chat_ai:/home/ws/ugv_ws/install/ugv_bringup:/opt/ros/humble /usr/bin/cmake --build /home/ws/ugv_ws/build/emcl2 -- -j4 -l4
[0.158s] -- Found ament_cmake_auto: 1.3.10 (/opt/ros/humble/share/ament_cmake_auto/cmake)
[1.040s] -- Found rosidl_generator_c: 3.1.5 (/opt/ros/humble/share/rosidl_generator_c/cmake)
[1.044s] -- Found rosidl_adapter: 3.1.5 (/opt/ros/humble/share/rosidl_adapter/cmake)
[1.057s] -- Found rosidl_generator_cpp: 3.1.5 (/opt/ros/humble/share/rosidl_generator_cpp/cmake)
[1.069s] -- Using all available rosidl_typesupport_c: rosidl_typesupport_fastrtps_c;rosidl_typesupport_introspection_c
[1.089s] -- Using all available rosidl_typesupport_cpp: rosidl_typesupport_fastrtps_cpp;rosidl_typesupport_introspection_cpp
[1.140s] -- Found rmw_implementation_cmake: 6.1.2 (/opt/ros/humble/share/rmw_implementation_cmake/cmake)
[1.143s] -- Found rmw_fastrtps_cpp: 6.2.7 (/opt/ros/humble/share/rmw_fastrtps_cpp/cmake)
[1.474s] -- Using RMW implementation 'rmw_fastrtps_cpp' as default
[2.173s] -- Found eigen3_cmake_module: 0.1.1 (/opt/ros/humble/share/eigen3_cmake_module/cmake)
[2.173s] -- Ensuring Eigen3 include directory is part of orocos-kdl CMake target
[2.240s] -- Found ament_lint_auto: 0.12.11 (/opt/ros/humble/share/ament_lint_auto/cmake)
[2.287s] -- Added test 'cppcheck' to perform static code analysis on C / C++ code
[2.289s] -- Configured cppcheck include dirs: /home/ws/ugv_ws/src/ugv_else/emcl2_ros2/include
[2.289s] -- Configured cppcheck exclude dirs and/or files: 
[2.289s] -- Added test 'flake8' to check Python code syntax and style conventions
[2.297s] -- Added test 'lint_cmake' to check CMake code style
[2.297s] -- Added test 'pep257' to check Python code against some of the docstring style conventions in PEP 257
[2.297s] -- Added test 'uncrustify' to check C / C++ code style
[2.297s] -- Configured uncrustify additional arguments: 
[2.297s] -- Added test 'xmllint' to check XML markup files
[2.307s] -- Configuring done
[2.380s] -- Generating done
[2.390s] -- Build files have been written to: /home/ws/ugv_ws/build/emcl2
[2.512s] [35m[1mConsolidate compiler generated dependencies of target emcl2_node[0m
[2.578s] [ 11%] [32mBuilding CXX object CMakeFiles/emcl2_node.dir/src/Mcl.cpp.o[0m
[2.589s] [ 22%] [32mBuilding CXX object CMakeFiles/emcl2_node.dir/src/OdomModel.cpp.o[0m
[2.595s] [ 33%] [32mBuilding CXX object CMakeFiles/emcl2_node.dir/src/ExpResetMcl2.cpp.o[0m
[2.610s] [ 44%] [32mBuilding CXX object CMakeFiles/emcl2_node.dir/src/Particle.cpp.o[0m
[5.773s] [ 55%] [32mBuilding CXX object CMakeFiles/emcl2_node.dir/src/Pose.cpp.o[0m
