[ 20%] Built target gtest_main
[ 40%] Built target gtest
[ 60%] Built target test_explore
[ 70%] [32mBuilding CXX object CMakeFiles/explore.dir/src/costmap_client.cpp.o[0m
[ 90%] [32mBuilding CXX object CMakeFiles/explore.dir/src/explore.cpp.o[0m
[ 90%] [32mBuilding CXX object CMakeFiles/explore.dir/src/frontier_search.cpp.o[0m
[100%] [32m[1mLinking CXX executable explore[0m
[100%] Built target explore
-- Install configuration: ""
-- Up-to-date: /home/ws/ugv_ws/install/explore_lite/include/explore/
-- Installing: /home/ws/ugv_ws/install/explore_lite/include/explore//explore.h
-- Installing: /home/ws/ugv_ws/install/explore_lite/include/explore//costmap_client.h
-- Installing: /home/ws/ugv_ws/install/explore_lite/include/explore//costmap_tools.h
-- Installing: /home/ws/ugv_ws/install/explore_lite/include/explore//frontier_search.h
-- Up-to-date: /home/ws/ugv_ws/install/explore_lite/share/explore_lite/config
-- Installing: /home/ws/ugv_ws/install/explore_lite/share/explore_lite/config/params_costmap.yaml
-- Installing: /home/ws/ugv_ws/install/explore_lite/share/explore_lite/config/params.yaml
-- Up-to-date: /home/ws/ugv_ws/install/explore_lite/share/explore_lite/launch
-- Installing: /home/ws/ugv_ws/install/explore_lite/share/explore_lite/launch/explore.launch.py
-- Installing: /home/ws/ugv_ws/install/explore_lite/lib/explore_lite/explore
-- Set runtime path of "/home/ws/ugv_ws/install/explore_lite/lib/explore_lite/explore" to ""
-- Up-to-date: /home/ws/ugv_ws/install/explore_lite/share/ament_index/resource_index/package_run_dependencies/explore_lite
-- Installing: /home/ws/ugv_ws/install/explore_lite/share/ament_index/resource_index/parent_prefix_path/explore_lite
-- Up-to-date: /home/ws/ugv_ws/install/explore_lite/share/explore_lite/environment/ament_prefix_path.sh
-- Installing: /home/ws/ugv_ws/install/explore_lite/share/explore_lite/environment/ament_prefix_path.dsv
-- Up-to-date: /home/ws/ugv_ws/install/explore_lite/share/explore_lite/environment/path.sh
-- Installing: /home/ws/ugv_ws/install/explore_lite/share/explore_lite/environment/path.dsv
-- Up-to-date: /home/ws/ugv_ws/install/explore_lite/share/explore_lite/local_setup.bash
-- Up-to-date: /home/ws/ugv_ws/install/explore_lite/share/explore_lite/local_setup.sh
-- Up-to-date: /home/ws/ugv_ws/install/explore_lite/share/explore_lite/local_setup.zsh
-- Installing: /home/ws/ugv_ws/install/explore_lite/share/explore_lite/local_setup.dsv
-- Installing: /home/ws/ugv_ws/install/explore_lite/share/explore_lite/package.dsv
-- Up-to-date: /home/ws/ugv_ws/install/explore_lite/share/ament_index/resource_index/packages/explore_lite
-- Up-to-date: /home/ws/ugv_ws/install/explore_lite/share/explore_lite/cmake/ament_cmake_export_include_directories-extras.cmake
-- Up-to-date: /home/ws/ugv_ws/install/explore_lite/share/explore_lite/cmake/explore_liteConfig.cmake
-- Up-to-date: /home/ws/ugv_ws/install/explore_lite/share/explore_lite/cmake/explore_liteConfig-version.cmake
-- Installing: /home/ws/ugv_ws/install/explore_lite/share/explore_lite/package.xml
