[0.041s] Invoking command in '/home/ws/ugv_ws/build/costmap_converter_msgs': CMAKE_PREFIX_PATH=${CMAKE_PREFIX_PATH}:/home/ws/ugv_ws/install/ugv_web_app:/home/ws/ugv_ws/install/ugv_vision:/home/ws/ugv_ws/install/ugv_tools:/home/ws/ugv_ws/install/ugv_chat_ai:/home/ws/ugv_ws/install/ugv_bringup:/opt/ros/humble /usr/bin/cmake --build /home/ws/ugv_ws/build/costmap_converter_msgs -- -j4 -l4
[0.270s] [ 10%] Built target costmap_converter_msgs__rosidl_generator_c
[0.275s] [ 12%] Built target costmap_converter_msgs__cpp
[0.280s] [ 12%] Built target ament_cmake_python_copy_costmap_converter_msgs
[0.416s] [ 23%] Built target costmap_converter_msgs__rosidl_typesupport_c
[0.423s] [ 33%] Built target costmap_converter_msgs__rosidl_typesupport_introspection_c
[0.426s] [ 43%] Built target costmap_converter_msgs__rosidl_typesupport_fastrtps_c
[0.452s] [ 53%] Built target costmap_converter_msgs__rosidl_typesupport_introspection_cpp
[0.554s] [ 64%] Built target costmap_converter_msgs__rosidl_typesupport_cpp
[0.571s] [ 74%] Built target costmap_converter_msgs__rosidl_typesupport_fastrtps_cpp
[0.649s] [ 74%] Built target costmap_converter_msgs
[0.750s] [ 76%] Built target costmap_converter_msgs__py
[0.823s] [ 84%] Built target costmap_converter_msgs__rosidl_generator_py
[0.942s] [ 89%] Built target costmap_converter_msgs__rosidl_typesupport_c__pyext
[0.960s] [ 94%] Built target costmap_converter_msgs__rosidl_typesupport_fastrtps_c__pyext
[0.966s] [100%] Built target costmap_converter_msgs__rosidl_typesupport_introspection_c__pyext
[1.083s] running egg_info
[1.085s] writing costmap_converter_msgs.egg-info/PKG-INFO
[1.086s] writing dependency_links to costmap_converter_msgs.egg-info/dependency_links.txt
[1.086s] writing top-level names to costmap_converter_msgs.egg-info/top_level.txt
[1.109s] reading manifest file 'costmap_converter_msgs.egg-info/SOURCES.txt'
[1.115s] writing manifest file 'costmap_converter_msgs.egg-info/SOURCES.txt'
[1.212s] [100%] Built target ament_cmake_python_build_costmap_converter_msgs_egg
[1.231s] Invoked command in '/home/ws/ugv_ws/build/costmap_converter_msgs' returned '0': CMAKE_PREFIX_PATH=${CMAKE_PREFIX_PATH}:/home/ws/ugv_ws/install/ugv_web_app:/home/ws/ugv_ws/install/ugv_vision:/home/ws/ugv_ws/install/ugv_tools:/home/ws/ugv_ws/install/ugv_chat_ai:/home/ws/ugv_ws/install/ugv_bringup:/opt/ros/humble /usr/bin/cmake --build /home/ws/ugv_ws/build/costmap_converter_msgs -- -j4 -l4
[1.352s] Invoking command in '/home/ws/ugv_ws/build/costmap_converter_msgs': CMAKE_PREFIX_PATH=${CMAKE_PREFIX_PATH}:/home/ws/ugv_ws/install/ugv_web_app:/home/ws/ugv_ws/install/ugv_vision:/home/ws/ugv_ws/install/ugv_tools:/home/ws/ugv_ws/install/ugv_chat_ai:/home/ws/ugv_ws/install/ugv_bringup:/opt/ros/humble /usr/bin/cmake --install /home/ws/ugv_ws/build/costmap_converter_msgs
[1.367s] -- Install configuration: ""
[1.368s] -- Up-to-date: /home/ws/ugv_ws/install/costmap_converter_msgs/share/ament_index/resource_index/rosidl_interfaces/costmap_converter_msgs
[1.368s] -- Up-to-date: /home/ws/ugv_ws/install/costmap_converter_msgs/include/costmap_converter_msgs/costmap_converter_msgs
[1.370s] -- Up-to-date: /home/ws/ugv_ws/install/costmap_converter_msgs/include/costmap_converter_msgs/costmap_converter_msgs/msg
[1.370s] -- Up-to-date: /home/ws/ugv_ws/install/costmap_converter_msgs/include/costmap_converter_msgs/costmap_converter_msgs/msg/obstacle_array_msg.h
[1.370s] -- Up-to-date: /home/ws/ugv_ws/install/costmap_converter_msgs/include/costmap_converter_msgs/costmap_converter_msgs/msg/obstacle_msg.h
[1.370s] -- Up-to-date: /home/ws/ugv_ws/install/costmap_converter_msgs/include/costmap_converter_msgs/costmap_converter_msgs/msg/rosidl_generator_c__visibility_control.h
[1.370s] -- Up-to-date: /home/ws/ugv_ws/install/costmap_converter_msgs/include/costmap_converter_msgs/costmap_converter_msgs/msg/detail
[1.371s] -- Up-to-date: /home/ws/ugv_ws/install/costmap_converter_msgs/include/costmap_converter_msgs/costmap_converter_msgs/msg/detail/obstacle_array_msg__functions.c
[1.371s] -- Up-to-date: /home/ws/ugv_ws/install/costmap_converter_msgs/include/costmap_converter_msgs/costmap_converter_msgs/msg/detail/obstacle_msg__functions.c
[1.371s] -- Up-to-date: /home/ws/ugv_ws/install/costmap_converter_msgs/include/costmap_converter_msgs/costmap_converter_msgs/msg/detail/obstacle_msg__functions.h
[1.371s] -- Up-to-date: /home/ws/ugv_ws/install/costmap_converter_msgs/include/costmap_converter_msgs/costmap_converter_msgs/msg/detail/obstacle_array_msg__struct.h
[1.371s] -- Up-to-date: /home/ws/ugv_ws/install/costmap_converter_msgs/include/costmap_converter_msgs/costmap_converter_msgs/msg/detail/obstacle_msg__type_support.h
[1.371s] -- Up-to-date: /home/ws/ugv_ws/install/costmap_converter_msgs/include/costmap_converter_msgs/costmap_converter_msgs/msg/detail/obstacle_msg__struct.h
[1.372s] -- Up-to-date: /home/ws/ugv_ws/install/costmap_converter_msgs/include/costmap_converter_msgs/costmap_converter_msgs/msg/detail/obstacle_array_msg__type_support.h
[1.372s] -- Up-to-date: /home/ws/ugv_ws/install/costmap_converter_msgs/include/costmap_converter_msgs/costmap_converter_msgs/msg/detail/obstacle_array_msg__functions.h
[1.372s] -- Up-to-date: /home/ws/ugv_ws/install/costmap_converter_msgs/share/costmap_converter_msgs/environment/library_path.sh
[1.372s] -- Up-to-date: /home/ws/ugv_ws/install/costmap_converter_msgs/share/costmap_converter_msgs/environment/library_path.dsv
[1.374s] -- Up-to-date: /home/ws/ugv_ws/install/costmap_converter_msgs/lib/libcostmap_converter_msgs__rosidl_generator_c.so
[1.374s] -- Up-to-date: /home/ws/ugv_ws/install/costmap_converter_msgs/include/costmap_converter_msgs/costmap_converter_msgs
[1.375s] -- Up-to-date: /home/ws/ugv_ws/install/costmap_converter_msgs/include/costmap_converter_msgs/costmap_converter_msgs/msg
[1.375s] -- Up-to-date: /home/ws/ugv_ws/install/costmap_converter_msgs/include/costmap_converter_msgs/costmap_converter_msgs/msg/detail
[1.375s] -- Up-to-date: /home/ws/ugv_ws/install/costmap_converter_msgs/include/costmap_converter_msgs/costmap_converter_msgs/msg/detail/obstacle_array_msg__rosidl_typesupport_fastrtps_c.h
[1.375s] -- Up-to-date: /home/ws/ugv_ws/install/costmap_converter_msgs/include/costmap_converter_msgs/costmap_converter_msgs/msg/detail/obstacle_msg__rosidl_typesupport_fastrtps_c.h
[1.375s] -- Up-to-date: /home/ws/ugv_ws/install/costmap_converter_msgs/include/costmap_converter_msgs/costmap_converter_msgs/msg/rosidl_typesupport_fastrtps_c__visibility_control.h
[1.375s] -- Up-to-date: /home/ws/ugv_ws/install/costmap_converter_msgs/lib/libcostmap_converter_msgs__rosidl_typesupport_fastrtps_c.so
[1.376s] -- Up-to-date: /home/ws/ugv_ws/install/costmap_converter_msgs/include/costmap_converter_msgs/costmap_converter_msgs
[1.376s] -- Up-to-date: /home/ws/ugv_ws/install/costmap_converter_msgs/include/costmap_converter_msgs/costmap_converter_msgs/msg
[1.376s] -- Up-to-date: /home/ws/ugv_ws/install/costmap_converter_msgs/include/costmap_converter_msgs/costmap_converter_msgs/msg/obstacle_msg.hpp
[1.377s] -- Up-to-date: /home/ws/ugv_ws/install/costmap_converter_msgs/include/costmap_converter_msgs/costmap_converter_msgs/msg/obstacle_array_msg.hpp
[1.377s] -- Up-to-date: /home/ws/ugv_ws/install/costmap_converter_msgs/include/costmap_converter_msgs/costmap_converter_msgs/msg/detail
[1.377s] -- Up-to-date: /home/ws/ugv_ws/install/costmap_converter_msgs/include/costmap_converter_msgs/costmap_converter_msgs/msg/detail/obstacle_array_msg__struct.hpp
[1.377s] -- Up-to-date: /home/ws/ugv_ws/install/costmap_converter_msgs/include/costmap_converter_msgs/costmap_converter_msgs/msg/detail/obstacle_msg__struct.hpp
[1.377s] -- Up-to-date: /home/ws/ugv_ws/install/costmap_converter_msgs/include/costmap_converter_msgs/costmap_converter_msgs/msg/detail/obstacle_array_msg__traits.hpp
[1.378s] -- Up-to-date: /home/ws/ugv_ws/install/costmap_converter_msgs/include/costmap_converter_msgs/costmap_converter_msgs/msg/detail/obstacle_msg__builder.hpp
[1.378s] -- Up-to-date: /home/ws/ugv_ws/install/costmap_converter_msgs/include/costmap_converter_msgs/costmap_converter_msgs/msg/detail/obstacle_msg__traits.hpp
[1.378s] -- Up-to-date: /home/ws/ugv_ws/install/costmap_converter_msgs/include/costmap_converter_msgs/costmap_converter_msgs/msg/detail/obstacle_array_msg__builder.hpp
[1.379s] -- Up-to-date: /home/ws/ugv_ws/install/costmap_converter_msgs/include/costmap_converter_msgs/costmap_converter_msgs
[1.379s] -- Up-to-date: /home/ws/ugv_ws/install/costmap_converter_msgs/include/costmap_converter_msgs/costmap_converter_msgs/msg
[1.379s] -- Up-to-date: /home/ws/ugv_ws/install/costmap_converter_msgs/include/costmap_converter_msgs/costmap_converter_msgs/msg/detail
[1.379s] -- Up-to-date: /home/ws/ugv_ws/install/costmap_converter_msgs/include/costmap_converter_msgs/costmap_converter_msgs/msg/detail/dds_fastrtps
[1.379s] -- Up-to-date: /home/ws/ugv_ws/install/costmap_converter_msgs/include/costmap_converter_msgs/costmap_converter_msgs/msg/detail/obstacle_array_msg__rosidl_typesupport_fastrtps_cpp.hpp
[1.379s] -- Up-to-date: /home/ws/ugv_ws/install/costmap_converter_msgs/include/costmap_converter_msgs/costmap_converter_msgs/msg/detail/obstacle_msg__rosidl_typesupport_fastrtps_cpp.hpp
[1.379s] -- Up-to-date: /home/ws/ugv_ws/install/costmap_converter_msgs/include/costmap_converter_msgs/costmap_converter_msgs/msg/rosidl_typesupport_fastrtps_cpp__visibility_control.h
[1.381s] -- Up-to-date: /home/ws/ugv_ws/install/costmap_converter_msgs/lib/libcostmap_converter_msgs__rosidl_typesupport_fastrtps_cpp.so
[1.381s] -- Up-to-date: /home/ws/ugv_ws/install/costmap_converter_msgs/include/costmap_converter_msgs/costmap_converter_msgs
[1.382s] -- Up-to-date: /home/ws/ugv_ws/install/costmap_converter_msgs/include/costmap_converter_msgs/costmap_converter_msgs/msg
[1.382s] -- Up-to-date: /home/ws/ugv_ws/install/costmap_converter_msgs/include/costmap_converter_msgs/costmap_converter_msgs/msg/rosidl_typesupport_introspection_c__visibility_control.h
[1.382s] -- Up-to-date: /home/ws/ugv_ws/install/costmap_converter_msgs/include/costmap_converter_msgs/costmap_converter_msgs/msg/detail
[1.383s] -- Up-to-date: /home/ws/ugv_ws/install/costmap_converter_msgs/include/costmap_converter_msgs/costmap_converter_msgs/msg/detail/obstacle_msg__rosidl_typesupport_introspection_c.h
[1.383s] -- Up-to-date: /home/ws/ugv_ws/install/costmap_converter_msgs/include/costmap_converter_msgs/costmap_converter_msgs/msg/detail/obstacle_msg__type_support.c
[1.383s] -- Up-to-date: /home/ws/ugv_ws/install/costmap_converter_msgs/include/costmap_converter_msgs/costmap_converter_msgs/msg/detail/obstacle_array_msg__type_support.c
[1.383s] -- Up-to-date: /home/ws/ugv_ws/install/costmap_converter_msgs/include/costmap_converter_msgs/costmap_converter_msgs/msg/detail/obstacle_array_msg__rosidl_typesupport_introspection_c.h
[1.384s] -- Up-to-date: /home/ws/ugv_ws/install/costmap_converter_msgs/lib/libcostmap_converter_msgs__rosidl_typesupport_introspection_c.so
[1.385s] -- Up-to-date: /home/ws/ugv_ws/install/costmap_converter_msgs/lib/libcostmap_converter_msgs__rosidl_typesupport_c.so
[1.387s] -- Up-to-date: /home/ws/ugv_ws/install/costmap_converter_msgs/include/costmap_converter_msgs/costmap_converter_msgs
[1.388s] -- Up-to-date: /home/ws/ugv_ws/install/costmap_converter_msgs/include/costmap_converter_msgs/costmap_converter_msgs/msg
[1.388s] -- Up-to-date: /home/ws/ugv_ws/install/costmap_converter_msgs/include/costmap_converter_msgs/costmap_converter_msgs/msg/detail
[1.388s] -- Up-to-date: /home/ws/ugv_ws/install/costmap_converter_msgs/include/costmap_converter_msgs/costmap_converter_msgs/msg/detail/obstacle_msg__rosidl_typesupport_introspection_cpp.hpp
[1.388s] -- Up-to-date: /home/ws/ugv_ws/install/costmap_converter_msgs/include/costmap_converter_msgs/costmap_converter_msgs/msg/detail/obstacle_array_msg__type_support.cpp
[1.388s] -- Up-to-date: /home/ws/ugv_ws/install/costmap_converter_msgs/include/costmap_converter_msgs/costmap_converter_msgs/msg/detail/obstacle_array_msg__rosidl_typesupport_introspection_cpp.hpp
[1.388s] -- Up-to-date: /home/ws/ugv_ws/install/costmap_converter_msgs/include/costmap_converter_msgs/costmap_converter_msgs/msg/detail/obstacle_msg__type_support.cpp
[1.390s] -- Up-to-date: /home/ws/ugv_ws/install/costmap_converter_msgs/lib/libcostmap_converter_msgs__rosidl_typesupport_introspection_cpp.so
[1.392s] -- Up-to-date: /home/ws/ugv_ws/install/costmap_converter_msgs/lib/libcostmap_converter_msgs__rosidl_typesupport_cpp.so
[1.392s] -- Up-to-date: /home/ws/ugv_ws/install/costmap_converter_msgs/share/costmap_converter_msgs/environment/pythonpath.sh
[1.394s] -- Up-to-date: /home/ws/ugv_ws/install/costmap_converter_msgs/share/costmap_converter_msgs/environment/pythonpath.dsv
[1.394s] -- Up-to-date: /home/ws/ugv_ws/install/costmap_converter_msgs/local/lib/python3.10/dist-packages/costmap_converter_msgs-0.1.2-py3.10.egg-info
[1.394s] -- Installing: /home/ws/ugv_ws/install/costmap_converter_msgs/local/lib/python3.10/dist-packages/costmap_converter_msgs-0.1.2-py3.10.egg-info/PKG-INFO
[1.394s] -- Installing: /home/ws/ugv_ws/install/costmap_converter_msgs/local/lib/python3.10/dist-packages/costmap_converter_msgs-0.1.2-py3.10.egg-info/top_level.txt
[1.395s] -- Installing: /home/ws/ugv_ws/install/costmap_converter_msgs/local/lib/python3.10/dist-packages/costmap_converter_msgs-0.1.2-py3.10.egg-info/dependency_links.txt
[1.395s] -- Installing: /home/ws/ugv_ws/install/costmap_converter_msgs/local/lib/python3.10/dist-packages/costmap_converter_msgs-0.1.2-py3.10.egg-info/SOURCES.txt
[1.395s] -- Up-to-date: /home/ws/ugv_ws/install/costmap_converter_msgs/local/lib/python3.10/dist-packages/costmap_converter_msgs
[1.396s] -- Up-to-date: /home/ws/ugv_ws/install/costmap_converter_msgs/local/lib/python3.10/dist-packages/costmap_converter_msgs/_costmap_converter_msgs_s.ep.rosidl_typesupport_introspection_c.c
[1.396s] -- Up-to-date: /home/ws/ugv_ws/install/costmap_converter_msgs/local/lib/python3.10/dist-packages/costmap_converter_msgs/msg
[1.397s] -- Up-to-date: /home/ws/ugv_ws/install/costmap_converter_msgs/local/lib/python3.10/dist-packages/costmap_converter_msgs/msg/_obstacle_msg.py
[1.398s] -- Up-to-date: /home/ws/ugv_ws/install/costmap_converter_msgs/local/lib/python3.10/dist-packages/costmap_converter_msgs/msg/_obstacle_msg_s.c
[1.398s] -- Up-to-date: /home/ws/ugv_ws/install/costmap_converter_msgs/local/lib/python3.10/dist-packages/costmap_converter_msgs/msg/_obstacle_array_msg.py
[1.398s] -- Up-to-date: /home/ws/ugv_ws/install/costmap_converter_msgs/local/lib/python3.10/dist-packages/costmap_converter_msgs/msg/_obstacle_array_msg_s.c
[1.399s] -- Up-to-date: /home/ws/ugv_ws/install/costmap_converter_msgs/local/lib/python3.10/dist-packages/costmap_converter_msgs/msg/__init__.py
[1.399s] -- Up-to-date: /home/ws/ugv_ws/install/costmap_converter_msgs/local/lib/python3.10/dist-packages/costmap_converter_msgs/costmap_converter_msgs_s__rosidl_typesupport_fastrtps_c.cpython-310-aarch64-linux-gnu.so
[1.399s] -- Up-to-date: /home/ws/ugv_ws/install/costmap_converter_msgs/local/lib/python3.10/dist-packages/costmap_converter_msgs/_costmap_converter_msgs_s.ep.rosidl_typesupport_c.c
[1.399s] -- Up-to-date: /home/ws/ugv_ws/install/costmap_converter_msgs/local/lib/python3.10/dist-packages/costmap_converter_msgs/costmap_converter_msgs_s__rosidl_typesupport_c.cpython-310-aarch64-linux-gnu.so
[1.399s] -- Up-to-date: /home/ws/ugv_ws/install/costmap_converter_msgs/local/lib/python3.10/dist-packages/costmap_converter_msgs/libcostmap_converter_msgs__rosidl_generator_py.so
[1.400s] -- Up-to-date: /home/ws/ugv_ws/install/costmap_converter_msgs/local/lib/python3.10/dist-packages/costmap_converter_msgs/__init__.py
[1.400s] -- Up-to-date: /home/ws/ugv_ws/install/costmap_converter_msgs/local/lib/python3.10/dist-packages/costmap_converter_msgs/costmap_converter_msgs_s__rosidl_typesupport_introspection_c.cpython-310-aarch64-linux-gnu.so
[1.402s] -- Up-to-date: /home/ws/ugv_ws/install/costmap_converter_msgs/local/lib/python3.10/dist-packages/costmap_converter_msgs/_costmap_converter_msgs_s.ep.rosidl_typesupport_fastrtps_c.c
[1.478s] Listing '/home/ws/ugv_ws/install/costmap_converter_msgs/local/lib/python3.10/dist-packages/costmap_converter_msgs'...
[1.478s] Listing '/home/ws/ugv_ws/install/costmap_converter_msgs/local/lib/python3.10/dist-packages/costmap_converter_msgs/msg'...
[1.506s] -- Up-to-date: /home/ws/ugv_ws/install/costmap_converter_msgs/local/lib/python3.10/dist-packages/costmap_converter_msgs/costmap_converter_msgs_s__rosidl_typesupport_fastrtps_c.cpython-310-aarch64-linux-gnu.so
[1.508s] -- Up-to-date: /home/ws/ugv_ws/install/costmap_converter_msgs/local/lib/python3.10/dist-packages/costmap_converter_msgs/costmap_converter_msgs_s__rosidl_typesupport_introspection_c.cpython-310-aarch64-linux-gnu.so
[1.511s] -- Up-to-date: /home/ws/ugv_ws/install/costmap_converter_msgs/local/lib/python3.10/dist-packages/costmap_converter_msgs/costmap_converter_msgs_s__rosidl_typesupport_c.cpython-310-aarch64-linux-gnu.so
[1.512s] -- Up-to-date: /home/ws/ugv_ws/install/costmap_converter_msgs/lib/libcostmap_converter_msgs__rosidl_generator_py.so
[1.514s] -- Up-to-date: /home/ws/ugv_ws/install/costmap_converter_msgs/share/costmap_converter_msgs/msg/ObstacleMsg.idl
[1.514s] -- Up-to-date: /home/ws/ugv_ws/install/costmap_converter_msgs/share/costmap_converter_msgs/msg/ObstacleArrayMsg.idl
[1.514s] -- Up-to-date: /home/ws/ugv_ws/install/costmap_converter_msgs/share/costmap_converter_msgs/msg/ObstacleMsg.msg
[1.514s] -- Up-to-date: /home/ws/ugv_ws/install/costmap_converter_msgs/share/costmap_converter_msgs/msg/ObstacleArrayMsg.msg
[1.515s] -- Up-to-date: /home/ws/ugv_ws/install/costmap_converter_msgs/share/ament_index/resource_index/package_run_dependencies/costmap_converter_msgs
[1.515s] -- Up-to-date: /home/ws/ugv_ws/install/costmap_converter_msgs/share/ament_index/resource_index/parent_prefix_path/costmap_converter_msgs
[1.515s] -- Up-to-date: /home/ws/ugv_ws/install/costmap_converter_msgs/share/costmap_converter_msgs/environment/ament_prefix_path.sh
[1.516s] -- Up-to-date: /home/ws/ugv_ws/install/costmap_converter_msgs/share/costmap_converter_msgs/environment/ament_prefix_path.dsv
[1.517s] -- Up-to-date: /home/ws/ugv_ws/install/costmap_converter_msgs/share/costmap_converter_msgs/environment/path.sh
[1.517s] -- Up-to-date: /home/ws/ugv_ws/install/costmap_converter_msgs/share/costmap_converter_msgs/environment/path.dsv
[1.517s] -- Up-to-date: /home/ws/ugv_ws/install/costmap_converter_msgs/share/costmap_converter_msgs/local_setup.bash
[1.517s] -- Up-to-date: /home/ws/ugv_ws/install/costmap_converter_msgs/share/costmap_converter_msgs/local_setup.sh
[1.517s] -- Up-to-date: /home/ws/ugv_ws/install/costmap_converter_msgs/share/costmap_converter_msgs/local_setup.zsh
[1.517s] -- Up-to-date: /home/ws/ugv_ws/install/costmap_converter_msgs/share/costmap_converter_msgs/local_setup.dsv
[1.518s] -- Installing: /home/ws/ugv_ws/install/costmap_converter_msgs/share/costmap_converter_msgs/package.dsv
[1.520s] -- Up-to-date: /home/ws/ugv_ws/install/costmap_converter_msgs/share/ament_index/resource_index/packages/costmap_converter_msgs
[1.523s] -- Up-to-date: /home/ws/ugv_ws/install/costmap_converter_msgs/share/costmap_converter_msgs/cmake/export_costmap_converter_msgs__rosidl_generator_cExport.cmake
[1.524s] -- Up-to-date: /home/ws/ugv_ws/install/costmap_converter_msgs/share/costmap_converter_msgs/cmake/export_costmap_converter_msgs__rosidl_generator_cExport-noconfig.cmake
[1.526s] -- Up-to-date: /home/ws/ugv_ws/install/costmap_converter_msgs/share/costmap_converter_msgs/cmake/export_costmap_converter_msgs__rosidl_typesupport_fastrtps_cExport.cmake
[1.526s] -- Up-to-date: /home/ws/ugv_ws/install/costmap_converter_msgs/share/costmap_converter_msgs/cmake/export_costmap_converter_msgs__rosidl_typesupport_fastrtps_cExport-noconfig.cmake
[1.528s] -- Up-to-date: /home/ws/ugv_ws/install/costmap_converter_msgs/share/costmap_converter_msgs/cmake/export_costmap_converter_msgs__rosidl_generator_cppExport.cmake
[1.529s] -- Up-to-date: /home/ws/ugv_ws/install/costmap_converter_msgs/share/costmap_converter_msgs/cmake/export_costmap_converter_msgs__rosidl_typesupport_fastrtps_cppExport.cmake
[1.529s] -- Up-to-date: /home/ws/ugv_ws/install/costmap_converter_msgs/share/costmap_converter_msgs/cmake/export_costmap_converter_msgs__rosidl_typesupport_fastrtps_cppExport-noconfig.cmake
[1.535s] -- Up-to-date: /home/ws/ugv_ws/install/costmap_converter_msgs/share/costmap_converter_msgs/cmake/costmap_converter_msgs__rosidl_typesupport_introspection_cExport.cmake
[1.535s] -- Up-to-date: /home/ws/ugv_ws/install/costmap_converter_msgs/share/costmap_converter_msgs/cmake/costmap_converter_msgs__rosidl_typesupport_introspection_cExport-noconfig.cmake
[1.540s] -- Up-to-date: /home/ws/ugv_ws/install/costmap_converter_msgs/share/costmap_converter_msgs/cmake/costmap_converter_msgs__rosidl_typesupport_cExport.cmake
[1.541s] -- Up-to-date: /home/ws/ugv_ws/install/costmap_converter_msgs/share/costmap_converter_msgs/cmake/costmap_converter_msgs__rosidl_typesupport_cExport-noconfig.cmake
[1.541s] -- Up-to-date: /home/ws/ugv_ws/install/costmap_converter_msgs/share/costmap_converter_msgs/cmake/costmap_converter_msgs__rosidl_typesupport_introspection_cppExport.cmake
[1.541s] -- Up-to-date: /home/ws/ugv_ws/install/costmap_converter_msgs/share/costmap_converter_msgs/cmake/costmap_converter_msgs__rosidl_typesupport_introspection_cppExport-noconfig.cmake
[1.544s] -- Up-to-date: /home/ws/ugv_ws/install/costmap_converter_msgs/share/costmap_converter_msgs/cmake/costmap_converter_msgs__rosidl_typesupport_cppExport.cmake
[1.547s] -- Up-to-date: /home/ws/ugv_ws/install/costmap_converter_msgs/share/costmap_converter_msgs/cmake/costmap_converter_msgs__rosidl_typesupport_cppExport-noconfig.cmake
[1.547s] -- Up-to-date: /home/ws/ugv_ws/install/costmap_converter_msgs/share/costmap_converter_msgs/cmake/export_costmap_converter_msgs__rosidl_generator_pyExport.cmake
[1.547s] -- Up-to-date: /home/ws/ugv_ws/install/costmap_converter_msgs/share/costmap_converter_msgs/cmake/export_costmap_converter_msgs__rosidl_generator_pyExport-noconfig.cmake
[1.547s] -- Up-to-date: /home/ws/ugv_ws/install/costmap_converter_msgs/share/costmap_converter_msgs/cmake/rosidl_cmake-extras.cmake
[1.548s] -- Up-to-date: /home/ws/ugv_ws/install/costmap_converter_msgs/share/costmap_converter_msgs/cmake/ament_cmake_export_dependencies-extras.cmake
[1.549s] -- Up-to-date: /home/ws/ugv_ws/install/costmap_converter_msgs/share/costmap_converter_msgs/cmake/ament_cmake_export_include_directories-extras.cmake
[1.550s] -- Up-to-date: /home/ws/ugv_ws/install/costmap_converter_msgs/share/costmap_converter_msgs/cmake/ament_cmake_export_libraries-extras.cmake
[1.550s] -- Up-to-date: /home/ws/ugv_ws/install/costmap_converter_msgs/share/costmap_converter_msgs/cmake/ament_cmake_export_targets-extras.cmake
[1.550s] -- Up-to-date: /home/ws/ugv_ws/install/costmap_converter_msgs/share/costmap_converter_msgs/cmake/rosidl_cmake_export_typesupport_targets-extras.cmake
[1.550s] -- Up-to-date: /home/ws/ugv_ws/install/costmap_converter_msgs/share/costmap_converter_msgs/cmake/rosidl_cmake_export_typesupport_libraries-extras.cmake
[1.550s] -- Up-to-date: /home/ws/ugv_ws/install/costmap_converter_msgs/share/costmap_converter_msgs/cmake/costmap_converter_msgsConfig.cmake
[1.550s] -- Up-to-date: /home/ws/ugv_ws/install/costmap_converter_msgs/share/costmap_converter_msgs/cmake/costmap_converter_msgsConfig-version.cmake
[1.550s] -- Up-to-date: /home/ws/ugv_ws/install/costmap_converter_msgs/share/costmap_converter_msgs/package.xml
[1.607s] Invoked command in '/home/ws/ugv_ws/build/costmap_converter_msgs' returned '0': CMAKE_PREFIX_PATH=${CMAKE_PREFIX_PATH}:/home/ws/ugv_ws/install/ugv_web_app:/home/ws/ugv_ws/install/ugv_vision:/home/ws/ugv_ws/install/ugv_tools:/home/ws/ugv_ws/install/ugv_chat_ai:/home/ws/ugv_ws/install/ugv_bringup:/opt/ros/humble /usr/bin/cmake --install /home/ws/ugv_ws/build/costmap_converter_msgs
