[0.030s] Invoking command in '/home/ws/ugv_ws/build/cartographer': CMAKE_PREFIX_PATH=${CMAKE_PREFIX_PATH}:/home/ws/ugv_ws/install/ugv_web_app:/home/ws/ugv_ws/install/ugv_vision:/home/ws/ugv_ws/install/ugv_tools:/home/ws/ugv_ws/install/ugv_chat_ai:/home/ws/ugv_ws/install/ugv_bringup:/opt/ros/humble /usr/bin/cmake --build /home/ws/ugv_ws/build/cartographer -- -j4 -l4
[0.205s] Invoked command in '/home/ws/ugv_ws/build/cartographer' returned '0': CMAKE_PREFIX_PATH=${CMAKE_PREFIX_PATH}:/home/ws/ugv_ws/install/ugv_web_app:/home/ws/ugv_ws/install/ugv_vision:/home/ws/ugv_ws/install/ugv_tools:/home/ws/ugv_ws/install/ugv_chat_ai:/home/ws/ugv_ws/install/ugv_bringup:/opt/ros/humble /usr/bin/cmake --build /home/ws/ugv_ws/build/cartographer -- -j4 -l4
[0.244s] Invoking command in '/home/ws/ugv_ws/build/cartographer': CMAKE_PREFIX_PATH=${CMAKE_PREFIX_PATH}:/home/ws/ugv_ws/install/ugv_web_app:/home/ws/ugv_ws/install/ugv_vision:/home/ws/ugv_ws/install/ugv_tools:/home/ws/ugv_ws/install/ugv_chat_ai:/home/ws/ugv_ws/install/ugv_bringup:/opt/ros/humble /usr/bin/cmake --install /home/ws/ugv_ws/build/cartographer
[0.256s] -- Install configuration: ""
[0.256s] -- Execute custom install script
[0.256s] -- Up-to-date symlink: /home/ws/ugv_ws/install/cartographer/share/cartographer/config/localization_2d.lua
[0.256s] -- Up-to-date symlink: /home/ws/ugv_ws/install/cartographer/share/cartographer/config/mapping_2d.lua
[0.256s] -- Up-to-date symlink: /home/ws/ugv_ws/install/cartographer/share/cartographer/launch/localization.launch.py
[0.256s] -- Up-to-date symlink: /home/ws/ugv_ws/install/cartographer/share/cartographer/launch/mapping.launch.py
[0.256s] -- Up-to-date symlink: /home/ws/ugv_ws/install/cartographer/share/cartographer/launch/occupancy_grid.launch.py
[0.256s] -- Up-to-date symlink: /home/ws/ugv_ws/install/cartographer/share/ament_index/resource_index/package_run_dependencies/cartographer
[0.256s] -- Up-to-date symlink: /home/ws/ugv_ws/install/cartographer/share/ament_index/resource_index/parent_prefix_path/cartographer
[0.256s] -- Up-to-date symlink: /home/ws/ugv_ws/install/cartographer/share/cartographer/environment/ament_prefix_path.sh
[0.256s] -- Up-to-date symlink: /home/ws/ugv_ws/install/cartographer/share/cartographer/environment/ament_prefix_path.dsv
[0.259s] -- Up-to-date symlink: /home/ws/ugv_ws/install/cartographer/share/cartographer/environment/path.sh
[0.259s] -- Up-to-date symlink: /home/ws/ugv_ws/install/cartographer/share/cartographer/environment/path.dsv
[0.260s] -- Up-to-date symlink: /home/ws/ugv_ws/install/cartographer/share/cartographer/local_setup.bash
[0.267s] -- Up-to-date symlink: /home/ws/ugv_ws/install/cartographer/share/cartographer/local_setup.sh
[0.268s] -- Up-to-date symlink: /home/ws/ugv_ws/install/cartographer/share/cartographer/local_setup.zsh
[0.268s] -- Up-to-date symlink: /home/ws/ugv_ws/install/cartographer/share/cartographer/local_setup.dsv
[0.268s] -- Symlinking: /home/ws/ugv_ws/install/cartographer/share/cartographer/package.dsv
[0.284s] -- Up-to-date symlink: /home/ws/ugv_ws/install/cartographer/share/ament_index/resource_index/packages/cartographer
[0.284s] -- Up-to-date symlink: /home/ws/ugv_ws/install/cartographer/share/cartographer/cmake/cartographerConfig.cmake
[0.286s] -- Up-to-date symlink: /home/ws/ugv_ws/install/cartographer/share/cartographer/cmake/cartographerConfig-version.cmake
[0.286s] -- Up-to-date symlink: /home/ws/ugv_ws/install/cartographer/share/cartographer/package.xml
[0.331s] Invoked command in '/home/ws/ugv_ws/build/cartographer' returned '0': CMAKE_PREFIX_PATH=${CMAKE_PREFIX_PATH}:/home/ws/ugv_ws/install/ugv_web_app:/home/ws/ugv_ws/install/ugv_vision:/home/ws/ugv_ws/install/ugv_tools:/home/ws/ugv_ws/install/ugv_chat_ai:/home/ws/ugv_ws/install/ugv_bringup:/opt/ros/humble /usr/bin/cmake --install /home/ws/ugv_ws/build/cartographer
