-- Found ament_cmake: 1.3.10 (/opt/ros/humble/share/ament_cmake/cmake)
-- Found tf2: 0.25.7 (/opt/ros/humble/share/tf2/cmake)
-- Found rosidl_generator_c: 3.1.5 (/opt/ros/humble/share/rosidl_generator_c/cmake)
-- Found rosidl_adapter: 3.1.5 (/opt/ros/humble/share/rosidl_adapter/cmake)
-- Found rosidl_generator_cpp: 3.1.5 (/opt/ros/humble/share/rosidl_generator_cpp/cmake)
-- Using all available rosidl_typesupport_c: rosidl_typesupport_fastrtps_c;rosidl_typesupport_introspection_c
-- Using all available rosidl_typesupport_cpp: rosidl_typesupport_fastrtps_cpp;rosidl_typesupport_introspection_cpp
-- Found tf2_ros: 0.25.7 (/opt/ros/humble/share/tf2_ros/cmake)
-- Found rmw_implementation_cmake: 6.1.2 (/opt/ros/humble/share/rmw_implementation_cmake/cmake)
-- Found rmw_fastrtps_cpp: 6.2.7 (/opt/ros/humble/share/rmw_fastrtps_cpp/cmake)
-- Using RMW implementation 'rmw_fastrtps_cpp' as default
-- Found nav_msgs: 4.2.4 (/opt/ros/humble/share/nav_msgs/cmake)
-- Found tf2_geometry_msgs: 0.25.7 (/opt/ros/humble/share/tf2_geometry_msgs/cmake)
-- Found eigen3_cmake_module: 0.1.1 (/opt/ros/humble/share/eigen3_cmake_module/cmake)
-- Found Eigen3: TRUE (found version "3.4.0") 
-- Ensuring Eigen3 include directory is part of orocos-kdl CMake target
-- Found sensor_msgs: 4.2.4 (/opt/ros/humble/share/sensor_msgs/cmake)
-- Found ament_lint_auto: 0.12.11 (/opt/ros/humble/share/ament_lint_auto/cmake)
-- Added test 'copyright' to check source files copyright and LICENSE
-- Added test 'cppcheck' to perform static code analysis on C / C++ code
-- Configured cppcheck include dirs: 
-- Configured cppcheck exclude dirs and/or files: 
-- Added test 'cpplint' to check C / C++ code against the Google style
-- Configured cpplint exclude dirs and/or files: 
-- Added test 'lint_cmake' to check CMake code style
-- Added test 'uncrustify' to check C / C++ code style
-- Configured uncrustify additional arguments: 
-- Added test 'xmllint' to check XML markup files
-- Configuring done
-- Generating done
-- Build files have been written to: /home/ws/ugv_ws/build/ugv_base_node
[35m[1mConsolidate compiler generated dependencies of target base_node[0m
[ 50%] [32mBuilding CXX object CMakeFiles/base_node.dir/src/base_node.cpp.o[0m
In file included from [01m[K/home/ws/ugv_ws/src/ugv_main/ugv_base_node/src/base_node.cpp:9[m[K:
[01m[K/opt/ros/humble/include/tf2_geometry_msgs/tf2_geometry_msgs/tf2_geometry_msgs.h:35:2:[m[K [01;35m[Kwarning: [m[K#warning This header is obsolete, please include tf2_geometry_msgs/tf2_geometry_msgs.hpp instead [[01;35m[K-Wcpp[m[K]
   35 | #[01;35m[Kwarning[m[K This header is obsolete, please include tf2_geometry_msgs/tf2_geometry_msgs.hpp instead
      |  [01;35m[K^~~~~~~[m[K
[100%] [32m[1mLinking CXX executable base_node[0m
[100%] Built target base_node
-- Install configuration: ""
-- Installing: /home/ws/ugv_ws/install/ugv_base_node/lib/ugv_base_node/base_node
-- Set runtime path of "/home/ws/ugv_ws/install/ugv_base_node/lib/ugv_base_node/base_node" to ""
-- Up-to-date: /home/ws/ugv_ws/install/ugv_base_node/share/ament_index/resource_index/package_run_dependencies/ugv_base_node
-- Installing: /home/ws/ugv_ws/install/ugv_base_node/share/ament_index/resource_index/parent_prefix_path/ugv_base_node
-- Up-to-date: /home/ws/ugv_ws/install/ugv_base_node/share/ugv_base_node/environment/ament_prefix_path.sh
-- Installing: /home/ws/ugv_ws/install/ugv_base_node/share/ugv_base_node/environment/ament_prefix_path.dsv
-- Up-to-date: /home/ws/ugv_ws/install/ugv_base_node/share/ugv_base_node/environment/path.sh
-- Installing: /home/ws/ugv_ws/install/ugv_base_node/share/ugv_base_node/environment/path.dsv
-- Up-to-date: /home/ws/ugv_ws/install/ugv_base_node/share/ugv_base_node/local_setup.bash
-- Up-to-date: /home/ws/ugv_ws/install/ugv_base_node/share/ugv_base_node/local_setup.sh
-- Up-to-date: /home/ws/ugv_ws/install/ugv_base_node/share/ugv_base_node/local_setup.zsh
-- Installing: /home/ws/ugv_ws/install/ugv_base_node/share/ugv_base_node/local_setup.dsv
-- Installing: /home/ws/ugv_ws/install/ugv_base_node/share/ugv_base_node/package.dsv
-- Up-to-date: /home/ws/ugv_ws/install/ugv_base_node/share/ament_index/resource_index/packages/ugv_base_node
-- Up-to-date: /home/ws/ugv_ws/install/ugv_base_node/share/ugv_base_node/cmake/ugv_base_nodeConfig.cmake
-- Up-to-date: /home/ws/ugv_ws/install/ugv_base_node/share/ugv_base_node/cmake/ugv_base_nodeConfig-version.cmake
-- Up-to-date: /home/ws/ugv_ws/install/ugv_base_node/share/ugv_base_node/package.xml
