[0.023s] Invoking command in '/home/ws/ugv_ws/build/ugv_base_node': CMAKE_PREFIX_PATH=${CMAKE_PREFIX_PATH}:/home/ws/ugv_ws/install/ugv_web_app:/home/ws/ugv_ws/install/ugv_voice:/home/ws/ugv_ws/install/ugv_vision:/home/ws/ugv_ws/install/ugv_tools:/home/ws/ugv_ws/install/ugv_chat_ai:/home/ws/ugv_ws/install/ugv_bringup:/home/ws/ugv_ws/install/robot_pose_publisher:/home/ws/ugv_roarm_ws/install/ugv_roarm_bringup:/home/ws/roarm_ws/install/roarm_vision:/home/ws/roarm_ws/install/roarm_driver:/opt/ros/humble /usr/bin/cmake --build /home/ws/ugv_ws/build/ugv_base_node -- -j4 -l4
[0.083s] -- Found ament_cmake: 1.3.10 (/opt/ros/humble/share/ament_cmake/cmake)
[0.322s] -- Found tf2: 0.25.7 (/opt/ros/humble/share/tf2/cmake)
[0.390s] -- Found rosidl_generator_c: 3.1.5 (/opt/ros/humble/share/rosidl_generator_c/cmake)
[0.395s] -- Found rosidl_adapter: 3.1.5 (/opt/ros/humble/share/rosidl_adapter/cmake)
[0.408s] -- Found rosidl_generator_cpp: 3.1.5 (/opt/ros/humble/share/rosidl_generator_cpp/cmake)
[0.430s] -- Using all available rosidl_typesupport_c: rosidl_typesupport_fastrtps_c;rosidl_typesupport_introspection_c
[0.455s] -- Using all available rosidl_typesupport_cpp: rosidl_typesupport_fastrtps_cpp;rosidl_typesupport_introspection_cpp
[0.531s] -- Found tf2_ros: 0.25.7 (/opt/ros/humble/share/tf2_ros/cmake)
[0.631s] -- Found rmw_implementation_cmake: 6.1.2 (/opt/ros/humble/share/rmw_implementation_cmake/cmake)
[0.638s] -- Found rmw_fastrtps_cpp: 6.2.7 (/opt/ros/humble/share/rmw_fastrtps_cpp/cmake)
[0.850s] -- Using RMW implementation 'rmw_fastrtps_cpp' as default
[1.037s] -- Found nav_msgs: 4.2.4 (/opt/ros/humble/share/nav_msgs/cmake)
[1.077s] -- Found tf2_geometry_msgs: 0.25.7 (/opt/ros/humble/share/tf2_geometry_msgs/cmake)
[1.127s] -- Found eigen3_cmake_module: 0.1.1 (/opt/ros/humble/share/eigen3_cmake_module/cmake)
[1.129s] -- Found Eigen3: TRUE (found version "3.4.0") 
[1.129s] -- Ensuring Eigen3 include directory is part of orocos-kdl CMake target
[1.132s] -- Found sensor_msgs: 4.2.4 (/opt/ros/humble/share/sensor_msgs/cmake)
[1.165s] -- Found ament_lint_auto: 0.12.11 (/opt/ros/humble/share/ament_lint_auto/cmake)
[1.300s] -- Added test 'copyright' to check source files copyright and LICENSE
[1.301s] -- Added test 'cppcheck' to perform static code analysis on C / C++ code
[1.301s] -- Configured cppcheck include dirs: 
[1.302s] -- Configured cppcheck exclude dirs and/or files: 
[1.302s] -- Added test 'cpplint' to check C / C++ code against the Google style
[1.302s] -- Configured cpplint exclude dirs and/or files: 
[1.303s] -- Added test 'lint_cmake' to check CMake code style
[1.305s] -- Added test 'uncrustify' to check C / C++ code style
[1.305s] -- Configured uncrustify additional arguments: 
[1.306s] -- Added test 'xmllint' to check XML markup files
[1.308s] -- Configuring done
[1.347s] -- Generating done
[1.355s] -- Build files have been written to: /home/ws/ugv_ws/build/ugv_base_node
[1.388s] [35m[1mConsolidate compiler generated dependencies of target base_node[0m
[1.407s] [ 50%] [32mBuilding CXX object CMakeFiles/base_node.dir/src/base_node.cpp.o[0m
[1.690s] In file included from [01m[K/home/ws/ugv_ws/src/ugv_main/ugv_base_node/src/base_node.cpp:9[m[K:
[1.690s] [01m[K/opt/ros/humble/include/tf2_geometry_msgs/tf2_geometry_msgs/tf2_geometry_msgs.h:35:2:[m[K [01;35m[Kwarning: [m[K#warning This header is obsolete, please include tf2_geometry_msgs/tf2_geometry_msgs.hpp instead [[01;35m[K-Wcpp[m[K]
[1.690s]    35 | #[01;35m[Kwarning[m[K This header is obsolete, please include tf2_geometry_msgs/tf2_geometry_msgs.hpp instead
[1.690s]       |  [01;35m[K^~~~~~~[m[K
[16.323s] [100%] [32m[1mLinking CXX executable base_node[0m
[17.564s] [100%] Built target base_node
[17.575s] Invoked command in '/home/ws/ugv_ws/build/ugv_base_node' returned '0': CMAKE_PREFIX_PATH=${CMAKE_PREFIX_PATH}:/home/ws/ugv_ws/install/ugv_web_app:/home/ws/ugv_ws/install/ugv_voice:/home/ws/ugv_ws/install/ugv_vision:/home/ws/ugv_ws/install/ugv_tools:/home/ws/ugv_ws/install/ugv_chat_ai:/home/ws/ugv_ws/install/ugv_bringup:/home/ws/ugv_ws/install/robot_pose_publisher:/home/ws/ugv_roarm_ws/install/ugv_roarm_bringup:/home/ws/roarm_ws/install/roarm_vision:/home/ws/roarm_ws/install/roarm_driver:/opt/ros/humble /usr/bin/cmake --build /home/ws/ugv_ws/build/ugv_base_node -- -j4 -l4
[17.612s] Invoking command in '/home/ws/ugv_ws/build/ugv_base_node': CMAKE_PREFIX_PATH=${CMAKE_PREFIX_PATH}:/home/ws/ugv_ws/install/ugv_web_app:/home/ws/ugv_ws/install/ugv_voice:/home/ws/ugv_ws/install/ugv_vision:/home/ws/ugv_ws/install/ugv_tools:/home/ws/ugv_ws/install/ugv_chat_ai:/home/ws/ugv_ws/install/ugv_bringup:/home/ws/ugv_ws/install/robot_pose_publisher:/home/ws/ugv_roarm_ws/install/ugv_roarm_bringup:/home/ws/roarm_ws/install/roarm_vision:/home/ws/roarm_ws/install/roarm_driver:/opt/ros/humble /usr/bin/cmake --install /home/ws/ugv_ws/build/ugv_base_node
[17.624s] -- Install configuration: ""
[17.624s] -- Installing: /home/ws/ugv_ws/install/ugv_base_node/lib/ugv_base_node/base_node
[17.626s] -- Set runtime path of "/home/ws/ugv_ws/install/ugv_base_node/lib/ugv_base_node/base_node" to ""
[17.627s] -- Up-to-date: /home/ws/ugv_ws/install/ugv_base_node/share/ament_index/resource_index/package_run_dependencies/ugv_base_node
[17.628s] -- Installing: /home/ws/ugv_ws/install/ugv_base_node/share/ament_index/resource_index/parent_prefix_path/ugv_base_node
[17.628s] -- Up-to-date: /home/ws/ugv_ws/install/ugv_base_node/share/ugv_base_node/environment/ament_prefix_path.sh
[17.628s] -- Installing: /home/ws/ugv_ws/install/ugv_base_node/share/ugv_base_node/environment/ament_prefix_path.dsv
[17.628s] -- Up-to-date: /home/ws/ugv_ws/install/ugv_base_node/share/ugv_base_node/environment/path.sh
[17.628s] -- Installing: /home/ws/ugv_ws/install/ugv_base_node/share/ugv_base_node/environment/path.dsv
[17.628s] -- Up-to-date: /home/ws/ugv_ws/install/ugv_base_node/share/ugv_base_node/local_setup.bash
[17.628s] -- Up-to-date: /home/ws/ugv_ws/install/ugv_base_node/share/ugv_base_node/local_setup.sh
[17.628s] -- Up-to-date: /home/ws/ugv_ws/install/ugv_base_node/share/ugv_base_node/local_setup.zsh
[17.628s] -- Installing: /home/ws/ugv_ws/install/ugv_base_node/share/ugv_base_node/local_setup.dsv
[17.628s] -- Installing: /home/ws/ugv_ws/install/ugv_base_node/share/ugv_base_node/package.dsv
[17.628s] -- Up-to-date: /home/ws/ugv_ws/install/ugv_base_node/share/ament_index/resource_index/packages/ugv_base_node
[17.628s] -- Up-to-date: /home/ws/ugv_ws/install/ugv_base_node/share/ugv_base_node/cmake/ugv_base_nodeConfig.cmake
[17.628s] -- Up-to-date: /home/ws/ugv_ws/install/ugv_base_node/share/ugv_base_node/cmake/ugv_base_nodeConfig-version.cmake
[17.628s] -- Up-to-date: /home/ws/ugv_ws/install/ugv_base_node/share/ugv_base_node/package.xml
[17.629s] Invoked command in '/home/ws/ugv_ws/build/ugv_base_node' returned '0': CMAKE_PREFIX_PATH=${CMAKE_PREFIX_PATH}:/home/ws/ugv_ws/install/ugv_web_app:/home/ws/ugv_ws/install/ugv_voice:/home/ws/ugv_ws/install/ugv_vision:/home/ws/ugv_ws/install/ugv_tools:/home/ws/ugv_ws/install/ugv_chat_ai:/home/ws/ugv_ws/install/ugv_bringup:/home/ws/ugv_ws/install/robot_pose_publisher:/home/ws/ugv_roarm_ws/install/ugv_roarm_bringup:/home/ws/roarm_ws/install/roarm_vision:/home/ws/roarm_ws/install/roarm_driver:/opt/ros/humble /usr/bin/cmake --install /home/ws/ugv_ws/build/ugv_base_node
