[ 12%] [32mBuilding CXX object CMakeFiles/ldlidar_node.dir/src/demo.cpp.o[0m
[ 25%] [32m[1mLinking CXX executable ldlidar_node[0m
[100%] Built target ldlidar_node
-- Install configuration: ""
-- Installing: /home/ws/ugv_ws/install/ldlidar/lib/ldlidar/ldlidar_node
-- Set runtime path of "/home/ws/ugv_ws/install/ldlidar/lib/ldlidar/ldlidar_node" to ""
-- Up-to-date: /home/ws/ugv_ws/install/ldlidar/share/ldlidar//launch
-- Up-to-date: /home/ws/ugv_ws/install/ldlidar/share/ldlidar//launch/ld06.launch.py
-- Up-to-date: /home/ws/ugv_ws/install/ldlidar/share/ldlidar//launch/ldlidar.launch.py
-- Up-to-date: /home/ws/ugv_ws/install/ldlidar/share/ldlidar//launch/viewer_ldlidar.launch.py
-- Up-to-date: /home/ws/ugv_ws/install/ldlidar/share/ldlidar//launch/viewer_stl27l.launch.py
-- Up-to-date: /home/ws/ugv_ws/install/ldlidar/share/ldlidar//launch/stl27l.launch.py
-- Up-to-date: /home/ws/ugv_ws/install/ldlidar/share/ldlidar//launch/viewer_ld19.launch.py
-- Installing: /home/ws/ugv_ws/install/ldlidar/share/ldlidar//launch/ld19.launch.py
-- Up-to-date: /home/ws/ugv_ws/install/ldlidar/share/ldlidar//launch/viewer_ld06.launch.py
-- Up-to-date: /home/ws/ugv_ws/install/ldlidar/share/ldlidar//rviz
-- Up-to-date: /home/ws/ugv_ws/install/ldlidar/share/ldlidar//rviz/view.rviz
-- Up-to-date: /home/ws/ugv_ws/install/ldlidar/share/ament_index/resource_index/package_run_dependencies/ldlidar
-- Up-to-date: /home/ws/ugv_ws/install/ldlidar/share/ament_index/resource_index/parent_prefix_path/ldlidar
-- Up-to-date: /home/ws/ugv_ws/install/ldlidar/share/ldlidar/environment/ament_prefix_path.sh
-- Up-to-date: /home/ws/ugv_ws/install/ldlidar/share/ldlidar/environment/ament_prefix_path.dsv
-- Up-to-date: /home/ws/ugv_ws/install/ldlidar/share/ldlidar/environment/path.sh
-- Up-to-date: /home/ws/ugv_ws/install/ldlidar/share/ldlidar/environment/path.dsv
-- Up-to-date: /home/ws/ugv_ws/install/ldlidar/share/ldlidar/local_setup.bash
-- Up-to-date: /home/ws/ugv_ws/install/ldlidar/share/ldlidar/local_setup.sh
-- Up-to-date: /home/ws/ugv_ws/install/ldlidar/share/ldlidar/local_setup.zsh
-- Up-to-date: /home/ws/ugv_ws/install/ldlidar/share/ldlidar/local_setup.dsv
-- Installing: /home/ws/ugv_ws/install/ldlidar/share/ldlidar/package.dsv
-- Up-to-date: /home/ws/ugv_ws/install/ldlidar/share/ament_index/resource_index/packages/ldlidar
-- Up-to-date: /home/ws/ugv_ws/install/ldlidar/share/ldlidar/cmake/ldlidarConfig.cmake
-- Up-to-date: /home/ws/ugv_ws/install/ldlidar/share/ldlidar/cmake/ldlidarConfig-version.cmake
-- Up-to-date: /home/ws/ugv_ws/install/ldlidar/share/ldlidar/package.xml
