[ 12%] [32mBuilding CXX object CMakeFiles/ldlidar_node.dir/src/demo.cpp.o[0m
[01m[K/home/ws/ugv_ws/src/ugv_else/ldlidar/src/demo.cpp:[m[K In function ‘[01m[Kint main(int, char**)[m[K’:
[01m[K/home/ws/ugv_ws/src/ugv_else/ldlidar/src/demo.cpp:55:56:[m[K [01;31m[Kerror: [m[K‘[01m[Kstruct LaserScanSetting[m[K’ has no member named ‘[01m[Krange_min[m[K’
   55 |   node->declare_parameter<double>("range_min", setting.[01;31m[Krange_min[m[K);
      |                                                        [01;31m[K^~~~~~~~~[m[K
[01m[K/home/ws/ugv_ws/src/ugv_else/ldlidar/src/demo.cpp:67:44:[m[K [01;31m[Kerror: [m[K‘[01m[Kstruct LaserScanSetting[m[K’ has no member named ‘[01m[Krange_min[m[K’
   67 |   node->get_parameter("range_min", setting.[01;31m[Krange_min[m[K);
      |                                            [01;31m[K^~~~~~~~~[m[K
In file included from [01m[K/opt/ros/humble/include/rclcpp/rclcpp/logging.hpp:24[m[K,
                 from [01m[K/opt/ros/humble/include/rclcpp/rclcpp/client.hpp:40[m[K,
                 from [01m[K/opt/ros/humble/include/rclcpp/rclcpp/callback_group.hpp:24[m[K,
                 from [01m[K/opt/ros/humble/include/rclcpp/rclcpp/any_executable.hpp:20[m[K,
                 from [01m[K/opt/ros/humble/include/rclcpp/rclcpp/memory_strategy.hpp:25[m[K,
                 from [01m[K/opt/ros/humble/include/rclcpp/rclcpp/memory_strategies.hpp:18[m[K,
                 from [01m[K/opt/ros/humble/include/rclcpp/rclcpp/executor_options.hpp:20[m[K,
                 from [01m[K/opt/ros/humble/include/rclcpp/rclcpp/executor.hpp:37[m[K,
                 from [01m[K/opt/ros/humble/include/rclcpp/rclcpp/executors/multi_threaded_executor.hpp:25[m[K,
                 from [01m[K/opt/ros/humble/include/rclcpp/rclcpp/executors.hpp:21[m[K,
                 from [01m[K/opt/ros/humble/include/rclcpp/rclcpp/rclcpp.hpp:155[m[K,
                 from [01m[K/home/ws/ugv_ws/src/ugv_else/ldlidar/include/ros2_api.h:24[m[K,
                 from [01m[K/home/ws/ugv_ws/src/ugv_else/ldlidar/src/demo.cpp:22[m[K:
[01m[K/home/ws/ugv_ws/src/ugv_else/ldlidar/src/demo.cpp:81:62:[m[K [01;31m[Kerror: [m[K‘[01m[Kstruct LaserScanSetting[m[K’ has no member named ‘[01m[Krange_min[m[K’
   81 |   RCLCPP_INFO(node->get_logger(), "<range_min>: %f", setting.[01;31m[Krange_min[m[K);
      |                                                              [01;31m[K^~~~~~~~~[m[K
[01m[K/home/ws/ugv_ws/src/ugv_else/ldlidar/src/demo.cpp:[m[K In function ‘[01m[Kvoid ToLaserscanMessagePublish(ldlidar::Points2D&, double, LaserScanSetting&, rclcpp::Node::SharedPtr&, rclcpp::Publisher<sensor_msgs::msg::LaserScan_<std::allocator<void> > >::SharedPtr&)[m[K’:
[01m[K/home/ws/ugv_ws/src/ugv_else/ldlidar/src/demo.cpp:170:23:[m[K [01;31m[Kerror: [m[K‘[01m[Kstruct LaserScanSetting[m[K’ has no member named ‘[01m[Krange_min[m[K’
  170 |   range_min = setting.[01;31m[Krange_min[m[K;
      |                       [01;31m[K^~~~~~~~~[m[K
gmake[2]: *** [CMakeFiles/ldlidar_node.dir/build.make:76: CMakeFiles/ldlidar_node.dir/src/demo.cpp.o] Error 1
gmake[1]: *** [CMakeFiles/Makefile2:137: CMakeFiles/ldlidar_node.dir/all] Error 2
gmake: *** [Makefile:146: all] Error 2
