Not searching for unused variables given on the command line.
-- Checking for module 'fftw3f'
--   Found fftw3f, version 3.3.8
-- Checking for module 'alsa'
--   Found alsa, version 1.2.6.1
-- Checking for module 'libconfig'
--   Found libconfig, version 1.5
-- Checking for module 'libpulse-simple'
--   Found libpulse-simple, version 15.99.1
-- Found ament_cmake: 1.3.10 (/opt/ros/humble/share/ament_cmake/cmake)
-- Found Python3: /usr/bin/python3 (found version "3.10.12") found components: Interpreter 
-- Override CMake install command with custom implementation using symlinks instead of copying resources
-- Found rclcpp: 16.0.10 (/opt/ros/humble/share/rclcpp/cmake)
-- Found rosidl_generator_c: 3.1.5 (/opt/ros/humble/share/rosidl_generator_c/cmake)
-- Found rosidl_adapter: 3.1.5 (/opt/ros/humble/share/rosidl_adapter/cmake)
-- Found rosidl_generator_cpp: 3.1.5 (/opt/ros/humble/share/rosidl_generator_cpp/cmake)
-- Using all available rosidl_typesupport_c: rosidl_typesupport_fastrtps_c;rosidl_typesupport_introspection_c
-- Using all available rosidl_typesupport_cpp: rosidl_typesupport_fastrtps_cpp;rosidl_typesupport_introspection_cpp
-- Found rmw_implementation_cmake: 6.1.2 (/opt/ros/humble/share/rmw_implementation_cmake/cmake)
-- Found rmw_fastrtps_cpp: 6.2.7 (/opt/ros/humble/share/rmw_fastrtps_cpp/cmake)
-- Found OpenSSL: /usr/lib/aarch64-linux-gnu/libcrypto.so (found version "3.0.2")  
-- Found FastRTPS: /opt/ros/humble/include  
-- Using RMW implementation 'rmw_fastrtps_cpp' as default
-- Looking for pthread.h
-- Looking for pthread.h - found
-- Performing Test CMAKE_HAVE_LIBC_PTHREAD
-- Performing Test CMAKE_HAVE_LIBC_PTHREAD - Success
-- Found Threads: TRUE  
-- Found rclpy: 3.3.14 (/opt/ros/humble/share/rclpy/cmake)
-- Found odas_ros_msgs: 0.0.0 (/home/ws/ugv_ws/install/odas_ros_msgs/share/odas_ros_msgs/cmake)
-- Found audio_utils_msgs: 0.0.0 (/home/ws/ugv_ws/install/audio_utils_msgs/share/audio_utils_msgs/cmake)
-- Configuring done
-- Generating done
-- Build files have been written to: /home/ws/ugv_ws/build/odas_ros
[  1%] [32mBuilding C object CMakeFiles/odas_shared_srcs_objlib.dir/src/odas/demo/odaslive/configs.c.o[0m
[  1%] [32mBuilding C object CMakeFiles/odas_shared_srcs_objlib.dir/src/odas/demo/odaslive/objects.c.o[0m
[  1%] [32mBuilding C object src/odas/CMakeFiles/odas.dir/src/general/format.c.o[0m
[  1%] Built target ament_cmake_python_symlink_odas_ros
[  2%] [32mBuilding C object src/odas/CMakeFiles/odas.dir/src/general/interface.c.o[0m
[  3%] [32mBuilding C object CMakeFiles/odas_shared_srcs_objlib.dir/src/odas/demo/odaslive/parameters.c.o[0m
[  3%] [32mBuilding C object src/odas/CMakeFiles/odas.dir/src/general/link.c.o[0m
[  4%] [32mBuilding C object src/odas/CMakeFiles/odas.dir/src/general/mic.c.o[0m
[  4%] [32mBuilding C object src/odas/CMakeFiles/odas.dir/src/general/samplerate.c.o[0m
[  5%] [32mBuilding C object CMakeFiles/odas_shared_srcs_objlib.dir/src/odas/demo/odaslive/profiler.c.o[0m
[  6%] [32mBuilding C object src/odas/CMakeFiles/odas.dir/src/general/soundspeed.c.o[0m
[  7%] [32mBuilding C object src/odas/CMakeFiles/odas.dir/src/general/spatialfilter.c.o[0m
[  7%] [32mBuilding C object CMakeFiles/odas_shared_srcs_objlib.dir/src/odas/demo/odaslive/threads.c.o[0m
[  7%] [32mBuilding C object src/odas/CMakeFiles/odas.dir/src/general/thread.c.o[0m
[  8%] [32mBuilding C object src/odas/CMakeFiles/odas.dir/src/init/combining.c.o[0m
[  8%] [32mBuilding C object src/odas/CMakeFiles/odas.dir/src/init/delay.c.o[0m
[  9%] [32mBuilding C object src/odas/CMakeFiles/odas.dir/src/init/directivity.c.o[0m
[ 10%] [32mBuilding C object src/odas/CMakeFiles/odas.dir/src/init/hit.c.o[0m
[ 10%] Built target odas_shared_srcs_objlib
[ 10%] [32mBuilding C object src/odas/CMakeFiles/odas.dir/src/init/linking.c.o[0m
[ 11%] [32mBuilding C object src/odas/CMakeFiles/odas.dir/src/init/scanning.c.o[0m
[ 11%] [32mBuilding C object src/odas/CMakeFiles/odas.dir/src/init/space.c.o[0m
[ 12%] [32mBuilding C object src/odas/CMakeFiles/odas.dir/src/init/windowing.c.o[0m
[ 13%] [32mBuilding C object src/odas/CMakeFiles/odas.dir/src/signal/acorr.c.o[0m
[ 13%] [32mBuilding C object src/odas/CMakeFiles/odas.dir/src/signal/aimg.c.o[0m
[ 14%] [32mBuilding C object src/odas/CMakeFiles/odas.dir/src/signal/area.c.o[0m
[ 14%] [32mBuilding C object src/odas/CMakeFiles/odas.dir/src/signal/assignation.c.o[0m
[ 15%] [32mBuilding C object src/odas/CMakeFiles/odas.dir/src/signal/beampattern.c.o[0m
[ 16%] [32mBuilding C object src/odas/CMakeFiles/odas.dir/src/signal/category.c.o[0m
[ 16%] [32mBuilding C object src/odas/CMakeFiles/odas.dir/src/signal/coherence.c.o[0m
[ 17%] [32mBuilding C object src/odas/CMakeFiles/odas.dir/src/signal/delta.c.o[0m
[ 17%] [32mBuilding C object src/odas/CMakeFiles/odas.dir/src/signal/demixing.c.o[0m
[ 18%] [32mBuilding C object src/odas/CMakeFiles/odas.dir/src/signal/env.c.o[0m
[ 18%] [32mBuilding C object src/odas/CMakeFiles/odas.dir/src/signal/frame.c.o[0m
[ 19%] [32mBuilding C object src/odas/CMakeFiles/odas.dir/src/signal/freq.c.o[0m
[ 20%] [32mBuilding C object src/odas/CMakeFiles/odas.dir/src/signal/gain.c.o[0m
[ 20%] [32mBuilding C object src/odas/CMakeFiles/odas.dir/src/signal/hop.c.o[0m
running egg_info
creating odas_ros.egg-info
writing odas_ros.egg-info/PKG-INFO
writing dependency_links to odas_ros.egg-info/dependency_links.txt
writing top-level names to odas_ros.egg-info/top_level.txt
writing manifest file 'odas_ros.egg-info/SOURCES.txt'
reading manifest file 'odas_ros.egg-info/SOURCES.txt'
writing manifest file 'odas_ros.egg-info/SOURCES.txt'
[ 21%] [32mBuilding C object src/odas/CMakeFiles/odas.dir/src/signal/index.c.o[0m
[ 21%] [32mBuilding C object src/odas/CMakeFiles/odas.dir/src/signal/kalman.c.o[0m
[ 22%] [32mBuilding C object src/odas/CMakeFiles/odas.dir/src/signal/map.c.o[0m
[ 22%] Built target ament_cmake_python_build_odas_ros_egg
[ 23%] [32mBuilding C object src/odas/CMakeFiles/odas.dir/src/signal/mask.c.o[0m
[ 23%] [32mBuilding C object src/odas/CMakeFiles/odas.dir/src/signal/mixture.c.o[0m
[ 24%] [32mBuilding C object src/odas/CMakeFiles/odas.dir/src/signal/pair.c.o[0m
[ 24%] [32mBuilding C object src/odas/CMakeFiles/odas.dir/src/signal/particle.c.o[0m
[ 25%] [32mBuilding C object src/odas/CMakeFiles/odas.dir/src/signal/pitch.c.o[0m
[ 26%] [32mBuilding C object src/odas/CMakeFiles/odas.dir/src/signal/point.c.o[0m
[ 26%] [32mBuilding C object src/odas/CMakeFiles/odas.dir/src/signal/postprob.c.o[0m
[ 27%] [32mBuilding C object src/odas/CMakeFiles/odas.dir/src/signal/pot.c.o[0m
[ 27%] [32mBuilding C object src/odas/CMakeFiles/odas.dir/src/signal/scan.c.o[0m
[ 28%] [32mBuilding C object src/odas/CMakeFiles/odas.dir/src/signal/spatialgain.c.o[0m
[ 29%] [32mBuilding C object src/odas/CMakeFiles/odas.dir/src/signal/spatialindex.c.o[0m
[ 29%] [32mBuilding C object src/odas/CMakeFiles/odas.dir/src/signal/spatialmask.c.o[0m
[ 30%] [32mBuilding C object src/odas/CMakeFiles/odas.dir/src/signal/steer.c.o[0m
[ 30%] [32mBuilding C object src/odas/CMakeFiles/odas.dir/src/signal/target.c.o[0m
[ 31%] [32mBuilding C object src/odas/CMakeFiles/odas.dir/src/signal/tau.c.o[0m
[ 31%] [32mBuilding C object src/odas/CMakeFiles/odas.dir/src/signal/tdoa.c.o[0m
[ 32%] [32mBuilding C object src/odas/CMakeFiles/odas.dir/src/signal/track.c.o[0m
[ 33%] [32mBuilding C object src/odas/CMakeFiles/odas.dir/src/signal/triangle.c.o[0m
[ 33%] [32mBuilding C object src/odas/CMakeFiles/odas.dir/src/signal/window.c.o[0m
[ 34%] [32mBuilding C object src/odas/CMakeFiles/odas.dir/src/signal/xcorr.c.o[0m
[ 34%] [32mBuilding C object src/odas/CMakeFiles/odas.dir/src/system/acorr2pitch.c.o[0m
[ 35%] [32mBuilding C object src/odas/CMakeFiles/odas.dir/src/system/demixing2env.c.o[0m
[ 36%] [32mBuilding C object src/odas/CMakeFiles/odas.dir/src/system/demixing2freq.c.o[0m
[ 36%] [32mBuilding C object src/odas/CMakeFiles/odas.dir/src/system/env2env.c.o[0m
[ 37%] [32mBuilding C object src/odas/CMakeFiles/odas.dir/src/system/hop2hop.c.o[0m
[ 37%] [32mBuilding C object src/odas/CMakeFiles/odas.dir/src/system/hop2frame.c.o[0m
[ 38%] [32mBuilding C object src/odas/CMakeFiles/odas.dir/src/system/frame2freq.c.o[0m
[ 39%] [32mBuilding C object src/odas/CMakeFiles/odas.dir/src/system/freq2acorr.c.o[0m
[ 39%] [32mBuilding C object src/odas/CMakeFiles/odas.dir/src/system/freq2env.c.o[0m
[ 40%] [32mBuilding C object src/odas/CMakeFiles/odas.dir/src/system/freq2freq.c.o[0m
[ 40%] [32mBuilding C object src/odas/CMakeFiles/odas.dir/src/system/freq2frame.c.o[0m
[ 41%] [32mBuilding C object src/odas/CMakeFiles/odas.dir/src/system/freq2xcorr.c.o[0m
[ 42%] [32mBuilding C object src/odas/CMakeFiles/odas.dir/src/system/frame2hop.c.o[0m
[ 42%] [32mBuilding C object src/odas/CMakeFiles/odas.dir/src/system/gain2mask.c.o[0m
[ 43%] [32mBuilding C object src/odas/CMakeFiles/odas.dir/src/system/kalman2coherence.c.o[0m
[ 43%] [32mBuilding C object src/odas/CMakeFiles/odas.dir/src/system/kalman2kalman.c.o[0m
[ 45%] [32mBuilding C object src/odas/CMakeFiles/odas.dir/src/system/mixture2mixture.c.o[0m
[ 45%] [32mBuilding C object src/odas/CMakeFiles/odas.dir/src/system/particle2coherence.c.o[0m
[ 45%] [32mBuilding C object src/odas/CMakeFiles/odas.dir/src/system/particle2particle.c.o[0m
[ 46%] [32mBuilding C object src/odas/CMakeFiles/odas.dir/src/system/pitch2category.c.o[0m
[ 46%] [32mBuilding C object src/odas/CMakeFiles/odas.dir/src/system/steer2demixing.c.o[0m
[ 47%] [32mBuilding C object src/odas/CMakeFiles/odas.dir/src/system/track2gain.c.o[0m
[ 47%] [32mBuilding C object src/odas/CMakeFiles/odas.dir/src/system/track2steer.c.o[0m
[ 48%] [32mBuilding C object src/odas/CMakeFiles/odas.dir/src/system/xcorr2aimg.c.o[0m
[ 49%] [32mBuilding C object src/odas/CMakeFiles/odas.dir/src/system/xcorr2xcorr.c.o[0m
[ 49%] [32mBuilding C object src/odas/CMakeFiles/odas.dir/src/utils/cmatrix.c.o[0m
[ 50%] [32mBuilding C object src/odas/CMakeFiles/odas.dir/src/utils/fft.c.o[0m
[ 50%] [32mBuilding C object src/odas/CMakeFiles/odas.dir/src/utils/fifo.c.o[0m
[ 51%] [32mBuilding C object src/odas/CMakeFiles/odas.dir/src/utils/gaussian.c.o[0m
[ 52%] [32mBuilding C object src/odas/CMakeFiles/odas.dir/src/utils/gaussjordan.c.o[0m
[ 52%] [32mBuilding C object src/odas/CMakeFiles/odas.dir/src/utils/inverse.c.o[0m
[ 53%] [32mBuilding C object src/odas/CMakeFiles/odas.dir/src/utils/matrix.c.o[0m
[ 53%] [32mBuilding C object src/odas/CMakeFiles/odas.dir/src/utils/pcm.c.o[0m
[ 54%] [32mBuilding C object src/odas/CMakeFiles/odas.dir/src/utils/random.c.o[0m
[ 55%] [32mBuilding C object src/odas/CMakeFiles/odas.dir/src/utils/transcendental.c.o[0m
[ 55%] [32mBuilding C object src/odas/CMakeFiles/odas.dir/src/aconnector/acon_categories.c.o[0m
[ 56%] [32mBuilding C object src/odas/CMakeFiles/odas.dir/src/aconnector/acon_hops.c.o[0m
[ 56%] [32mBuilding C object src/odas/CMakeFiles/odas.dir/src/aconnector/acon_pots.c.o[0m
[ 57%] [32mBuilding C object src/odas/CMakeFiles/odas.dir/src/aconnector/acon_powers.c.o[0m
[ 58%] [32mBuilding C object src/odas/CMakeFiles/odas.dir/src/aconnector/acon_spectra.c.o[0m
[ 58%] [32mBuilding C object src/odas/CMakeFiles/odas.dir/src/aconnector/acon_targets.c.o[0m
[ 59%] [32mBuilding C object src/odas/CMakeFiles/odas.dir/src/aconnector/acon_tracks.c.o[0m
[ 59%] [32mBuilding C object src/odas/CMakeFiles/odas.dir/src/ainjector/ainj_targets.c.o[0m
[ 60%] [32mBuilding C object src/odas/CMakeFiles/odas.dir/src/amessage/amsg_categories.c.o[0m
[ 60%] [32mBuilding C object src/odas/CMakeFiles/odas.dir/src/amessage/amsg_hops.c.o[0m
[ 61%] [32mBuilding C object src/odas/CMakeFiles/odas.dir/src/amessage/amsg_pots.c.o[0m
[ 62%] [32mBuilding C object src/odas/CMakeFiles/odas.dir/src/amessage/amsg_powers.c.o[0m
[ 62%] [32mBuilding C object src/odas/CMakeFiles/odas.dir/src/amessage/amsg_spectra.c.o[0m
[ 63%] [32mBuilding C object src/odas/CMakeFiles/odas.dir/src/amessage/amsg_targets.c.o[0m
[ 63%] [32mBuilding C object src/odas/CMakeFiles/odas.dir/src/amessage/amsg_tracks.c.o[0m
[ 64%] [32mBuilding C object src/odas/CMakeFiles/odas.dir/src/amodule/amod_classify.c.o[0m
[ 65%] [32mBuilding C object src/odas/CMakeFiles/odas.dir/src/amodule/amod_istft.c.o[0m
[ 65%] [32mBuilding C object src/odas/CMakeFiles/odas.dir/src/amodule/amod_mapping.c.o[0m
[ 66%] [32mBuilding C object src/odas/CMakeFiles/odas.dir/src/amodule/amod_noise.c.o[0m
[ 66%] [32mBuilding C object src/odas/CMakeFiles/odas.dir/src/amodule/amod_resample.c.o[0m
[ 67%] [32mBuilding C object src/odas/CMakeFiles/odas.dir/src/amodule/amod_ssl.c.o[0m
[ 68%] [32mBuilding C object src/odas/CMakeFiles/odas.dir/src/amodule/amod_sss.c.o[0m
[ 68%] [32mBuilding C object src/odas/CMakeFiles/odas.dir/src/amodule/amod_sst.c.o[0m
[ 69%] [32mBuilding C object src/odas/CMakeFiles/odas.dir/src/amodule/amod_stft.c.o[0m
[ 69%] [32mBuilding C object src/odas/CMakeFiles/odas.dir/src/amodule/amod_volume.c.o[0m
[ 70%] [32mBuilding C object src/odas/CMakeFiles/odas.dir/src/asink/asnk_categories.c.o[0m
[ 71%] [32mBuilding C object src/odas/CMakeFiles/odas.dir/src/asink/asnk_hops.c.o[0m
[ 71%] [32mBuilding C object src/odas/CMakeFiles/odas.dir/src/asink/asnk_pots.c.o[0m
[ 72%] [32mBuilding C object src/odas/CMakeFiles/odas.dir/src/asink/asnk_powers.c.o[0m
[ 72%] [32mBuilding C object src/odas/CMakeFiles/odas.dir/src/asink/asnk_spectra.c.o[0m
[ 73%] [32mBuilding C object src/odas/CMakeFiles/odas.dir/src/asink/asnk_tracks.c.o[0m
[ 74%] [32mBuilding C object src/odas/CMakeFiles/odas.dir/src/asource/asrc_hops.c.o[0m
[ 74%] [32mBuilding C object src/odas/CMakeFiles/odas.dir/src/connector/con_categories.c.o[0m
[ 75%] [32mBuilding C object src/odas/CMakeFiles/odas.dir/src/connector/con_hops.c.o[0m
[ 75%] [32mBuilding C object src/odas/CMakeFiles/odas.dir/src/connector/con_pots.c.o[0m
[ 76%] [32mBuilding C object src/odas/CMakeFiles/odas.dir/src/connector/con_powers.c.o[0m
[ 76%] [32mBuilding C object src/odas/CMakeFiles/odas.dir/src/connector/con_spectra.c.o[0m
[ 77%] [32mBuilding C object src/odas/CMakeFiles/odas.dir/src/connector/con_targets.c.o[0m
[ 78%] [32mBuilding C object src/odas/CMakeFiles/odas.dir/src/connector/con_tracks.c.o[0m
[ 78%] [32mBuilding C object src/odas/CMakeFiles/odas.dir/src/injector/inj_targets.c.o[0m
[ 79%] [32mBuilding C object src/odas/CMakeFiles/odas.dir/src/message/msg_categories.c.o[0m
[ 79%] [32mBuilding C object src/odas/CMakeFiles/odas.dir/src/message/msg_hops.c.o[0m
[ 80%] [32mBuilding C object src/odas/CMakeFiles/odas.dir/src/message/msg_pots.c.o[0m
[ 81%] [32mBuilding C object src/odas/CMakeFiles/odas.dir/src/message/msg_powers.c.o[0m
[ 81%] [32mBuilding C object src/odas/CMakeFiles/odas.dir/src/message/msg_spectra.c.o[0m
[ 82%] [32mBuilding C object src/odas/CMakeFiles/odas.dir/src/message/msg_targets.c.o[0m
[ 82%] [32mBuilding C object src/odas/CMakeFiles/odas.dir/src/message/msg_tracks.c.o[0m
[ 83%] [32mBuilding C object src/odas/CMakeFiles/odas.dir/src/module/mod_classify.c.o[0m
[ 84%] [32mBuilding C object src/odas/CMakeFiles/odas.dir/src/module/mod_istft.c.o[0m
[ 84%] [32mBuilding C object src/odas/CMakeFiles/odas.dir/src/module/mod_mapping.c.o[0m
[ 85%] [32mBuilding C object src/odas/CMakeFiles/odas.dir/src/module/mod_noise.c.o[0m
[ 85%] [32mBuilding C object src/odas/CMakeFiles/odas.dir/src/module/mod_resample.c.o[0m
[ 86%] [32mBuilding C object src/odas/CMakeFiles/odas.dir/src/module/mod_ssl.c.o[0m
[ 87%] [32mBuilding C object src/odas/CMakeFiles/odas.dir/src/module/mod_sss.c.o[0m
[ 87%] [32mBuilding C object src/odas/CMakeFiles/odas.dir/src/module/mod_sst.c.o[0m
[ 88%] [32mBuilding C object src/odas/CMakeFiles/odas.dir/src/module/mod_stft.c.o[0m
[ 88%] [32mBuilding C object src/odas/CMakeFiles/odas.dir/src/module/mod_volume.c.o[0m
[ 89%] [32mBuilding C object src/odas/CMakeFiles/odas.dir/src/sink/snk_categories.c.o[0m
[ 89%] [32mBuilding C object src/odas/CMakeFiles/odas.dir/src/sink/snk_hops.c.o[0m
[ 90%] [32mBuilding C object src/odas/CMakeFiles/odas.dir/src/sink/snk_pots.c.o[0m
[ 91%] [32mBuilding C object src/odas/CMakeFiles/odas.dir/src/sink/snk_powers.c.o[0m
[ 91%] [32mBuilding C object src/odas/CMakeFiles/odas.dir/src/sink/snk_spectra.c.o[0m
[ 92%] [32mBuilding C object src/odas/CMakeFiles/odas.dir/src/sink/snk_tracks.c.o[0m
[ 92%] [32mBuilding C object src/odas/CMakeFiles/odas.dir/src/source/src_hops.c.o[0m
[ 93%] [32m[1mLinking C shared library lib/libodas.so[0m
[ 93%] Built target odas
[ 94%] [32mBuilding C object src/odas/CMakeFiles/odaslive.dir/demo/odaslive/configs.c.o[0m
[ 94%] [32mBuilding CXX object CMakeFiles/odas_core_node.dir/src/odas_core_node.cpp.o[0m
[ 96%] [32mBuilding C object src/odas/CMakeFiles/odasserver.dir/demo/odasserver/main.c.o[0m
[ 96%] [32mBuilding C object src/odas/CMakeFiles/odaslive.dir/demo/odaslive/main.c.o[0m
[ 97%] [32m[1mLinking C executable bin/odasserver[0m
[ 97%] Built target odasserver
[ 98%] [32mBuilding C object src/odas/CMakeFiles/odaslive.dir/demo/odaslive/objects.c.o[0m
[ 99%] [32mBuilding C object src/odas/CMakeFiles/odaslive.dir/demo/odaslive/parameters.c.o[0m
[ 99%] [32mBuilding C object src/odas/CMakeFiles/odaslive.dir/demo/odaslive/profiler.c.o[0m
[100%] [32mBuilding C object src/odas/CMakeFiles/odaslive.dir/demo/odaslive/threads.c.o[0m
[100%] [32m[1mLinking C executable bin/odaslive[0m
[100%] Built target odaslive
[100%] [32m[1mLinking CXX executable odas_core_node[0m
[100%] Built target odas_core_node
-- Install configuration: "Debug"
-- Execute custom install script
-- Symlinking: /home/ws/ugv_ws/install/odas_ros/lib/odas_ros/odas_core_node
-- Symlinking: /home/ws/ugv_ws/install/odas_ros/share/odas_ros/environment/pythonpath.sh
-- Symlinking: /home/ws/ugv_ws/install/odas_ros/share/odas_ros/environment/pythonpath.dsv
-- Symlinking: /home/ws/ugv_ws/install/odas_ros/local/lib/python3.10/dist-packages/odas_ros-0.0.0-py3.10.egg-info/PKG-INFO
-- Symlinking: /home/ws/ugv_ws/install/odas_ros/local/lib/python3.10/dist-packages/odas_ros-0.0.0-py3.10.egg-info/SOURCES.txt
-- Symlinking: /home/ws/ugv_ws/install/odas_ros/local/lib/python3.10/dist-packages/odas_ros-0.0.0-py3.10.egg-info/dependency_links.txt
-- Symlinking: /home/ws/ugv_ws/install/odas_ros/local/lib/python3.10/dist-packages/odas_ros-0.0.0-py3.10.egg-info/top_level.txt
-- Symlinking: /home/ws/ugv_ws/install/odas_ros/local/lib/python3.10/dist-packages/odas_ros/__init__.py
-- Symlinking: /home/ws/ugv_ws/install/odas_ros/local/lib/python3.10/dist-packages/odas_ros/lib_odas_server_node.py
-- Symlinking: /home/ws/ugv_ws/install/odas_ros/lib/odas_ros/echocancel.sh
-- Symlinking: /home/ws/ugv_ws/install/odas_ros/lib/odas_ros/movesinks.sh
-- Symlinking: /home/ws/ugv_ws/install/odas_ros/lib/odas_ros/setvolume.sh
-- Symlinking: /home/ws/ugv_ws/install/odas_ros/lib/odas_ros/odas_echocancel_filter_server_node.py
-- Symlinking: /home/ws/ugv_ws/install/odas_ros/lib/odas_ros/odas_server_node.py
-- Symlinking: /home/ws/ugv_ws/install/odas_ros/lib/odas_ros/odas_visualization_node.py
-- Symlinking: /home/ws/ugv_ws/install/odas_ros/share/odas_ros/launch/odas.launch.xml
-- Symlinking: /home/ws/ugv_ws/install/odas_ros/share/odas_ros/launch/odas_core_node.launch.xml
-- Symlinking: /home/ws/ugv_ws/install/odas_ros/share/odas_ros/config/configuration.cfg
-- Symlinking: /home/ws/ugv_ws/install/odas_ros/share/odas_ros/config/configuration_XMOS.cfg
-- Symlinking: /home/ws/ugv_ws/install/odas_ros/share/odas_ros/config/configuration_beam.cfg
-- Symlinking: /home/ws/ugv_ws/install/odas_ros/share/odas_ros/config/configuration_beam_echo_cancelled.cfg
-- Symlinking: /home/ws/ugv_ws/install/odas_ros/share/odas_ros/config/configuration_beam_pulseaudio.cfg
-- Symlinking: /home/ws/ugv_ws/install/odas_ros/share/odas_ros/config/configuration_movo.cfg
-- Symlinking: /home/ws/ugv_ws/install/odas_ros/share/odas_ros/config/rviz/odas_rviz.rviz
-- Symlinking: /home/ws/ugv_ws/install/odas_ros/share/ament_index/resource_index/package_run_dependencies/odas_ros
-- Symlinking: /home/ws/ugv_ws/install/odas_ros/share/ament_index/resource_index/parent_prefix_path/odas_ros
-- Symlinking: /home/ws/ugv_ws/install/odas_ros/share/odas_ros/environment/ament_prefix_path.sh
-- Symlinking: /home/ws/ugv_ws/install/odas_ros/share/odas_ros/environment/ament_prefix_path.dsv
-- Symlinking: /home/ws/ugv_ws/install/odas_ros/share/odas_ros/environment/path.sh
-- Symlinking: /home/ws/ugv_ws/install/odas_ros/share/odas_ros/environment/path.dsv
-- Symlinking: /home/ws/ugv_ws/install/odas_ros/share/odas_ros/local_setup.bash
-- Symlinking: /home/ws/ugv_ws/install/odas_ros/share/odas_ros/local_setup.sh
-- Symlinking: /home/ws/ugv_ws/install/odas_ros/share/odas_ros/local_setup.zsh
-- Symlinking: /home/ws/ugv_ws/install/odas_ros/share/odas_ros/local_setup.dsv
-- Symlinking: /home/ws/ugv_ws/install/odas_ros/share/odas_ros/package.dsv
-- Symlinking: /home/ws/ugv_ws/install/odas_ros/share/ament_index/resource_index/packages/odas_ros
-- Symlinking: /home/ws/ugv_ws/install/odas_ros/share/odas_ros/cmake/odas_rosConfig.cmake
-- Symlinking: /home/ws/ugv_ws/install/odas_ros/share/odas_ros/cmake/odas_rosConfig-version.cmake
-- Symlinking: /home/ws/ugv_ws/install/odas_ros/share/odas_ros/package.xml
Listing '/home/ws/ugv_ws/install/odas_ros/local/lib/python3.10/dist-packages/odas_ros'...
Compiling '/home/ws/ugv_ws/install/odas_ros/local/lib/python3.10/dist-packages/odas_ros/__init__.py'...
Compiling '/home/ws/ugv_ws/install/odas_ros/local/lib/python3.10/dist-packages/odas_ros/lib_odas_server_node.py'...
-- Installing: /home/ws/ugv_ws/install/odas_ros/lib/libodas.so
-- Installing: /home/ws/ugv_ws/install/odas_ros/include
-- Installing: /home/ws/ugv_ws/install/odas_ros/include/odas
-- Installing: /home/ws/ugv_ws/install/odas_ros/include/odas/asource
-- Installing: /home/ws/ugv_ws/install/odas_ros/include/odas/asource/asrc_hops.h
-- Installing: /home/ws/ugv_ws/install/odas_ros/include/odas/sink
-- Installing: /home/ws/ugv_ws/install/odas_ros/include/odas/sink/snk_powers.h
-- Installing: /home/ws/ugv_ws/install/odas_ros/include/odas/sink/snk_pots.h
-- Installing: /home/ws/ugv_ws/install/odas_ros/include/odas/sink/snk_hops.h
-- Installing: /home/ws/ugv_ws/install/odas_ros/include/odas/sink/snk_categories.h
-- Installing: /home/ws/ugv_ws/install/odas_ros/include/odas/sink/snk_spectra.h
-- Installing: /home/ws/ugv_ws/install/odas_ros/include/odas/sink/snk_tracks.h
-- Installing: /home/ws/ugv_ws/install/odas_ros/include/odas/injector
-- Installing: /home/ws/ugv_ws/install/odas_ros/include/odas/injector/inj_targets.h
-- Installing: /home/ws/ugv_ws/install/odas_ros/include/odas/amodule
-- Installing: /home/ws/ugv_ws/install/odas_ros/include/odas/amodule/amod_sss.h
-- Installing: /home/ws/ugv_ws/install/odas_ros/include/odas/amodule/amod_ssl.h
-- Installing: /home/ws/ugv_ws/install/odas_ros/include/odas/amodule/amod_resample.h
-- Installing: /home/ws/ugv_ws/install/odas_ros/include/odas/amodule/amod_sst.h
-- Installing: /home/ws/ugv_ws/install/odas_ros/include/odas/amodule/amod_stft.h
-- Installing: /home/ws/ugv_ws/install/odas_ros/include/odas/amodule/amod_volume.h
-- Installing: /home/ws/ugv_ws/install/odas_ros/include/odas/amodule/amod_noise.h
-- Installing: /home/ws/ugv_ws/install/odas_ros/include/odas/amodule/amod_istft.h
-- Installing: /home/ws/ugv_ws/install/odas_ros/include/odas/amodule/amod_classify.h
-- Installing: /home/ws/ugv_ws/install/odas_ros/include/odas/amodule/amod_mapping.h
-- Installing: /home/ws/ugv_ws/install/odas_ros/include/odas/odas.h
-- Installing: /home/ws/ugv_ws/install/odas_ros/include/odas/init
-- Installing: /home/ws/ugv_ws/install/odas_ros/include/odas/init/directivity.h
-- Installing: /home/ws/ugv_ws/install/odas_ros/include/odas/init/delay.h
-- Installing: /home/ws/ugv_ws/install/odas_ros/include/odas/init/windowing.h
-- Installing: /home/ws/ugv_ws/install/odas_ros/include/odas/init/combining.h
-- Installing: /home/ws/ugv_ws/install/odas_ros/include/odas/init/scanning.h
-- Installing: /home/ws/ugv_ws/install/odas_ros/include/odas/init/linking.h
-- Installing: /home/ws/ugv_ws/install/odas_ros/include/odas/init/space.h
-- Installing: /home/ws/ugv_ws/install/odas_ros/include/odas/init/hit.h
-- Installing: /home/ws/ugv_ws/install/odas_ros/include/odas/signal
-- Installing: /home/ws/ugv_ws/install/odas_ros/include/odas/signal/assignation.h
-- Installing: /home/ws/ugv_ws/install/odas_ros/include/odas/signal/mask.h
-- Installing: /home/ws/ugv_ws/install/odas_ros/include/odas/signal/scan.h
-- Installing: /home/ws/ugv_ws/install/odas_ros/include/odas/signal/track.h
-- Installing: /home/ws/ugv_ws/install/odas_ros/include/odas/signal/spatialmask.h
-- Installing: /home/ws/ugv_ws/install/odas_ros/include/odas/signal/frame.h
-- Installing: /home/ws/ugv_ws/install/odas_ros/include/odas/signal/spatialgain.h
-- Installing: /home/ws/ugv_ws/install/odas_ros/include/odas/signal/point.h
-- Installing: /home/ws/ugv_ws/install/odas_ros/include/odas/signal/freq.h
-- Installing: /home/ws/ugv_ws/install/odas_ros/include/odas/signal/impulse.h
-- Installing: /home/ws/ugv_ws/install/odas_ros/include/odas/signal/area.h
-- Installing: /home/ws/ugv_ws/install/odas_ros/include/odas/signal/delta.h
-- Installing: /home/ws/ugv_ws/install/odas_ros/include/odas/signal/particle.h
-- Installing: /home/ws/ugv_ws/install/odas_ros/include/odas/signal/env.h
-- Installing: /home/ws/ugv_ws/install/odas_ros/include/odas/signal/map.h
-- Installing: /home/ws/ugv_ws/install/odas_ros/include/odas/signal/target.h
-- Installing: /home/ws/ugv_ws/install/odas_ros/include/odas/signal/spatialindex.h
-- Installing: /home/ws/ugv_ws/install/odas_ros/include/odas/signal/postprob.h
-- Installing: /home/ws/ugv_ws/install/odas_ros/include/odas/signal/triangle.h
-- Installing: /home/ws/ugv_ws/install/odas_ros/include/odas/signal/tdoa.h
-- Installing: /home/ws/ugv_ws/install/odas_ros/include/odas/signal/category.h
-- Installing: /home/ws/ugv_ws/install/odas_ros/include/odas/signal/mixture.h
-- Installing: /home/ws/ugv_ws/install/odas_ros/include/odas/signal/demixing.h
-- Installing: /home/ws/ugv_ws/install/odas_ros/include/odas/signal/tau.h
-- Installing: /home/ws/ugv_ws/install/odas_ros/include/odas/signal/pitch.h
-- Installing: /home/ws/ugv_ws/install/odas_ros/include/odas/signal/window.h
-- Installing: /home/ws/ugv_ws/install/odas_ros/include/odas/signal/coherence.h
-- Installing: /home/ws/ugv_ws/install/odas_ros/include/odas/signal/acorr.h
-- Installing: /home/ws/ugv_ws/install/odas_ros/include/odas/signal/hop.h
-- Installing: /home/ws/ugv_ws/install/odas_ros/include/odas/signal/pot.h
-- Installing: /home/ws/ugv_ws/install/odas_ros/include/odas/signal/kalman.h
-- Installing: /home/ws/ugv_ws/install/odas_ros/include/odas/signal/beampattern.h
-- Installing: /home/ws/ugv_ws/install/odas_ros/include/odas/signal/steer.h
-- Installing: /home/ws/ugv_ws/install/odas_ros/include/odas/signal/aimg.h
-- Installing: /home/ws/ugv_ws/install/odas_ros/include/odas/signal/index.h
-- Installing: /home/ws/ugv_ws/install/odas_ros/include/odas/signal/pair.h
-- Installing: /home/ws/ugv_ws/install/odas_ros/include/odas/signal/xcorr.h
-- Installing: /home/ws/ugv_ws/install/odas_ros/include/odas/signal/gain.h
-- Installing: /home/ws/ugv_ws/install/odas_ros/include/odas/system
-- Installing: /home/ws/ugv_ws/install/odas_ros/include/odas/system/steer2demixing.h
-- Installing: /home/ws/ugv_ws/install/odas_ros/include/odas/system/particle2particle.h
-- Installing: /home/ws/ugv_ws/install/odas_ros/include/odas/system/track2gain.h
-- Installing: /home/ws/ugv_ws/install/odas_ros/include/odas/system/xcorr2aimg.h
-- Installing: /home/ws/ugv_ws/install/odas_ros/include/odas/system/freq2acorr.h
-- Installing: /home/ws/ugv_ws/install/odas_ros/include/odas/system/hop2hop.h
-- Installing: /home/ws/ugv_ws/install/odas_ros/include/odas/system/particle2coherence.h
-- Installing: /home/ws/ugv_ws/install/odas_ros/include/odas/system/mixture2mixture.h
-- Installing: /home/ws/ugv_ws/install/odas_ros/include/odas/system/demixing2env.h
-- Installing: /home/ws/ugv_ws/install/odas_ros/include/odas/system/pitch2category.h
-- Installing: /home/ws/ugv_ws/install/odas_ros/include/odas/system/track2steer.h
-- Installing: /home/ws/ugv_ws/install/odas_ros/include/odas/system/freq2freq.h
-- Installing: /home/ws/ugv_ws/install/odas_ros/include/odas/system/xcorr2xcorr.h
-- Installing: /home/ws/ugv_ws/install/odas_ros/include/odas/system/hop2frame.h
-- Installing: /home/ws/ugv_ws/install/odas_ros/include/odas/system/frame2freq.h
-- Installing: /home/ws/ugv_ws/install/odas_ros/include/odas/system/freq2frame.h
-- Installing: /home/ws/ugv_ws/install/odas_ros/include/odas/system/kalman2coherence.h
-- Installing: /home/ws/ugv_ws/install/odas_ros/include/odas/system/kalman2kalman.h
-- Installing: /home/ws/ugv_ws/install/odas_ros/include/odas/system/acorr2pitch.h
-- Installing: /home/ws/ugv_ws/install/odas_ros/include/odas/system/freq2xcorr.h
-- Installing: /home/ws/ugv_ws/install/odas_ros/include/odas/system/freq2env.h
-- Installing: /home/ws/ugv_ws/install/odas_ros/include/odas/system/demixing2freq.h
-- Installing: /home/ws/ugv_ws/install/odas_ros/include/odas/system/gain2mask.h
-- Installing: /home/ws/ugv_ws/install/odas_ros/include/odas/system/frame2hop.h
-- Installing: /home/ws/ugv_ws/install/odas_ros/include/odas/system/env2env.h
-- Installing: /home/ws/ugv_ws/install/odas_ros/include/odas/message
-- Installing: /home/ws/ugv_ws/install/odas_ros/include/odas/message/msg_hops.h
-- Installing: /home/ws/ugv_ws/install/odas_ros/include/odas/message/msg_categories.h
-- Installing: /home/ws/ugv_ws/install/odas_ros/include/odas/message/msg_powers.h
-- Installing: /home/ws/ugv_ws/install/odas_ros/include/odas/message/msg_tracks.h
-- Installing: /home/ws/ugv_ws/install/odas_ros/include/odas/message/msg_targets.h
-- Installing: /home/ws/ugv_ws/install/odas_ros/include/odas/message/msg_pots.h
-- Installing: /home/ws/ugv_ws/install/odas_ros/include/odas/message/msg_spectra.h
-- Installing: /home/ws/ugv_ws/install/odas_ros/include/odas/module
-- Installing: /home/ws/ugv_ws/install/odas_ros/include/odas/module/mod_sst.h
-- Installing: /home/ws/ugv_ws/install/odas_ros/include/odas/module/mod_resample.h
-- Installing: /home/ws/ugv_ws/install/odas_ros/include/odas/module/mod_ssl.h
-- Installing: /home/ws/ugv_ws/install/odas_ros/include/odas/module/mod_noise.h
-- Installing: /home/ws/ugv_ws/install/odas_ros/include/odas/module/mod_volume.h
-- Installing: /home/ws/ugv_ws/install/odas_ros/include/odas/module/mod_istft.h
-- Installing: /home/ws/ugv_ws/install/odas_ros/include/odas/module/mod_stft.h
-- Installing: /home/ws/ugv_ws/install/odas_ros/include/odas/module/mod_classify.h
-- Installing: /home/ws/ugv_ws/install/odas_ros/include/odas/module/mod_sss.h
-- Installing: /home/ws/ugv_ws/install/odas_ros/include/odas/module/mod_mapping.h
-- Installing: /home/ws/ugv_ws/install/odas_ros/include/odas/asink
-- Installing: /home/ws/ugv_ws/install/odas_ros/include/odas/asink/asnk_hops.h
-- Installing: /home/ws/ugv_ws/install/odas_ros/include/odas/asink/asnk_powers.h
-- Installing: /home/ws/ugv_ws/install/odas_ros/include/odas/asink/asnk_spectra.h
-- Installing: /home/ws/ugv_ws/install/odas_ros/include/odas/asink/asnk_categories.h
-- Installing: /home/ws/ugv_ws/install/odas_ros/include/odas/asink/asnk_pots.h
-- Installing: /home/ws/ugv_ws/install/odas_ros/include/odas/asink/asnk_tracks.h
-- Installing: /home/ws/ugv_ws/install/odas_ros/include/odas/source
-- Installing: /home/ws/ugv_ws/install/odas_ros/include/odas/source/src_hops.h
-- Installing: /home/ws/ugv_ws/install/odas_ros/include/odas/utils
-- Installing: /home/ws/ugv_ws/install/odas_ros/include/odas/utils/matrix.h
-- Installing: /home/ws/ugv_ws/install/odas_ros/include/odas/utils/gaussjordan.h
-- Installing: /home/ws/ugv_ws/install/odas_ros/include/odas/utils/transcendental.h
-- Installing: /home/ws/ugv_ws/install/odas_ros/include/odas/utils/cmatrix.h
-- Installing: /home/ws/ugv_ws/install/odas_ros/include/odas/utils/inverse.h
-- Installing: /home/ws/ugv_ws/install/odas_ros/include/odas/utils/fft.h
-- Installing: /home/ws/ugv_ws/install/odas_ros/include/odas/utils/random.h
-- Installing: /home/ws/ugv_ws/install/odas_ros/include/odas/utils/fifo.h
-- Installing: /home/ws/ugv_ws/install/odas_ros/include/odas/utils/gaussian.h
-- Installing: /home/ws/ugv_ws/install/odas_ros/include/odas/utils/pcm.h
-- Installing: /home/ws/ugv_ws/install/odas_ros/include/odas/aconnector
-- Installing: /home/ws/ugv_ws/install/odas_ros/include/odas/aconnector/acon_spectra.h
-- Installing: /home/ws/ugv_ws/install/odas_ros/include/odas/aconnector/acon_pots.h
-- Installing: /home/ws/ugv_ws/install/odas_ros/include/odas/aconnector/acon_categories.h
-- Installing: /home/ws/ugv_ws/install/odas_ros/include/odas/aconnector/acon_targets.h
-- Installing: /home/ws/ugv_ws/install/odas_ros/include/odas/aconnector/acon_tracks.h
-- Installing: /home/ws/ugv_ws/install/odas_ros/include/odas/aconnector/acon_hops.h
-- Installing: /home/ws/ugv_ws/install/odas_ros/include/odas/aconnector/acon_powers.h
-- Installing: /home/ws/ugv_ws/install/odas_ros/include/odas/connector
-- Installing: /home/ws/ugv_ws/install/odas_ros/include/odas/connector/con_pots.h
-- Installing: /home/ws/ugv_ws/install/odas_ros/include/odas/connector/con_targets.h
-- Installing: /home/ws/ugv_ws/install/odas_ros/include/odas/connector/con_tracks.h
-- Installing: /home/ws/ugv_ws/install/odas_ros/include/odas/connector/con_powers.h
-- Installing: /home/ws/ugv_ws/install/odas_ros/include/odas/connector/con_hops.h
-- Installing: /home/ws/ugv_ws/install/odas_ros/include/odas/connector/con_spectra.h
-- Installing: /home/ws/ugv_ws/install/odas_ros/include/odas/connector/con_categories.h
-- Installing: /home/ws/ugv_ws/install/odas_ros/include/odas/amessage
-- Installing: /home/ws/ugv_ws/install/odas_ros/include/odas/amessage/amsg_powers.h
-- Installing: /home/ws/ugv_ws/install/odas_ros/include/odas/amessage/amsg_pots.h
-- Installing: /home/ws/ugv_ws/install/odas_ros/include/odas/amessage/amsg_targets.h
-- Installing: /home/ws/ugv_ws/install/odas_ros/include/odas/amessage/amsg_tracks.h
-- Installing: /home/ws/ugv_ws/install/odas_ros/include/odas/amessage/amsg_spectra.h
-- Installing: /home/ws/ugv_ws/install/odas_ros/include/odas/amessage/amsg_categories.h
-- Installing: /home/ws/ugv_ws/install/odas_ros/include/odas/amessage/amsg_hops.h
-- Installing: /home/ws/ugv_ws/install/odas_ros/include/odas/general
-- Installing: /home/ws/ugv_ws/install/odas_ros/include/odas/general/thread.h
-- Installing: /home/ws/ugv_ws/install/odas_ros/include/odas/general/format.h
-- Installing: /home/ws/ugv_ws/install/odas_ros/include/odas/general/soundspeed.h
-- Installing: /home/ws/ugv_ws/install/odas_ros/include/odas/general/interface.h
-- Installing: /home/ws/ugv_ws/install/odas_ros/include/odas/general/samplerate.h
-- Installing: /home/ws/ugv_ws/install/odas_ros/include/odas/general/link.h
-- Installing: /home/ws/ugv_ws/install/odas_ros/include/odas/general/spatialfilter.h
-- Installing: /home/ws/ugv_ws/install/odas_ros/include/odas/general/mic.h
-- Installing: /home/ws/ugv_ws/install/odas_ros/include/odas/ainjector
-- Installing: /home/ws/ugv_ws/install/odas_ros/include/odas/ainjector/ainj_targets.h
