configure: WARNING: *** Couldn't find f77 compiler; using default Fortran wrappers.
ar: `u' modifier ignored since `D' is the default (see `U')
ar: `u' modifier ignored since `D' is the default (see `U')
ar: `u' modifier ignored since `D' is the default (see `U')
ar: `u' modifier ignored since `D' is the default (see `U')
ar: `u' modifier ignored since `D' is the default (see `U')
ar: `u' modifier ignored since `D' is the default (see `U')
ar: `u' modifier ignored since `D' is the default (see `U')
ar: `u' modifier ignored since `D' is the default (see `U')
ar: `u' modifier ignored since `D' is the default (see `U')
ar: `u' modifier ignored since `D' is the default (see `U')
ar: `u' modifier ignored since `D' is the default (see `U')
ar: `u' modifier ignored since `D' is the default (see `U')
ar: `u' modifier ignored since `D' is the default (see `U')
ar: `u' modifier ignored since `D' is the default (see `U')
intro.texi:16: warning: @refill is obsolete. (possibly involving @Onlogn)
tutorial.texi:100: warning: @refill is obsolete. (possibly involving @Onlogn)
tutorial.texi:358: warning: @refill is obsolete. (possibly involving @Onlogn)
tutorial.texi:417: warning: @refill is obsolete. (possibly involving @ndims)
tutorial.texi:418: warning: @refill is obsolete. (possibly involving @ndimshalf)
tutorial.texi:425: warning: @refill is obsolete. (possibly involving @ndims)
tutorial.texi:426: warning: @refill is obsolete. (possibly involving @ndimshalf)
tutorial.texi:566: warning: @refill is obsolete. (possibly involving @Onlogn)
other.texi:98: warning: @refill is obsolete. (possibly involving @ndims)
other.texi:210: warning: @refill is obsolete. (possibly involving @threedims)
reference.texi:387: warning: @refill is obsolete. (possibly involving @Onlogn)
reference.texi:638: warning: @refill is obsolete. (possibly involving @Onlogn)
reference.texi:717: warning: @refill is obsolete. (possibly involving @ndims)
reference.texi:717: warning: @refill is obsolete. (possibly involving @ndimshalf)
reference.texi:727: warning: @refill is obsolete. (possibly involving @ndims)
reference.texi:847: warning: @refill is obsolete. (possibly involving @Onlogn)
reference.texi:2397: warning: @refill is obsolete. (possibly involving @ndims)
mpi.texi:262: warning: @refill is obsolete. (possibly involving @twodims)
mpi.texi:263: warning: @refill is obsolete. (possibly involving @twodims)
mpi.texi:278: warning: @refill is obsolete. (possibly involving @twodims)
mpi.texi:318: warning: @refill is obsolete. (possibly involving @twodims)
mpi.texi:472: warning: @refill is obsolete. (possibly involving @ndims)
mpi.texi:473: warning: @refill is obsolete. (possibly involving @dimk)
mpi.texi:475: warning: @refill is obsolete. (possibly involving @ndimstrans)
mpi.texi:476: warning: @refill is obsolete. (possibly involving @dimk)
mpi.texi:477: warning: @refill is obsolete. (possibly involving @ndimstrans)
mpi.texi:479: warning: @refill is obsolete. (possibly involving @ndims)
mpi.texi:483: warning: @refill is obsolete. (possibly involving @ndimstrans)
mpi.texi:586: warning: @refill is obsolete. (possibly involving @ndims)
mpi.texi:587: warning: @refill is obsolete. (possibly involving @ndimshalf)
mpi.texi:590: warning: @refill is obsolete. (possibly involving @ndims)
mpi.texi:594: warning: @refill is obsolete. (possibly involving @ndims)
mpi.texi:595: warning: @refill is obsolete. (possibly involving @ndimspad)
mpi.texi:608: warning: @refill is obsolete. (possibly involving @ndimshalf)
mpi.texi:616: warning: @refill is obsolete. (possibly involving @threedims)
mpi.texi:616: warning: @refill is obsolete. (possibly involving @threedims)
mpi.texi:617: warning: @refill is obsolete. (possibly involving @threedims)
mpi.texi:665: warning: @refill is obsolete. (possibly involving @threedims)
mpi.texi:674: warning: @refill is obsolete. (possibly involving @threedims)
mpi.texi:676: warning: @refill is obsolete. (possibly involving @threedims)
mpi.texi:678: warning: @refill is obsolete. (possibly involving @threedims)
mpi.texi:699: warning: @refill is obsolete. (possibly involving @twodims)
mpi.texi:868: warning: @refill is obsolete. (possibly involving @twodims)
mpi.texi:1295: warning: @refill is obsolete. (possibly involving @ndims)
mpi.texi:1299: warning: @refill is obsolete. (possibly involving @ndimstrans)
mpi.texi:1414: warning: @refill is obsolete. (possibly involving @ndims)
mpi.texi:1415: warning: @refill is obsolete. (possibly involving @ndimstrans)
mpi.texi:1451: warning: @refill is obsolete. (possibly involving @ndims)
mpi.texi:1452: warning: @refill is obsolete. (possibly involving @ndimstrans)
mpi.texi:1498: warning: @refill is obsolete. (possibly involving @ndims)
mpi.texi:1498: warning: @refill is obsolete. (possibly involving @ndimshalf)
mpi.texi:1501: warning: @refill is obsolete. (possibly involving @ndimspad)
mpi.texi:1699: warning: @refill is obsolete. (possibly involving @twodims)
mpi.texi:1738: warning: @refill is obsolete. (possibly involving @twodims)
mpi.texi:1739: warning: @refill is obsolete. (possibly involving @twodims)
mpi.texi:1741: warning: @refill is obsolete. (possibly involving @twodims)
mpi.texi:1742: warning: @refill is obsolete. (possibly involving @twodims)
mpi.texi:1752: warning: @refill is obsolete. (possibly involving @twodims)
modern-fortran.texi:177: warning: @refill is obsolete. (possibly involving @threedims)
modern-fortran.texi:190: warning: @refill is obsolete. (possibly involving @threedims)
modern-fortran.texi:209: warning: @refill is obsolete. (possibly involving @threedims)
modern-fortran.texi:210: warning: @refill is obsolete. (possibly involving @threedims)
modern-fortran.texi:213: warning: @refill is obsolete. (possibly involving @threedims)
modern-fortran.texi:232: warning: @refill is obsolete. (possibly involving @threedims)
modern-fortran.texi:233: warning: @refill is obsolete. (possibly involving @threedims)
modern-fortran.texi:471: warning: @refill is obsolete. (possibly involving @threedims)
modern-fortran.texi:484: warning: @refill is obsolete. (possibly involving @threedims)
modern-fortran.texi:495: warning: @refill is obsolete. (possibly involving @twodims)
modern-fortran.texi:506: warning: @refill is obsolete. (possibly involving @threedims)
fftw-wisdom.c: In function ‘bench_main’:
fftw-wisdom.c:303:54: warning: ‘%s’ directive output may be truncated writing up to 1535 bytes into a region of size between 1 and 64 [-Wformat-truncation=]
  303 |                          snprintf(ps, sizeof(ps), "%s%s", types[j], canonical_sizes[i]);
      |                                                      ^~
In file included from /usr/include/stdio.h:894,
                 from fftw-wisdom.c:6:
/usr/include/aarch64-linux-gnu/bits/stdio2.h:71:10: note: ‘__builtin___snprintf_chk’ output between 1 and 1599 bytes into a destination of size 64
   71 |   return __builtin___snprintf_chk (__s, __n, __USE_FORTIFY_LEVEL - 1,
      |          ^~~~~~~~~~~~~~~~~~~~~~~~~~~~~~~~~~~~~~~~~~~~~~~~~~~~~~~~~~~~
   72 |                                    __glibc_objsize (__s), __fmt,
      |                                    ~~~~~~~~~~~~~~~~~~~~~~~~~~~~~
   73 |                                    __va_arg_pack ());
      |                                    ~~~~~~~~~~~~~~~~~
fftw-wisdom.c:303:54: warning: ‘%s’ directive output may be truncated writing up to 1535 bytes into a region of size between 9 and 64 [-Wformat-truncation=]
  303 |                          snprintf(ps, sizeof(ps), "%s%s", types[j], canonical_sizes[i]);
      |                                                      ^~
In file included from /usr/include/stdio.h:894,
                 from fftw-wisdom.c:6:
/usr/include/aarch64-linux-gnu/bits/stdio2.h:71:10: note: ‘__builtin___snprintf_chk’ output between 1 and 1591 bytes into a destination of size 64
   71 |   return __builtin___snprintf_chk (__s, __n, __USE_FORTIFY_LEVEL - 1,
      |          ^~~~~~~~~~~~~~~~~~~~~~~~~~~~~~~~~~~~~~~~~~~~~~~~~~~~~~~~~~~~
   72 |                                    __glibc_objsize (__s), __fmt,
      |                                    ~~~~~~~~~~~~~~~~~~~~~~~~~~~~~
   73 |                                    __va_arg_pack ());
      |                                    ~~~~~~~~~~~~~~~~~
fftw-wisdom.c:303:54: warning: ‘%s’ directive output may be truncated writing up to 1535 bytes into a region of size between 17 and 64 [-Wformat-truncation=]
  303 |                          snprintf(ps, sizeof(ps), "%s%s", types[j], canonical_sizes[i]);
      |                                                      ^~
In file included from /usr/include/stdio.h:894,
                 from fftw-wisdom.c:6:
/usr/include/aarch64-linux-gnu/bits/stdio2.h:71:10: note: ‘__builtin___snprintf_chk’ output between 1 and 1583 bytes into a destination of size 64
   71 |   return __builtin___snprintf_chk (__s, __n, __USE_FORTIFY_LEVEL - 1,
      |          ^~~~~~~~~~~~~~~~~~~~~~~~~~~~~~~~~~~~~~~~~~~~~~~~~~~~~~~~~~~~
   72 |                                    __glibc_objsize (__s), __fmt,
      |                                    ~~~~~~~~~~~~~~~~~~~~~~~~~~~~~
   73 |                                    __va_arg_pack ());
      |                                    ~~~~~~~~~~~~~~~~~
fftw-wisdom.c:303:54: warning: ‘%s’ directive output may be truncated writing up to 1535 bytes into a region of size between 25 and 64 [-Wformat-truncation=]
  303 |                          snprintf(ps, sizeof(ps), "%s%s", types[j], canonical_sizes[i]);
      |                                                      ^~
In file included from /usr/include/stdio.h:894,
                 from fftw-wisdom.c:6:
/usr/include/aarch64-linux-gnu/bits/stdio2.h:71:10: note: ‘__builtin___snprintf_chk’ output between 1 and 1575 bytes into a destination of size 64
   71 |   return __builtin___snprintf_chk (__s, __n, __USE_FORTIFY_LEVEL - 1,
      |          ^~~~~~~~~~~~~~~~~~~~~~~~~~~~~~~~~~~~~~~~~~~~~~~~~~~~~~~~~~~~
   72 |                                    __glibc_objsize (__s), __fmt,
      |                                    ~~~~~~~~~~~~~~~~~~~~~~~~~~~~~
   73 |                                    __va_arg_pack ());
      |                                    ~~~~~~~~~~~~~~~~~
fftw-wisdom.c:303:54: warning: ‘%s’ directive output may be truncated writing up to 1535 bytes into a region of size between 33 and 64 [-Wformat-truncation=]
  303 |                          snprintf(ps, sizeof(ps), "%s%s", types[j], canonical_sizes[i]);
      |                                                      ^~
In file included from /usr/include/stdio.h:894,
                 from fftw-wisdom.c:6:
/usr/include/aarch64-linux-gnu/bits/stdio2.h:71:10: note: ‘__builtin___snprintf_chk’ output between 1 and 1567 bytes into a destination of size 64
   71 |   return __builtin___snprintf_chk (__s, __n, __USE_FORTIFY_LEVEL - 1,
      |          ^~~~~~~~~~~~~~~~~~~~~~~~~~~~~~~~~~~~~~~~~~~~~~~~~~~~~~~~~~~~
   72 |                                    __glibc_objsize (__s), __fmt,
      |                                    ~~~~~~~~~~~~~~~~~~~~~~~~~~~~~
   73 |                                    __va_arg_pack ());
      |                                    ~~~~~~~~~~~~~~~~~
fftw-wisdom.c:303:54: warning: ‘%s’ directive output may be truncated writing up to 1535 bytes into a region of size between 41 and 64 [-Wformat-truncation=]
  303 |                          snprintf(ps, sizeof(ps), "%s%s", types[j], canonical_sizes[i]);
      |                                                      ^~
In file included from /usr/include/stdio.h:894,
                 from fftw-wisdom.c:6:
/usr/include/aarch64-linux-gnu/bits/stdio2.h:71:10: note: ‘__builtin___snprintf_chk’ output between 1 and 1559 bytes into a destination of size 64
   71 |   return __builtin___snprintf_chk (__s, __n, __USE_FORTIFY_LEVEL - 1,
      |          ^~~~~~~~~~~~~~~~~~~~~~~~~~~~~~~~~~~~~~~~~~~~~~~~~~~~~~~~~~~~
   72 |                                    __glibc_objsize (__s), __fmt,
      |                                    ~~~~~~~~~~~~~~~~~~~~~~~~~~~~~
   73 |                                    __va_arg_pack ());
      |                                    ~~~~~~~~~~~~~~~~~
fftw-wisdom.c:303:54: warning: ‘%s’ directive output may be truncated writing up to 1535 bytes into a region of size between 49 and 64 [-Wformat-truncation=]
  303 |                          snprintf(ps, sizeof(ps), "%s%s", types[j], canonical_sizes[i]);
      |                                                      ^~
In file included from /usr/include/stdio.h:894,
                 from fftw-wisdom.c:6:
/usr/include/aarch64-linux-gnu/bits/stdio2.h:71:10: note: ‘__builtin___snprintf_chk’ output between 1 and 1551 bytes into a destination of size 64
   71 |   return __builtin___snprintf_chk (__s, __n, __USE_FORTIFY_LEVEL - 1,
      |          ^~~~~~~~~~~~~~~~~~~~~~~~~~~~~~~~~~~~~~~~~~~~~~~~~~~~~~~~~~~~
   72 |                                    __glibc_objsize (__s), __fmt,
      |                                    ~~~~~~~~~~~~~~~~~~~~~~~~~~~~~
   73 |                                    __va_arg_pack ());
      |                                    ~~~~~~~~~~~~~~~~~
fftw-wisdom.c:303:54: warning: ‘%s’ directive output may be truncated writing up to 1535 bytes into a region of size between 57 and 64 [-Wformat-truncation=]
  303 |                          snprintf(ps, sizeof(ps), "%s%s", types[j], canonical_sizes[i]);
      |                                                      ^~
In file included from /usr/include/stdio.h:894,
                 from fftw-wisdom.c:6:
/usr/include/aarch64-linux-gnu/bits/stdio2.h:71:10: note: ‘__builtin___snprintf_chk’ output between 1 and 1543 bytes into a destination of size 64
   71 |   return __builtin___snprintf_chk (__s, __n, __USE_FORTIFY_LEVEL - 1,
      |          ^~~~~~~~~~~~~~~~~~~~~~~~~~~~~~~~~~~~~~~~~~~~~~~~~~~~~~~~~~~~
   72 |                                    __glibc_objsize (__s), __fmt,
      |                                    ~~~~~~~~~~~~~~~~~~~~~~~~~~~~~
   73 |                                    __va_arg_pack ());
      |                                    ~~~~~~~~~~~~~~~~~
