[3.687s] Invoking command in '/home/ws/ugv_ws/build/ugv_vision': PYTHONPATH=/home/ws/ugv_ws/build/ugv_vision/prefix_override:/usr/lib/python3/dist-packages/colcon_core/task/python/colcon_distutils_commands:/home/ws/ugv_ws/install/ugv_vision/lib/python3.10/site-packages:${PYTHONPATH} /usr/bin/python3 -W ignore:setup.py install is deprecated setup.py develop --editable --build-directory /home/ws/ugv_ws/build/ugv_vision/build --no-deps symlink_data
[4.794s] running develop
[4.799s] /usr/lib/python3/dist-packages/setuptools/command/easy_install.py:158: EasyInstallDeprecationWarning: easy_install command is deprecated. Use build and pip and other standards-based tools.
[4.799s]   warnings.warn(
[5.495s] running egg_info
[5.496s] writing ugv_vision.egg-info/PKG-INFO
[5.497s] writing dependency_links to ugv_vision.egg-info/dependency_links.txt
[5.503s] writing entry points to ugv_vision.egg-info/entry_points.txt
[5.506s] writing requirements to ugv_vision.egg-info/requires.txt
[5.507s] writing top-level names to ugv_vision.egg-info/top_level.txt
[5.515s] reading manifest file 'ugv_vision.egg-info/SOURCES.txt'
[5.519s] writing manifest file 'ugv_vision.egg-info/SOURCES.txt'
[5.525s] running build_ext
[5.526s] Creating /home/ws/ugv_ws/install/ugv_vision/lib/python3.10/site-packages/ugv-vision.egg-link (link to .)
[5.529s] Installing apriltag_ctrl script to /home/ws/ugv_ws/install/ugv_vision/lib/ugv_vision
[5.535s] Installing apriltag_track_0 script to /home/ws/ugv_ws/install/ugv_vision/lib/ugv_vision
[5.536s] Installing apriltag_track_1 script to /home/ws/ugv_ws/install/ugv_vision/lib/ugv_vision
[5.536s] Installing apriltag_track_2 script to /home/ws/ugv_ws/install/ugv_vision/lib/ugv_vision
[5.537s] Installing color_track script to /home/ws/ugv_ws/install/ugv_vision/lib/ugv_vision
[5.538s] Installing gesture_ctrl script to /home/ws/ugv_ws/install/ugv_vision/lib/ugv_vision
[5.538s] Installing kcf_track script to /home/ws/ugv_ws/install/ugv_vision/lib/ugv_vision
[5.539s] Installing pt_color_track script to /home/ws/ugv_ws/install/ugv_vision/lib/ugv_vision
[5.540s] 
[5.541s] Installed /home/ws/ugv_ws/build/ugv_vision
[5.542s] running symlink_data
[5.659s] Invoked command in '/home/ws/ugv_ws/build/ugv_vision' returned '0': PYTHONPATH=/home/ws/ugv_ws/build/ugv_vision/prefix_override:/usr/lib/python3/dist-packages/colcon_core/task/python/colcon_distutils_commands:/home/ws/ugv_ws/install/ugv_vision/lib/python3.10/site-packages:${PYTHONPATH} /usr/bin/python3 -W ignore:setup.py install is deprecated setup.py develop --editable --build-directory /home/ws/ugv_ws/build/ugv_vision/build --no-deps symlink_data
