[1.323s] Invoking command in '/home/ws/ugv_ws/build/ugv_tools': PYTHONPATH=/home/ws/ugv_ws/build/ugv_tools/prefix_override:/usr/lib/python3/dist-packages/colcon_core/task/python/colcon_distutils_commands:/home/ws/ugv_ws/install/ugv_tools/lib/python3.10/site-packages:${PYTHONPATH} /usr/bin/python3 -W ignore:setup.py install is deprecated setup.py develop --editable --build-directory /home/ws/ugv_ws/build/ugv_tools/build --no-deps symlink_data
[1.764s] running develop
[1.764s] /usr/lib/python3/dist-packages/setuptools/command/easy_install.py:158: EasyInstallDeprecationWarning: easy_install command is deprecated. Use build and pip and other standards-based tools.
[1.768s]   warnings.warn(
[1.959s] running egg_info
[1.960s] writing ugv_tools.egg-info/PKG-INFO
[1.960s] writing dependency_links to ugv_tools.egg-info/dependency_links.txt
[1.964s] writing entry points to ugv_tools.egg-info/entry_points.txt
[1.964s] writing requirements to ugv_tools.egg-info/requires.txt
[1.965s] writing top-level names to ugv_tools.egg-info/top_level.txt
[1.969s] reading manifest file 'ugv_tools.egg-info/SOURCES.txt'
[1.970s] writing manifest file 'ugv_tools.egg-info/SOURCES.txt'
[1.973s] running build_ext
[1.974s] Creating /home/ws/ugv_ws/install/ugv_tools/lib/python3.10/site-packages/ugv-tools.egg-link (link to .)
[1.976s] Installing behavior_ctrl script to /home/ws/ugv_ws/install/ugv_tools/lib/ugv_tools
[1.976s] Installing joy_ctrl script to /home/ws/ugv_ws/install/ugv_tools/lib/ugv_tools
[1.977s] Installing keyboard_ctrl script to /home/ws/ugv_ws/install/ugv_tools/lib/ugv_tools
[1.977s] 
[1.977s] Installed /home/ws/ugv_ws/build/ugv_tools
[1.977s] running symlink_data
[2.073s] Invoked command in '/home/ws/ugv_ws/build/ugv_tools' returned '0': PYTHONPATH=/home/ws/ugv_ws/build/ugv_tools/prefix_override:/usr/lib/python3/dist-packages/colcon_core/task/python/colcon_distutils_commands:/home/ws/ugv_ws/install/ugv_tools/lib/python3.10/site-packages:${PYTHONPATH} /usr/bin/python3 -W ignore:setup.py install is deprecated setup.py develop --editable --build-directory /home/ws/ugv_ws/build/ugv_tools/build --no-deps symlink_data
