[0.046s] Invoking command in '/home/ws/ugv_ws/build/explore_lite': CMAKE_PREFIX_PATH=${CMAKE_PREFIX_PATH}:/home/ws/ugv_ws/install/ugv_web_app:/home/ws/ugv_ws/install/ugv_vision:/home/ws/ugv_ws/install/ugv_tools:/home/ws/ugv_ws/install/ugv_chat_ai:/home/ws/ugv_ws/install/ugv_bringup:/opt/ros/humble /usr/bin/cmake --build /home/ws/ugv_ws/build/explore_lite -- -j4 -l4
[0.163s] [ 40%] Built target explore
[0.166s] [ 60%] Built target gtest_main
[0.169s] [ 80%] Built target gtest
[0.249s] [100%] Built target test_explore
[0.266s] Invoked command in '/home/ws/ugv_ws/build/explore_lite' returned '0': CMAKE_PREFIX_PATH=${CMAKE_PREFIX_PATH}:/home/ws/ugv_ws/install/ugv_web_app:/home/ws/ugv_ws/install/ugv_vision:/home/ws/ugv_ws/install/ugv_tools:/home/ws/ugv_ws/install/ugv_chat_ai:/home/ws/ugv_ws/install/ugv_bringup:/opt/ros/humble /usr/bin/cmake --build /home/ws/ugv_ws/build/explore_lite -- -j4 -l4
[0.330s] Invoking command in '/home/ws/ugv_ws/build/explore_lite': CMAKE_PREFIX_PATH=${CMAKE_PREFIX_PATH}:/home/ws/ugv_ws/install/ugv_web_app:/home/ws/ugv_ws/install/ugv_vision:/home/ws/ugv_ws/install/ugv_tools:/home/ws/ugv_ws/install/ugv_chat_ai:/home/ws/ugv_ws/install/ugv_bringup:/opt/ros/humble /usr/bin/cmake --install /home/ws/ugv_ws/build/explore_lite
[0.343s] -- Install configuration: ""
[0.343s] -- Up-to-date: /home/ws/ugv_ws/install/explore_lite/include/explore/
[0.344s] -- Up-to-date: /home/ws/ugv_ws/install/explore_lite/include/explore//explore.h
[0.344s] -- Up-to-date: /home/ws/ugv_ws/install/explore_lite/include/explore//costmap_client.h
[0.344s] -- Up-to-date: /home/ws/ugv_ws/install/explore_lite/include/explore//costmap_tools.h
[0.344s] -- Up-to-date: /home/ws/ugv_ws/install/explore_lite/include/explore//frontier_search.h
[0.344s] -- Up-to-date: /home/ws/ugv_ws/install/explore_lite/share/explore_lite/config
[0.344s] -- Up-to-date: /home/ws/ugv_ws/install/explore_lite/share/explore_lite/config/params_costmap.yaml
[0.344s] -- Up-to-date: /home/ws/ugv_ws/install/explore_lite/share/explore_lite/config/params.yaml
[0.345s] -- Up-to-date: /home/ws/ugv_ws/install/explore_lite/share/explore_lite/launch
[0.345s] -- Up-to-date: /home/ws/ugv_ws/install/explore_lite/share/explore_lite/launch/explore.launch.py
[0.345s] -- Up-to-date: /home/ws/ugv_ws/install/explore_lite/lib/explore_lite/explore
[0.346s] -- Up-to-date: /home/ws/ugv_ws/install/explore_lite/share/ament_index/resource_index/package_run_dependencies/explore_lite
[0.346s] -- Up-to-date: /home/ws/ugv_ws/install/explore_lite/share/ament_index/resource_index/parent_prefix_path/explore_lite
[0.346s] -- Up-to-date: /home/ws/ugv_ws/install/explore_lite/share/explore_lite/environment/ament_prefix_path.sh
[0.346s] -- Up-to-date: /home/ws/ugv_ws/install/explore_lite/share/explore_lite/environment/ament_prefix_path.dsv
[0.346s] -- Up-to-date: /home/ws/ugv_ws/install/explore_lite/share/explore_lite/environment/path.sh
[0.346s] -- Up-to-date: /home/ws/ugv_ws/install/explore_lite/share/explore_lite/environment/path.dsv
[0.346s] -- Up-to-date: /home/ws/ugv_ws/install/explore_lite/share/explore_lite/local_setup.bash
[0.346s] -- Up-to-date: /home/ws/ugv_ws/install/explore_lite/share/explore_lite/local_setup.sh
[0.346s] -- Up-to-date: /home/ws/ugv_ws/install/explore_lite/share/explore_lite/local_setup.zsh
[0.346s] -- Up-to-date: /home/ws/ugv_ws/install/explore_lite/share/explore_lite/local_setup.dsv
[0.346s] -- Installing: /home/ws/ugv_ws/install/explore_lite/share/explore_lite/package.dsv
[0.346s] -- Up-to-date: /home/ws/ugv_ws/install/explore_lite/share/ament_index/resource_index/packages/explore_lite
[0.347s] -- Up-to-date: /home/ws/ugv_ws/install/explore_lite/share/explore_lite/cmake/ament_cmake_export_include_directories-extras.cmake
[0.347s] -- Up-to-date: /home/ws/ugv_ws/install/explore_lite/share/explore_lite/cmake/explore_liteConfig.cmake
[0.347s] -- Up-to-date: /home/ws/ugv_ws/install/explore_lite/share/explore_lite/cmake/explore_liteConfig-version.cmake
[0.347s] -- Up-to-date: /home/ws/ugv_ws/install/explore_lite/share/explore_lite/package.xml
[0.349s] Invoked command in '/home/ws/ugv_ws/build/explore_lite' returned '0': CMAKE_PREFIX_PATH=${CMAKE_PREFIX_PATH}:/home/ws/ugv_ws/install/ugv_web_app:/home/ws/ugv_ws/install/ugv_vision:/home/ws/ugv_ws/install/ugv_tools:/home/ws/ugv_ws/install/ugv_chat_ai:/home/ws/ugv_ws/install/ugv_bringup:/opt/ros/humble /usr/bin/cmake --install /home/ws/ugv_ws/build/explore_lite
