[1.926s] Invoking command in '/home/ws/ugv_ws/build/ugv_bringup': PYTHONPATH=/home/ws/ugv_ws/build/ugv_bringup/prefix_override:/usr/lib/python3/dist-packages/colcon_core/task/python/colcon_distutils_commands:/home/ws/ugv_ws/install/ugv_bringup/lib/python3.10/site-packages:${PYTHONPATH} /usr/bin/python3 -W ignore:setup.py install is deprecated setup.py develop --editable --build-directory /home/ws/ugv_ws/build/ugv_bringup/build --no-deps symlink_data
[2.335s] /usr/lib/python3/dist-packages/setuptools/command/easy_install.py:158: EasyInstallDeprecationWarning: easy_install command is deprecated. Use build and pip and other standards-based tools.
[2.335s]   warnings.warn(
[2.335s] running develop
[2.621s] running egg_info
[2.622s] writing ugv_bringup.egg-info/PKG-INFO
[2.622s] writing dependency_links to ugv_bringup.egg-info/dependency_links.txt
[2.624s] writing entry points to ugv_bringup.egg-info/entry_points.txt
[2.624s] writing requirements to ugv_bringup.egg-info/requires.txt
[2.624s] writing top-level names to ugv_bringup.egg-info/top_level.txt
[2.627s] reading manifest file 'ugv_bringup.egg-info/SOURCES.txt'
[2.629s] writing manifest file 'ugv_bringup.egg-info/SOURCES.txt'
[2.635s] running build_ext
[2.636s] Creating /home/ws/ugv_ws/install/ugv_bringup/lib/python3.10/site-packages/ugv-bringup.egg-link (link to .)
[2.636s] Installing ugv_bringup script to /home/ws/ugv_ws/install/ugv_bringup/lib/ugv_bringup
[2.636s] Installing ugv_driver script to /home/ws/ugv_ws/install/ugv_bringup/lib/ugv_bringup
[2.636s] 
[2.636s] Installed /home/ws/ugv_ws/build/ugv_bringup
[2.636s] running symlink_data
[2.765s] Invoked command in '/home/ws/ugv_ws/build/ugv_bringup' returned '0': PYTHONPATH=/home/ws/ugv_ws/build/ugv_bringup/prefix_override:/usr/lib/python3/dist-packages/colcon_core/task/python/colcon_distutils_commands:/home/ws/ugv_ws/install/ugv_bringup/lib/python3.10/site-packages:${PYTHONPATH} /usr/bin/python3 -W ignore:setup.py install is deprecated setup.py develop --editable --build-directory /home/ws/ugv_ws/build/ugv_bringup/build --no-deps symlink_data
