-- Found ament_cmake: 1.3.10 (/opt/ros/humble/share/ament_cmake/cmake)
-- Found rclcpp: 16.0.10 (/opt/ros/humble/share/rclcpp/cmake)
-- Found rosidl_generator_c: 3.1.5 (/opt/ros/humble/share/rosidl_generator_c/cmake)
-- Found rosidl_adapter: 3.1.5 (/opt/ros/humble/share/rosidl_adapter/cmake)
-- Found rosidl_generator_cpp: 3.1.5 (/opt/ros/humble/share/rosidl_generator_cpp/cmake)
-- Using all available rosidl_typesupport_c: rosidl_typesupport_fastrtps_c;rosidl_typesupport_introspection_c
-- Using all available rosidl_typesupport_cpp: rosidl_typesupport_fastrtps_cpp;rosidl_typesupport_introspection_cpp
-- Found rmw_implementation_cmake: 6.1.2 (/opt/ros/humble/share/rmw_implementation_cmake/cmake)
-- Found rmw_fastrtps_cpp: 6.2.7 (/opt/ros/humble/share/rmw_fastrtps_cpp/cmake)
-- Using RMW implementation 'rmw_fastrtps_cpp' as default
-- Found tf2_msgs: 0.25.7 (/opt/ros/humble/share/tf2_msgs/cmake)
-- Configuring done
-- Generating done
-- Build files have been written to: /home/ws/ugv_ws/build/vizanti_cpp
[35m[1mConsolidate compiler generated dependencies of target tf_consolidator[0m
[ 50%] [32mBuilding CXX object CMakeFiles/tf_consolidator.dir/src/tf_consolidator.cpp.o[0m
[100%] [32m[1mLinking CXX executable tf_consolidator[0m
[100%] Built target tf_consolidator
-- Install configuration: ""
-- Installing: /home/ws/ugv_ws/install/vizanti_cpp/lib/vizanti_cpp/tf_consolidator
-- Set runtime path of "/home/ws/ugv_ws/install/vizanti_cpp/lib/vizanti_cpp/tf_consolidator" to ""
-- Up-to-date: /home/ws/ugv_ws/install/vizanti_cpp/share/ament_index/resource_index/package_run_dependencies/vizanti_cpp
-- Installing: /home/ws/ugv_ws/install/vizanti_cpp/share/ament_index/resource_index/parent_prefix_path/vizanti_cpp
-- Up-to-date: /home/ws/ugv_ws/install/vizanti_cpp/share/vizanti_cpp/environment/ament_prefix_path.sh
-- Installing: /home/ws/ugv_ws/install/vizanti_cpp/share/vizanti_cpp/environment/ament_prefix_path.dsv
-- Up-to-date: /home/ws/ugv_ws/install/vizanti_cpp/share/vizanti_cpp/environment/path.sh
-- Installing: /home/ws/ugv_ws/install/vizanti_cpp/share/vizanti_cpp/environment/path.dsv
-- Up-to-date: /home/ws/ugv_ws/install/vizanti_cpp/share/vizanti_cpp/local_setup.bash
-- Up-to-date: /home/ws/ugv_ws/install/vizanti_cpp/share/vizanti_cpp/local_setup.sh
-- Up-to-date: /home/ws/ugv_ws/install/vizanti_cpp/share/vizanti_cpp/local_setup.zsh
-- Installing: /home/ws/ugv_ws/install/vizanti_cpp/share/vizanti_cpp/local_setup.dsv
-- Installing: /home/ws/ugv_ws/install/vizanti_cpp/share/vizanti_cpp/package.dsv
-- Up-to-date: /home/ws/ugv_ws/install/vizanti_cpp/share/ament_index/resource_index/packages/vizanti_cpp
-- Up-to-date: /home/ws/ugv_ws/install/vizanti_cpp/share/vizanti_cpp/cmake/vizanti_cppConfig.cmake
-- Up-to-date: /home/ws/ugv_ws/install/vizanti_cpp/share/vizanti_cpp/cmake/vizanti_cppConfig-version.cmake
-- Installing: /home/ws/ugv_ws/install/vizanti_cpp/share/vizanti_cpp/package.xml
