[0.022s] Invoking command in '/home/ws/ugv_ws/build/vizanti_cpp': CMAKE_PREFIX_PATH=${CMAKE_PREFIX_PATH}:/home/ws/ugv_ws/install/ugv_web_app:/home/ws/ugv_ws/install/ugv_vision:/home/ws/ugv_ws/install/ugv_tools:/home/ws/ugv_ws/install/ugv_chat_ai:/home/ws/ugv_ws/install/ugv_bringup:/opt/ros/humble /usr/bin/cmake --build /home/ws/ugv_ws/build/vizanti_cpp -- -j4 -l4
[0.124s] -- Found ament_cmake: 1.3.10 (/opt/ros/humble/share/ament_cmake/cmake)
[0.779s] -- Found rclcpp: 16.0.10 (/opt/ros/humble/share/rclcpp/cmake)
[0.876s] -- Found rosidl_generator_c: 3.1.5 (/opt/ros/humble/share/rosidl_generator_c/cmake)
[0.889s] -- Found rosidl_adapter: 3.1.5 (/opt/ros/humble/share/rosidl_adapter/cmake)
[0.911s] -- Found rosidl_generator_cpp: 3.1.5 (/opt/ros/humble/share/rosidl_generator_cpp/cmake)
[1.088s] -- Using all available rosidl_typesupport_c: rosidl_typesupport_fastrtps_c;rosidl_typesupport_introspection_c
[1.123s] -- Using all available rosidl_typesupport_cpp: rosidl_typesupport_fastrtps_cpp;rosidl_typesupport_introspection_cpp
[1.219s] -- Found rmw_implementation_cmake: 6.1.2 (/opt/ros/humble/share/rmw_implementation_cmake/cmake)
[1.224s] -- Found rmw_fastrtps_cpp: 6.2.7 (/opt/ros/humble/share/rmw_fastrtps_cpp/cmake)
[1.570s] -- Using RMW implementation 'rmw_fastrtps_cpp' as default
[1.757s] -- Found tf2_msgs: 0.25.7 (/opt/ros/humble/share/tf2_msgs/cmake)
[2.073s] -- Configuring done
[2.122s] -- Generating done
[2.133s] -- Build files have been written to: /home/ws/ugv_ws/build/vizanti_cpp
[2.179s] [35m[1mConsolidate compiler generated dependencies of target tf_consolidator[0m
[2.204s] [ 50%] [32mBuilding CXX object CMakeFiles/tf_consolidator.dir/src/tf_consolidator.cpp.o[0m
[14.027s] [100%] [32m[1mLinking CXX executable tf_consolidator[0m
[14.861s] [100%] Built target tf_consolidator
[14.872s] Invoked command in '/home/ws/ugv_ws/build/vizanti_cpp' returned '0': CMAKE_PREFIX_PATH=${CMAKE_PREFIX_PATH}:/home/ws/ugv_ws/install/ugv_web_app:/home/ws/ugv_ws/install/ugv_vision:/home/ws/ugv_ws/install/ugv_tools:/home/ws/ugv_ws/install/ugv_chat_ai:/home/ws/ugv_ws/install/ugv_bringup:/opt/ros/humble /usr/bin/cmake --build /home/ws/ugv_ws/build/vizanti_cpp -- -j4 -l4
[14.897s] Invoking command in '/home/ws/ugv_ws/build/vizanti_cpp': CMAKE_PREFIX_PATH=${CMAKE_PREFIX_PATH}:/home/ws/ugv_ws/install/ugv_web_app:/home/ws/ugv_ws/install/ugv_vision:/home/ws/ugv_ws/install/ugv_tools:/home/ws/ugv_ws/install/ugv_chat_ai:/home/ws/ugv_ws/install/ugv_bringup:/opt/ros/humble /usr/bin/cmake --install /home/ws/ugv_ws/build/vizanti_cpp
[14.906s] -- Install configuration: ""
[14.908s] -- Installing: /home/ws/ugv_ws/install/vizanti_cpp/lib/vizanti_cpp/tf_consolidator
[14.912s] -- Set runtime path of "/home/ws/ugv_ws/install/vizanti_cpp/lib/vizanti_cpp/tf_consolidator" to ""
[14.912s] -- Up-to-date: /home/ws/ugv_ws/install/vizanti_cpp/share/ament_index/resource_index/package_run_dependencies/vizanti_cpp
[14.912s] -- Installing: /home/ws/ugv_ws/install/vizanti_cpp/share/ament_index/resource_index/parent_prefix_path/vizanti_cpp
[14.913s] -- Up-to-date: /home/ws/ugv_ws/install/vizanti_cpp/share/vizanti_cpp/environment/ament_prefix_path.sh
[14.913s] -- Installing: /home/ws/ugv_ws/install/vizanti_cpp/share/vizanti_cpp/environment/ament_prefix_path.dsv
[14.913s] -- Up-to-date: /home/ws/ugv_ws/install/vizanti_cpp/share/vizanti_cpp/environment/path.sh
[14.913s] -- Installing: /home/ws/ugv_ws/install/vizanti_cpp/share/vizanti_cpp/environment/path.dsv
[14.913s] -- Up-to-date: /home/ws/ugv_ws/install/vizanti_cpp/share/vizanti_cpp/local_setup.bash
[14.914s] -- Up-to-date: /home/ws/ugv_ws/install/vizanti_cpp/share/vizanti_cpp/local_setup.sh
[14.914s] -- Up-to-date: /home/ws/ugv_ws/install/vizanti_cpp/share/vizanti_cpp/local_setup.zsh
[14.914s] -- Installing: /home/ws/ugv_ws/install/vizanti_cpp/share/vizanti_cpp/local_setup.dsv
[14.914s] -- Installing: /home/ws/ugv_ws/install/vizanti_cpp/share/vizanti_cpp/package.dsv
[14.914s] -- Up-to-date: /home/ws/ugv_ws/install/vizanti_cpp/share/ament_index/resource_index/packages/vizanti_cpp
[14.914s] -- Up-to-date: /home/ws/ugv_ws/install/vizanti_cpp/share/vizanti_cpp/cmake/vizanti_cppConfig.cmake
[14.914s] -- Up-to-date: /home/ws/ugv_ws/install/vizanti_cpp/share/vizanti_cpp/cmake/vizanti_cppConfig-version.cmake
[14.914s] -- Installing: /home/ws/ugv_ws/install/vizanti_cpp/share/vizanti_cpp/package.xml
[14.917s] Invoked command in '/home/ws/ugv_ws/build/vizanti_cpp' returned '0': CMAKE_PREFIX_PATH=${CMAKE_PREFIX_PATH}:/home/ws/ugv_ws/install/ugv_web_app:/home/ws/ugv_ws/install/ugv_vision:/home/ws/ugv_ws/install/ugv_tools:/home/ws/ugv_ws/install/ugv_chat_ai:/home/ws/ugv_ws/install/ugv_bringup:/opt/ros/humble /usr/bin/cmake --install /home/ws/ugv_ws/build/vizanti_cpp
