[0.068s] Invoking command in '/home/ws/ugv_ws/build/teb_local_planner': CMAKE_PREFIX_PATH=/home/ws/ugv_ws/install/teb_msgs:/home/ws/ugv_ws/install/costmap_converter:/home/ws/ugv_ws/install/costmap_converter_msgs:/home/ws/ugv_ws/install/vizanti:/home/ws/ugv_ws/install/vizanti_server:/home/ws/ugv_ws/install/vizanti_demos:/home/ws/ugv_ws/install/vizanti_msgs:/home/ws/ugv_ws/install/vizanti_cpp:/home/ws/ugv_ws/install/ugv_slam:/home/ws/ugv_ws/install/ugv_nav:/home/ws/ugv_ws/install/ugv_interface:/home/ws/ugv_ws/install/ugv_gazebo:/home/ws/ugv_ws/install/ugv_description:/home/ws/ugv_ws/install/ugv_base_node:/home/ws/ugv_ws/install/teb_local_planner:/home/ws/ugv_ws/install/slam_gmapping:/home/ws/ugv_ws/install/robot_pose_publisher:/home/ws/ugv_ws/install/rf2o_laser_odometry:/home/ws/ugv_ws/install/openslam_gmapping:/home/ws/ugv_ws/install/ldlidar:/home/ws/ugv_ws/install/explore_lite:/home/ws/ugv_ws/install/emcl2:/home/ws/ugv_ws/install/cartographer:/home/ws/ugv_ws/install/apriltag_ros:/home/ws/ugv_ws/install/apriltag_msgs:/home/ws/ugv_ws/install/apriltag:/home/ws/ugv_ws/install/ugv_web_app:/home/ws/ugv_ws/install/ugv_vision:/home/ws/ugv_ws/install/ugv_tools:/home/ws/ugv_ws/install/ugv_chat_ai:/home/ws/ugv_ws/install/ugv_bringup:/opt/ros/humble LD_LIBRARY_PATH=/home/ws/ugv_ws/install/teb_msgs/lib:/home/ws/ugv_ws/install/costmap_converter/lib:/home/ws/ugv_ws/install/costmap_converter_msgs/lib:/home/ws/ugv_ws/install/vizanti_msgs/lib:/home/ws/ugv_ws/install/ugv_interface/lib:/home/ws/ugv_ws/install/teb_local_planner/lib:/home/ws/ugv_ws/install/openslam_gmapping/lib:/home/ws/ugv_ws/install/apriltag_ros/lib:/home/ws/ugv_ws/install/apriltag_msgs/lib:/home/ws/ugv_ws/install/apriltag/lib:/opt/ros/humble/opt/rviz_ogre_vendor/lib:/opt/ros/humble/lib/aarch64-linux-gnu:/opt/ros/humble/lib /usr/bin/cmake --build /home/ws/ugv_ws/build/teb_local_planner -- -j4 -l4
[0.307s] [35m[1mConsolidate compiler generated dependencies of target teb_local_planner[0m
[0.629s] [ 10%] [32mBuilding CXX object CMakeFiles/teb_local_planner.dir/src/optimal_planner.cpp.o[0m
[36.919s] [ 20%] [32m[1mLinking CXX shared library libteb_local_planner.so[0m
[38.681s] [100%] Built target teb_local_planner
[38.692s] Invoked command in '/home/ws/ugv_ws/build/teb_local_planner' returned '0': CMAKE_PREFIX_PATH=/home/ws/ugv_ws/install/teb_msgs:/home/ws/ugv_ws/install/costmap_converter:/home/ws/ugv_ws/install/costmap_converter_msgs:/home/ws/ugv_ws/install/vizanti:/home/ws/ugv_ws/install/vizanti_server:/home/ws/ugv_ws/install/vizanti_demos:/home/ws/ugv_ws/install/vizanti_msgs:/home/ws/ugv_ws/install/vizanti_cpp:/home/ws/ugv_ws/install/ugv_slam:/home/ws/ugv_ws/install/ugv_nav:/home/ws/ugv_ws/install/ugv_interface:/home/ws/ugv_ws/install/ugv_gazebo:/home/ws/ugv_ws/install/ugv_description:/home/ws/ugv_ws/install/ugv_base_node:/home/ws/ugv_ws/install/teb_local_planner:/home/ws/ugv_ws/install/slam_gmapping:/home/ws/ugv_ws/install/robot_pose_publisher:/home/ws/ugv_ws/install/rf2o_laser_odometry:/home/ws/ugv_ws/install/openslam_gmapping:/home/ws/ugv_ws/install/ldlidar:/home/ws/ugv_ws/install/explore_lite:/home/ws/ugv_ws/install/emcl2:/home/ws/ugv_ws/install/cartographer:/home/ws/ugv_ws/install/apriltag_ros:/home/ws/ugv_ws/install/apriltag_msgs:/home/ws/ugv_ws/install/apriltag:/home/ws/ugv_ws/install/ugv_web_app:/home/ws/ugv_ws/install/ugv_vision:/home/ws/ugv_ws/install/ugv_tools:/home/ws/ugv_ws/install/ugv_chat_ai:/home/ws/ugv_ws/install/ugv_bringup:/opt/ros/humble LD_LIBRARY_PATH=/home/ws/ugv_ws/install/teb_msgs/lib:/home/ws/ugv_ws/install/costmap_converter/lib:/home/ws/ugv_ws/install/costmap_converter_msgs/lib:/home/ws/ugv_ws/install/vizanti_msgs/lib:/home/ws/ugv_ws/install/ugv_interface/lib:/home/ws/ugv_ws/install/teb_local_planner/lib:/home/ws/ugv_ws/install/openslam_gmapping/lib:/home/ws/ugv_ws/install/apriltag_ros/lib:/home/ws/ugv_ws/install/apriltag_msgs/lib:/home/ws/ugv_ws/install/apriltag/lib:/opt/ros/humble/opt/rviz_ogre_vendor/lib:/opt/ros/humble/lib/aarch64-linux-gnu:/opt/ros/humble/lib /usr/bin/cmake --build /home/ws/ugv_ws/build/teb_local_planner -- -j4 -l4
[38.742s] Invoking command in '/home/ws/ugv_ws/build/teb_local_planner': CMAKE_PREFIX_PATH=/home/ws/ugv_ws/install/teb_msgs:/home/ws/ugv_ws/install/costmap_converter:/home/ws/ugv_ws/install/costmap_converter_msgs:/home/ws/ugv_ws/install/vizanti:/home/ws/ugv_ws/install/vizanti_server:/home/ws/ugv_ws/install/vizanti_demos:/home/ws/ugv_ws/install/vizanti_msgs:/home/ws/ugv_ws/install/vizanti_cpp:/home/ws/ugv_ws/install/ugv_slam:/home/ws/ugv_ws/install/ugv_nav:/home/ws/ugv_ws/install/ugv_interface:/home/ws/ugv_ws/install/ugv_gazebo:/home/ws/ugv_ws/install/ugv_description:/home/ws/ugv_ws/install/ugv_base_node:/home/ws/ugv_ws/install/teb_local_planner:/home/ws/ugv_ws/install/slam_gmapping:/home/ws/ugv_ws/install/robot_pose_publisher:/home/ws/ugv_ws/install/rf2o_laser_odometry:/home/ws/ugv_ws/install/openslam_gmapping:/home/ws/ugv_ws/install/ldlidar:/home/ws/ugv_ws/install/explore_lite:/home/ws/ugv_ws/install/emcl2:/home/ws/ugv_ws/install/cartographer:/home/ws/ugv_ws/install/apriltag_ros:/home/ws/ugv_ws/install/apriltag_msgs:/home/ws/ugv_ws/install/apriltag:/home/ws/ugv_ws/install/ugv_web_app:/home/ws/ugv_ws/install/ugv_vision:/home/ws/ugv_ws/install/ugv_tools:/home/ws/ugv_ws/install/ugv_chat_ai:/home/ws/ugv_ws/install/ugv_bringup:/opt/ros/humble LD_LIBRARY_PATH=/home/ws/ugv_ws/install/teb_msgs/lib:/home/ws/ugv_ws/install/costmap_converter/lib:/home/ws/ugv_ws/install/costmap_converter_msgs/lib:/home/ws/ugv_ws/install/vizanti_msgs/lib:/home/ws/ugv_ws/install/ugv_interface/lib:/home/ws/ugv_ws/install/teb_local_planner/lib:/home/ws/ugv_ws/install/openslam_gmapping/lib:/home/ws/ugv_ws/install/apriltag_ros/lib:/home/ws/ugv_ws/install/apriltag_msgs/lib:/home/ws/ugv_ws/install/apriltag/lib:/opt/ros/humble/opt/rviz_ogre_vendor/lib:/opt/ros/humble/lib/aarch64-linux-gnu:/opt/ros/humble/lib /usr/bin/cmake --install /home/ws/ugv_ws/build/teb_local_planner
[38.752s] -- Install configuration: "Release"
[38.754s] -- Installing: /home/ws/ugv_ws/install/teb_local_planner/lib/libteb_local_planner.so
[38.758s] -- Set runtime path of "/home/ws/ugv_ws/install/teb_local_planner/lib/libteb_local_planner.so" to ""
[38.758s] -- Up-to-date: /home/ws/ugv_ws/install/teb_local_planner/include/
[38.758s] -- Up-to-date: /home/ws/ugv_ws/install/teb_local_planner/include//teb_local_planner
[38.758s] -- Installing: /home/ws/ugv_ws/install/teb_local_planner/include//teb_local_planner/timed_elastic_band.h
[38.758s] -- Installing: /home/ws/ugv_ws/install/teb_local_planner/include//teb_local_planner/optimal_planner.h
[38.758s] -- Installing: /home/ws/ugv_ws/install/teb_local_planner/include//teb_local_planner/h_signature.h
[38.760s] -- Up-to-date: /home/ws/ugv_ws/install/teb_local_planner/include//teb_local_planner/g2o_types
[38.760s] -- Installing: /home/ws/ugv_ws/install/teb_local_planner/include//teb_local_planner/g2o_types/edge_obstacle.h
[38.760s] -- Installing: /home/ws/ugv_ws/install/teb_local_planner/include//teb_local_planner/g2o_types/edge_prefer_rotdir.h
[38.760s] -- Installing: /home/ws/ugv_ws/install/teb_local_planner/include//teb_local_planner/g2o_types/vertex_timediff.h
[38.760s] -- Installing: /home/ws/ugv_ws/install/teb_local_planner/include//teb_local_planner/g2o_types/edge_velocity.h
[38.760s] -- Installing: /home/ws/ugv_ws/install/teb_local_planner/include//teb_local_planner/g2o_types/edge_shortest_path.h
[38.761s] -- Installing: /home/ws/ugv_ws/install/teb_local_planner/include//teb_local_planner/g2o_types/edge_time_optimal.h
[38.761s] -- Installing: /home/ws/ugv_ws/install/teb_local_planner/include//teb_local_planner/g2o_types/vertex_pose.h
[38.761s] -- Installing: /home/ws/ugv_ws/install/teb_local_planner/include//teb_local_planner/g2o_types/edge_acceleration.h
[38.761s] -- Installing: /home/ws/ugv_ws/install/teb_local_planner/include//teb_local_planner/g2o_types/edge_via_point.h
[38.761s] -- Installing: /home/ws/ugv_ws/install/teb_local_planner/include//teb_local_planner/g2o_types/edge_kinematics.h
[38.761s] -- Installing: /home/ws/ugv_ws/install/teb_local_planner/include//teb_local_planner/g2o_types/edge_velocity_obstacle_ratio.h
[38.761s] -- Installing: /home/ws/ugv_ws/install/teb_local_planner/include//teb_local_planner/g2o_types/edge_dynamic_obstacle.h
[38.761s] -- Installing: /home/ws/ugv_ws/install/teb_local_planner/include//teb_local_planner/g2o_types/penalties.h
[38.761s] -- Installing: /home/ws/ugv_ws/install/teb_local_planner/include//teb_local_planner/g2o_types/base_teb_edges.h
[38.761s] -- Installing: /home/ws/ugv_ws/install/teb_local_planner/include//teb_local_planner/robot_footprint_model.h
[38.761s] -- Installing: /home/ws/ugv_ws/install/teb_local_planner/include//teb_local_planner/homotopy_class_planner.hpp
[38.761s] -- Installing: /home/ws/ugv_ws/install/teb_local_planner/include//teb_local_planner/obstacles.h
[38.761s] -- Installing: /home/ws/ugv_ws/install/teb_local_planner/include//teb_local_planner/timed_elastic_band.hpp
[38.761s] -- Installing: /home/ws/ugv_ws/install/teb_local_planner/include//teb_local_planner/teb_local_planner_ros.h
[38.762s] -- Installing: /home/ws/ugv_ws/install/teb_local_planner/include//teb_local_planner/recovery_behaviors.h
[38.762s] -- Installing: /home/ws/ugv_ws/install/teb_local_planner/include//teb_local_planner/misc.h
[38.762s] -- Installing: /home/ws/ugv_ws/install/teb_local_planner/include//teb_local_planner/teb_config.h
[38.762s] -- Installing: /home/ws/ugv_ws/install/teb_local_planner/include//teb_local_planner/homotopy_class_planner.h
[38.763s] -- Installing: /home/ws/ugv_ws/install/teb_local_planner/include//teb_local_planner/visualization.hpp
[38.763s] -- Installing: /home/ws/ugv_ws/install/teb_local_planner/include//teb_local_planner/graph_search.h
[38.764s] -- Installing: /home/ws/ugv_ws/install/teb_local_planner/include//teb_local_planner/distance_calculations.h
[38.764s] -- Installing: /home/ws/ugv_ws/install/teb_local_planner/include//teb_local_planner/visualization.h
[38.764s] -- Installing: /home/ws/ugv_ws/install/teb_local_planner/include//teb_local_planner/equivalence_relations.h
[38.764s] -- Installing: /home/ws/ugv_ws/install/teb_local_planner/include//teb_local_planner/planner_interface.h
[38.764s] -- Installing: /home/ws/ugv_ws/install/teb_local_planner/include//teb_local_planner/pose_se2.h
[38.764s] -- Installing: /home/ws/ugv_ws/install/teb_local_planner/share/teb_local_planner_plugin.xml
[38.765s] -- Installing: /home/ws/ugv_ws/install/teb_local_planner/lib/teb_local_planner/cmd_vel_to_ackermann_drive.py
[38.765s] -- Up-to-date: /home/ws/ugv_ws/install/teb_local_planner/share/teb_local_planner/params
[38.765s] -- Installing: /home/ws/ugv_ws/install/teb_local_planner/share/teb_local_planner/params/teb_params.yaml
[38.766s] -- Up-to-date: /home/ws/ugv_ws/install/teb_local_planner/share/teb_local_planner/environment/library_path.sh
[38.766s] -- Installing: /home/ws/ugv_ws/install/teb_local_planner/share/teb_local_planner/environment/library_path.dsv
[38.766s] -- Installing: /home/ws/ugv_ws/install/teb_local_planner/share/teb_local_planner/teb_local_planner_plugin.xml
[38.767s] -- Up-to-date: /home/ws/ugv_ws/install/teb_local_planner/share/ament_index/resource_index/package_run_dependencies/teb_local_planner
[38.767s] -- Installing: /home/ws/ugv_ws/install/teb_local_planner/share/ament_index/resource_index/parent_prefix_path/teb_local_planner
[38.768s] -- Up-to-date: /home/ws/ugv_ws/install/teb_local_planner/share/teb_local_planner/environment/ament_prefix_path.sh
[38.768s] -- Installing: /home/ws/ugv_ws/install/teb_local_planner/share/teb_local_planner/environment/ament_prefix_path.dsv
[38.768s] -- Up-to-date: /home/ws/ugv_ws/install/teb_local_planner/share/teb_local_planner/environment/path.sh
[38.768s] -- Installing: /home/ws/ugv_ws/install/teb_local_planner/share/teb_local_planner/environment/path.dsv
[38.769s] -- Up-to-date: /home/ws/ugv_ws/install/teb_local_planner/share/teb_local_planner/local_setup.bash
[38.769s] -- Up-to-date: /home/ws/ugv_ws/install/teb_local_planner/share/teb_local_planner/local_setup.sh
[38.769s] -- Up-to-date: /home/ws/ugv_ws/install/teb_local_planner/share/teb_local_planner/local_setup.zsh
[38.769s] -- Installing: /home/ws/ugv_ws/install/teb_local_planner/share/teb_local_planner/local_setup.dsv
[38.769s] -- Installing: /home/ws/ugv_ws/install/teb_local_planner/share/teb_local_planner/package.dsv
[38.770s] -- Up-to-date: /home/ws/ugv_ws/install/teb_local_planner/share/ament_index/resource_index/packages/teb_local_planner
[38.770s] -- Up-to-date: /home/ws/ugv_ws/install/teb_local_planner/share/ament_index/resource_index/nav2_core__pluginlib__plugin/teb_local_planner
[38.770s] -- Up-to-date: /home/ws/ugv_ws/install/teb_local_planner/share/teb_local_planner/cmake/ament_cmake_export_include_directories-extras.cmake
[38.770s] -- Up-to-date: /home/ws/ugv_ws/install/teb_local_planner/share/teb_local_planner/cmake/ament_cmake_export_libraries-extras.cmake
[38.770s] -- Up-to-date: /home/ws/ugv_ws/install/teb_local_planner/share/teb_local_planner/cmake/ament_cmake_export_dependencies-extras.cmake
[38.770s] -- Up-to-date: /home/ws/ugv_ws/install/teb_local_planner/share/teb_local_planner/cmake/teb_local_plannerConfig.cmake
[38.770s] -- Up-to-date: /home/ws/ugv_ws/install/teb_local_planner/share/teb_local_planner/cmake/teb_local_plannerConfig-version.cmake
[38.770s] -- Installing: /home/ws/ugv_ws/install/teb_local_planner/share/teb_local_planner/package.xml
[38.773s] Invoked command in '/home/ws/ugv_ws/build/teb_local_planner' returned '0': CMAKE_PREFIX_PATH=/home/ws/ugv_ws/install/teb_msgs:/home/ws/ugv_ws/install/costmap_converter:/home/ws/ugv_ws/install/costmap_converter_msgs:/home/ws/ugv_ws/install/vizanti:/home/ws/ugv_ws/install/vizanti_server:/home/ws/ugv_ws/install/vizanti_demos:/home/ws/ugv_ws/install/vizanti_msgs:/home/ws/ugv_ws/install/vizanti_cpp:/home/ws/ugv_ws/install/ugv_slam:/home/ws/ugv_ws/install/ugv_nav:/home/ws/ugv_ws/install/ugv_interface:/home/ws/ugv_ws/install/ugv_gazebo:/home/ws/ugv_ws/install/ugv_description:/home/ws/ugv_ws/install/ugv_base_node:/home/ws/ugv_ws/install/teb_local_planner:/home/ws/ugv_ws/install/slam_gmapping:/home/ws/ugv_ws/install/robot_pose_publisher:/home/ws/ugv_ws/install/rf2o_laser_odometry:/home/ws/ugv_ws/install/openslam_gmapping:/home/ws/ugv_ws/install/ldlidar:/home/ws/ugv_ws/install/explore_lite:/home/ws/ugv_ws/install/emcl2:/home/ws/ugv_ws/install/cartographer:/home/ws/ugv_ws/install/apriltag_ros:/home/ws/ugv_ws/install/apriltag_msgs:/home/ws/ugv_ws/install/apriltag:/home/ws/ugv_ws/install/ugv_web_app:/home/ws/ugv_ws/install/ugv_vision:/home/ws/ugv_ws/install/ugv_tools:/home/ws/ugv_ws/install/ugv_chat_ai:/home/ws/ugv_ws/install/ugv_bringup:/opt/ros/humble LD_LIBRARY_PATH=/home/ws/ugv_ws/install/teb_msgs/lib:/home/ws/ugv_ws/install/costmap_converter/lib:/home/ws/ugv_ws/install/costmap_converter_msgs/lib:/home/ws/ugv_ws/install/vizanti_msgs/lib:/home/ws/ugv_ws/install/ugv_interface/lib:/home/ws/ugv_ws/install/teb_local_planner/lib:/home/ws/ugv_ws/install/openslam_gmapping/lib:/home/ws/ugv_ws/install/apriltag_ros/lib:/home/ws/ugv_ws/install/apriltag_msgs/lib:/home/ws/ugv_ws/install/apriltag/lib:/opt/ros/humble/opt/rviz_ogre_vendor/lib:/opt/ros/humble/lib/aarch64-linux-gnu:/opt/ros/humble/lib /usr/bin/cmake --install /home/ws/ugv_ws/build/teb_local_planner
