[1.441s] Invoking command in '/home/ws/ugv_ws/build/ugv_bringup': PYTHONPATH=/home/ws/ugv_ws/build/ugv_bringup/prefix_override:/usr/lib/python3/dist-packages/colcon_core/task/python/colcon_distutils_commands:/home/ws/ugv_ws/install/ugv_bringup/lib/python3.10/site-packages:${PYTHONPATH} /usr/bin/python3 -W ignore:setup.py install is deprecated setup.py develop --editable --build-directory /home/ws/ugv_ws/build/ugv_bringup/build --no-deps symlink_data
[1.854s] running develop
[1.854s] /usr/lib/python3/dist-packages/setuptools/command/easy_install.py:158: EasyInstallDeprecationWarning: easy_install command is deprecated. Use build and pip and other standards-based tools.
[1.854s]   warnings.warn(
[2.058s] running egg_info
[2.059s] writing ugv_bringup.egg-info/PKG-INFO
[2.059s] writing dependency_links to ugv_bringup.egg-info/dependency_links.txt
[2.059s] writing entry points to ugv_bringup.egg-info/entry_points.txt
[2.060s] writing requirements to ugv_bringup.egg-info/requires.txt
[2.060s] writing top-level names to ugv_bringup.egg-info/top_level.txt
[2.063s] reading manifest file 'ugv_bringup.egg-info/SOURCES.txt'
[2.065s] writing manifest file 'ugv_bringup.egg-info/SOURCES.txt'
[2.068s] running build_ext
[2.069s] Creating /home/ws/ugv_ws/install/ugv_bringup/lib/python3.10/site-packages/ugv-bringup.egg-link (link to .)
[2.071s] Installing ugv_bringup script to /home/ws/ugv_ws/install/ugv_bringup/lib/ugv_bringup
[2.071s] Installing ugv_driver script to /home/ws/ugv_ws/install/ugv_bringup/lib/ugv_bringup
[2.071s] 
[2.072s] Installed /home/ws/ugv_ws/build/ugv_bringup
[2.076s] running symlink_data
[2.520s] Invoked command in '/home/ws/ugv_ws/build/ugv_bringup' returned '0': PYTHONPATH=/home/ws/ugv_ws/build/ugv_bringup/prefix_override:/usr/lib/python3/dist-packages/colcon_core/task/python/colcon_distutils_commands:/home/ws/ugv_ws/install/ugv_bringup/lib/python3.10/site-packages:${PYTHONPATH} /usr/bin/python3 -W ignore:setup.py install is deprecated setup.py develop --editable --build-directory /home/ws/ugv_ws/build/ugv_bringup/build --no-deps symlink_data
